 ------------------------------------------------------------------------------------------------------------------------------------------- 
| Snapshot                | WNS                  | TNS                  | Density (%) | Hotspot       | Resource               | DRVs       |
|                         | HEPG (ns) | ALL (ns) | HEPG (ns) | ALL (ns) |             | Max   | Total | Real (s) | Memory (MB) | Tran | Cap |
|-------------------------+-----------+----------+-----------+----------+-------------+-------+-------+----------+-------------+------+-----|
| initial_summary         |    -0.193 |   -0.193 |           |       -0 |       38.20 |       |       | 0:00:05  |        3006 |   13 |   6 |
| route_type_refinement   |           |          |           |          |             |       |       | 0:00:01  |        3008 |      |     |
| simplify_netlist        |           |          |           |          |             |       |       | 0:00:01  |        3007 |      |     |
| excluded_clk_net_fixing |           |          |           |          |             |       |       | 0:00:00  |        3007 |      |     |
| drv_fixing              |    -0.103 |   -0.103 |        -0 |       -0 |       38.52 |       |       | 0:00:03  |        3025 |    8 |   0 |
| global_opt              |           |    0.215 |           |        0 |       38.52 |       |       | 0:00:02  |        3031 |      |     |
| area_reclaiming         |     0.209 |    0.209 |         0 |        0 |       38.02 |       |       | 0:00:10  |        3033 |      |     |
| drv_fixing_2            |     0.111 |    0.111 |         0 |        0 |       38.12 |       |       | 0:00:03  |        3033 |    7 |   0 |
| area_reclaiming_2       |     0.311 |    0.311 |         0 |        0 |       37.94 |       |       | 0:00:13  |        3070 |      |     |
| area_reclaiming_3       |     0.311 |    0.311 |         0 |        0 |       37.92 |       |       | 0:00:07  |        3072 |      |     |
| local_wire_reclaim      |           |          |           |          |             |       |       | 0:00:22  |        3069 |      |     |
| global_route            |           |          |           |          |             | 19.67 | 28.11 | 0:00:02  |        3001 |      |     |
| route_type_refinement_2 |           |          |           |          |             |       |       | 0:00:00  |        3001 |      |     |
| drv_eco_fixing          |    -0.040 |   -0.040 |        -0 |       -0 |       38.17 |       |       | 0:00:03  |        3055 |    7 |   0 |
| tns_eco_fixing          |     0.107 |    0.107 |         0 |        0 |       38.17 |       |       | 0:00:03  |        3062 |      |     |
| final_summary           |     0.110 |    0.110 |           |        0 |       38.13 | 20.11 | 26.33 | 0:00:06  |        3051 |    7 |   0 |
 ------------------------------------------------------------------------------------------------------------------------------------------- 
