********************************************************************************
* Object: root:/
********************************************************************************
====================================================================================================================================================================================
= Category: init
====================================================================================================================================================================================
Attribute Name                           Current Value                          
------------------------------------------------------------------------------------------------------------------------------------------------------------------------------------
init_ground_nets                         VSS
init_lef_files                           {/nethome/dkhalil8/InnovateECE/RTL2GDS/design/dbs/route.enc_3/libs/lef/sky130_scl_9T.tlef /nethome/dkhalil8/InnovateECE/RTL2GDS/design/dbs/route.enc_3/libs/lef/sky130_scl_9T.lef /nethome/dkhalil8/InnovateECE/RTL2GDS/design/dbs/route.enc_3/libs/lef/sky130_sram_2kbyte_1rw1r_32x512_8.lef}
init_mmmc_files                          /nethome/dkhalil8/InnovateECE/RTL2GDS/design/dbs/route.enc_3/viewDefinition.tcl
init_power_nets                          VDD
init_read_netlist_files                  /nethome/dkhalil8/InnovateECE/RTL2GDS/design/dbs/syn_opt.cdb_2/cmn/counter_16bit.v.gz
