 --------------------------------------------------------------------------------------------------------------------------- 
| Snapshot                | WNS                  | TNS                  | Density (%) | Resource               | DRVs       |
|                         | HEPG (ns) | ALL (ns) | HEPG (ns) | ALL (ns) |             | Real (s) | Memory (MB) | Tran | Cap |
|-------------------------+-----------+----------+-----------+----------+-------------+----------+-------------+------+-----|
| initial_summary         |           |          |           |          |        0.00 | 0:00:00  |        2722 |    0 |   0 |
| simplify_netlist        |           |          |           |          |             | 0:00:00  |        2727 |      |     |
| drv_fixing              |           |          |           |          |             | 0:00:01  |        2728 |      |     |
| global_opt              |           |    0.000 |           |        0 |        0.00 | 0:00:01  |        2727 |      |     |
| area_reclaiming         |     0.000 |    0.000 |         0 |        0 |        0.00 | 0:00:01  |        2729 |      |     |
| incremental_replacement |           |          |           |          |             | 0:00:01  |        2729 |      |     |
| tns_fixing              |     0.000 |    0.000 |         0 |        0 |        0.00 | 0:00:01  |        2732 |      |     |
| wns_fixing              |     0.000 |    0.000 |         0 |        0 |        0.00 | 0:00:01  |        2731 |      |     |
| tns_fixing_2            |     0.000 |    0.000 |         0 |        0 |        0.00 | 0:00:01  |        2731 |      |     |
| area_reclaiming_2       |     0.000 |    0.000 |         0 |        0 |        0.00 | 0:00:01  |        2730 |      |     |
| drv_eco_fixing          |     0.000 |    0.000 |         0 |        0 |        0.00 | 0:00:00  |        2728 |    0 |   0 |
| legalization            |           |          |           |          |             | 0:00:00  |        2728 |      |     |
| final_summary           |           |    0.000 |           |        0 |        0.00 | 0:00:02  |        2735 |    0 |   0 |
 --------------------------------------------------------------------------------------------------------------------------- 
