TMPDIR is being set to /tmp/genus_temp_1217396_a359fe4a-d31d-4993-98a9-94d36589b095_ece-rschsrv.ece.gatech.edu_dkhalil8_3EFK0k
Cadence Genus(TM) Synthesis Solution.
Copyright 2025 Cadence Design Systems, Inc. All rights reserved worldwide.
Cadence and the Cadence logo are registered trademarks and Genus is a trademark
of Cadence Design Systems, Inc. in the United States and other countries.

[10:27:23.185721] Configured Lic search path (25.01-s002): 5280@ece-winlic.ece.gatech.edu

Version: 25.11-s095_1, built Tue Aug 12 07:59:05 PDT 2025
Options: -batch -log /nethome/dkhalil8/InnovateECE/PhysicalDesign/design/logs/syn_generic -disable_user_startup -execute {if {[catch {init_flow  {flow_script {} yaml_script /nethome/dkhalil8/InnovateECE/PhysicalDesign/design/scripts/flow.yaml flow_no_check 0 parent_uuid {} previous_uuid 08713ff6-ac7c-47be-b35d-84d477704ac0 top_dir /nethome/dkhalil8/InnovateECE/PhysicalDesign/design flow_dir . status_file /nethome/dkhalil8/InnovateECE/PhysicalDesign/design/flow.status.d/syn_generic_1 metrics_file /nethome/dkhalil8/InnovateECE/PhysicalDesign/design/flow.metrics.d/syn_generic_1 run_tag {} db {{} {} {} {}} db_is_ref_run 0 branch {} caller_data {group 0 process_branch 0 trunk_process 1 flowtool_hostname ece-rschsrv.ece.gatech.edu flowtool_pid 1216718} flow {flow flow:flow_current dir . db {{} {} {} {}} branch {} tool genus caller_data {group 0 process_branch 0} uuid 08713ff6-ac7c-47be-b35d-84d477704ac0 tool_options {} start_step {tool genus flow flow:flow_current canonical_path {.steps flow:synthesis .steps flow:syn_generic .steps flow_step:block_start} step flow_step:block_start str synthesis.syn_generic.block_start} process_branch_trunk 1} flow_name flow:flow_current first_step {tool genus flow flow:flow_current canonical_path {.steps flow:synthesis .steps flow:syn_generic .steps flow_step:block_start} step flow_step:block_start features {} str synthesis.syn_generic.block_start} interactive 0 interactive_run 0 enabled_features {} inject_tcl {} trunk_process 1 aum_upload false tool_options {} overwrite 0 last_step {tool genus flow flow:flow_current canonical_path {.steps flow:synthesis .steps flow:syn_generic .steps flow_step:schedule_syn_generic_report_synth} step flow_step:schedule_syn_generic_report_synth features {} str synthesis.syn_generic.schedule_syn_generic_report_synth} log_prefix /nethome/dkhalil8/InnovateECE/PhysicalDesign/design/logs/syn_generic}; run_flow -from {tool genus flow flow:flow_current canonical_path {.steps flow:synthesis .steps flow:syn_generic .steps flow_step:block_start} step flow_step:block_start features {} str synthesis.syn_generic.block_start} -to {tool genus flow flow:flow_current canonical_path {.steps flow:synthesis .steps flow:syn_generic .steps flow_step:schedule_syn_generic_report_synth} step flow_step:schedule_syn_generic_report_synth features {} str synthesis.syn_generic.schedule_syn_generic_report_synth}} msg]} { puts [concat {Tcl error:} $errorInfo]; set fp [open {/nethome/dkhalil8/InnovateECE/PhysicalDesign/design/flow.status.d/syn_generic_1} a]; puts $fp {}; puts $fp [list [list script run_tcl status error flow {flow:flow_current} branch {} flow_working_directory {.} flow_starting_db {{} {} {} {}} {tool_options} {} steps_run [get_db flow_step_canonical_current] msg $msg]]; close $fp; exit 1 }; exit 0} 
Date:    Fri Mar 13 10:27:23 2026
Host:    ece-rschsrv.ece.gatech.edu (x86_64 w/Linux 4.18.0-553.89.1.el8_10.x86_64) (22cores*88cpus*2physical cpus*Intel(R) Xeon(R) CPU E5-2699 v4 @ 2.20GHz 56320KB) (264007036KB)
PID:     1217396
OS:      Red Hat Enterprise Linux 8.10 (Ootpa)

Checking out license: Genus_Synthesis
[10:27:23.001762] Periodic Lic check successful
[10:27:23.526066] Feature usage summary:
[10:27:23.526066] Genus_Synthesis  
License checkout complete (0 seconds elapsed).


***********************************************************************************************************
***********************************************************************************************************



Finished executable startup (7 seconds elapsed).

Loading tool scripts...
Finished loading tool scripts (20 seconds elapsed).

#@ Processing -execute option
@genus:root: 1> if {[catch {init_flow  {flow_script {} yaml_script /nethome/dkhalil8/InnovateECE/PhysicalDesign/design/scripts/flow.yaml flow_no_check 0 parent_uuid {} previous_uuid 08713ff6-ac7c-47be-b35d-84d477704ac0 top_dir /nethome/dkhalil8/InnovateECE/PhysicalDesign/design flow_dir . status_file /nethome/dkhalil8/InnovateECE/PhysicalDesign/design/flow.status.d/syn_generic_1 metrics_file /nethome/dkhalil8/InnovateECE/PhysicalDesign/design/flow.metrics.d/syn_generic_1 run_tag {} db {{} {} {} {}} db_is_ref_run 0 branch {} caller_data {group 0 process_branch 0 trunk_process 1 flowtool_hostname ece-rschsrv.ece.gatech.edu flowtool_pid 1216718} flow {flow flow:flow_current dir . db {{} {} {} {}} branch {} tool genus caller_data {group 0 process_branch 0} uuid 08713ff6-ac7c-47be-b35d-84d477704ac0 tool_options {} start_step {tool genus flow flow:flow_current canonical_path {.steps flow:synthesis .steps flow:syn_generic .steps flow_step:block_start} step flow_step:block_start str synthesis.syn_generic.block_start} process_branch_trunk 1} flow_name flow:flow_current first_step {tool genus flow flow:flow_current canonical_path {.steps flow:synthesis .steps flow:syn_generic .steps flow_step:block_start} step flow_step:block_start features {} str synthesis.syn_generic.block_start} interactive 0 interactive_run 0 enabled_features {} inject_tcl {} trunk_process 1 aum_upload false tool_options {} overwrite 0 last_step {tool genus flow flow:flow_current canonical_path {.steps flow:synthesis .steps flow:syn_generic .steps flow_step:schedule_syn_generic_report_synth} step flow_step:schedule_syn_generic_report_synth features {} str synthesis.syn_generic.schedule_syn_generic_report_synth} log_prefix /nethome/dkhalil8/InnovateECE/PhysicalDesign/design/logs/syn_generic}; run_flow -from {tool genus flow flow:flow_current canonical_path {.steps flow:synthesis .steps flow:syn_generic .steps flow_step:block_start} step flow_step:block_start features {} str synthesis.syn_generic.block_start} -to {tool genus flow flow:flow_current canonical_path {.steps flow:synthesis .steps flow:syn_generic .steps flow_step:schedule_syn_generic_report_synth} step flow_step:schedule_syn_generic_report_synth features {} str synthesis.syn_generic.schedule_syn_generic_report_synth}} msg]} { puts [concat {Tcl error:} $errorInfo]; set fp [open {/nethome/dkhalil8/InnovateECE/PhysicalDesign/design/flow.status.d/syn_generic_1} a]; puts $fp {}; puts $fp [list [list script run_tcl status error flow {flow:flow_current} branch {} flow_working_directory {.} flow_starting_db {{} {} {} {}} {tool_options} {} steps_run [get_db flow_step_canonical_current] msg $msg]]; close $fp; exit 1 }; exit 0
init_flow summary:
  Flow script        : 
  YAML script        : /nethome/dkhalil8/InnovateECE/PhysicalDesign/design/scripts/flow.yaml
  Flow               : flow:flow_current
  From               : synthesis.syn_generic.block_start
  To                 : synthesis.syn_generic.schedule_syn_generic_report_synth
  Top directory      : /nethome/dkhalil8/InnovateECE/PhysicalDesign/design
  Working directory  : .
  Starting database  : 
  Run tag            : 
  Branch name        : 
  Metrics file       : /nethome/dkhalil8/InnovateECE/PhysicalDesign/design/flow.metrics.d/syn_generic_1
  Status file        : /nethome/dkhalil8/InnovateECE/PhysicalDesign/design/flow.status.d/syn_generic_1
reading previous metrics...
Sourcing flow scripts...
  Setting attribute of root '/': 'flow_template_type' = stylus
  Setting attribute of root '/': 'flow_template_version' = 1
  Setting attribute of root '/': 'flow_template_tools' = genus innovus tempus quantus voltus
  Setting attribute of root '/': 'flow_template_feature_definition' = flow_express 0 report_inline {} report_defer 0 report_none 0 report_clp 0 report_lec {} use_common_db 0 report_pba {} dft_simple 0 dft_compressor 0 synth_hybrid 0 synth_ispatial 0 synth_placev2 0 opt_early_cts 0 clock_design 0 clock_flexible_htree 0 opt_clock 0 opt_postcts_hold_disable 0 opt_postcts_split 0 route_filler_disable 0 route_track_opt 0 route_secondary_nets 0 opt_postroute_split 0 opt_route 0 opt_signoff {} opt_em 0 opt_eco 0 sta_use_setup_yaml 0 sta_dmmmc 0 sta_glitch 0 sta_eco 0 report_early_static_ir 0 report_early_dynamic_ir 0 report_grid_resistance 0 report_static_ir {} report_dynamic_ir {} report_rampup 0 report_signal_em 0 report_power_em 0 report_power_parallel 0 ff_setup 0
  Setting attribute of root '/': 'flowtool_metrics_qor_vivid' = reports/qor.html
  Setting attribute of root '/': 'flow_header_tcl' = 
  #- extend flow report name based on context
  if {[is_flow -quiet -inside flow:sta] || [is_flow -quiet -inside flow:sta_dmmmc] || [is_flow -quiet -inside flow:sta_eco]} {
    if {![regexp {sta$} [get_db flow_report_name]]} {
      set_db flow_report_name [expr {[string is space [get_db flow_report_name]] ? "sta" : "[get_db flow_report_name].sta"}]
    }
  } elseif {[is_flow -quiet -inside flow:ir_early_static] || [is_flow -quiet -inside flow:ir_early_dynamic]} {
    if {![regexp {era$} [get_db flow_report_name]]} {
      set_db flow_report_name [expr {[string is space [get_db flow_report_name]] ? "era" : "[get_db flow_report_name].era"}]
    }
  } elseif {[is_flow -quiet -inside flow:ir_grid] || [is_flow -quiet -inside flow:ir_static] || [is_flow -quiet -inside flow:ir_dynamic] || [is_flow -quiet -inside flow:ir_rampup]} {
    if {![regexp {ir$} [get_db flow_report_name]]} {
      set_db flow_report_name [expr {[string is space [get_db flow_report_name]] ? "ir" : "[get_db flow_report_name].ir"}]
    }
  } elseif {[is_flow -quiet -inside flow:sta_subflows] && [get_db flow_branch] ne {}} {
    set_db flow_report_name [get_db flow_branch]
  } elseif {[regexp {block_start|hier_start|eco_start} [get_db flow_step_current]]} {
    set_db flow_report_name [get_db [lindex [get_db flow_hier_path] end] .name]
  } else {
  }

  #- Create report dir (if necessary)
  file mkdir [file normalize [file join [get_db flow_report_directory] [get_db flow_report_name]]]

  Setting attribute of root '/': 'flow_top' = flow:block
Error   : Failed to parse attribute string. [TUI-23] [::legacy::set_attribute]
        : Unable to convert the string '
  set_db flow_write_db_common false
  # When starting from a Genus synthesis flat DB (rc format), load the
  # physical library and call init_design to fully initialize Innovus.
  # For subsequent blocks (prects, cts, route) that start from Innovus native
  # DBs, this block is skipped automatically because the key 'rc' won't exist.
  # Only apply in Innovus (not Genus), and only when the input is a Genus
  # synthesis flat DB (type 'rc').  Genus synthesis blocks also have 'rc' DBs
  # but are already at initialization_complete — calling read_physical there
  # would trigger TUI-340.
  if {[string match "innovus*" [get_db program_short_name]] &&
      [dict exists [get_db flow_starting_db] rc]} {
    set_db init_ground_nets [get_flow_config init_ground_nets]
    set_db init_power_nets  [get_flow_config init_power_nets]
    read_physical -lef [get_flow_config init_physical_files lef_files]
    init_design
  }
' to type 'string' for the attribute 'body_tcl'.
        : To see the usage/description for this attribute, type '::legacy::set_attribute -h <attr_name> *' (in legacy UI mode) or 'help * <attr_name> -detail' (in CUI mode).
Tcl error: FLOWKIT: could not source user_flow_steps file innovus_config.tcl: 1
    while executing
"error "FLOWKIT: could not source $key file $filename: $err""
    (procedure "::flowkit::yaml_translate::flow::apply" line 51)
    invoked from within
"::flowkit::yaml_translate::flow::apply $top $debug $no_check"
    (procedure "::flowkit::source_yaml" line 58)
    invoked from within
"::flowkit::source_yaml $file $debug $no_check"
    ("yaml" arm line 11)
    invoked from within
"switch -exact [dict get $obj type] {
    invoked from within
"init_flow  {flow_script {} yaml_script /nethome/dkhalil8/InnovateECE/PhysicalDesign/design/scripts/flow.yaml flow_no_check 0 parent_uuid {} previous_u..."

Lic Summary:
[10:27:46.360704] Cdslmd servers: ece-winlic
[10:27:46.360722] Feature usage summary:
[10:27:46.360723] Genus_Synthesis  
Abnormal exit.
