TMPDIR is being set to /tmp/genus_temp_1247029_633ffa5d-3c08-4438-a3de-43bbbb6498a5_ece-rschsrv.ece.gatech.edu_dkhalil8_xudcvZ
Cadence Genus(TM) Synthesis Solution.
Copyright 2025 Cadence Design Systems, Inc. All rights reserved worldwide.
Cadence and the Cadence logo are registered trademarks and Genus is a trademark
of Cadence Design Systems, Inc. in the United States and other countries.

[10:32:05.185689] Configured Lic search path (25.01-s002): 5280@ece-winlic.ece.gatech.edu

Version: 25.11-s095_1, built Tue Aug 12 07:59:05 PDT 2025
Options: -batch -log /nethome/dkhalil8/InnovateECE/PhysicalDesign/design/logs/syn_map -disable_user_startup -execute {if {[catch {init_flow  {flow_script {} yaml_script /nethome/dkhalil8/InnovateECE/PhysicalDesign/design/scripts/flow.yaml flow_no_check 0 parent_uuid {} previous_uuid {} top_dir /nethome/dkhalil8/InnovateECE/PhysicalDesign/design flow_dir . status_file /nethome/dkhalil8/InnovateECE/PhysicalDesign/design/flow.status.d/syn_map_1 metrics_file /nethome/dkhalil8/InnovateECE/PhysicalDesign/design/flow.metrics.d/syn_map_1 run_tag {} db {rc /nethome/dkhalil8/InnovateECE/PhysicalDesign/design/dbs/syn_generic.db_1 Core {}} db_is_ref_run 0 branch {} caller_data {group 0 process_branch 0 trunk_process 1 flowtool_hostname ece-rschsrv.ece.gatech.edu flowtool_pid 1228150} flow {flow flow:flow_current dir . db {rc dbs/syn_generic.db_1 Core {}} branch {} tool genus caller_data {group 0 process_branch 0 trunk_process 1 flowtool_hostname ece-rschsrv.ece.gatech.edu flowtool_pid 1228150} uuid {} tool_options {} start_step {tool genus flow flow:flow_current canonical_path {.steps flow:synthesis .steps flow:syn_map .steps flow_step:block_start} step flow_step:block_start features {} str synthesis.syn_map.block_start} process_branch_trunk 1} flow_name flow:flow_current first_step {tool genus flow flow:flow_current canonical_path {.steps flow:synthesis .steps flow:syn_map .steps flow_step:block_start} step flow_step:block_start features {} str synthesis.syn_map.block_start} interactive 0 interactive_run 0 enabled_features {} inject_tcl {} trunk_process 1 aum_upload false tool_options {} overwrite 0 last_step {tool genus flow flow:flow_current canonical_path {.steps flow:synthesis .steps flow:syn_map .steps flow_step:schedule_syn_map_report_synth} step flow_step:schedule_syn_map_report_synth features {} str synthesis.syn_map.schedule_syn_map_report_synth} log_prefix /nethome/dkhalil8/InnovateECE/PhysicalDesign/design/logs/syn_map}; run_flow -from {tool genus flow flow:flow_current canonical_path {.steps flow:synthesis .steps flow:syn_map .steps flow_step:block_start} step flow_step:block_start features {} str synthesis.syn_map.block_start} -to {tool genus flow flow:flow_current canonical_path {.steps flow:synthesis .steps flow:syn_map .steps flow_step:schedule_syn_map_report_synth} step flow_step:schedule_syn_map_report_synth features {} str synthesis.syn_map.schedule_syn_map_report_synth}} msg]} { puts [concat {Tcl error:} $errorInfo]; set fp [open {/nethome/dkhalil8/InnovateECE/PhysicalDesign/design/flow.status.d/syn_map_1} a]; puts $fp {}; puts $fp [list [list script run_tcl status error flow {flow:flow_current} branch {} flow_working_directory {.} flow_starting_db {rc /nethome/dkhalil8/InnovateECE/PhysicalDesign/design/dbs/syn_generic.db_1 Core {}} {tool_options} {} steps_run [get_db flow_step_canonical_current] msg $msg]]; close $fp; exit 1 }; exit 0} 
Date:    Fri Mar 13 10:32:05 2026
Host:    ece-rschsrv.ece.gatech.edu (x86_64 w/Linux 4.18.0-553.89.1.el8_10.x86_64) (22cores*88cpus*2physical cpus*Intel(R) Xeon(R) CPU E5-2699 v4 @ 2.20GHz 56320KB) (264007036KB)
PID:     1247029
OS:      Red Hat Enterprise Linux 8.10 (Ootpa)

Checking out license: Genus_Synthesis
[10:32:05.213179] Periodic Lic check successful
[10:32:05.737496] Feature usage summary:
[10:32:05.737496] Genus_Synthesis  
License checkout complete (0 seconds elapsed).


***********************************************************************************************************
***********************************************************************************************************



Finished executable startup (6 seconds elapsed).

Loading tool scripts...
Finished loading tool scripts (22 seconds elapsed).

#@ Processing -execute option
@genus:root: 1> if {[catch {init_flow  {flow_script {} yaml_script /nethome/dkhalil8/InnovateECE/PhysicalDesign/design/scripts/flow.yaml flow_no_check 0 parent_uuid {} previous_uuid {} top_dir /nethome/dkhalil8/InnovateECE/PhysicalDesign/design flow_dir . status_file /nethome/dkhalil8/InnovateECE/PhysicalDesign/design/flow.status.d/syn_map_1 metrics_file /nethome/dkhalil8/InnovateECE/PhysicalDesign/design/flow.metrics.d/syn_map_1 run_tag {} db {rc /nethome/dkhalil8/InnovateECE/PhysicalDesign/design/dbs/syn_generic.db_1 Core {}} db_is_ref_run 0 branch {} caller_data {group 0 process_branch 0 trunk_process 1 flowtool_hostname ece-rschsrv.ece.gatech.edu flowtool_pid 1228150} flow {flow flow:flow_current dir . db {rc dbs/syn_generic.db_1 Core {}} branch {} tool genus caller_data {group 0 process_branch 0 trunk_process 1 flowtool_hostname ece-rschsrv.ece.gatech.edu flowtool_pid 1228150} uuid {} tool_options {} start_step {tool genus flow flow:flow_current canonical_path {.steps flow:synthesis .steps flow:syn_map .steps flow_step:block_start} step flow_step:block_start features {} str synthesis.syn_map.block_start} process_branch_trunk 1} flow_name flow:flow_current first_step {tool genus flow flow:flow_current canonical_path {.steps flow:synthesis .steps flow:syn_map .steps flow_step:block_start} step flow_step:block_start features {} str synthesis.syn_map.block_start} interactive 0 interactive_run 0 enabled_features {} inject_tcl {} trunk_process 1 aum_upload false tool_options {} overwrite 0 last_step {tool genus flow flow:flow_current canonical_path {.steps flow:synthesis .steps flow:syn_map .steps flow_step:schedule_syn_map_report_synth} step flow_step:schedule_syn_map_report_synth features {} str synthesis.syn_map.schedule_syn_map_report_synth} log_prefix /nethome/dkhalil8/InnovateECE/PhysicalDesign/design/logs/syn_map}; run_flow -from {tool genus flow flow:flow_current canonical_path {.steps flow:synthesis .steps flow:syn_map .steps flow_step:block_start} step flow_step:block_start features {} str synthesis.syn_map.block_start} -to {tool genus flow flow:flow_current canonical_path {.steps flow:synthesis .steps flow:syn_map .steps flow_step:schedule_syn_map_report_synth} step flow_step:schedule_syn_map_report_synth features {} str synthesis.syn_map.schedule_syn_map_report_synth}} msg]} { puts [concat {Tcl error:} $errorInfo]; set fp [open {/nethome/dkhalil8/InnovateECE/PhysicalDesign/design/flow.status.d/syn_map_1} a]; puts $fp {}; puts $fp [list [list script run_tcl status error flow {flow:flow_current} branch {} flow_working_directory {.} flow_starting_db {rc /nethome/dkhalil8/InnovateECE/PhysicalDesign/design/dbs/syn_generic.db_1 Core {}} {tool_options} {} steps_run [get_db flow_step_canonical_current] msg $msg]]; close $fp; exit 1 }; exit 0
init_flow summary:
  Flow script        : 
  YAML script        : /nethome/dkhalil8/InnovateECE/PhysicalDesign/design/scripts/flow.yaml
  Flow               : flow:flow_current
  From               : synthesis.syn_map.block_start
  To                 : synthesis.syn_map.schedule_syn_map_report_synth
  Top directory      : /nethome/dkhalil8/InnovateECE/PhysicalDesign/design
  Working directory  : .
  Starting database  : /nethome/dkhalil8/InnovateECE/PhysicalDesign/design/dbs/syn_generic.db_1
  Run tag            : 
  Branch name        : 
  Metrics file       : /nethome/dkhalil8/InnovateECE/PhysicalDesign/design/flow.metrics.d/syn_map_1
  Status file        : /nethome/dkhalil8/InnovateECE/PhysicalDesign/design/flow.status.d/syn_map_1
reading previous metrics...
Sourcing flow scripts...
  Setting attribute of root '/': 'flow_template_type' = stylus
  Setting attribute of root '/': 'flow_template_version' = 1
  Setting attribute of root '/': 'flow_template_tools' = genus innovus tempus quantus voltus
  Setting attribute of root '/': 'flow_template_feature_definition' = flow_express 0 report_inline {} report_defer 0 report_none 0 report_clp 0 report_lec {} use_common_db 0 report_pba {} dft_simple 0 dft_compressor 0 synth_hybrid 0 synth_ispatial 0 synth_placev2 0 opt_early_cts 0 clock_design 0 clock_flexible_htree 0 opt_clock 0 opt_postcts_hold_disable 0 opt_postcts_split 0 route_filler_disable 0 route_track_opt 0 route_secondary_nets 0 opt_postroute_split 0 opt_route 0 opt_signoff {} opt_em 0 opt_eco 0 sta_use_setup_yaml 0 sta_dmmmc 0 sta_glitch 0 sta_eco 0 report_early_static_ir 0 report_early_dynamic_ir 0 report_grid_resistance 0 report_static_ir {} report_dynamic_ir {} report_rampup 0 report_signal_em 0 report_power_em 0 report_power_parallel 0 ff_setup 0
  Setting attribute of root '/': 'flowtool_metrics_qor_vivid' = reports/qor.html
  Setting attribute of root '/': 'flow_header_tcl' = 
  #- extend flow report name based on context
  if {[is_flow -quiet -inside flow:sta] || [is_flow -quiet -inside flow:sta_dmmmc] || [is_flow -quiet -inside flow:sta_eco]} {
    if {![regexp {sta$} [get_db flow_report_name]]} {
      set_db flow_report_name [expr {[string is space [get_db flow_report_name]] ? "sta" : "[get_db flow_report_name].sta"}]
    }
  } elseif {[is_flow -quiet -inside flow:ir_early_static] || [is_flow -quiet -inside flow:ir_early_dynamic]} {
    if {![regexp {era$} [get_db flow_report_name]]} {
      set_db flow_report_name [expr {[string is space [get_db flow_report_name]] ? "era" : "[get_db flow_report_name].era"}]
    }
  } elseif {[is_flow -quiet -inside flow:ir_grid] || [is_flow -quiet -inside flow:ir_static] || [is_flow -quiet -inside flow:ir_dynamic] || [is_flow -quiet -inside flow:ir_rampup]} {
    if {![regexp {ir$} [get_db flow_report_name]]} {
      set_db flow_report_name [expr {[string is space [get_db flow_report_name]] ? "ir" : "[get_db flow_report_name].ir"}]
    }
  } elseif {[is_flow -quiet -inside flow:sta_subflows] && [get_db flow_branch] ne {}} {
    set_db flow_report_name [get_db flow_branch]
  } elseif {[regexp {block_start|hier_start|eco_start} [get_db flow_step_current]]} {
    set_db flow_report_name [get_db [lindex [get_db flow_hier_path] end] .name]
  } else {
  }

  #- Create report dir (if necessary)
  file mkdir [file normalize [file join [get_db flow_report_directory] [get_db flow_report_name]]]

  Setting attribute of root '/': 'flow_top' = flow:block
  Setting attribute of root '/': 'flow_top' = flow_current
Sourcing flow scripts done.
Begin steps for plugin point Cadence.plugin.flowkit.read_db.pre
#@ Begin verbose flow_step activate_views
@flow_step(activate_views)  2:   apply {{} {
                                   set db [get_db flow_starting_db]
                                   set flow [lindex [get_db flow_hier_path] end]
                                   set setup_views [get_feature -obj $flow setup_views]
                                   set hold_views [get_feature -obj $flow hold_views]
                                   set leakage_view [get_feature -obj $flow leakage_view]
                                   set dynamic_view [get_feature -obj $flow dynamic_view]
                                 
                                   if {($setup_views ne "") || ($hold_views ne "") || ($leakage_view ne "") || ($dynamic_view ne "")} {
                                     #- use read_db args for DB types and set_analysis_views for TCL
                                     if {([llength [get_db analysis_views]]) > 0 &&  ([lindex $db 0] eq {tcl} || [lindex $db 0] in {enc cdb} && [file isfile [lindex $db 1]])} {
                                       set cmd "set_analysis_view"
                                       if {$setup_views ne ""} {
                                         append cmd " -setup [list $setup_views]"
                                       } else {
                                         append cmd " -setup [list [get_db [get_db analysis_views -if .is_setup] .name]]"
                                       }
                                       if {$hold_views ne ""} {
                                         append cmd " -hold [list $hold_views]"
                                       } else {
                                         append cmd " -hold [list [get_db [get_db analysis_views -if .is_hold] .name]]"
                                       }
                                       if {$leakage_view ne ""} {
                                         append cmd " -leakage [list $leakage_view]"
                                       } else {
                                         if {[llength [get_db analysis_views -if .is_leakage]] > 0} {
                                           append cmd " -leakage [list [get_db [get_db analysis_views -if .is_leakage] .name]]"
                                         }
                                       }
                                       if {$dynamic_view ne ""} {
                                         append cmd " -dynamic [list $dynamic_view]"
                                       } else {
                                         if {[llength [get_db analysis_views -if .is_dynamic]] > 0} {
                                           append cmd " -dynamic [list [get_db [get_db analysis_views -if .is_dynamic] .name]]"
                                         }
                                       }
                                       eval $cmd
                                     } elseif {[llength [get_db analysis_views]] == 0} {
                                       set cmd "set_flowkit_read_db_args"
                                       if {$setup_views ne ""} {
                                         append cmd " -setup_views [list $setup_views]"
                                       }
                                       if {$hold_views ne ""} {
                                         append cmd " -hold_views [list $hold_views]"
                                       }
                                       if {$leakage_view ne ""} {
                                         append cmd " -leakage_view [list $leakage_view]"
                                       }
                                       if {$dynamic_view ne ""} {
                                         append cmd " -dynamic_view [list $dynamic_view]"
                                       }
                                       eval $cmd
                                     } else {
                                     }
                                   }
                                 }}
#@ End verbose flow_step activate_views
#@ Begin verbose flow_step init_mcpu
@flow_step(init_mcpu)  2:   apply {{} {
                              # Multi host/cpu attributes
                              #-----------------------------------------------------------------------------
                              # The FLOWTOOL_NUM_CPUS is an environment variable which should be exported by
                              # the specified dist script.  This connects the number of CPUs being reserved
                              # for batch jobs with the current flow scripts.  The LSB_MAX_NUM_PROCESSORS is
                              # a typical environment variable exported by distribution platforms and is
                              # useful for ensuring all interactive jobs are using the reserved amount of CPUs.
                              if {[info exists ::env(FLOWTOOL_NUM_CPUS)]} {
                                set max_cpus $::env(FLOWTOOL_NUM_CPUS)
                              } elseif {[info exists ::env(LSB_MAX_NUM_PROCESSORS)]} {
                                set max_cpus $::env(LSB_MAX_NUM_PROCESSORS)
                              } else {
                                set max_cpus 1
                              }
                              switch -glob [get_db program_short_name] {
                                default       {}
                                joules*       -
                                genus*        -
                                innovus*      -
                                tempus*       -
                                voltus*       { set_multi_cpu_usage -verbose -local_cpu $max_cpus }
                              }
                          if {[get_feature opt_signoff]} {
                                if {[is_flow -inside flow:opt_signoff]} {
                                  set_multi_cpu_usage -verbose -remote_host 1
                                  set_multi_cpu_usage -verbose -cpu_per_remote_host 16
                                  set_distributed_hosts -local
                                }
                          }
                            }}
set_multi_cpu_usage -local_cpu 1
#@ End verbose flow_step init_mcpu
End steps for plugin point Cadence.plugin.flowkit.read_db.pre
Reading database file '/nethome/dkhalil8/InnovateECE/PhysicalDesign/design/dbs/syn_generic.db_1'.

  Message Summary for Library both libraries:
  *******************************************
  Missing library level attribute. [LBR-516]: 1
  An unsupported construct was detected in this library. [LBR-40]: 2
  *******************************************
 
Info    : Created nominal operating condition. [LBR-412]
        : Operating condition '_nominal_' was created for the PVT values (1.000000, 1.800000, 25.000000) in library 'sky130_tt_1.8_25_nldm.lib'.
        : The nominal operating condition is represented, either by the nominal PVT values specified in the library source (via nom_process,nom_voltage and nom_temperature respectively), or by the default PVT values (1.0,1.0,1.0).
Info    : Created nominal operating condition. [LBR-412]
        : Operating condition '_nominal_' was created for the PVT values (1.000000, 1.800000, 25.000000) in library 'sky130_sram_2kbyte_1rw1r_32x512_8_TT_1p8V_25C.lib'.
Warning : Unusable clock gating integrated cell found at the time of loading libraries. This warning happens because a particular library cell is defined as 'clock_gating_integrated_cell', but 'dont_use' attribute is defined as true in the liberty library. To make Genus use this cell for clock gating insertion, 'dont_use' attribute should be set to false. [LBR-101]
        : Clock gating integrated cell name: 'ICGX1'
        : To make the cell usable, change the value of 'dont_use' attribute to false.
Info    : Set default library domain. [LBR-109]
        : The default library domain is 'library_domain:tt_v1.8_25C'.
##  Process: 130            (User Set)
##     Node: (not set)
##  Check design process and node:
##  Design tech node is not set.

  According to lef_library, there are total 5 routing layers [ V(2) / H(3) ]

Warning : The variant range of wire parameters is too large. An example of wire parameters are, a WIDTH for layer, PITCH for layer, MINSPACING for layers, etc. [PHYS-12]
        : The variant range (0.14, 1.6) of 'WIDTH' for layers 'met1' and 'met5' is too large.
        : Check the consistency of the parameters, and see if you can ignore this message or you're using different LEF file with wrong parameters.
Warning : The variant range of wire parameters is too large. An example of wire parameters are, a WIDTH for layer, PITCH for layer, MINSPACING for layers, etc. [PHYS-12]
        : The variant range (0.14, 1.6) of 'MINSPACING' for layers 'met2' and 'met5' is too large.
Warning : Physical cell not defined in library. [PHYS-279]
        : The physical (LEF) cell FILL1 cannot be found in library.
        : Ensure that the proper library files are available and have been imported.
Warning : Physical cell not defined in library. [PHYS-279]
        : The physical (LEF) cell FILL2 cannot be found in library.
Warning : Physical cell not defined in library. [PHYS-279]
        : The physical (LEF) cell FILL4 cannot be found in library.
Warning : Physical cell not defined in library. [PHYS-279]
        : The physical (LEF) cell FILL8 cannot be found in library.
Warning : Physical cell not defined in library. [PHYS-279]
        : The physical (LEF) cell FILL16 cannot be found in library.
Warning : Physical cell not defined in library. [PHYS-279]
        : The physical (LEF) cell FILL32 cannot be found in library.
Warning : Physical cell not defined in library. [PHYS-279]
        : The physical (LEF) cell FILL64 cannot be found in library.
Warning : Physical cell not defined in library. [PHYS-279]
        : The physical (LEF) cell ANTENNA cannot be found in library.
This attribute has no effect on the tool operation.
This attribute has no effect on the tool operation.

  According to qrc_tech_file, there are total 5 routing layers [ V(2) / H(3) ]


  According to qrc_tech_file, there are total 5 routing layers [ V(2) / H(3) ]

Warning : Total power has skewed contributions from leakage and dynamic power. [POPT-502]
        : With 'opt_leakage_to_dynamic_ratio' set to 0.5, the total power of 'NAND2X1' is being computed as:
	  Total Power = (Leakage Power * 0.5) + (Dynamic Power * (1 - 0.5))
	  Leakage Power:     0.1139330000 nW
	  Dynamic Power:  4821.5147780000 nW
	  Total Power:    2410.8143555000 nW
	  Leakage Power is contributing 0.00236% to the Total Power.
        : Dynamic power is typically calculated/specified for some 'active period'. For combination of leakage and dynamic power opt_leakage_to_dynamic_ratio must specify the percentage of overall time for which the design is not in the 'active period' but in 'idle mode', i.e. no dynamic power but only leakage power is consumed. For a reasonable optimization across dynamic and leakage power, leakage contribution is expected to be above 5% and below 95%. A contribution of less than 5% will result in limited leakage optimization and contribution of more than 95% will result in limited dynamic optimization. Adjust 'opt_leakage_to_dynamic_ratio' so that leakage contribution comes to an intermediate value if you intend both optimizations to occur.
UM:   flow.cputime  flow.realtime  timing.setup.tns  timing.setup.wns  snapshot
UM:*                                                                   read_db
Sourcing flow scripts...
  Setting attribute of root '/': 'flow_template_type' = stylus
  Setting attribute of root '/': 'flow_template_version' = 1
  Setting attribute of root '/': 'flow_template_tools' = genus innovus tempus quantus voltus
  Setting attribute of root '/': 'flow_template_feature_definition' = flow_express 0 report_inline {} report_defer 0 report_none 0 report_clp 0 report_lec {} use_common_db 0 report_pba {} dft_simple 0 dft_compressor 0 synth_hybrid 0 synth_ispatial 0 synth_placev2 0 opt_early_cts 0 clock_design 0 clock_flexible_htree 0 opt_clock 0 opt_postcts_hold_disable 0 opt_postcts_split 0 route_filler_disable 0 route_track_opt 0 route_secondary_nets 0 opt_postroute_split 0 opt_route 0 opt_signoff {} opt_em 0 opt_eco 0 sta_use_setup_yaml 0 sta_dmmmc 0 sta_glitch 0 sta_eco 0 report_early_static_ir 0 report_early_dynamic_ir 0 report_grid_resistance 0 report_static_ir {} report_dynamic_ir {} report_rampup 0 report_signal_em 0 report_power_em 0 report_power_parallel 0 ff_setup 0
  Setting attribute of root '/': 'flowtool_metrics_qor_vivid' = reports/qor.html
  Setting attribute of root '/': 'flow_header_tcl' = 
  #- extend flow report name based on context
  if {[is_flow -quiet -inside flow:sta] || [is_flow -quiet -inside flow:sta_dmmmc] || [is_flow -quiet -inside flow:sta_eco]} {
    if {![regexp {sta$} [get_db flow_report_name]]} {
      set_db flow_report_name [expr {[string is space [get_db flow_report_name]] ? "sta" : "[get_db flow_report_name].sta"}]
    }
  } elseif {[is_flow -quiet -inside flow:ir_early_static] || [is_flow -quiet -inside flow:ir_early_dynamic]} {
    if {![regexp {era$} [get_db flow_report_name]]} {
      set_db flow_report_name [expr {[string is space [get_db flow_report_name]] ? "era" : "[get_db flow_report_name].era"}]
    }
  } elseif {[is_flow -quiet -inside flow:ir_grid] || [is_flow -quiet -inside flow:ir_static] || [is_flow -quiet -inside flow:ir_dynamic] || [is_flow -quiet -inside flow:ir_rampup]} {
    if {![regexp {ir$} [get_db flow_report_name]]} {
      set_db flow_report_name [expr {[string is space [get_db flow_report_name]] ? "ir" : "[get_db flow_report_name].ir"}]
    }
  } elseif {[is_flow -quiet -inside flow:sta_subflows] && [get_db flow_branch] ne {}} {
    set_db flow_report_name [get_db flow_branch]
  } elseif {[regexp {block_start|hier_start|eco_start} [get_db flow_step_current]]} {
    set_db flow_report_name [get_db [lindex [get_db flow_hier_path] end] .name]
  } else {
  }

  #- Create report dir (if necessary)
  file mkdir [file normalize [file join [get_db flow_report_directory] [get_db flow_report_name]]]

  Setting attribute of root '/': 'flow_top' = flow:block
  Setting attribute of root '/': 'flow_top' = flow_current
Sourcing flow scripts done.
reading previous metrics...
Begin steps for plugin point Cadence.plugin.flowkit.read_db.post
#@ Begin verbose flow_step activate_views
@flow_step(activate_views)  2:   apply {{} {
                                   set db [get_db flow_starting_db]
                                   set flow [lindex [get_db flow_hier_path] end]
                                   set setup_views [get_feature -obj $flow setup_views]
                                   set hold_views [get_feature -obj $flow hold_views]
                                   set leakage_view [get_feature -obj $flow leakage_view]
                                   set dynamic_view [get_feature -obj $flow dynamic_view]
                                 
                                   if {($setup_views ne "") || ($hold_views ne "") || ($leakage_view ne "") || ($dynamic_view ne "")} {
                                     #- use read_db args for DB types and set_analysis_views for TCL
                                     if {([llength [get_db analysis_views]]) > 0 &&  ([lindex $db 0] eq {tcl} || [lindex $db 0] in {enc cdb} && [file isfile [lindex $db 1]])} {
                                       set cmd "set_analysis_view"
                                       if {$setup_views ne ""} {
                                         append cmd " -setup [list $setup_views]"
                                       } else {
                                         append cmd " -setup [list [get_db [get_db analysis_views -if .is_setup] .name]]"
                                       }
                                       if {$hold_views ne ""} {
                                         append cmd " -hold [list $hold_views]"
                                       } else {
                                         append cmd " -hold [list [get_db [get_db analysis_views -if .is_hold] .name]]"
                                       }
                                       if {$leakage_view ne ""} {
                                         append cmd " -leakage [list $leakage_view]"
                                       } else {
                                         if {[llength [get_db analysis_views -if .is_leakage]] > 0} {
                                           append cmd " -leakage [list [get_db [get_db analysis_views -if .is_leakage] .name]]"
                                         }
                                       }
                                       if {$dynamic_view ne ""} {
                                         append cmd " -dynamic [list $dynamic_view]"
                                       } else {
                                         if {[llength [get_db analysis_views -if .is_dynamic]] > 0} {
                                           append cmd " -dynamic [list [get_db [get_db analysis_views -if .is_dynamic] .name]]"
                                         }
                                       }
                                       eval $cmd
                                     } elseif {[llength [get_db analysis_views]] == 0} {
                                       set cmd "set_flowkit_read_db_args"
                                       if {$setup_views ne ""} {
                                         append cmd " -setup_views [list $setup_views]"
                                       }
                                       if {$hold_views ne ""} {
                                         append cmd " -hold_views [list $hold_views]"
                                       }
                                       if {$leakage_view ne ""} {
                                         append cmd " -leakage_view [list $leakage_view]"
                                       }
                                       if {$dynamic_view ne ""} {
                                         append cmd " -dynamic_view [list $dynamic_view]"
                                       }
                                       eval $cmd
                                     } else {
                                     }
                                   }
                                 }}
#@ End verbose flow_step activate_views
#@ Begin verbose flow_step init_mcpu
@flow_step(init_mcpu)  2:   apply {{} {
                              # Multi host/cpu attributes
                              #-----------------------------------------------------------------------------
                              # The FLOWTOOL_NUM_CPUS is an environment variable which should be exported by
                              # the specified dist script.  This connects the number of CPUs being reserved
                              # for batch jobs with the current flow scripts.  The LSB_MAX_NUM_PROCESSORS is
                              # a typical environment variable exported by distribution platforms and is
                              # useful for ensuring all interactive jobs are using the reserved amount of CPUs.
                              if {[info exists ::env(FLOWTOOL_NUM_CPUS)]} {
                                set max_cpus $::env(FLOWTOOL_NUM_CPUS)
                              } elseif {[info exists ::env(LSB_MAX_NUM_PROCESSORS)]} {
                                set max_cpus $::env(LSB_MAX_NUM_PROCESSORS)
                              } else {
                                set max_cpus 1
                              }
                              switch -glob [get_db program_short_name] {
                                default       {}
                                joules*       -
                                genus*        -
                                innovus*      -
                                tempus*       -
                                voltus*       { set_multi_cpu_usage -verbose -local_cpu $max_cpus }
                              }
                          if {[get_feature opt_signoff]} {
                                if {[is_flow -inside flow:opt_signoff]} {
                                  set_multi_cpu_usage -verbose -remote_host 1
                                  set_multi_cpu_usage -verbose -cpu_per_remote_host 16
                                  set_distributed_hosts -local
                                }
                          }
                            }}
set_multi_cpu_usage -local_cpu 1
#@ End verbose flow_step init_mcpu
End steps for plugin point Cadence.plugin.flowkit.read_db.post
      flow.cputime  flow.realtime  timing.setup.tns  timing.setup.wns  snapshot
UM:*                                                                   init_flow
      flow.cputime  flow.realtime  timing.setup.tns  timing.setup.wns  snapshot
UM:*                                                                   syn_map
Tcl error: couldn't open "/nethome/dkhalil8/InnovateECE/PhysicalDesign/design/flow.status.d/syn_map_1.tmp": no space left on device
    while executing
"open $status_file.tmp w"
    invoked from within
"run_flow -from {tool genus flow flow:flow_current canonical_path {.steps flow:synthesis .steps flow:syn_map .steps flow_step:block_start} step flow_st..."

Lic Summary:
[10:33:17.389761] Cdslmd servers: ece-winlic
[10:33:17.389779] Feature usage summary:
[10:33:17.389784] Genus_Synthesis  
Abnormal exit.
