============================================================
  Generated by:           Genus(TM) Synthesis Solution 25.11-s095_1
  Generated on:           Mar 16 2026  12:22:53 pm
  Operating conditions:   tt_1.8_25 
  Interconnect mode:      global
  Area mode:              physical library
============================================================

                                                          Leakage    Internal                                                     Library 
               Gate                Instances    Area    Power (nW)  Power (nW)                       Library                       Domain 
------------------------------------------------------------------------------------------------------------------------------------------
sky130_sram_2kbyte_1rw1r_32x512_8          2 569076.948  35452.004  4418688.049 sky130_sram_2kbyte_1rw1r_32x512_8_TT_1p8V_25C_lib       0 
------------------------------------------------------------------------------------------------------------------------------------------
total                                      2 569076.948  35452.004  4418688.049                                                           
                                             Leakage  Leakage   Internal  Internal 
     Type      Instances    Area    Area % Power (nW) Power %  Power (nW)  Power % 
-----------------------------------------------------------------------------------
timing_model           2 569076.948  100.0  35452.004    87.4 4418688.049     70.2 
sequential          1462      0.000    0.0   4354.754    10.7 1854090.364     29.4 
inverter              16      0.000    0.0      1.785     0.0      94.913      0.0 
tristate             214      0.000    0.0    170.148     0.4    6740.468      0.1 
logic               6351      0.000    0.0    579.192     1.4   18068.437      0.3 
physical_cells         0      0.000    0.0      0.000     0.0       0.000      0.0 
-----------------------------------------------------------------------------------
total               8045 569076.948  100.0  40557.883   100.0 6297682.232    100.0 
