=============================================================
   Generated by:   Genus(TM) Synthesis Solution 25.11-s095_1
   Generated on:   Mar 15 2026  09:41:21 pm
   Reporting on:   design:Core
=============================================================

Summary
-------
|------------------------------------------------------|
|                              | Sinks     | Bits      |
|------------------------------+-----------+-----------|
| Total clock gates            | 0 (0.00%) | -         |
| Total sinks                  | 0 (0.00%) | 0 (0.00%) |
|------------------------------------------------------|
| Synthesis clock gates        | 0 (0.00%) | -         |
| User clock gates             | 0 (0.00%) | -         |
|------------------------------------------------------|
| Sinks gated by Synthesis CGs | 0 (0.00%) | 0 (0.00%) |
| Sinks gated only by user CGs | 0 (0.00%) | 0 (0.00%) |
|------------------------------------------------------|
| Total gated sinks            | 0 (0.00%) | 0 (0.00%) |
| Total ungated sinks          | 0 (0.00%) | 0 (0.00%) |
|------------------------------------------------------|

Qualified Sinks Summary
-----------------------
|----------------------------------------------------------------------------------------------------|
|                                                | Of Total              | Of Allowed / Not Allowed  |
|                                                | Sinks     | Bits      | Sinks       | Bits        |
|------------------------------------------------+-----------+-----------+-------------+-------------|
| Total sinks                                    | 0 (0.00%) | 0 (0.00%) | -           | -           |
|----------------------------------------------------------------------------------------------------|
|   Sinks allowed for Synthesis clock gating     | 0 (0.00%) | 0 (0.00%) | -           | -           |
|----------------------------------------------------------------------------------------------------|
|   Sinks not allowed for Synthesis clock gating | 0 (0.00%) | 0 (0.00%) | -           | -           |
|----------------------------------------------------------------------------------------------------|

Level Summary
-------------
No clock gates found at any level

Multibit Sink Summary
---------------------
No sinks found

