============================================================
  Generated by:           Genus(TM) Synthesis Solution 25.11-s095_1
  Generated on:           Mar 17 2026  07:51:14 pm
  Module:                 Core
  Library domain:         tt_v1.8_25C
    Domain index:         0
    Technology libraries: sky130_tt_1.8_25 1.0
                          sky130_sram_2kbyte_1rw1r_32x512_8_TT_1p8V_25C_lib 
  Operating conditions:   tt_1.8_25 
  Interconnect mode:      global
  Area mode:              physical library
============================================================

Timing
--------

       Analysis view           Clock    Period 
-----------------------------------------------
tt_v1.8_25C_Nominal_25_func core_clock 10000.0 


          Analysis             Cost     Critical        Violating 
            View               Group   Path Slack  TNS    Paths   
------------------------------------------------------------------
tt_v1.8_25C_Nominal_25_func core_clock     4065.3  0.0          0 
                               default   No paths  0.0          0 
------------------------------------------------------------------
Total                                             -0.0          0 
                                                                  

Instance Count
--------------
Leaf Instance Count             8202 
Physical Instance count            0 
Sequential Instance Count       1464 
Combinational Instance Count    6738 
Hierarchical Instance Count        8 

Area
----
Cell Area                          715982.392
Physical Cell Area                 0.000
Total Cell Area (Cell+Physical)    715982.392
Net Area                           807.673
Total Area (Cell+Physical+Net)     716790.065

Max Fanout                         2119 (reset)
Min Fanout                         0 (InstructionDecode_Module_n_4321)
Average Fanout                     2.6
Terms to net ratio                 3.8454
Terms to instance ratio            4.0596
Runtime                            59.355592 seconds
Elapsed Runtime                    68 seconds
Genus peak memory usage            1835.59 
Innovus peak memory usage          no_value 
Hostname                           ece-linlabsrv01.ece.gatech.edu
