============================================================
  Generated by:           Genus(TM) Synthesis Solution 25.11-s095_1
  Generated on:           Mar 16 2026  12:22:40 pm
  Module:                 Core
  Operating conditions:   tt_1.8_25 
  Interconnect mode:      global
  Area mode:              physical library
============================================================


Path 1: MET (11575 ps) Setup Check with Pin InstructionFetch_Module_instr_data_op_reg[0]/clk->d
           View: tt_v1.8_25C_Nominal_25_func
          Group: core_clock
     Startpoint: (F) InstructionFetch_Module_InstructionMemory_instr_sram/clk1
          Clock: (F) core_clock
       Endpoint: (R) InstructionFetch_Module_instr_data_op_reg[0]/d
          Clock: (R) core_clock

                     Capture       Launch     
        Clock Edge:+   25000        12500     
       Src Latency:+       0            0     
       Net Latency:+       0 (I)        0 (I) 
           Arrival:=   25000        12500     
                                              
             Setup:-     143                  
       Uncertainty:-     250                  
     Required Time:=   24607                  
      Launch Clock:-   12500                  
         Data Path:-     532                  
             Slack:=   11575                  

Launch clock path:
#----------------------------------------------------------------------------------------------------------------------------------------------------------
#                       Timing Point                        Flags   Arc   Edge               Cell                 Fanout Load Trans Delay Arrival Instance 
#                                                                                                                        (fF)  (ps)  (ps)   (ps)  Location 
#----------------------------------------------------------------------------------------------------------------------------------------------------------
  clock                                                     (i,u)   -     F     (arrival)                           1446  0.0     0     0   12500    (-,-) 
  clock                                                     -       -     -     (net)                                  -    -     -     -       -    (-,-) 
  clock                                                     -       -     -     (net)                                  -    -     -     -       -    (-,-) 
  InstructionFetch_Module_InstructionMemory_instr_sram/clk1 <<< (P) -     F     sky130_sram_2kbyte_1rw1r_32x512_8   1446    -   150     0   12500    (-,-) 
#----------------------------------------------------------------------------------------------------------------------------------------------------------

#-----------------------------------------------------------------------------------------------------------------------------------------------------------------------
#                         Timing Point                          Flags        Arc       Edge               Cell                 Fanout Load Trans Delay Arrival Instance 
#                                                                                                                                     (fF)  (ps)  (ps)   (ps)  Location 
#-----------------------------------------------------------------------------------------------------------------------------------------------------------------------
  InstructionFetch_Module_InstructionMemory_instr_sram/clk1     -       -              F     (arrival)                           1446    -   150     0   12500    (-,-) 
  InstructionFetch_Module_InstructionMemory_instr_sram/dout1[0] (u,P)   clk1->dout1[0] R     sky130_sram_2kbyte_1rw1r_32x512_8      1  5.5     4   404   12904    (-,-) 
  InstructionFetch_Module_instr_data[0]                         -       -              -     (net)                                  -    -     -     -       -    (-,-) 
  g18488/z                                                      (u)     in_0->z        F     unmapped_complex2                      1  5.5     0    64   12968    (-,-) 
  n_18715                                                       -       -              -     (net)                                  -    -     -     -       -    (-,-) 
  g18190/z                                                      (u)     in_0->z        R     unmapped_nand2                         1  5.5     0    64   13032    (-,-) 
  InstructionFetch_Module_n_592                                 -       -              -     (net)                                  -    -     -     -       -    (-,-) 
  InstructionFetch_Module_instr_data_op_reg[0]/d                <<<     -              R     unmapped_d_flop                        1    -     -     0   13032    (-,-) 
#-----------------------------------------------------------------------------------------------------------------------------------------------------------------------

(P) : Instance is preserved
(u) : Net has unmapped pin(s).

Capture clock path:
#-------------------------------------------------------------------------------------------------------------------------------
#                  Timing Point                    Flags   Arc   Edge      Cell        Fanout Load Trans Delay Arrival Instance 
#                                                                                             (fF)  (ps)  (ps)   (ps)  Location 
#-------------------------------------------------------------------------------------------------------------------------------
  clock                                            (i,u)   -     R     (arrival)         1446  0.0     0     0   25000    (-,-) 
  clock                                            -       -     -     (net)                -    -     -     -       -    (-,-) 
  clock                                            -       -     -     (net)                -    -     -     -       -    (-,-) 
  InstructionFetch_Module_instr_data_op_reg[0]/clk <<<     -     R     unmapped_d_flop   1446    -   150     0   25000    (-,-) 
#-------------------------------------------------------------------------------------------------------------------------------


