*----------------------------------------------------------------------------------------
*	Innovus 25.11-s102_1 (64bit) 08/27/2025 13:03 (Linux 4.18.0-305.el8.x86_64)
*	
*
* 	Date & Time:	2026-Mar-18 00:00:00 (2026-Mar-18 04:00:00 GMT)
*
*----------------------------------------------------------------------------------------
*
*	Design: Core
*
*	Liberty Libraries used: 
*	        /nethome/dkhalil8/InnovateECE/PhysicalDesign/RTL2GDS/SiliconJackets/sram_sky130/lib/sky130_sram_2kbyte_1rw1r_32x512_8_TT_1p8V_25C.lib
*	        /nethome/dkhalil8/InnovateECE/PhysicalDesign/RTL2GDS/SiliconJackets/cadence_sky130/sky130_scl_9T_0.0.5/lib/sky130_tt_1.8_25_nldm.lib
*
*	Power Domain used: 
*              Rail:        VDD      Voltage:        1.8 
*
*       Dynamic View: tt_v1.8_25C_Nominal_25_func
*
*       Leakage View: tt_v1.8_25C_Nominal_25_func
*
*       User-Defined Activity : N.A.
*
*       Activity File: N.A.
*
*       Hierarchical Global Activity: N.A.
*
*       Global Activity: N.A.
*
*       Sequential Element Activity: 0.200000
*
*       Primary Input Activity: 0.200000
*
*       Default icg ratio: N.A.
*
*       Global Comb ClockGate Ratio: N.A.
*
*	Power Units = 1mW
*
*	Time Units = 1e-09 secs 
*
*       report_power -outfile reports/prects/power.all.rpt -no_wrap
*
-----------------------------------------------------------------------------------------


Total Power 
-----------------------------------------------------------------------------------------
Total Internal Power:       18.91186812 	   83.9187%
Total Switching Power:       3.58305097 	   15.8993%
Total Leakage Power:         0.04101061 	    0.1820%
Total Power:                22.53592969 
-----------------------------------------------------------------------------------------


Group                           Internal   Switching     Leakage       Total  Percentage 
                                Power      Power         Power         Power  (%)        
-----------------------------------------------------------------------------------------
Sequential                         6.486      0.6148    0.002936       7.104       31.52 
Macro                              11.05     0.01577     0.03545        11.1       49.25 
IO                                     0           0           0           0           0 
Combinational                      1.379       2.952    0.002623       4.334       19.23 
Clock (Combinational)                  0           0           0           0           0 
Clock (Sequential)                     0           0           0           0           0 
-----------------------------------------------------------------------------------------
Total                              18.91       3.583     0.04101       22.54         100 
-----------------------------------------------------------------------------------------


Rail                  Voltage   Internal   Switching     Leakage       Total  Percentage 
                                Power      Power         Power         Power  (%)        
-----------------------------------------------------------------------------------------
VDD                       1.8      18.91       3.583     0.04101       22.54         100 


-----------------------------------------------------------------------------------------
*	Power Distribution Summary: 
*                Highest Average Power:      MainMemory_data_sram (sky130_sram_2kbyte_1rw1r_32x512_8):            5.552 
*                Highest Leakage Power: InstructionFetch_Module_InstructionMemory_instr_sram (sky130_sram_2kbyte_1rw1r_32x512_8):          0.01773 
*          Total Cap:      1.47826e-10 F
*          Total instances in design:  7532
*          Total instances in design with no power:     0
*          Total instances in design with no activity:     0
*          Total Fillers and Decap:     0
-----------------------------------------------------------------------------------------

