###############################################################
#  Generated by:      Cadence Innovus 25.11-s102_1
#  OS:                Linux x86_64(Host ID ece-linlabsrv01)
#  Generated on:      Tue Mar 17 23:59:41 2026
#  Design:            Core
#  Command:           report_constraint -late -all_violators -drv_violation_type {max_capacitance max_transition max_fanout} > reports/prects/setup.all_violators.rpt
###############################################################
# format : frame 0 : split 0

max_delay/setup
---------------------------
      -------------------------------------------------------------------------------------------------------------------------------------------  
       End Point                                  Slack                                         Cause                                       View   
      -------------------------------------------------------------------------------------------------------------------------------------------  
      InstructionFetch_Module_InstructionMemory_instr_sram/addr1[3] f   -0.010     VIOLATED                                   tt_v1.8_25C_Nominal_25_func
      -------------------------------------------------------------------------------------------------------------------------------------------

Check type : max_capacitance
---------------------------
 No Violations found

Check type : max_transition
---------------------------
     ----------------------------------------------------------------------------------------------  
      Pin Name               Required          Actual            Slack             View              
     ----------------------------------------------------------------------------------------------  
     MainMemory_data_sram/addr0[8]   0.040             0.049             -0.009            tt_v1.8_25C_Nominal_25_func
     MainMemory_data_sram/addr0[7]   0.040             0.049             -0.009            tt_v1.8_25C_Nominal_25_func
     MainMemory_data_sram/addr0[6]   0.040             0.048             -0.008            tt_v1.8_25C_Nominal_25_func
     MainMemory_data_sram/addr0[5]   0.040             0.047             -0.007            tt_v1.8_25C_Nominal_25_func
     MainMemory_data_sram/addr0[4]   0.040             0.047             -0.007            tt_v1.8_25C_Nominal_25_func
     MainMemory_data_sram/addr0[2]   0.040             0.046             -0.006            tt_v1.8_25C_Nominal_25_func
     MainMemory_data_sram/addr0[3]   0.040             0.046             -0.006            tt_v1.8_25C_Nominal_25_func

Check type : max_fanout
---------------------------
 No Violations found
