###############################################################
#  Generated by:      Cadence Innovus 25.11-s102_1
#  OS:                Linux x86_64(Host ID ece-linlabsrv01)
#  Generated on:      Mon Mar 23 22:23:15 2026
#  Design:            Core
#  Command:           report_timing -max_paths 1   -nworst 1 -path_type full_clock -net > [file join [get_db flow_report_directory] [get_db flow_report_name] setup.worst.rpt]
###############################################################
Path 1: MET (0.188 ns) Setup Check with Pin InstructionFetch_Module_InstructionMemory_instr_sram/clk1->addr1[6]
               View: tt_v1.8_25C_Nominal_25_func
              Group: core_clock
         Startpoint: (R) InstructionDecode_Module_EX_instruction_opcode_reg[0]657/CK
              Clock: (R) core_clock
           Endpoint: (R) InstructionFetch_Module_InstructionMemory_instr_sram/addr1[6]
              Clock: (R) core_clock

                       Capture       Launch
         Clock Edge:+   10.000        0.000
        Src Latency:+    0.000        0.000
        Net Latency:+    0.000 (I)    0.000 (I)
            Arrival:=   10.000        0.000

              Setup:-    0.103
        Uncertainty:-    0.250
        Cppr Adjust:+    0.000
      Required Time:=    9.647
       Launch Clock:=    0.000
          Data Path:+    9.459
              Slack:=    0.188
     Timing Path:

#-------------------------------------------------------------------------------------------------------------------------------------------------------------------------
# Timing Point                                                                    Flags  Arc       Edge  Cell                               Fanout  Trans   Delay  Arrival  
#                                                                                                                                                    (ns)    (ns)     (ns)  
#-------------------------------------------------------------------------------------------------------------------------------------------------------------------------
  clock                                                                           -      clock     R     (arrival)                            1447  0.150   0.000    0.000  
  clock                                                                           -      -         R     (net)                                1447      -       -        -  
  InstructionDecode_Module_EX_instruction_opcode_reg[0]657/QN                     -      CK->QN    R     DFFX1                                   1  0.150   0.357    0.357  
  n_6388                                                                          -      -         R     (net)                                   1      -       -        -  
  prects_FE_OFC214_n_6388/Y                                                       -      A->Y      R     CLKBUFX8                               22  0.054   0.287    0.645  
  FE_OFN154_n_6388                                                                -      -         R     (net)                                  22      -       -        -  
  InstructionDecode_Module_g229/Y                                                 -      OE->Y     F     TBUFX1                                  1  0.336   0.171    0.816  
  n_3929                                                                          -      -         F     (net)                                   1      -       -        -  
  g26092/Y                                                                        -      A->Y      R     NOR2X1                                  1  0.033   0.072    0.888  
  n_3944                                                                          -      -         R     (net)                                   1      -       -        -  
  g26050/Y                                                                        -      D->Y      R     AND4X2                                  2  0.060   0.429    1.317  
  n_3987                                                                          -      -         R     (net)                                   2      -       -        -  
  g26020/Y                                                                        -      B->Y      R     AND2X1                                  2  0.331   0.223    1.540  
  n_3890                                                                          -      -         R     (net)                                   2      -       -        -  
  g26011/Y                                                                        -      B->Y      R     AND2X1                                  1  0.107   0.121    1.661  
  n_4017                                                                          -      -         R     (net)                                   1      -       -        -  
  prects_FE_OFC1283_n_4017/Y                                                      -      A->Y      R     BUFX4                                   2  0.037   0.259    1.920  
  FE_OFN8005_n_4017                                                               -      -         R     (net)                                   2      -       -        -  
  g25808/Y                                                                        -      B->Y      F     NAND3X1                                 5  0.272   0.325    2.245  
  n_4182                                                                          -      -         F     (net)                                   5      -       -        -  
  g25782/Y                                                                        -      A->Y      R     NAND2X1                                 3  0.296   0.209    2.454  
  n_4188                                                                          -      -         R     (net)                                   3      -       -        -  
  prects_FE_OFC1116_n_4188/Y                                                      -      A->Y      R     CLKBUFX4                                3  0.162   0.197    2.650  
  n_15478_BAR                                                                     -      -         R     (net)                                   3      -       -        -  
  prects_FE_OFC1101_n_15478_BAR/Y                                                 -      A->Y      F     CLKINVX2                               15  0.112   0.178    2.828  
  FE_OFN385_n_4188                                                                -      -         F     (net)                                  15      -       -        -  
  g25724/Y                                                                        -      C1->Y     R     AOI222X1                                1  0.159   0.281    3.109  
  InstructionExecute_Module_ArthimeticLogicUnit_lt_43_52_n_7                      -      -         R     (net)                                   1      -       -        -  
  prects_FE_OFC478_InstructionExecute_Module_ArthimeticLogicUnit_lt_43_52_n_7/Y   -      A->Y      F     INVX2                                   1  0.312   0.293    3.402  
  FE_OFN418_InstructionExecute_Module_ArthimeticLogicUnit_lt_43_52_n_7            -      -         F     (net)                                   1      -       -        -  
  prects_FE_OFC1029_InstructionExecute_Module_ArthimeticLogicUnit_lt_43_52_n_7/Y  -      A->Y      R     CLKINVX2                                2  0.233   0.309    3.711  
  FE_OFN419_InstructionExecute_Module_ArthimeticLogicUnit_lt_43_52_n_7            -      -         R     (net)                                   2      -       -        -  
  prects_FE_OFC1030_InstructionExecute_Module_ArthimeticLogicUnit_lt_43_52_n_7/Y  -      A->Y      F     CLKINVX2                                5  0.288   0.138    3.850  
  n_4438                                                                          -      -         F     (net)                                   5      -       -        -  
  g43270/Y                                                                        -      A->Y      F     OR4X2                                   1  0.112   0.646    4.496  
  n_3416                                                                          -      -         F     (net)                                   1      -       -        -  
  prects_FE_OFC837_n_3416/Y                                                       -      A->Y      F     BUFX2                                   1  0.240   0.317    4.813  
  FE_OFN8042_n_3416                                                               -      -         F     (net)                                   1      -       -        -  
  g43019/Y                                                                        -      A->Y      F     OR4X1                                   1  0.159   0.379    5.192  
  n_3551                                                                          -      -         F     (net)                                   1      -       -        -  
  g42915/Y                                                                        -      D->Y      F     OR4X1                                   1  0.077   0.273    5.465  
  n_3629                                                                          -      -         F     (net)                                   1      -       -        -  
  g42909/Y                                                                        -      B->Y      R     NOR2X1                                  1  0.072   0.083    5.548  
  n_3635                                                                          -      -         R     (net)                                   1      -       -        -  
  g42904/Y                                                                        -      B->Y      R     AND3X1                                  1  0.090   0.421    5.969  
  n_3639                                                                          -      -         R     (net)                                   1      -       -        -  
  prects_FE_OFC910_n_3639/Y                                                       -      A->Y      R     BUFX2                                   3  0.424   0.381    6.351  
  FE_OFN7995_n_3639                                                               -      -         R     (net)                                   3      -       -        -  
  g42902/Y                                                                        -      B->Y      F     NAND2X4                                14  0.312   0.357    6.708  
  n_4240                                                                          -      -         F     (net)                                  14      -       -        -  
  g42894/Y                                                                        -      B->Y      F     OR2X2                                   9  0.321   0.492    7.200  
  n_4324                                                                          -      -         F     (net)                                   9      -       -        -  
  g42887/Y                                                                        -      B0->Y     R     AOI21X1                                 1  0.229   0.323    7.523  
  n_3647                                                                          -      -         R     (net)                                   1      -       -        -  
  g42883/Y                                                                        -      A->Y      F     CLKINVX1                                1  0.311   0.080    7.603  
  n_3651                                                                          -      -         F     (net)                                   1      -       -        -  
  g42870/Y                                                                        -      C0->Y     R     OAI211X1                                1  0.073   0.080    7.683  
  n_3663                                                                          -      -         R     (net)                                   1      -       -        -  
  g42858/Y                                                                        -      B0->Y     F     AOI21X2                                 1  0.157   0.129    7.812  
  n_3672                                                                          -      -         F     (net)                                   1      -       -        -  
  g42854/Y                                                                        -      C0->Y     R     OAI211X1                                1  0.184   0.115    7.927  
  InstructionExecute_Module_alu_result[8]                                         -      -         R     (net)                                   1      -       -        -  
  prects_FE_OFC875_InstructionExecute_Module_alu_result_8/Y                       -      A->Y      F     CLKINVX2                                1  0.136   0.210    8.137  
  FE_OFN508_InstructionExecute_Module_alu_result_8                                -      -         F     (net)                                   1      -       -        -  
  prects_FE_OFC876_InstructionExecute_Module_alu_result_8/Y                       -      A->Y      R     CLKINVX2                                2  0.187   0.212    8.349  
  FE_OFN8066_InstructionExecute_Module_alu_result_8                               -      -         R     (net)                                   2      -       -        -  
  g42840/Y                                                                        -      A1->Y     F     AOI222X1                                1  0.184   0.136    8.484  
  n_3681                                                                          -      -         F     (net)                                   1      -       -        -  
  prects_FE_DBTC27_n_3681/Y                                                       -      A->Y      R     CLKINVX1                                2  0.128   0.313    8.798  
  n_6228                                                                          -      -         R     (net)                                   2      -       -        -  
  prects_FE_OFC870_n_6228/Y                                                       -      A->Y      F     CLKINVX1                                1  0.357   0.278    9.076  
  FE_OFN522_n_6228                                                                -      -         F     (net)                                   1      -       -        -  
  prects_FE_OFC871_n_6228/Y                                                       -      A->Y      R     CLKINVX1                                1  0.211   0.177    9.252  
  FE_OFN524_n_6228                                                                -      -         R     (net)                                   1      -       -        -  
  prects_FE_OFC849_n_6228/Y                                                       -      A->Y      R     BUFX4                                   1  0.139   0.127    9.380  
  FE_OFN8054_n                                                                    -      -         R     (net)                                   1      -       -        -  
  prects_FE_OFC1433_n/Y                                                           -      A->Y      R     BUFX16                                  1  0.034   0.079    9.459  
  FE_OFN8170_n                                                                    -      -         R     (net)                                   1      -       -        -  
  InstructionFetch_Module_InstructionMemory_instr_sram/addr1[6]                   -      addr1[6]  R     sky130_sram_2kbyte_1rw1r_32x512_8       1  0.031   0.000    9.459  
#-------------------------------------------------------------------------------------------------------------------------------------------------------------------------
     Other End Path:

#-------------------------------------------------------------------------------------------------------------------------------------------------
# Timing Point                                               Flags  Arc    Edge  Cell                               Fanout  Trans   Delay  Arrival  
#                                                                                                                            (ns)    (ns)     (ns)  
#-------------------------------------------------------------------------------------------------------------------------------------------------
  clock                                                      -      clock  R     (arrival)                            1447  0.150   0.000   10.000  
  clock                                                      -      -      R     (net)                                1447      -       -        -  
  InstructionFetch_Module_InstructionMemory_instr_sram/clk1  -      clk1   R     sky130_sram_2kbyte_1rw1r_32x512_8    1447  0.150   0.000   10.000  
#-------------------------------------------------------------------------------------------------------------------------------------------------

