###############################################################
#  Generated by:      Cadence Innovus 25.11-s102_1
#  OS:                Linux x86_64(Host ID ece-linlabsrv01)
#  Generated on:      Mon Mar 23 22:31:14 2026
#  Design:            Core
#  Command:           report_timing -early -max_paths 1   -nworst 1 -path_type full_clock -net > [file join [get_db flow_report_directory] [get_db flow_report_name] hold.worst.rpt]
###############################################################
Path 1: VIOLATED (-0.222 ns) Hold Check with Pin InstructionFetch_Module_instr_data_op_reg[6]/CK->D
               View: tt_v1.8_25C_Nominal_25_func
              Group: core_clock
         Startpoint: (R) reset
              Clock:
           Endpoint: (F) InstructionFetch_Module_instr_data_op_reg[6]/D
              Clock: (R) core_clock

                       Capture       Launch
         Clock Edge:+    0.000        0.000
        Src Latency:+   -0.563        0.000
        Net Latency:+    0.603 (P)    0.000 (I)
            Arrival:=    0.040        0.000

               Hold:+    0.016
        Uncertainty:+    0.250
        Cppr Adjust:-    0.000
      Required Time:=    0.306
       Launch Clock:=    0.000
          Data Path:+    0.084
              Slack:=   -0.222
     Timing Path:

#--------------------------------------------------------------------------------------------------------------
# Timing Point                                    Flags  Arc    Edge  Cell       Fanout  Trans   Delay  Arrival  
#                                                                                         (ns)    (ns)     (ns)  
#--------------------------------------------------------------------------------------------------------------
  reset                                           -      reset  R     (arrival)      52  0.003   0.029    0.029  
  reset                                           -      -      R     (net)          52      -       -        -  
  g37591/Y                                        -      B0->Y  F     AOI21X1         1  0.208   0.055    0.084  
  n_951                                           -      -      F     (net)           1      -       -        -  
  InstructionFetch_Module_instr_data_op_reg[6]/D  -      D      F     DFFX1           1  0.033   0.000    0.084  
#--------------------------------------------------------------------------------------------------------------
     Other End Path:

#---------------------------------------------------------------------------------------------------------------
# Timing Point                                     Flags  Arc    Edge  Cell       Fanout  Trans   Delay  Arrival  
#                                                                                          (ns)    (ns)     (ns)  
#---------------------------------------------------------------------------------------------------------------
  clock                                            -      clock  R     (arrival)       2  0.003   0.008   -0.556  
  clock                                            -      -      R     (net)           2      -       -        -  
  CTS_ccl_buf_00041/Y                              -      A->Y   R     CLKBUFX8        1  0.013   0.141   -0.415  
  CTS_41                                           -      -      R     (net)           1      -       -        -  
  CTS_ccl_a_buf_00039/Y                            -      A->Y   R     CLKBUFX8        6  0.108   0.251   -0.164  
  CTS_40                                           -      -      R     (net)           6      -       -        -  
  CTS_ccl_a_buf_00007/Y                            -      A->Y   R     CLKBUFX8       27  0.215   0.203    0.040  
  CTS_35                                           -      -      R     (net)          27      -       -        -  
  InstructionFetch_Module_instr_data_op_reg[6]/CK  -      CK     R     DFFX1          27  0.102   0.000    0.040  
#---------------------------------------------------------------------------------------------------------------

