###############################################################
#  Generated by:      Cadence Innovus 25.11-s102_1
#  OS:                Linux x86_64(Host ID ece-rschsrv.ece.gatech.edu)
#  Generated on:      Mon Mar 16 12:42:48 2026
#  Design:            Core
#  Command:           report_timing -max_paths 1   -nworst 1 -path_type full_clock -net > [file join [get_db flow_report_directory] [get_db flow_report_name] setup.worst.rpt]
###############################################################
Path 1: MET (11.086 ns) Setup Check with Pin InstructionFetch_Module_instr_data_op_reg[18]/CK->D
               View: tt_v1.8_25C_Nominal_25_func
              Group: core_clock
         Startpoint: (F) InstructionFetch_Module_InstructionMemory_instr_sram/clk1
              Clock: (F) core_clock
           Endpoint: (R) InstructionFetch_Module_instr_data_op_reg[18]/D
              Clock: (R) core_clock

                       Capture       Launch
         Clock Edge:+   25.000       12.500
        Src Latency:+   -0.415       -0.384
        Net Latency:+    0.396 (P)    0.368 (P)
            Arrival:=   24.980       12.484

              Setup:-    0.089
        Uncertainty:-    0.250
        Cppr Adjust:+    0.000
      Required Time:=   24.642
       Launch Clock:=   12.484
          Data Path:+    1.072
              Slack:=   11.086
     Timing Path:

#----------------------------------------------------------------------------------------------------------------------------------------------------------------
# Timing Point                                                    Flags  Arc              Edge  Cell                               Fanout  Trans   Delay  Arrival  
#                                                                                                                                           (ns)    (ns)     (ns)  
#----------------------------------------------------------------------------------------------------------------------------------------------------------------
  clock                                                           -      clock            F     (arrival)                               4  0.003   0.000   12.116  
  clock                                                           -      -                F     (net)                                   4      -       -        -  
  CTS_idc_buf_00047/Y                                             -      A->Y             F     CLKBUFX8                               11  0.003   0.170   12.286  
  CTS_42                                                          -      -                F     (net)                                  11      -       -        -  
  CTS_ccl_a_buf_00024/Y                                           -      A->Y             F     CLKBUFX8                               35  0.098   0.198   12.484  
  CTS_9                                                           -      -                F     (net)                                  35      -       -        -  
  InstructionFetch_Module_InstructionMemory_instr_sram/dout1[18]  -      clk1->dout1[18]  R     sky130_sram_2kbyte_1rw1r_32x512_8       1  0.122   0.394   12.877  
  InstructionFetch_Module_instr_data[18]                          -      -                R     (net)                                   1      -       -        -  
  prects_FE_OFC88_InstructionFetch_Module_instr_data_18/Y         -      A->Y             R     CLKBUFX4                                1  0.003   0.363   13.241  
  FE_OFN42_InstructionFetch_Module_instr_data_18                  -      -                R     (net)                                   1      -       -        -  
  g35524/Y                                                        -      A0->Y            F     AOI22X1                                 1  0.436   0.176   13.416  
  n_314                                                           -      -                F     (net)                                   1      -       -        -  
  g35340/Y                                                        -      B->Y             R     NOR2X1                                  1  0.144   0.140   13.556  
  n_484                                                           -      -                R     (net)                                   1      -       -        -  
  InstructionFetch_Module_instr_data_op_reg[18]/D                 -      D                R     DFFX1                                   1  0.120   0.000   13.556  
#----------------------------------------------------------------------------------------------------------------------------------------------------------------
     Other End Path:

#----------------------------------------------------------------------------------------------------------------
# Timing Point                                      Flags  Arc    Edge  Cell       Fanout  Trans   Delay  Arrival  
#                                                                                           (ns)    (ns)     (ns)  
#----------------------------------------------------------------------------------------------------------------
  clock                                             -      clock  R     (arrival)       4  0.003   0.000   24.585  
  clock                                             -      -      R     (net)           4      -       -        -  
  CTS_ccl_a_buf_00041/Y                             -      A->Y   R     CLKBUFX8        9  0.003   0.202   24.787  
  CTS_41                                            -      -      R     (net)           9      -       -        -  
  CTS_ccl_a_buf_00006/Y                             -      A->Y   R     CLKBUFX8       31  0.197   0.193   24.980  
  CTS_28                                            -      -      R     (net)          31      -       -        -  
  InstructionFetch_Module_instr_data_op_reg[18]/CK  -      CK     R     DFFX1          31  0.094   0.000   24.980  
#----------------------------------------------------------------------------------------------------------------

