###############################################################
#  Generated by:      Cadence Innovus 25.11-s102_1
#  OS:                Linux x86_64(Host ID ece-rschsrv.ece.gatech.edu)
#  Generated on:      Mon Mar 16 12:42:42 2026
#  Design:            Core
#  Command:           report_timing_summary -checks {setup drv} -expand_views > [file join [get_db flow_report_directory] [get_db flow_report_name] [get_db flow_report_prefix]setup.view_summary.rpt]
###############################################################
# SETUP                                 WNS    TNS   FEP   
#---------------------------------------------------------
 View : ALL                          11.086  0.000     0  
    Group : in2out                      N/A    N/A     0  
    Group : reg2out                     N/A    N/A     0  
    Group : in2reg                   22.645    0.0     0  
    Group : reg2reg                  11.086    0.0     0  
                                                          
 View : tt_v1.8_25C_Nominal_25_func  11.086  0.000     0  
    Group : in2reg                   22.645    0.0     0  
    Group : reg2reg                  11.086    0.0     0  
    Group : in2out                      N/A    N/A     0  
    Group : reg2out                     N/A    N/A     0  
                                                          
#---------------------------------------------------------
 
# DRV                                   WNS     TNS   FEP   
#----------------------------------------------------------
 View : ALL                                                
    Check : max_transition           -0.124  -1.600    13  
    Check : min_transition              N/A     N/A     0  
    Check : max_capacitance             N/A     N/A     0  
    Check : min_capacitance             N/A     N/A     0  
    Check : max_fanout                  N/A     N/A     0  
    Check : min_fanout                  N/A     N/A     0  
                                                           
 View : tt_v1.8_25C_Nominal_25_func                        
    Check : max_transition           -0.124  -1.600    13  
    Check : min_transition              N/A     N/A     0  
    Check : max_capacitance             N/A     N/A     0  
    Check : min_capacitance             N/A     N/A     0  
    Check : max_fanout                  N/A     N/A     0  
    Check : min_fanout                  N/A     N/A     0  
                                                           
 View : tt_v1.8_25C_Nominal_25_func                        
    Check : max_transition           -0.124  -1.600    13  
    Check : min_transition              N/A     N/A     0  
    Check : max_capacitance             N/A     N/A     0  
    Check : min_capacitance             N/A     N/A     0  
    Check : max_fanout                  N/A     N/A     0  
    Check : min_fanout                  N/A     N/A     0  
                                                           
#----------------------------------------------------------
 
