###############################################################
#  Generated by:      Cadence Innovus 25.11-s102_1
#  OS:                Linux x86_64(Host ID ece-rschsrv.ece.gatech.edu)
#  Generated on:      Mon Mar 16 12:42:43 2026
#  Design:            Core
#  Command:           report_constraint -late -all_violators -drv_violation_type {max_capacitance max_transition max_fanout} > reports/cts/setup.all_violators.rpt
###############################################################
# format : frame 0 : split 0

max_delay/setup
---------------------------
No paths found

Check type : max_capacitance
---------------------------
 No Violations found

Check type : max_transition
---------------------------
     ----------------------------------------------------------------------------------------------  
      Pin Name               Required          Actual            Slack             View              
     ----------------------------------------------------------------------------------------------  
     InstructionFetch_Module_InstructionMemory_instr_sram/addr0[5]   0.040             0.164             -0.124            tt_v1.8_25C_Nominal_25_func
     InstructionFetch_Module_InstructionMemory_instr_sram/addr0[6]   0.040             0.164             -0.124            tt_v1.8_25C_Nominal_25_func
     InstructionFetch_Module_InstructionMemory_instr_sram/addr0[7]   0.040             0.164             -0.124            tt_v1.8_25C_Nominal_25_func
     InstructionFetch_Module_InstructionMemory_instr_sram/addr0[3]   0.040             0.164             -0.124            tt_v1.8_25C_Nominal_25_func
     InstructionFetch_Module_InstructionMemory_instr_sram/addr0[4]   0.040             0.164             -0.124            tt_v1.8_25C_Nominal_25_func
     InstructionFetch_Module_InstructionMemory_instr_sram/addr0[8]   0.040             0.164             -0.124            tt_v1.8_25C_Nominal_25_func
     InstructionFetch_Module_InstructionMemory_instr_sram/addr0[2]   0.040             0.164             -0.124            tt_v1.8_25C_Nominal_25_func
     InstructionFetch_Module_InstructionMemory_instr_sram/wmask0[3]   0.040             0.162             -0.122            tt_v1.8_25C_Nominal_25_func
     InstructionFetch_Module_InstructionMemory_instr_sram/addr0[0]   0.040             0.162             -0.122            tt_v1.8_25C_Nominal_25_func
     InstructionFetch_Module_InstructionMemory_instr_sram/wmask0[1]   0.040             0.162             -0.122            tt_v1.8_25C_Nominal_25_func
     InstructionFetch_Module_InstructionMemory_instr_sram/wmask0[2]   0.040             0.162             -0.122            tt_v1.8_25C_Nominal_25_func
     InstructionFetch_Module_InstructionMemory_instr_sram/addr0[1]   0.040             0.162             -0.122            tt_v1.8_25C_Nominal_25_func
     InstructionFetch_Module_InstructionMemory_instr_sram/wmask0[0]   0.040             0.162             -0.122            tt_v1.8_25C_Nominal_25_func

Check type : max_fanout
---------------------------
 No Violations found
