 ------------------------------------------------------------------------------------------------------------------------------------------- 
| Snapshot                | WNS                  | TNS                  | Density (%) | Hotspot       | Resource               | DRVs       |
|                         | HEPG (ns) | ALL (ns) | HEPG (ns) | ALL (ns) |             | Max   | Total | Real (s) | Memory (MB) | Tran | Cap |
|-------------------------+-----------+----------+-----------+----------+-------------+-------+-------+----------+-------------+------+-----|
| initial_summary         |    -0.452 |   -0.452 |           |       -1 |       38.09 |       |       | 0:00:04  |        2982 |   14 |   9 |
| route_type_refinement   |           |          |           |          |             |       |       | 0:00:01  |        2981 |      |     |
| simplify_netlist        |           |          |           |          |             |       |       | 0:00:01  |        2983 |      |     |
| excluded_clk_net_fixing |           |          |           |          |             |       |       | 0:00:00  |        2983 |      |     |
| drv_fixing              |    -0.138 |   -0.138 |        -0 |       -0 |       38.43 |       |       | 0:00:03  |        2998 |    8 |   0 |
| global_opt              |           |    0.216 |           |        0 |       38.43 |       |       | 0:00:02  |        3004 |      |     |
| area_reclaiming         |     0.288 |    0.288 |         0 |        0 |       38.00 |       |       | 0:00:08  |        3008 |      |     |
| drv_fixing_2            |     0.288 |    0.288 |         0 |        0 |       38.06 |       |       | 0:00:02  |        3008 |    7 |   0 |
| area_reclaiming_2       |     0.157 |    0.157 |         0 |        0 |       37.92 |       |       | 0:00:13  |        3073 |      |     |
| area_reclaiming_3       |     0.081 |    0.081 |         0 |        0 |       37.87 |       |       | 0:00:06  |        3072 |      |     |
| local_wire_reclaim      |           |          |           |          |             |       |       | 0:00:21  |        3068 |      |     |
| global_route            |           |          |           |          |             | 12.89 | 22.00 | 0:00:02  |        2994 |      |     |
| route_type_refinement_2 |           |          |           |          |             |       |       | 0:00:00  |        2994 |      |     |
| drv_eco_fixing          |    -0.040 |   -0.040 |        -0 |       -0 |       38.13 |       |       | 0:00:03  |        3044 |    7 |   0 |
| tns_eco_fixing          |     0.130 |    0.130 |         0 |        0 |       38.13 |       |       | 0:00:04  |        3052 |      |     |
| final_summary           |     0.131 |    0.131 |           |        0 |       38.09 | 14.44 | 21.11 | 0:00:06  |        3044 |    7 |   0 |
 ------------------------------------------------------------------------------------------------------------------------------------------- 
