**INFO: Starting Blocking QThread with 1 CPU
   ____________________________________________________________________
__/ message from Blocking QThread
*** QThread MetricCollect [begin] (IncrReplace #1 / place_opt_design #1) : mem = 2.3M
###############################################################
#  Generated by:      Cadence Innovus 25.11-s102_1
#  OS:                Linux x86_64(Host ID ece-linlabsrv01)
#  Generated on:      Tue Mar 17 23:55:35 2026
#  Design:            Core
#  Command:           place_opt_design -report_dir debug -report_prefix prects
###############################################################

REPORT ANALYSIS SUMMARY (View:tt_v1.8_25C_Nominal_25_func) (EL:Setup)
=========================================================================================================================================================================================================

GroupType:*
=========================================================================================================================================================================================================

         All                             IN2REG                          IN2OUT                           REG2REG                              REG2OUT
    -----------------------------------------------------------------------------------------------------------------------------------------------------------------------------------------------------  
     WNS:TNS:#VIO                     WNS:TNS:#VIO                     WNS:TNS:#VIO                     WNS:TNS:#VIO                     WNS:TNS:#VIO                     FromClk->ToClk                   
    -----------------------------------------------------------------------------------------------------------------------------------------------------------------------------------------------------  
    -1.687:-32.872:71                0.000:0.000:0                    0.000:0.000:0                    -1.687:-32.872:71                0.000:0.000:0                    *->*
Ending "set_metric_timing_analysis_summary" (total cpu=0:00:00.1, real=0:00:00.0, peak res=2951.9M, current mem=2288.4M)
Ending "get_summary_setup_timing" (total cpu=0:00:00.3, real=0:00:00.0, peak res=2951.9M, current mem=2289.6M)
*** QThread MetricCollect [finish] (IncrReplace #1 / place_opt_design #1) : cpu/real = 0:00:00.7/0:00:00.7 (1.0), mem = 35.1M
_______________________________________________________________________
