\o Program:		@(#)$CDS: libManager version 23.1 - CAT38 06/26/2025 13:47 (cpgbld15) $
\o Sub version:		sub-version  s151 
\o Arguments:		-unmapped -mpssession virtuoso2567063 -mpshost ece-rschsrv.ece.gatech.edu -masterPID 2567063 -ADVM 
\o Working Directory:	ece-rschsrv.ece.gatech.edu:/nethome/dkhalil8/InnovateECE/MixedSignal/Cadence/Virtuoso
\o 64-bit offsets
\o Qt version: 		5.15.9
\o MPS virtuoso types registered: 68
\o changeWorkingDir("/nethome/dkhalil8/InnovateECE/MixedSignal/Cadence/Virtuoso") unnecessary.
\o ddSetForcedLib("") unnecessary.
\o Session hidden cells enabled.
\o Log file is "/nethome/dkhalil8/InnovateECE/MixedSignal/Cadence/Virtuoso/libManager.log".
\o Opening libManager window.
\a nrSetWindowVisibility(cdsLibManager "show")
\o MPS service: map window
\a nrSetCurrentWindow(cdsLibManager)
\w Warning: The directory: '/nethome/pmathews30/AMS-Onboarding/Cadence/Virtuoso/LectureExamples' does not exist
\w 	but was defined in libFile '/nethome/dkhalil8/InnovateECE/MixedSignal/Cadence/Virtuoso/cds.lib' for Lib 'LectureExamples'.
\o Library Manager customization server connected.
\a nrResizeWindow(cdsLibManager list(244 264 602 495))
\a nrResizeWindow(cdsLibManager list(244 264 1123 726))
\a cdsLibManager->libListBox->value = "sky130_fd_pr_main"
\a cdsLibManager->libLineEdit->value = "sky130_fd_pr_main"
\a cdsLibManager->FileNewLibButton->value = t
\a nrSetWindowVisibility(NewLibShell "show")
\a nrSetCurrentWindow(NewLibShell)
\a nrSetCurrentWindow(NewLibShell->subDialog)
\a nrResizeWindow(NewLibShell list(542 308 507 559))
\a NewLibShell->newLibNameText->value = "InnovateECE"
\a NewLibShell->newLibOKButton->value = t
\a nrSetWindowVisibility(workingDialogForm "show")
\a nrSetCurrentWindow(workingDialogForm)
\o Created new library "InnovateECE" at /nethome/dkhalil8/InnovateECE/MixedSignal/Cadence/Virtuoso/InnovateECE.
\a nrSetCurrentWindow(cdsLibManager)
\a cdsLibManager->libListBox->value = nil
\a cdsLibManager->libLineEdit->value = ""
\w Warning: The directory: '/nethome/pmathews30/AMS-Onboarding/Cadence/Virtuoso/LectureExamples' does not exist
\w 	but was defined in libFile '/nethome/dkhalil8/InnovateECE/MixedSignal/Cadence/Virtuoso/cds.lib' for Lib 'LectureExamples'.
\a cdsLibManager->libListBox->value = "sky130_fd_pr_main"
\a cdsLibManager->libLineEdit->value = "sky130_fd_pr_main"
\a nrResizeWindow(workingDialogForm list(640 521 310 133))
\a cdsLibManager->libListBox->value = nil
\a cdsLibManager->libLineEdit->value = ""
\w Warning: The directory: '/nethome/pmathews30/AMS-Onboarding/Cadence/Virtuoso/LectureExamples' does not exist
\w 	but was defined in libFile '/nethome/dkhalil8/InnovateECE/MixedSignal/Cadence/Virtuoso/cds.lib' for Lib 'LectureExamples'.
\a cdsLibManager->libListBox->value = "sky130_fd_pr_main"
\a cdsLibManager->libLineEdit->value = "sky130_fd_pr_main"
\a cdsLibManager->libSearchOptionsButton->value = t
\a cdsLibManager->libListBox->value = "InnovateECE"
\a cdsLibManager->libLineEdit->value = "InnovateECE"
\a cdsLibManager->FileNewCVButton->value = t
\a cdsLibManager->libListBox->value = nil
\a cdsLibManager->libLineEdit->value = ""
\w Warning: The directory: '/nethome/pmathews30/AMS-Onboarding/Cadence/Virtuoso/LectureExamples' does not exist
\w 	but was defined in libFile '/nethome/dkhalil8/InnovateECE/MixedSignal/Cadence/Virtuoso/cds.lib' for Lib 'LectureExamples'.
\a cdsLibManager->libListBox->value = "InnovateECE"
\a cdsLibManager->libLineEdit->value = "InnovateECE"
\a nrSetCurrentWindow(cdsLibManager)
\a nrSetCurrentWindow(cdsLibManager)
\a cdsLibManager->libListBox->value = nil
\a cdsLibManager->libLineEdit->value = ""
\w Warning: The directory: '/nethome/pmathews30/AMS-Onboarding/Cadence/Virtuoso/LectureExamples' does not exist
\w 	but was defined in libFile '/nethome/dkhalil8/InnovateECE/MixedSignal/Cadence/Virtuoso/cds.lib' for Lib 'LectureExamples'.
\a cdsLibManager->libListBox->value = "InnovateECE"
\a cdsLibManager->libLineEdit->value = "InnovateECE"
\a cdsLibManager->cellListBox->value = "Multiplier"
\a cdsLibManager->cellLineEdit->value = "Multiplier"
\a cdsLibManager->viewListBox->value = "schematic"
\a cdsLibManager->viewLineEdit->value = "schematic"
\a cdsLibManager->cellLineEdit->value = ""
\a cdsLibManager->cellListBox->value = nil
\a cdsLibManager->viewLineEdit->value = ""
\a cdsLibManager->viewListBox->value = nil
\a cdsLibManager->cellListBox->value = "Multiplier"
\a cdsLibManager->cellLineEdit->value = "Multiplier"
\a cdsLibManager->viewListBox->value = "schematic"
\a cdsLibManager->viewLineEdit->value = "schematic"
\a cdsLibManager->viewLineEdit->value = ""
\a cdsLibManager->viewListBox->value = nil
\a cdsLibManager->viewListBox->value = "schematic"
\a cdsLibManager->viewLineEdit->value = "schematic"
\a nrSetCurrentWindow(cdsLibManager)
\a nrSetCurrentWindow(cdsLibManager)
\a nrSetCurrentWindow(cdsLibManager)
\a nrResizeWindow(cdsLibManager list(672 423 1123 728))
\a nrSetCurrentWindow(cdsLibManager)
\a nrSetCurrentWindow(cdsLibManager)
\a nrSetCurrentWindow(cdsLibManager)
\a nrSetCurrentWindow(cdsLibManager)
\a nrSetCurrentWindow(cdsLibManager)
