
Cadence Innovus(TM) Implementation System.
Copyright 2025 Cadence Design Systems, Inc. All rights reserved worldwide.

Version:	v25.11-s102_1, built Wed Aug 27 13:03:08 PDT 2025
Options:	-batch -stylus -log /nethome/dkhalil8/InnovateECE/PhysicalDesign/RTL2GDS/design/logs/postcts -disable_user_startup -execute if {[catch {init_flow  {flow_script {} yaml_script /nethome/dkhalil8/InnovateECE/PhysicalDesign/RTL2GDS/design/scripts/flow.yaml flow_no_check 0 parent_uuid {} previous_uuid {} top_dir /nethome/dkhalil8/InnovateECE/PhysicalDesign/RTL2GDS/design flow_dir . status_file /nethome/dkhalil8/InnovateECE/PhysicalDesign/RTL2GDS/design/flow.status.d/postcts metrics_file /nethome/dkhalil8/InnovateECE/PhysicalDesign/RTL2GDS/design/flow.metrics.d/postcts run_tag {} db {enc /nethome/dkhalil8/InnovateECE/PhysicalDesign/RTL2GDS/design/dbs/cts.enc Core {}} db_is_ref_run 0 branch {} caller_data {group 0 process_branch 0 trunk_process 1 flowtool_hostname ece-linlabsrv01.ece.gatech.edu flowtool_pid 2279554} flow {flow flow:flow_current dir . db {enc dbs/cts.enc Core {}} branch {} tool innovus caller_data {group 0 process_branch 0 trunk_process 1 flowtool_hostname ece-linlabsrv01.ece.gatech.edu flowtool_pid 2279554} uuid {} tool_options {} start_step {tool innovus flow flow:flow_current canonical_path {.steps flow:implementation .steps flow:postcts .steps flow_step:block_start} step flow_step:block_start features {} str implementation.postcts.block_start} process_branch_trunk 1} flow_name flow:flow_current first_step {tool innovus flow flow:flow_current canonical_path {.steps flow:implementation .steps flow:postcts .steps flow_step:block_start} step flow_step:block_start features {} str implementation.postcts.block_start} interactive 0 interactive_run 0 enabled_features {} inject_tcl {} trunk_process 1 aum_upload false tool_options {} overwrite 0 last_step {tool innovus flow flow:flow_current canonical_path {.steps flow:implementation .steps flow:postcts .steps flow_step:schedule_postcts_report_postcts} step flow_step:schedule_postcts_report_postcts features {} str implementation.postcts.schedule_postcts_report_postcts} log_prefix /nethome/dkhalil8/InnovateECE/PhysicalDesign/RTL2GDS/design/logs/postcts}; run_flow -from {tool innovus flow flow:flow_current canonical_path {.steps flow:implementation .steps flow:postcts .steps flow_step:block_start} step flow_step:block_start features {} str implementation.postcts.block_start} -to {tool innovus flow flow:flow_current canonical_path {.steps flow:implementation .steps flow:postcts .steps flow_step:schedule_postcts_report_postcts} step flow_step:schedule_postcts_report_postcts features {} str implementation.postcts.schedule_postcts_report_postcts}} msg]} { puts [concat {Tcl error:} $errorInfo]; set fp [open {/nethome/dkhalil8/InnovateECE/PhysicalDesign/RTL2GDS/design/flow.status.d/postcts} a]; puts $fp {}; puts $fp [list [list script run_tcl status error flow {flow:flow_current} branch {} flow_working_directory {.} flow_starting_db {enc /nethome/dkhalil8/InnovateECE/PhysicalDesign/RTL2GDS/design/dbs/cts.enc Core {}} {tool_options} {} steps_run [get_db flow_step_canonical_current] msg $msg]]; close $fp; exit 1 }; exit 0 
Date:		Mon Mar 23 22:29:30 2026
Host:		ece-linlabsrv01 (x86_64 w/Linux 4.18.0-553.111.1.el8_10.x86_64) (14cores*112cpus*Intel(R) Xeon(R) Gold 5117 CPU @ 2.00GHz 19712KB)
OS:		Red Hat Enterprise Linux 8.10 (Ootpa)

License:
		[22:29:30.185745] Configured Lic search path (25.01-s002): 5280@ece-winlic.ece.gatech.edu

		invs	Innovus Implementation System	25.1	checkout succeeded
		8 CPU jobs allowed with the current license(s). Use set_multi_cpu_usage to set your required CPU count.


Create and set the environment variable TMPDIR to /nethome/dkhalil8/InnovateECE/PhysicalDesign/RTL2GDS/design/innovus_temp_2322877_1205595d-abda-43f5-bd79-d96f70668591_ece-linlabsrv01_dkhalil8_ZkD7WZ.

Change the soft stacksize limit to 0.2%RAM (770 mbytes). Set global soft_stack_size_limit to change the value.
[INFO] Loading Pegasus 24.14 fill procedures
Info: Process UID = 2322877 / 1205595d-abda-43f5-bd79-d96f70668591 / mXc6H1g8n7

**INFO:  MMMC transition support version v31-84 

#@ Processing -execute option
@innovus 1> if {[catch {init_flow  {flow_script {} yaml_script /nethome/dkhalil8/InnovateECE/PhysicalDesign/RTL2GDS/design/scripts/flow.yaml flow_no_check 0 parent_uuid {} previous_uuid {} top_dir /nethome/dkhalil8/InnovateECE/PhysicalDesign/RTL2GDS/design flow_dir . status_file /nethome/dkhalil8/InnovateECE/PhysicalDesign/RTL2GDS/design/flow.status.d/postcts metrics_file /nethome/dkhalil8/InnovateECE/PhysicalDesign/RTL2GDS/design/flow.metrics.d/postcts run_tag {} db {enc /nethome/dkhalil8/InnovateECE/PhysicalDesign/RTL2GDS/design/dbs/cts.enc Core {}} db_is_ref_run 0 branch {} caller_data {group 0 process_branch 0 trunk_process 1 flowtool_hostname ece-linlabsrv01.ece.gatech.edu flowtool_pid 2279554} flow {flow flow:flow_current dir . db {enc dbs/cts.enc Core {}} branch {} tool innovus caller_data {group 0 process_branch 0 trunk_process 1 flowtool_hostname ece-linlabsrv01.ece.gatech.edu flowtool_pid 2279554} uuid {} tool_options {} start_step {tool innovus flow flow:flow_current canonical_path {.steps flow:implementation .steps flow:postcts .steps flow_step:block_start} step flow_step:block_start features {} str implementation.postcts.block_start} process_branch_trunk 1} flow_name flow:flow_current first_step {tool innovus flow flow:flow_current canonical_path {.steps flow:implementation .steps flow:postcts .steps flow_step:block_start} step flow_step:block_start features {} str implementation.postcts.block_start} interactive 0 interactive_run 0 enabled_features {} inject_tcl {} trunk_process 1 aum_upload false tool_options {} overwrite 0 last_step {tool innovus flow flow:flow_current canonical_path {.steps flow:implementation .steps flow:postcts .steps flow_step:schedule_postcts_report_postcts} step flow_step:schedule_postcts_report_postcts features {} str implementation.postcts.schedule_postcts_report_postcts} log_prefix /nethome/dkhalil8/InnovateECE/PhysicalDesign/RTL2GDS/design/logs/postcts}; run_flow -from {tool innovus flow flow:flow_current canonical_path {.steps flow:implementation .steps flow:postcts .steps flow_step:block_start} step flow_step:block_start features {} str implementation.postcts.block_start} -to {tool innovus flow flow:flow_current canonical_path {.steps flow:implementation .steps flow:postcts .steps flow_step:schedule_postcts_report_postcts} step flow_step:schedule_postcts_report_postcts features {} str implementation.postcts.schedule_postcts_report_postcts}} msg]} { puts [concat {Tcl error:} $errorInfo]; set fp [open {/nethome/dkhalil8/InnovateECE/PhysicalDesign/RTL2GDS/design/flow.status.d/postcts} a]; puts $fp {}; puts $fp [list [list script run_tcl status error flow {flow:flow_current} branch {} flow_working_directory {.} flow_starting_db {enc /nethome/dkhalil8/InnovateECE/PhysicalDesign/RTL2GDS/design/dbs/cts.enc Core {}} {tool_options} {} steps_run [get_db flow_step_canonical_current] msg $msg]]; close $fp; exit 1 }; exit 0
init_flow summary:
  Flow script        : 
  YAML script        : /nethome/dkhalil8/InnovateECE/PhysicalDesign/RTL2GDS/design/scripts/flow.yaml
  Flow               : flow:flow_current
  From               : implementation.postcts.block_start
  To                 : implementation.postcts.schedule_postcts_report_postcts
  Top directory      : /nethome/dkhalil8/InnovateECE/PhysicalDesign/RTL2GDS/design
  Working directory  : .
  Starting database  : /nethome/dkhalil8/InnovateECE/PhysicalDesign/RTL2GDS/design/dbs/cts.enc
  Run tag            : 
  Branch name        : 
  Metrics file       : /nethome/dkhalil8/InnovateECE/PhysicalDesign/RTL2GDS/design/flow.metrics.d/postcts
  Status file        : /nethome/dkhalil8/InnovateECE/PhysicalDesign/RTL2GDS/design/flow.status.d/postcts
reading previous metrics...
Sourcing flow scripts...
Sourcing flow scripts done.
Begin steps for plugin point Cadence.plugin.flowkit.read_db.pre
#@ Begin verbose flow_step activate_views
@flow 2: apply {{} {
    set db [get_db flow_starting_db]
    set flow [lindex [get_db flow_hier_path] end]
    set setup_views [get_feature -obj $flow setup_views]
    set hold_views [get_feature -obj $flow hold_views]
    set leakage_view [get_feature -obj $flow leakage_view]
    set dynamic_view [get_feature -obj $flow dynamic_view]
  
    if {($setup_views ne "") || ($hold_views ne "") || ($leakage_view ne "") || ($dynamic_view ne "")} {
      #- use read_db args for DB types and set_analysis_views for TCL
      if {([llength [get_db analysis_views]]) > 0 &&  ([lindex $db 0] eq {tcl} || [lindex $db 0] in {enc cdb} && [file isfile [lindex $db 1]])} {
        set cmd "set_analysis_view"
        if {$setup_views ne ""} {
          append cmd " -setup [list $setup_views]"
        } else {
          append cmd " -setup [list [get_db [get_db analysis_views -if .is_setup] .name]]"
        }
        if {$hold_views ne ""} {
          append cmd " -hold [list $hold_views]"
        } else {
          append cmd " -hold [list [get_db [get_db analysis_views -if .is_hold] .name]]"
        }
        if {$leakage_view ne ""} {
          append cmd " -leakage [list $leakage_view]"
        } else {
          if {[llength [get_db analysis_views -if .is_leakage]] > 0} {
            append cmd " -leakage [list [get_db [get_db analysis_views -if .is_leakage] .name]]"
          }
        }
        if {$dynamic_view ne ""} {
          append cmd " -dynamic [list $dynamic_view]"
        } else {
          if {[llength [get_db analysis_views -if .is_dynamic]] > 0} {
            append cmd " -dynamic [list [get_db [get_db analysis_views -if .is_dynamic] .name]]"
          }
        }
        eval $cmd
      } elseif {[llength [get_db analysis_views]] == 0} {
        set cmd "set_flowkit_read_db_args"
        if {$setup_views ne ""} {
          append cmd " -setup_views [list $setup_views]"
        }
        if {$hold_views ne ""} {
          append cmd " -hold_views [list $hold_views]"
        }
        if {$leakage_view ne ""} {
          append cmd " -leakage_view [list $leakage_view]"
        }
        if {$dynamic_view ne ""} {
          append cmd " -dynamic_view [list $dynamic_view]"
        }
        eval $cmd
      } else {
      }
    }
  }}
#@ End verbose flow_step activate_views
#@ Begin verbose flow_step init_mcpu
@flow 2: apply {{} {
    # Multi host/cpu attributes
    #-----------------------------------------------------------------------------
    # The FLOWTOOL_NUM_CPUS is an environment variable which should be exported by
    # the specified dist script.  This connects the number of CPUs being reserved
    # for batch jobs with the current flow scripts.  The LSB_MAX_NUM_PROCESSORS is
    # a typical environment variable exported by distribution platforms and is
    # useful for ensuring all interactive jobs are using the reserved amount of CPUs.
    if {[info exists ::env(FLOWTOOL_NUM_CPUS)]} {
      set max_cpus $::env(FLOWTOOL_NUM_CPUS)
    } elseif {[info exists ::env(LSB_MAX_NUM_PROCESSORS)]} {
      set max_cpus $::env(LSB_MAX_NUM_PROCESSORS)
    } else {
      set max_cpus 1
    }
    switch -glob [get_db program_short_name] {
      default       {}
      joules*       -
      genus*        -
      innovus*      -
      tempus*       -
      voltus*       { set_multi_cpu_usage -verbose -local_cpu $max_cpus }
    }
if {[get_feature opt_signoff]} {
      if {[is_flow -inside flow:opt_signoff]} {
        set_multi_cpu_usage -verbose -remote_host 1
        set_multi_cpu_usage -verbose -cpu_per_remote_host 16
        set_distributed_hosts -local
      }
}
  }}
set_multi_cpu_usage -local_cpu 1
#@ End verbose flow_step init_mcpu
End steps for plugin point Cadence.plugin.flowkit.read_db.pre
#% Begin load design ... (date=03/23 22:30:10, mem=2101.1M)
**WARN: (IMPDBTCL-321):	The attribute 'timing_aocv_enable_gba_combine_launch_capture' still works but will be obsolete in a future major release. You should remove it from your script before the next major release to avoid errors.
**WARN: (IMPDBTCL-321):	The attribute 'timing_aocv_enable_gba_combine_launch_capture' still works but will be obsolete in a future major release. You should remove it from your script before the next major release to avoid errors.
**WARN: (IMPDBTCL-321):	The attribute 'timing_aocv_enable_gba_combine_launch_capture' still works but will be obsolete in a future major release. You should remove it from your script before the next major release to avoid errors.
**WARN: (IMPDBTCL-321):	The attribute 'timing_enable_backward_compatible_latch_thru_mt_mode' still works but will be obsolete in a future major release. You should remove it from your script before the next major release to avoid errors.
**WARN: (IMPDBTCL-321):	The attribute 'timing_enable_backward_compatible_latch_thru_mt_mode' still works but will be obsolete in a future major release. You should remove it from your script before the next major release to avoid errors.
**WARN: (IMPDBTCL-321):	The attribute 'timing_enable_backward_compatible_latch_thru_mt_mode' still works but will be obsolete in a future major release. You should remove it from your script before the next major release to avoid errors.
**WARN: (IMPDB-6501):	"set_db design_process_node" will be obsoleted in future release. Remove it from the script to avoid the interruption of running the script in future.
##  Process: 130           (User Set)               
##     Node: (not set)                           

##  Check design process and node:  
##  Design tech node is not set.

Applying the recommended capacitance filtering threshold values for 130nm process node: total_c_th=0, relative_c_th=1 and coupling_c_th=0.4.
	These values will be used by all post-route extraction engines, including TQuantus, IQuantus and Quantus QRC extraction.
	Capacitance filtering mode(extract_rc_cap_filter_mode option of the set_db) is 'relative_and_coupling' for all engines.
	The accuracy mode for post_route extract_rc_effort_level low extraction will be set to 'standard'.
	Default value for EffortLevel(extract_rc_effort_level option of the set_db) in post_route extraction mode is 'low'.
**WARN: (IMPDBTCL-321):	The attribute 'timing_aocv_enable_gba_combine_launch_capture' still works but will be obsolete in a future major release. You should remove it from your script before the next major release to avoid errors.
**WARN: (IMPDBTCL-321):	The attribute 'timing_enable_backward_compatible_latch_thru_mt_mode' still works but will be obsolete in a future major release. You should remove it from your script before the next major release to avoid errors.
**WARN: (IMPDBTCL-321):	The attribute 'timing_enable_separate_device_slew_effect_sensitivities' still works but will be obsolete in a future major release. You should remove it from your script before the next major release to avoid errors.
**WARN: (IMPDBTCL-321):	The attribute 'timing_aocv_enable_gba_combine_launch_capture' still works but will be obsolete in a future major release. You should remove it from your script before the next major release to avoid errors.
**WARN: (IMPDBTCL-321):	The attribute 'timing_aocv_enable_gba_combine_launch_capture' still works but will be obsolete in a future major release. You should remove it from your script before the next major release to avoid errors.
**WARN: (IMPDBTCL-321):	The attribute 'timing_aocv_enable_gba_combine_launch_capture' still works but will be obsolete in a future major release. You should remove it from your script before the next major release to avoid errors.
**WARN: (IMPDBTCL-321):	The attribute 'timing_enable_backward_compatible_latch_thru_mt_mode' still works but will be obsolete in a future major release. You should remove it from your script before the next major release to avoid errors.
**WARN: (IMPDBTCL-321):	The attribute 'timing_enable_backward_compatible_latch_thru_mt_mode' still works but will be obsolete in a future major release. You should remove it from your script before the next major release to avoid errors.
**WARN: (IMPDBTCL-321):	The attribute 'timing_enable_backward_compatible_latch_thru_mt_mode' still works but will be obsolete in a future major release. You should remove it from your script before the next major release to avoid errors.
Loading design 'Core' saved by 'Innovus' '25.11-s102_1' on 'Mon Mar 23 22:28:39 2026'.
Reading tt_v1.8_25C timing library '/nethome/dkhalil8/InnovateECE/PhysicalDesign/RTL2GDS/SiliconJackets/cadence_sky130/sky130_scl_9T_0.0.5/lib/sky130_tt_1.8_25_nldm.lib' ...
Read 109 cells in library 'sky130_tt_1.8_25' 
Reading tt_v1.8_25C timing library '/nethome/dkhalil8/InnovateECE/PhysicalDesign/RTL2GDS/SiliconJackets/sram_sky130/lib/sky130_sram_2kbyte_1rw1r_32x512_8_TT_1p8V_25C.lib' ...
Read 1 cells in library 'sky130_sram_2kbyte_1rw1r_32x512_8_TT_1p8V_25C_lib' 
ff_v1.98_0C tt_v1.8_25C ss_v1.62_125C
Nominal_25C

Loading LEF file /nethome/dkhalil8/InnovateECE/PhysicalDesign/RTL2GDS/design/dbs/cts.enc/libs/lef/sky130_scl_9T.tlef ...

Loading LEF file /nethome/dkhalil8/InnovateECE/PhysicalDesign/RTL2GDS/design/dbs/cts.enc/libs/lef/sky130_scl_9T.lef ...
Set DBUPerIGU to M2 pitch 460.

Loading LEF file /nethome/dkhalil8/InnovateECE/PhysicalDesign/RTL2GDS/design/dbs/cts.enc/libs/lef/sky130_sram_2kbyte_1rw1r_32x512_8.lef ...
**WARN: (IMPLF-200):	Pin 'din0[0]' in macro 'sky130_sram_2kbyte_1rw1r_32x512_8' has no ANTENNAGATEAREA value defined. The library data is incomplete and some process antenna rules will not be checked correctly.
Type 'man IMPLF-200' for more detail.
**WARN: (IMPLF-200):	Pin 'din0[1]' in macro 'sky130_sram_2kbyte_1rw1r_32x512_8' has no ANTENNAGATEAREA value defined. The library data is incomplete and some process antenna rules will not be checked correctly.
Type 'man IMPLF-200' for more detail.
**WARN: (IMPLF-200):	Pin 'din0[2]' in macro 'sky130_sram_2kbyte_1rw1r_32x512_8' has no ANTENNAGATEAREA value defined. The library data is incomplete and some process antenna rules will not be checked correctly.
Type 'man IMPLF-200' for more detail.
**WARN: (IMPLF-200):	Pin 'din0[3]' in macro 'sky130_sram_2kbyte_1rw1r_32x512_8' has no ANTENNAGATEAREA value defined. The library data is incomplete and some process antenna rules will not be checked correctly.
Type 'man IMPLF-200' for more detail.
**WARN: (IMPLF-200):	Pin 'din0[4]' in macro 'sky130_sram_2kbyte_1rw1r_32x512_8' has no ANTENNAGATEAREA value defined. The library data is incomplete and some process antenna rules will not be checked correctly.
Type 'man IMPLF-200' for more detail.
**WARN: (IMPLF-200):	Pin 'din0[5]' in macro 'sky130_sram_2kbyte_1rw1r_32x512_8' has no ANTENNAGATEAREA value defined. The library data is incomplete and some process antenna rules will not be checked correctly.
Type 'man IMPLF-200' for more detail.
**WARN: (IMPLF-200):	Pin 'din0[6]' in macro 'sky130_sram_2kbyte_1rw1r_32x512_8' has no ANTENNAGATEAREA value defined. The library data is incomplete and some process antenna rules will not be checked correctly.
Type 'man IMPLF-200' for more detail.
**WARN: (IMPLF-200):	Pin 'din0[7]' in macro 'sky130_sram_2kbyte_1rw1r_32x512_8' has no ANTENNAGATEAREA value defined. The library data is incomplete and some process antenna rules will not be checked correctly.
Type 'man IMPLF-200' for more detail.
**WARN: (IMPLF-200):	Pin 'din0[8]' in macro 'sky130_sram_2kbyte_1rw1r_32x512_8' has no ANTENNAGATEAREA value defined. The library data is incomplete and some process antenna rules will not be checked correctly.
Type 'man IMPLF-200' for more detail.
**WARN: (IMPLF-200):	Pin 'din0[9]' in macro 'sky130_sram_2kbyte_1rw1r_32x512_8' has no ANTENNAGATEAREA value defined. The library data is incomplete and some process antenna rules will not be checked correctly.
Type 'man IMPLF-200' for more detail.
**WARN: (IMPLF-200):	Pin 'din0[10]' in macro 'sky130_sram_2kbyte_1rw1r_32x512_8' has no ANTENNAGATEAREA value defined. The library data is incomplete and some process antenna rules will not be checked correctly.
Type 'man IMPLF-200' for more detail.
**WARN: (IMPLF-200):	Pin 'din0[11]' in macro 'sky130_sram_2kbyte_1rw1r_32x512_8' has no ANTENNAGATEAREA value defined. The library data is incomplete and some process antenna rules will not be checked correctly.
Type 'man IMPLF-200' for more detail.
**WARN: (IMPLF-200):	Pin 'din0[12]' in macro 'sky130_sram_2kbyte_1rw1r_32x512_8' has no ANTENNAGATEAREA value defined. The library data is incomplete and some process antenna rules will not be checked correctly.
Type 'man IMPLF-200' for more detail.
**WARN: (IMPLF-200):	Pin 'din0[13]' in macro 'sky130_sram_2kbyte_1rw1r_32x512_8' has no ANTENNAGATEAREA value defined. The library data is incomplete and some process antenna rules will not be checked correctly.
Type 'man IMPLF-200' for more detail.
**WARN: (IMPLF-200):	Pin 'din0[14]' in macro 'sky130_sram_2kbyte_1rw1r_32x512_8' has no ANTENNAGATEAREA value defined. The library data is incomplete and some process antenna rules will not be checked correctly.
Type 'man IMPLF-200' for more detail.
**WARN: (IMPLF-200):	Pin 'din0[15]' in macro 'sky130_sram_2kbyte_1rw1r_32x512_8' has no ANTENNAGATEAREA value defined. The library data is incomplete and some process antenna rules will not be checked correctly.
Type 'man IMPLF-200' for more detail.
**WARN: (IMPLF-200):	Pin 'din0[16]' in macro 'sky130_sram_2kbyte_1rw1r_32x512_8' has no ANTENNAGATEAREA value defined. The library data is incomplete and some process antenna rules will not be checked correctly.
Type 'man IMPLF-200' for more detail.
**WARN: (IMPLF-200):	Pin 'din0[17]' in macro 'sky130_sram_2kbyte_1rw1r_32x512_8' has no ANTENNAGATEAREA value defined. The library data is incomplete and some process antenna rules will not be checked correctly.
Type 'man IMPLF-200' for more detail.
**WARN: (IMPLF-200):	Pin 'din0[18]' in macro 'sky130_sram_2kbyte_1rw1r_32x512_8' has no ANTENNAGATEAREA value defined. The library data is incomplete and some process antenna rules will not be checked correctly.
Type 'man IMPLF-200' for more detail.
**WARN: (IMPLF-200):	Pin 'din0[19]' in macro 'sky130_sram_2kbyte_1rw1r_32x512_8' has no ANTENNAGATEAREA value defined. The library data is incomplete and some process antenna rules will not be checked correctly.
Type 'man IMPLF-200' for more detail.
**WARN: (EMS-27):	Message (IMPLF-200) has exceeded the current message display limit of 20.
To increase the message display limit, refer to the product command reference manual.
**WARN: (IMPLF-201):	Pin 'dout0[0]' in macro 'sky130_sram_2kbyte_1rw1r_32x512_8' has no ANTENNADIFFAREA value defined. The library data is incomplete and some process antenna rules will not be checked correctly.
Type 'man IMPLF-201' for more detail.
**WARN: (IMPLF-201):	Pin 'dout0[1]' in macro 'sky130_sram_2kbyte_1rw1r_32x512_8' has no ANTENNADIFFAREA value defined. The library data is incomplete and some process antenna rules will not be checked correctly.
Type 'man IMPLF-201' for more detail.
**WARN: (IMPLF-201):	Pin 'dout0[2]' in macro 'sky130_sram_2kbyte_1rw1r_32x512_8' has no ANTENNADIFFAREA value defined. The library data is incomplete and some process antenna rules will not be checked correctly.
Type 'man IMPLF-201' for more detail.
**WARN: (IMPLF-201):	Pin 'dout0[3]' in macro 'sky130_sram_2kbyte_1rw1r_32x512_8' has no ANTENNADIFFAREA value defined. The library data is incomplete and some process antenna rules will not be checked correctly.
Type 'man IMPLF-201' for more detail.
**WARN: (IMPLF-201):	Pin 'dout0[4]' in macro 'sky130_sram_2kbyte_1rw1r_32x512_8' has no ANTENNADIFFAREA value defined. The library data is incomplete and some process antenna rules will not be checked correctly.
Type 'man IMPLF-201' for more detail.
**WARN: (IMPLF-201):	Pin 'dout0[5]' in macro 'sky130_sram_2kbyte_1rw1r_32x512_8' has no ANTENNADIFFAREA value defined. The library data is incomplete and some process antenna rules will not be checked correctly.
Type 'man IMPLF-201' for more detail.
**WARN: (IMPLF-201):	Pin 'dout0[6]' in macro 'sky130_sram_2kbyte_1rw1r_32x512_8' has no ANTENNADIFFAREA value defined. The library data is incomplete and some process antenna rules will not be checked correctly.
Type 'man IMPLF-201' for more detail.
**WARN: (IMPLF-201):	Pin 'dout0[7]' in macro 'sky130_sram_2kbyte_1rw1r_32x512_8' has no ANTENNADIFFAREA value defined. The library data is incomplete and some process antenna rules will not be checked correctly.
Type 'man IMPLF-201' for more detail.
**WARN: (IMPLF-201):	Pin 'dout0[8]' in macro 'sky130_sram_2kbyte_1rw1r_32x512_8' has no ANTENNADIFFAREA value defined. The library data is incomplete and some process antenna rules will not be checked correctly.
Type 'man IMPLF-201' for more detail.
**WARN: (IMPLF-201):	Pin 'dout0[9]' in macro 'sky130_sram_2kbyte_1rw1r_32x512_8' has no ANTENNADIFFAREA value defined. The library data is incomplete and some process antenna rules will not be checked correctly.
Type 'man IMPLF-201' for more detail.
**WARN: (IMPLF-201):	Pin 'dout0[10]' in macro 'sky130_sram_2kbyte_1rw1r_32x512_8' has no ANTENNADIFFAREA value defined. The library data is incomplete and some process antenna rules will not be checked correctly.
Type 'man IMPLF-201' for more detail.
**WARN: (IMPLF-201):	Pin 'dout0[11]' in macro 'sky130_sram_2kbyte_1rw1r_32x512_8' has no ANTENNADIFFAREA value defined. The library data is incomplete and some process antenna rules will not be checked correctly.
Type 'man IMPLF-201' for more detail.
**WARN: (IMPLF-201):	Pin 'dout0[12]' in macro 'sky130_sram_2kbyte_1rw1r_32x512_8' has no ANTENNADIFFAREA value defined. The library data is incomplete and some process antenna rules will not be checked correctly.
Type 'man IMPLF-201' for more detail.
**WARN: (IMPLF-201):	Pin 'dout0[13]' in macro 'sky130_sram_2kbyte_1rw1r_32x512_8' has no ANTENNADIFFAREA value defined. The library data is incomplete and some process antenna rules will not be checked correctly.
Type 'man IMPLF-201' for more detail.
**WARN: (IMPLF-201):	Pin 'dout0[14]' in macro 'sky130_sram_2kbyte_1rw1r_32x512_8' has no ANTENNADIFFAREA value defined. The library data is incomplete and some process antenna rules will not be checked correctly.
Type 'man IMPLF-201' for more detail.
**WARN: (IMPLF-201):	Pin 'dout0[15]' in macro 'sky130_sram_2kbyte_1rw1r_32x512_8' has no ANTENNADIFFAREA value defined. The library data is incomplete and some process antenna rules will not be checked correctly.
Type 'man IMPLF-201' for more detail.
**WARN: (IMPLF-201):	Pin 'dout0[16]' in macro 'sky130_sram_2kbyte_1rw1r_32x512_8' has no ANTENNADIFFAREA value defined. The library data is incomplete and some process antenna rules will not be checked correctly.
Type 'man IMPLF-201' for more detail.
**WARN: (IMPLF-201):	Pin 'dout0[17]' in macro 'sky130_sram_2kbyte_1rw1r_32x512_8' has no ANTENNADIFFAREA value defined. The library data is incomplete and some process antenna rules will not be checked correctly.
Type 'man IMPLF-201' for more detail.
**WARN: (IMPLF-201):	Pin 'dout0[18]' in macro 'sky130_sram_2kbyte_1rw1r_32x512_8' has no ANTENNADIFFAREA value defined. The library data is incomplete and some process antenna rules will not be checked correctly.
Type 'man IMPLF-201' for more detail.
**WARN: (IMPLF-201):	Pin 'dout0[19]' in macro 'sky130_sram_2kbyte_1rw1r_32x512_8' has no ANTENNADIFFAREA value defined. The library data is incomplete and some process antenna rules will not be checked correctly.
Type 'man IMPLF-201' for more detail.
**WARN: (EMS-27):	Message (IMPLF-201) has exceeded the current message display limit of 20.
To increase the message display limit, refer to the product command reference manual.

##  Check design process and node:  
##  Design tech node is not set.

Loading view definition file from /nethome/dkhalil8/InnovateECE/PhysicalDesign/RTL2GDS/design/dbs/cts.enc/viewDefinition.tcl
% Begin Load netlist data ... (date=03/23 22:30:13, mem=2123.2M)
*** Begin netlist parsing (mem=2123.2M) ***
Created 110 new cells from 2 timing libraries.
Reading netlist ...
Backslashed names will retain backslash and a trailing blank character.
Reading verilogBinary netlist '/nethome/dkhalil8/InnovateECE/PhysicalDesign/RTL2GDS/design/dbs/cts.enc/Core.v.bin'

*** Memory Usage v#1 (Current mem = 2136.172M, initial mem = 975.266M) ***
*** End netlist parsing (cpu=0:00:00.0, real=0:00:00.0, mem=2136.2M) ***
% End Load netlist data ... (date=03/23 22:30:13, total cpu=0:00:00.1, real=0:00:00.0, peak res=2132.1M, current mem=2132.1M)
Top level cell is Core.
Hooked 110 DB cells to tlib cells.
Starting recursive module instantiation check.
No recursion found.
Building hierarchical netlist for Cell Core ...
***** UseNewTieNetMode *****.
*** Netlist is unique.
** info: there are 119 modules.
** info: there are 8296 stdCell insts.
** info: there are 8296 stdCell insts with at least one signal pin.
** info: there are 2 macros.
** info: there are 8294 multi-height stdCell insts (71 stdCells)

*** Memory Usage v#1 (Current mem = 2167.008M, initial mem = 975.266M) ***
*info: set bottom ioPad orient R0
**WARN: (IMPFP-3961):	The techSite 'CornerSite' has no related standard cells in the LEF/OA library. The calculations for this site type cannot be made unless standard cell models of this type exist in the LEF/OA library. Ignore this warning if the SITE is not used by the library. Alternatively, remove the SITE definition for the LEF/OA library to avoid this message.
Type 'man IMPFP-3961' for more detail.
**WARN: (IMPFP-3961):	The techSite 'IOSite' has no related standard cells in the LEF/OA library. The calculations for this site type cannot be made unless standard cell models of this type exist in the LEF/OA library. Ignore this warning if the SITE is not used by the library. Alternatively, remove the SITE definition for the LEF/OA library to avoid this message.
Type 'man IMPFP-3961' for more detail.
Start create_tracks
Generated pitch 3.66 in met5 is different from 3.22 defined in technology file in preferred direction.
Generated pitch 0.615 in met4 is different from 0.69 defined in technology file in preferred direction.
Generated pitch 0.61 in met3 is different from 0.69 defined in technology file in preferred direction.
Loading preference file /nethome/dkhalil8/InnovateECE/PhysicalDesign/RTL2GDS/design/dbs/cts.enc/gui.pref.tcl ...
**WARN: (IMPDB-6501):	"set_db design_process_node" will be obsoleted in future release. Remove it from the script to avoid the interruption of running the script in future.
##  Process: 130           (User Set)               
##     Node: (not set)                           

##  Check design process and node:  
##  Design tech node is not set.

Applying the recommended capacitance filtering threshold values for 130nm process node: total_c_th=0, relative_c_th=1 and coupling_c_th=0.4.
	These values will be used by all post-route extraction engines, including TQuantus, IQuantus and Quantus QRC extraction.
	Capacitance filtering mode(extract_rc_cap_filter_mode option of the set_db) is 'relative_and_coupling' for all engines.
	The accuracy mode for post_route extract_rc_effort_level low extraction will be set to 'standard'.
	Default value for EffortLevel(extract_rc_effort_level option of the set_db) in post_route extraction mode is 'low'.
Effort level <high> specified for tdgp_reg2reg_default path_group
Slack adjustment of -0 applied on tdgp_reg2reg_default path_group
Change floorplan default-technical-site to 'CoreSite'.
*Info: initialize multi-corner CTS.
Total number of combinational cells: 87
Total number of sequential cells: 19
Total number of tristate cells: 3
Total number of level shifter cells: 0
Total number of power gating cells: 0
Total number of isolation cells: 0
Total number of power switch cells: 0
Total number of pulse generator cells: 0
Total number of always on buffers: 0
Total number of retention cells: 0
Total number of physical cells: 0
List of usable buffers: CLKBUFX2 BUFX2 CLKBUFX4 BUFX4 CLKBUFX8 BUFX8 BUFX16
Total number of usable buffers: 7
List of unusable buffers:
Total number of unusable buffers: 0
List of usable inverters: INVX2 INVX1 CLKINVX2 CLKINVX1 INVX4 CLKINVX4 INVX8 CLKINVX8 INVX16
Total number of usable inverters: 9
List of unusable inverters:
Total number of unusable inverters: 0
List of identified usable delay cells: DLY1X1 DLY1X4 DLY2X4 DLY4X4
Total number of identified usable delay cells: 4
List of identified unusable delay cells:
Total number of identified unusable delay cells: 0
Reading floorplan file - /nethome/dkhalil8/InnovateECE/PhysicalDesign/RTL2GDS/design/dbs/cts.enc/Core.fp.gz (mem = 2475.3M).
% Begin Load floorplan data ... (date=03/23 22:30:15, mem=2475.8M)
*info: reset 10009 existing net BottomPreferredLayer and AvoidDetour
Deleting old partition specification.
Set FPlanBox to (0 0 956800 1053400)
**WARN: (IMPFP-3961):	The techSite 'CornerSite' has no related standard cells in the LEF/OA library. The calculations for this site type cannot be made unless standard cell models of this type exist in the LEF/OA library. Ignore this warning if the SITE is not used by the library. Alternatively, remove the SITE definition for the LEF/OA library to avoid this message.
Type 'man IMPFP-3961' for more detail.
**WARN: (IMPFP-3961):	The techSite 'IOSite' has no related standard cells in the LEF/OA library. The calculations for this site type cannot be made unless standard cell models of this type exist in the LEF/OA library. Ignore this warning if the SITE is not used by the library. Alternatively, remove the SITE definition for the LEF/OA library to avoid this message.
Type 'man IMPFP-3961' for more detail.
 ... processed partition successfully.
Reading binary special route file /nethome/dkhalil8/InnovateECE/PhysicalDesign/RTL2GDS/design/dbs/cts.enc/Core.fp.spr.gz (Created by Innovus v25.11-s102_1 on Mon Mar 23 22:28:36 2026, version: 1)
Ending "Read special route file" (total cpu=0:00:00.0, real=0:00:00.0, peak res=2477.5M, current mem=2477.5M)
There are 42 nets with weight being set
There are 42 nets with bottomPreferredRoutingLayer being set
There are 42 nets with avoidDetour being set
Extracting standard cell pins and blockage ...... 
Pin and blockage extraction finished
Delete all existing relative floorplan constraints.
% End Load floorplan data ... (date=03/23 22:30:15, total cpu=0:00:00.1, real=0:00:00.0, peak res=2478.2M, current mem=2478.2M)
Reading congestion map file /nethome/dkhalil8/InnovateECE/PhysicalDesign/RTL2GDS/design/dbs/cts.enc/Core.route.congmap.gz ...
% Begin Load SymbolTable ... (date=03/23 22:30:15, mem=2478.2M)
Suppress "**WARN ..." messages.
Un-suppress "**WARN ..." messages.
% End Load SymbolTable ... (date=03/23 22:30:16, total cpu=0:00:00.1, real=0:00:01.0, peak res=2481.2M, current mem=2481.1M)
Loading place ...
% Begin Load placement data ... (date=03/23 22:30:16, mem=2481.1M)
Reading placement file - /nethome/dkhalil8/InnovateECE/PhysicalDesign/RTL2GDS/design/dbs/cts.enc/Core.place.gz.
** Reading stdCellPlacement_binary (Created by Innovus v25.11-s102_1 on Mon Mar 23 22:28:37 2026, version# 2) ...
Read Views for adaptive view pruning ...
Read 0 views from Binary DB for adaptive view pruning
*** Completed restorePlace (cpu=0:00:00.0 real=0:00:00.0 mem=2481.9M) ***
Total net length = 4.331e+05 (2.121e+05 2.209e+05) (ext = 2.883e+03)
% End Load placement data ... (date=03/23 22:30:16, total cpu=0:00:00.1, real=0:00:00.0, peak res=2482.1M, current mem=2481.8M)
Reading PG file /nethome/dkhalil8/InnovateECE/PhysicalDesign/RTL2GDS/design/dbs/cts.enc/Core.pg.gz, version#2, (Created by Innovus v25.11-s102_1 on       Mon Mar 23 22:28:36 2026)
*** Completed restorePGFile (cpu=0:00:00.0 real=0:00:00.0 mem=2481.8M) ***
% Begin Load routing data ... (date=03/23 22:30:16, mem=2481.8M)
Reading routing file - /nethome/dkhalil8/InnovateECE/PhysicalDesign/RTL2GDS/design/dbs/cts.enc/Core.route.gz.
Reading Innovus routing data (Created by Innovus v25.11-s102_1 on Mon Mar 23 22:28:37 2026 Format: 23.1) ...
*** Total 9943 nets are successfully restored.
*** Completed restoreRoute (cpu=0:00:00.1 real=0:00:00.0 mem=2484.4M) ***
% End Load routing data ... (date=03/23 22:30:16, total cpu=0:00:00.2, real=0:00:00.0, peak res=2484.5M, current mem=2483.5M)
TAT_INFO: ::restoreCongMap REAL = 1 : CPU = 0 : MEM = 0.
Reading property file /nethome/dkhalil8/InnovateECE/PhysicalDesign/RTL2GDS/design/dbs/cts.enc/Core.prop
*** Completed restoreProperty (cpu=0:00:00.1 real=0:00:00.0 mem=2486.9M) ***
Reading dirtyarea snapshot file /nethome/dkhalil8/InnovateECE/PhysicalDesign/RTL2GDS/design/dbs/cts.enc/Core.db.da.gz (Create by Innovus v25.11-s102_1 on Mon Mar 23 22:28:37 2026, version: 8).
ff_v1.98_0C_Nominal_25 tt_v1.8_25C_Nominal_25 ss_v1.62_125C_Nominal_25
Change floorplan default-technical-site to 'CoreSite'.
Loading preRoute extraction data from directory '/nethome/dkhalil8/InnovateECE/PhysicalDesign/RTL2GDS/design/dbs/cts.enc/extraction/' ...
Extraction setup Started for TopCell Core 
Initializing multi-corner RC extraction with 1 active RC Corners ...
Captable file(s) not specified in multi-corner setup. PreRoute extraction will use technology file. For post_route extraction, default value for effort level would be 'medium' and effort level 'low' would not be allowed.
Generating auto layer map file.
Loading preRoute extracted patterns from file '/nethome/dkhalil8/InnovateECE/PhysicalDesign/RTL2GDS/design/dbs/cts.enc/Core.techData.gz' ...
Completed (cpu: 0:00:00.3 real: 0:00:00.0)
Set Shrink Factor to 1.00000
Summary of Active RC-Corners : 
 
 Analysis View: tt_v1.8_25C_Nominal_25_func
    RC-Corner Name        : Nominal_25C
    RC-Corner Index       : 0
    RC-Corner Temperature : 25 Celsius
    RC-Corner Cap Table   : ''
    RC-Corner PreRoute Res Factor         : 1
    RC-Corner PreRoute Cap Factor         : 1
    RC-Corner PostRoute Res Factor        : 1 {1 1 1}
    RC-Corner PostRoute Cap Factor        : 1 {1 1 1}
    RC-Corner PostRoute XCap Factor       : 1 {1 1 1}
    RC-Corner PreRoute Clock Res Factor   : 1	[Derived from postRoute_res (effortLevel low)]
    RC-Corner PreRoute Clock Cap Factor   : 1	[Derived from postRoute_cap (effortLevel low)]
    RC-Corner PostRoute Clock Cap Factor  : 1 {1 1 1} 
    RC-Corner PostRoute Clock Res Factor  : 1 {1 1 1} 
    RC-Corner PostRoute Clock coupling capacitance Factor : 1 {1 1 1} 
    RC-Corner Technology file: '/nethome/dkhalil8/InnovateECE/PhysicalDesign/RTL2GDS/design/dbs/cts.enc/libs/mmmc/Nominal_25C/qrcTechFile'
Restored Grid density data
Initializing multi-corner resistance tables ...
Default value for post_route extraction mode's extract_rc_effort_level (extract_rc_effort_level option of set_db) changed to 'medium'.
Start generating vias ..
#Skip building auto via since it is not turned on.
Extracting standard cell pins and blockage ...... 
Pin and blockage extraction finished
Via generation completed.
% Begin Load power constraints ... (date=03/23 22:30:18, mem=2512.8M)
source /nethome/dkhalil8/InnovateECE/PhysicalDesign/RTL2GDS/design/dbs/cts.enc/Core_power_constraints.tcl
'set_default_switching_activity' finished successfully.
% End Load power constraints ... (date=03/23 22:30:18, total cpu=0:00:00.1, real=0:00:00.0, peak res=2535.9M, current mem=2535.9M)
ff_v1.98_0C_Nominal_25 tt_v1.8_25C_Nominal_25 ss_v1.62_125C_Nominal_25
% Begin load AAE data ... (date=03/23 22:30:18, mem=2555.0M)
**WARN: (IMPESI-3505):	set_db delaycal_eng_enablePrePlacedFlow false (default=false) will be obsoleted along with its sgs2set equivalent.  This parameter will continue to be supported in the current release, but will be removed in the next major release of the software.
AAE DB initialization (MEM=2579.144531 CPU=0:00:00.0 REAL=0:00:00.0) 
% End load AAE data ... (date=03/23 22:30:19, total cpu=0:00:00.8, real=0:00:01.0, peak res=2581.5M, current mem=2581.5M)
Restoring CCOpt config...
  Extracting original clock gating for core_clock...
    clock_tree core_clock contains 1447 sinks and 0 clock gates.
  Extracting original clock gating for core_clock done.
  The skew group core_clock/func was created. It contains 1447 sinks and 1 sources.
  The skew group core_clock/func was created. It contains 1447 sinks and 1 sources.
Restoring CCOpt config done.
Total number of combinational cells: 87
Total number of sequential cells: 19
Total number of tristate cells: 3
Total number of level shifter cells: 0
Total number of power gating cells: 0
Total number of isolation cells: 0
Total number of power switch cells: 0
Total number of pulse generator cells: 0
Total number of always on buffers: 0
Total number of retention cells: 0
Total number of physical cells: 0
List of usable buffers: CLKBUFX2 BUFX2 CLKBUFX4 BUFX4 CLKBUFX8 BUFX8 BUFX16
Total number of usable buffers: 7
List of unusable buffers:
Total number of unusable buffers: 0
List of usable inverters: INVX2 INVX1 CLKINVX2 CLKINVX1 INVX4 CLKINVX4 INVX8 CLKINVX8 INVX16
Total number of usable inverters: 9
List of unusable inverters:
Total number of unusable inverters: 0
List of identified usable delay cells: DLY1X1 DLY1X4 DLY2X4 DLY4X4
Total number of identified usable delay cells: 4
List of identified unusable delay cells:
Total number of identified unusable delay cells: 0
**WARN: (IMPCTE-107):	The following globals have been obsoleted since version (null). They will be removed in the next release. 
timing_aocv_enable_gba_combine_launch_capture
timing_enable_backward_compatible_latch_thru_mt_mode
timing_enable_separate_device_slew_effect_sensitivities
#% End load design ... (date=03/23 22:30:19, total cpu=0:00:07.5, real=0:00:09.0, peak res=2587.4M, current mem=2584.8M)

*** Summary of all messages that are not suppressed in this session:
Severity  ID               Count  Summary                                  
WARNING   IMPLF-200           60  Pin '%s' in macro '%s' has no ANTENNAGAT...
WARNING   IMPLF-201           64  Pin '%s' in macro '%s' has no ANTENNADIF...
WARNING   IMPFP-3961           4  The techSite '%s' has no related standar...
WARNING   IMPDBTCL-321        15  The attribute '%s' still works but will ...
WARNING   IMPDB-6501           2  "set_db design_process_node" will be obs...
WARNING   IMPESI-3505          1  set_db delaycal_eng_%s (default=%s) will...
WARNING   IMPCTE-107           1  The following globals have been obsolete...
*** Message Summary: 147 warning(s), 0 error(s)

UM:   flow.cputime  flow.realtime  timing.setup.tns  timing.setup.wns  snapshot
UM:*                                                                   read_db
Sourcing flow scripts...
Sourcing flow scripts done.
reading previous metrics...
Begin steps for plugin point Cadence.plugin.flowkit.read_db.post
#@ Begin verbose flow_step activate_views
@flow 2: apply {{} {
    set db [get_db flow_starting_db]
    set flow [lindex [get_db flow_hier_path] end]
    set setup_views [get_feature -obj $flow setup_views]
    set hold_views [get_feature -obj $flow hold_views]
    set leakage_view [get_feature -obj $flow leakage_view]
    set dynamic_view [get_feature -obj $flow dynamic_view]
  
    if {($setup_views ne "") || ($hold_views ne "") || ($leakage_view ne "") || ($dynamic_view ne "")} {
      #- use read_db args for DB types and set_analysis_views for TCL
      if {([llength [get_db analysis_views]]) > 0 &&  ([lindex $db 0] eq {tcl} || [lindex $db 0] in {enc cdb} && [file isfile [lindex $db 1]])} {
        set cmd "set_analysis_view"
        if {$setup_views ne ""} {
          append cmd " -setup [list $setup_views]"
        } else {
          append cmd " -setup [list [get_db [get_db analysis_views -if .is_setup] .name]]"
        }
        if {$hold_views ne ""} {
          append cmd " -hold [list $hold_views]"
        } else {
          append cmd " -hold [list [get_db [get_db analysis_views -if .is_hold] .name]]"
        }
        if {$leakage_view ne ""} {
          append cmd " -leakage [list $leakage_view]"
        } else {
          if {[llength [get_db analysis_views -if .is_leakage]] > 0} {
            append cmd " -leakage [list [get_db [get_db analysis_views -if .is_leakage] .name]]"
          }
        }
        if {$dynamic_view ne ""} {
          append cmd " -dynamic [list $dynamic_view]"
        } else {
          if {[llength [get_db analysis_views -if .is_dynamic]] > 0} {
            append cmd " -dynamic [list [get_db [get_db analysis_views -if .is_dynamic] .name]]"
          }
        }
        eval $cmd
      } elseif {[llength [get_db analysis_views]] == 0} {
        set cmd "set_flowkit_read_db_args"
        if {$setup_views ne ""} {
          append cmd " -setup_views [list $setup_views]"
        }
        if {$hold_views ne ""} {
          append cmd " -hold_views [list $hold_views]"
        }
        if {$leakage_view ne ""} {
          append cmd " -leakage_view [list $leakage_view]"
        }
        if {$dynamic_view ne ""} {
          append cmd " -dynamic_view [list $dynamic_view]"
        }
        eval $cmd
      } else {
      }
    }
  }}
#@ End verbose flow_step activate_views
#@ Begin verbose flow_step init_mcpu
@flow 2: apply {{} {
    # Multi host/cpu attributes
    #-----------------------------------------------------------------------------
    # The FLOWTOOL_NUM_CPUS is an environment variable which should be exported by
    # the specified dist script.  This connects the number of CPUs being reserved
    # for batch jobs with the current flow scripts.  The LSB_MAX_NUM_PROCESSORS is
    # a typical environment variable exported by distribution platforms and is
    # useful for ensuring all interactive jobs are using the reserved amount of CPUs.
    if {[info exists ::env(FLOWTOOL_NUM_CPUS)]} {
      set max_cpus $::env(FLOWTOOL_NUM_CPUS)
    } elseif {[info exists ::env(LSB_MAX_NUM_PROCESSORS)]} {
      set max_cpus $::env(LSB_MAX_NUM_PROCESSORS)
    } else {
      set max_cpus 1
    }
    switch -glob [get_db program_short_name] {
      default       {}
      joules*       -
      genus*        -
      innovus*      -
      tempus*       -
      voltus*       { set_multi_cpu_usage -verbose -local_cpu $max_cpus }
    }
if {[get_feature opt_signoff]} {
      if {[is_flow -inside flow:opt_signoff]} {
        set_multi_cpu_usage -verbose -remote_host 1
        set_multi_cpu_usage -verbose -cpu_per_remote_host 16
        set_distributed_hosts -local
      }
}
  }}
set_multi_cpu_usage -local_cpu 1
#@ End verbose flow_step init_mcpu
End steps for plugin point Cadence.plugin.flowkit.read_db.post
      flow.cputime  flow.realtime  timing.setup.tns  timing.setup.wns  snapshot
UM:*                                                                   init_flow
      flow.cputime  flow.realtime  timing.setup.tns  timing.setup.wns  snapshot
UM:*                                                                   postcts
#@ Begin verbose flow_step implementation.postcts.block_start
@@flow 2: set_db flow_write_db_common false
#@ End verbose flow_step implementation.postcts.block_start
      flow.cputime  flow.realtime  timing.setup.tns  timing.setup.wns  snapshot
UM:          47.01             54                                      block_start
#@ Begin verbose flow_step implementation.postcts.init_innovus.init_innovus_yaml
@flow 2: if {[get_feature report_lec]} {...}
@flow 8: # Design attributes  [get_db -category design]
@flow 9: #-------------------------------------------------------------------------------
@@flow 10: set_db design_process_node 130
**WARN: (IMPDB-6501):	"set_db design_process_node" will be obsoleted in future release. Remove it from the script to avoid the interruption of running the script in future.
##  Process: 130           (User Set)               
##     Node: (not set)                           

##  Check design process and node:  
##  Design tech node is not set.

Applying the recommended capacitance filtering threshold values for 130nm process node: total_c_th=0, relative_c_th=1 and coupling_c_th=0.4.
	These values will be used by all post-route extraction engines, including TQuantus, IQuantus and Quantus QRC extraction.
	Capacitance filtering mode(extract_rc_cap_filter_mode option of the set_db) is 'relative_and_coupling' for all engines.
	The accuracy mode for post_route extract_rc_effort_level low extraction will be set to 'standard'.
	Default value for EffortLevel(extract_rc_effort_level option of the set_db) in post_route extraction mode is 'low'.
@@flow 11: set_db design_top_routing_layer met5
@@flow 12: set_db design_bottom_routing_layer met1
@@flow 13: set_db design_flow_effort standard
@@flow 14: set_db design_power_effort high
@flow 16: # Timing attributes  [get_db -category timing && delaycalc]
@flow 17: #-------------------------------------------------------------------------------
@@flow 18: set_db timing_analysis_cppr           both
@@flow 19: set_db timing_analysis_type           ocv
@@flow 20: set_db timing_analysis_aocv 0
@@flow 21: set_db timing_analysis_socv 0
@flow 22: if {[get_feature report_pba]} {...}
@flow 26: # Extraction attributes  [get_db -category extract_rc]
@flow 27: #-------------------------------------------------------------------------------
@flow 28: if {[is_flow -after route.block_finish]} {...}
@flow 33: # Tieoff attributes  [get_db -category add_tieoffs]
@flow 34: #-------------------------------------------------------------------------------
@@flow 35: set_db add_tieoffs_cells {TIEHI TIELO}
@flow 37: # Optimization attributes  [get_db -category opt]
@flow 38: #-------------------------------------------------------------------------------
@@flow 39: set_db opt_new_inst_prefix            "[get_db flow_report_name]_"
@@flow 40: set_db opt_leakage_to_dynamic_ratio 0.5
@flow 42: # Clock attributes  [get_db -category cts]
@flow 43: #-------------------------------------------------------------------------------
@@flow 44: set_db cts_target_skew auto
@@flow 45: set_db cts_target_max_transition_time_top 100
@@flow 46: set_db cts_target_max_transition_time_trunk 100
@@flow 47: set_db cts_target_max_transition_time_leaf 100
@@flow 49: set_db cts_buffer_cells {CLKBUFX2 CLKBUFX4 CLKBUFX8}
@@flow 50: set_db cts_inverter_cells {CLKINVX1 CLKINVX2 CLKINVX4 CLKINVX8}
@@flow 51: set_db cts_clock_gating_cells ICGX1
@@flow 52: set_db cts_logic_cells {CLKAND2X2 CLKXOR2X1 CLKMX2X2 CLKINVX1 CLKINVX2 CLKINVX4 CLKINVX8}
@flow 54: # Filler attributes  [get_db -category add_fillers]
@flow 55: #-------------------------------------------------------------------------------
@@flow 56: set_db add_fillers_cells {FILL1 FILL2 FILL4 FILL8 FILL16 FILL32 FILL64}
@flow 58: # Routing attributes  [get_db -category route]
@flow 59: #-------------------------------------------------------------------------------
#@ End verbose flow_step implementation.postcts.init_innovus.init_innovus_yaml
      flow.cputime  flow.realtime  timing.setup.tns  timing.setup.wns  snapshot
UM:           5.35              5                                      init_innovus_yaml
      flow.cputime  flow.realtime  timing.setup.tns  timing.setup.wns  snapshot
UM:*                                                                   init_innovus
#@ Begin verbose flow_step implementation.postcts.init_innovus.init_innovus_user
@flow 2: # Timing attributes  [get_db -category timing && delaycalc]
@flow 3: #-----------------------------------------------------------------------------
@flow 5: # Extraction attributes  [get_db -category extract_rc]
@flow 6: #-----------------------------------------------------------------------------
@flow 8: # Floorplan attributes  [get_db -category floorplan]
@flow 9: #-----------------------------------------------------------------------------
@@flow 10: set_db finish_floorplan_active_objs   [list macro soft_blockage core]
@flow 12: # Placement attributes  [get_db -category place]
@flow 13: #-----------------------------------------------------------------------------
@flow 15: # Optimization attributes  [get_db -category opt]
@flow 16: #-----------------------------------------------------------------------------
@flow 18: # hold target slack of 50ps for optimization
@@flow 19: set_db opt_hold_target_slack 0.050
@flow 21: # setup target slack of 200ps for optimization
@@flow 22: set_db opt_setup_target_slack 0.2
@flow 24: # Clock attributes  [get_db -category cts]
@flow 25: #-----------------------------------------------------------------------------
@flow 27: # Routing attributes  [get_db -category route]
@flow 28: #-----------------------------------------------------------------------------
#@ End verbose flow_step implementation.postcts.init_innovus.init_innovus_user
      flow.cputime  flow.realtime  timing.setup.tns  timing.setup.wns  snapshot
UM:           4.53              4                                      init_innovus_user
#@ Begin verbose flow_step implementation.postcts.run_opt_postcts_hold
@flow 2: #- perform postcts hold optimization
@@flow 3: opt_design -post_cts -hold -report_dir debug -report_prefix [get_db flow_report_name]
**opt_design ... cpu = 0:00:00, real = 0:00:00, mem = 2632.8M, totSessionCpu=0:01:02 **
*** opt_design #1 [begin] () : totSession cpu/real = 0:01:01.7/0:01:06.4 (0.9), mem = 2632.9M
GigaOpt running with 1 threads.
*** InitOpt #1 [begin] (opt_design #1) : totSession cpu/real = 0:01:01.7/0:01:06.4 (0.9), mem = 2633.0M
**INFO: User settings:
delaycal_enable_high_fanout                                    true
delaycal_enable_ideal_seq_async_pins                           false
delaycal_eng_enablepreplacedflow                               false
delaycal_ignore_net_load                                       false
delaycal_socv_accuracy_mode                                    low
setAnalysisMode -monteCarlo                                    false
setDelayCalMode -enable_hier_save_restore_flow                 false
setDelayCalMode -engine                                        aae
design_bottom_routing_layer                                    met1
design_flow_effort                                             standard
design_power_effort                                            high
design_process_node                                            130
design_propagate_activity                                      true
design_top_routing_layer                                       met5
extract_rc_assume_metal_fill                                   0.0
extract_rc_coupling_cap_threshold                              0.4
extract_rc_engine                                              pre_route
extract_rc_pre_place_site_size                                 4.6
extract_rc_pre_place_wire_length_slope                         1.9
extract_rc_pre_place_wire_length_y0                            2.0
extract_rc_relative_cap_threshold                              1.0
extract_rc_shrink_factor                                       1.0
extract_rc_total_cap_threshold                                 0.0
multibit_aware_seq_mapping                                     auto
opt_drv                                                        true
opt_drv_margin                                                 0.0
opt_hold_target_slack                                          0.05
opt_leakage_to_dynamic_ratio                                   0.5
opt_multi_bit_flop_name_prefix                                 CDN_MBIT_
opt_multi_bit_flop_name_separator                              _MB_
opt_new_inst_prefix                                            postcts_
opt_preserve_all_sequential                                    false
opt_resize_flip_flops                                          true
opt_setup_target_slack                                         0.2
opt_skew_eco_route                                             false
opt_view_pruning_setup_views_active_list                       { tt_v1.8_25C_Nominal_25_func }
opt_view_pruning_setup_views_persistent_list                   { tt_v1.8_25C_Nominal_25_func}
opt_view_pruning_tdgr_setup_views_persistent_list              { tt_v1.8_25C_Nominal_25_func}
route_early_global_exp_do_not_invalidate_rc_grid               false
setActiveLogicViewMode -keepHighFanoutCriticalInsts            false
getAnalysisMode -monteCarlo                                    false
getDelayCalMode -enable_hier_save_restore_flow                 false
getDelayCalMode -engine                                        aae
getImportMode -config                                          true
get_power_analysis_mode -honor_net_activity_for_tcf            false
get_power_analysis_mode -honor_sublevel_activity               true
getAnalysisMode -monteCarlo                                    false
**INFO: set_db design_flow_effort standard -> setting 'set_db opt_all_end_points true' for the duration of this command.
Need call spDPlaceInit before registerPrioInstLoc.

**INFO: Power effort not set by setOptMode, so setting 'setOptMode -opt_power_effort high', as set by setDesignMode
**WARN: (IMPSP-362):	Site 'CoreSite' has one std.Cell height, so ignoring its X-symmetry.
Type 'man IMPSP-362' for more detail.
	CornerforLayerOpt timing analysis view tt_v1.8_25C_Nominal_25_func has been selected for calibration 
	CornerforLayerOpt timing analysis view tt_v1.8_25C_Nominal_25_func has been selected for calibration 
#################################################################################
# Design Stage: PreRoute
# Design Name: Core
# Design Mode: 130nm
# Analysis Mode: MMMC OCV 
# Parasitics Mode: No SPEF/RCDB 
# Signoff Settings: SI Off 
#################################################################################
core_clock(100MHz) CK: assigning clock core_clock to net clock

Starting Levelizing
2026-Mar-23 22:30:42 (2026-Mar-24 02:30:42 GMT)
2026-Mar-23 22:30:42 (2026-Mar-24 02:30:42 GMT): 10%
2026-Mar-23 22:30:42 (2026-Mar-24 02:30:42 GMT): 20%
2026-Mar-23 22:30:42 (2026-Mar-24 02:30:42 GMT): 30%
2026-Mar-23 22:30:42 (2026-Mar-24 02:30:42 GMT): 40%
2026-Mar-23 22:30:42 (2026-Mar-24 02:30:42 GMT): 50%
2026-Mar-23 22:30:42 (2026-Mar-24 02:30:42 GMT): 60%
2026-Mar-23 22:30:42 (2026-Mar-24 02:30:42 GMT): 70%
2026-Mar-23 22:30:42 (2026-Mar-24 02:30:42 GMT): 80%
2026-Mar-23 22:30:42 (2026-Mar-24 02:30:42 GMT): 90%

Finished Levelizing
2026-Mar-23 22:30:42 (2026-Mar-24 02:30:42 GMT)

Starting Activity Propagation
2026-Mar-23 22:30:42 (2026-Mar-24 02:30:42 GMT)
2026-Mar-23 22:30:42 (2026-Mar-24 02:30:42 GMT): 10%
2026-Mar-23 22:30:42 (2026-Mar-24 02:30:42 GMT): 20%

Finished Activity Propagation
2026-Mar-23 22:30:42 (2026-Mar-24 02:30:42 GMT)

**INFO: Power effort not set by setOptMode, so setting 'setOptMode -opt_power_effort high', as set by setDesignMode
**opt_design ... cpu = 0:00:05, real = 0:00:05, mem = 2832.1M, totSessionCpu=0:01:07 **
#optDebug: { P: 130 W: 7201 FE: standard PE: high LDR: 0.5}
*** opt_design -post_cts ***
DRC Margin: user margin 0.0
Hold Target Slack: user slack 0.05
Setup Target Slack: user slack 0.2;
set_db opt_skew_eco_route false
**INFO: Using Advanced Metric Collection system.
Start to check current routing status for nets...
All nets are already routed correctly.
End to check current routing status for nets (mem=2836.7M)
Extraction called for design 'Core' of instances=8298 and nets=10009 using extraction engine 'pre_route' .
pre_route RC Extraction called for design Core.
RC Extraction called in multi-corner(1) mode.
RCMode: PreRoute
      RC Corner Indexes            0   
Capacitance Scaling Factor   : 1.00000 
Resistance Scaling Factor    : 1.00000 
Clock Cap. Scaling Factor    : 1.00000 
Clock Res. Scaling Factor    : 1.00000 
Shrink Factor                : 1.00000
PreRoute extraction is honoring NDR/Shielding/ExtraSpace for clock nets.
Using Quantus QRC technology file ...
Grid density data update skipped
Initializing multi-corner resistance tables ...
PreRoute RC Extraction DONE (CPU Time: 0:00:00.2  Real Time: 0:00:00.0  MEM: 2838.723M)
*** InitOpt #1 [finish] (opt_design #1) : cpu/real = 0:00:05.6/0:00:05.7 (1.0), totSession cpu/real = 0:01:07.3/0:01:12.1 (0.9), mem = 2838.8M
HoldOpt: Enabling setup slack weighting
GigaOpt Hold Optimizer is used
GigaOpt Checkpoint: Internal optHold -postCts -maxLocalDensity 1.0 -numThreads 1 -nativePathGroupFlow -viewPruneEffortLevel 1
skipping vt-partitioning in hold
#InfoCS: Num dontuse cells 1, Num usable cells 118, Num real usable cells 117
optDesignOneStep: Power Flow
#InfoCS: Num dontuse cells 1, Num usable cells 118, Num real usable cells 117
Starting initialization (fixHold) cpu=0:00:00.0 real=0:00:00.0 totSessionCpu=0:01:08 mem=2851.2M ***
*** BuildHoldData #1 [begin] (opt_design #1) : totSession cpu/real = 0:01:07.7/0:01:12.6 (0.9), mem = 2851.2M
Starting delay calculation for Hold views
AAE_INFO: opIsDesignInPostRouteState() is 0
#################################################################################
# Design Stage: PreRoute
# Design Name: Core
# Design Mode: 130nm
# Analysis Mode: MMMC OCV 
# Parasitics Mode: No SPEF/RCDB 
# Signoff Settings: SI Off 
#################################################################################
Start delay calculation (fullDC) (1 T). (MEM=2878.18)
Total number of fetched objects 9941
AAE_INFO: Total number of nets for which stage creation was skipped for all views 0
End delay calculation. (MEM=2932.39 CPU=0:00:01.8 REAL=0:00:02.0)
End delay calculation (fullDC). (MEM=2922.64 CPU=0:00:02.4 REAL=0:00:02.0)
*** Done Building Timing Graph (cpu=0:00:03.3 real=0:00:03.0 totSessionCpu=0:01:12 mem=2925.1M)

Active hold views:
 tt_v1.8_25C_Nominal_25_func
  Dominating endpoints: 0
  Dominating TNS: -0.000

Done building cte hold timing graph (fixHold) cpu=0:00:04.5 real=0:00:04.0 totSessionCpu=0:01:12 mem=2927.3M ***
Done building hold timer [1810 node(s), 1950 edge(s), 1 view(s)] (fixHold) cpu=0:00:05.1 real=0:00:05.0 totSessionCpu=0:01:13 mem=2942.5M ***
Starting delay calculation for Setup views
AAE_INFO: opIsDesignInPostRouteState() is 0
#################################################################################
# Design Stage: PreRoute
# Design Name: Core
# Design Mode: 130nm
# Analysis Mode: MMMC OCV 
# Parasitics Mode: No SPEF/RCDB 
# Signoff Settings: SI Off 
#################################################################################
Start delay calculation (fullDC) (1 T). (MEM=2943.18)
Total number of fetched objects 9941
AAE_INFO: Total number of nets for which stage creation was skipped for all views 0
End delay calculation. (MEM=2973.62 CPU=0:00:01.8 REAL=0:00:02.0)
End delay calculation (fullDC). (MEM=2973.62 CPU=0:00:02.2 REAL=0:00:02.0)
*** Done Building Timing Graph (cpu=0:00:04.4 real=0:00:04.0 totSessionCpu=0:01:18 mem=2975.7M)
Done building cte setup timing graph (fixHold) cpu=0:00:10.2 real=0:00:10.0 totSessionCpu=0:01:18 mem=2975.7M ***
OPTC: m4 20.0 50.0 [ 500.0 20.0 50.0 ]
OPTC: view 50.0:500.0 [ 0.0500 ]

*Info: minBufDelay = 78.5 ps, libStdDelay = 37.6 ps, minBufSize = 9522000 (5.0)
*Info: worst delay setup view: tt_v1.8_25C_Nominal_25_func

OptSummary:

------------------------------------------------------------------
     Hold Opt Initial Summary
------------------------------------------------------------------

Setup views included:
 tt_v1.8_25C_Nominal_25_func
Hold views included:
 tt_v1.8_25C_Nominal_25_func

+--------------------+---------+---------+---------+
|     Setup mode     |   all   | reg2reg | default |
+--------------------+---------+---------+---------+
|           WNS (ns):|  0.239  |  0.239  |  6.605  |
|           TNS (ns):|  0.000  |  0.000  |  0.000  |
|    Violating Paths:|    0    |    0    |    0    |
|          All Paths:|  1510   |  1508   |  1456   |
+--------------------+---------+---------+---------+

+--------------------+---------+---------+---------+
|     Hold mode      |   all   | reg2reg | default |
+--------------------+---------+---------+---------+
|           WNS (ns):| -0.222  |  0.116  | -0.222  |
|           TNS (ns):| -4.944  |  0.000  | -4.944  |
|    Violating Paths:|   72    |    0    |   72    |
|          All Paths:|  1510   |  1508   |  1456   |
+--------------------+---------+---------+---------+

+----------------+-------------------------------+------------------+
|                |              Real             |       Total      |
|    DRVs        +------------------+------------+------------------|
|                |  Nr nets(terms)  | Worst Vio  |  Nr nets(terms)  |
+----------------+------------------+------------+------------------+
|   max_cap      |      0 (0)       |   0.000    |      0 (0)       |
|   max_tran     |      1 (13)      |   -0.294   |      1 (13)      |
|   max_fanout   |      0 (0)       |     0      |      0 (0)       |
|   max_length   |      0 (0)       |     0      |      0 (0)       |
+----------------+------------------+------------+------------------+

Density: 40.235%
Routing Overflow: 2.64% H and 0.30% V
------------------------------------------------------------------
**INFO: Optimization is fixing the slack violation with the following view based weighting factors
slack weights for setup views:
    tt_v1.8_25C_Nominal_25_func: 1.000
**opt_design ... cpu = 0:00:19, real = 0:00:19, mem = 2949.4M, totSessionCpu=0:01:21 **
*** BuildHoldData #1 [finish] (opt_design #1) : cpu/real = 0:00:13.4/0:00:13.6 (1.0), totSession cpu/real = 0:01:21.1/0:01:26.2 (0.9), mem = 2950.4M
*** HoldOpt #1 [begin] (opt_design #1) : totSession cpu/real = 0:01:21.1/0:01:26.2 (0.9), mem = 2950.4M

Footprint cell information for calculating maxBufDist
*info: There are 7 candidate Buffer cells
*info: There are 9 candidate Inverter cells

(I,S,L,T): tt_v1.8_25C_Nominal_25_func: 7.98783, 4.01513, 0.00539913, 12.0084
(I,S,L) ClockInsts: tt_v1.8_25C_Nominal_25_func: 0.474217, 1.94096, 4.5854e-05
*info: Run opt_design holdfix with 1 thread.
Info: 42 nets with fixed/cover wires excluded.
Info: 42 clock nets excluded from IPO operation.
Info: Done creating the CCOpt slew target map.

*** Starting Core Fixing (fixHold) cpu=0:00:14.2 real=0:00:14.0 totSessionCpu=0:01:22 mem=2960.5M density=40.332% ***

OptDebug: Start of Hold Fixing (weighted):
+----------+-----+-----+
|Path Group|  WNS|  TNS|
+----------+-----+-----+
|default   |6.605|0.000|
|reg2reg   |0.239|0.000|
|HEPG      |0.239|0.000|
|All Paths |0.239|0.000|
+----------+-----+-----+

(I,S,L,T): tt_v1.8_25C_Nominal_25_func: 7.98783, 4.01513, 0.00539913, 12.0084
(I,S,L) ClockInsts: tt_v1.8_25C_Nominal_25_func: 0.474217, 1.94096, 4.5854e-05

Phase I ......
Executing transform: LegalResize
+----+----------+----------+--------+-----------+----------------+---------+------------+---------+
|Iter| Hold WNS | Hold TNS |  #VP   |  #Buffer  |  #Resize(F/F)  | Density |    Real    |   Mem   |
+----+----------+----------+--------+-----------+----------------+---------+------------+---------+
|   0|    -0.222|     -4.94|      72|          0|       0(     0)|   40.33%|   0:00:00.0|  2969.3M|
|   1|    -0.222|     -4.94|      72|          0|       0(     0)|   40.33%|   0:00:00.0|  2971.3M|
|   2|    -0.222|     -4.94|      72|          0|       0(     0)|   40.33%|   0:00:00.0|  2971.3M|
|   3|    -0.222|     -4.94|      72|          0|       0(     0)|   40.33%|   0:00:00.0|  2971.3M|
|   4|    -0.222|     -4.94|      72|          0|       0(     0)|   40.33%|   0:00:00.0|  2971.3M|
|   5|    -0.222|     -4.94|      72|          0|       0(     0)|   40.33%|   0:00:00.0|  2971.3M|
|   6|    -0.222|     -4.94|      72|          0|       0(     0)|   40.33%|   0:00:00.0|  2971.3M|
+----+----------+----------+--------+-----------+----------------+---------+------------+---------+

OptDebug: After FlopOpt (weighted):
+----------+-----+-----+
|Path Group|  WNS|  TNS|
+----------+-----+-----+
|default   |6.605|0.000|
|reg2reg   |0.239|0.000|
|HEPG      |0.239|0.000|
|All Paths |0.239|0.000|
+----------+-----+-----+

(I,S,L,T): tt_v1.8_25C_Nominal_25_func: 7.98783, 4.01513, 0.00539913, 12.0084
(I,S,L) ClockInsts: tt_v1.8_25C_Nominal_25_func: 0.474217, 1.94096, 4.5854e-05
HoldOpt setup target adjustment in phase 1 = 0.0
Executing transform: AddBuffer + LegalResize
+----+----------+----------+--------+-----------+----------------+---------+------------+---------+
|Iter| Hold WNS | Hold TNS |  #VP   |  #Buffer  |  #Resize(F/F)  | Density |    Real    |   Mem   |
+----+----------+----------+--------+-----------+----------------+---------+------------+---------+
|   0|    -0.222|     -4.94|      72|          0|       0(     0)|   40.33%|   0:00:00.0|  2971.3M|
|   1|    -0.052|     -0.32|       8|          2|       0(     0)|   40.35%|   0:00:01.0|  3101.7M|
|   2|     0.045|      0.00|       0|          1|       0(     0)|   40.35%|   0:00:00.0|  3107.6M|
|   3|     0.116|      0.00|       0|          1|       0(     0)|   40.35%|   0:00:00.0|  3108.8M|
+----+----------+----------+--------+-----------+----------------+---------+------------+---------+

*info:    Total 4 cells added for Phase I
*info:        in which 0 is ripple commits (0.000%)

OptDebug: After Phase I (weighted):
+----------+-----+-----+
|Path Group|  WNS|  TNS|
+----------+-----+-----+
|default   |6.861|0.000|
|reg2reg   |0.239|0.000|
|HEPG      |0.239|0.000|
|All Paths |0.239|0.000|
+----------+-----+-----+

(I,S,L,T): tt_v1.8_25C_Nominal_25_func: 7.9907, 4.03804, 0.00540284, 12.0341
(I,S,L) ClockInsts: tt_v1.8_25C_Nominal_25_func: 0.474217, 1.94096, 4.5854e-05
OptDebug: End of Hold Fixing (weighted):
+----------+-----+-----+
|Path Group|  WNS|  TNS|
+----------+-----+-----+
|default   |6.861|0.000|
|reg2reg   |0.239|0.000|
|HEPG      |0.239|0.000|
|All Paths |0.239|0.000|
+----------+-----+-----+

Bottom Preferred Layer:
+-------------+------------+----------+
|    Layer    |    CLK     |   Rule   |
+-------------+------------+----------+
| met3 (z=3)  |         42 | default  |
+-------------+------------+----------+
Via Pillar Rule:
    None

*** Finished Core Fixing (fixHold) cpu=0:00:16.7 real=0:00:17.0 totSessionCpu=0:01:24 mem=3108.8M density=40.353% ***

*info:
*info: Added a total of 4 cells to fix/reduce hold violation
*info:
*info: Summary: 
*info:            1 cell  of type 'BUFX16' used
*info:            3 cells of type 'BUFX2' used

Starting Hold Area Reclaim
GigaOpt Checkpoint: Internal reclaim -numThreads 1 -strictCheck -legal -force -holdBufferReclaimMode -postCTS -noLeakageDegrade -tgtSlackMult 3 -noRouteTypeResizePolish -noViewPrune -nativePathGroupFlow -SimpCCIn
Info: 42 nets with fixed/cover wires excluded.
Info: 42 clock nets excluded from IPO operation.
 holdBufferReclaimMode 1
Active setup view: tt_v1.8_25C_Nominal_25_func
Active hold view: tt_v1.8_25C_Nominal_25_func
Begin: Area Reclaim Optimization
#InfoCS: Num dontuse cells 1, Num usable cells 118, Num real usable cells 117
*** AreaOpt #1 [begin] (HoldOpt #1 / opt_design #1) : totSession cpu/real = 0:01:24.8/0:01:29.8 (0.9), mem = 3109.1M
(I,S,L,T): tt_v1.8_25C_Nominal_25_func: 7.9907, 4.03804, 0.00540284, 12.0341
(I,S,L) ClockInsts: tt_v1.8_25C_Nominal_25_func: 0.474217, 1.94096, 4.5854e-05
ff_v1.98_0C tt_v1.8_25C ss_v1.62_125C
Info: Using SynthesisEngine executable '/tools/software/cadence/ddi/latest/INNOVUS251/bin/innovus_'.
      (normalized executable '/tools/software/cadence/ddi/25.11.001/INNOVUS251/bin/innovus_')
      SynthesisEngine workers will not check out additional licenses.
Reclaim Optimization WNS Slack 0.239  TNS Slack 0.000 Density 40.35
+---------+---------+--------+--------+------------+--------+
| Density | Commits |  WNS   |  TNS   |    Real    |  Mem   |
+---------+---------+--------+--------+------------+--------+
|   40.35%|        -|   0.239|   0.000|   0:00:00.0| 3109.4M|
|   40.35%|        0|   0.239|   0.000|   0:00:00.0| 3109.5M|
|   40.35%|        0|   0.239|   0.000|   0:00:00.0| 3109.5M|
+---------+---------+--------+--------+------------+--------+
Reclaim Optimization End WNS Slack 0.239  TNS Slack 0.000 Density 40.35
Bottom Preferred Layer:
+-------------+------------+----------+
|    Layer    |    CLK     |   Rule   |
+-------------+------------+----------+
| met3 (z=3)  |         42 | default  |
+-------------+------------+----------+
Via Pillar Rule:
    None

Number of times islegalLocAvaiable called = 0 skipped = 0, called in commitmove = 0, skipped in commitmove = 0
End: Core Area Reclaim Optimization (cpu = 0:00:00.5) (real = 0:00:01.0) **
(I,S,L,T): tt_v1.8_25C_Nominal_25_func: 7.9907, 4.03804, 0.00540284, 12.0341
(I,S,L) ClockInsts: tt_v1.8_25C_Nominal_25_func: 0.474217, 1.94096, 4.5854e-05
*** AreaOpt #1 [finish] (HoldOpt #1 / opt_design #1) : cpu/real = 0:00:00.6/0:00:00.6 (1.0), totSession cpu/real = 0:01:25.4/0:01:30.4 (0.9), mem = 3109.5M
Executing incremental physical updates
End: Area Reclaim Optimization (cpu=0:00:01, real=0:00:01, mem=3034.38M, totSessionCpu=0:01:25).
**INFO: total 0 insts unmarked don't touch
**INFO: total 0 insts, 0 nets unmarked don't touch
Total 0 insts deleted in Hold Area Reclaim
Total 0 insts excluded for Hold Area Reclaim [recoveryON]
Total 8 insts considered for Hold Area Reclaim
Finished Hold Area Reclaim
*** Starting place_detail (0:01:25 mem=3030.9M) ***
Total net bbox length = 4.343e+05 (2.127e+05 2.215e+05) (ext = 9.238e+02)
Move report: Detail placement moved 0 insts, mean move: 0.00 um, max move: 0.00 um 
	Runtime: CPU: 0:00:00.4 REAL: 0:00:00.0 MEM: 3038.1MB
Summary Report:
Instances moved: 0 (out of 8259 movable)
Instances flipped: 0
Mean displacement: 0.00 um
Max displacement: 0.00 um 
Physical-only instances moved: 0 (out of 0 movable physical-only)
Total net bbox length = 4.343e+05 (2.127e+05 2.215e+05) (ext = 9.238e+02)
Runtime: CPU: 0:00:00.4 REAL: 0:00:00.0 MEM: 3038.1MB
*** Finished place_detail (0:01:26 mem=3038.1M) ***
*** maximum move = 0.00 um ***
*** Finished re-routing un-routed nets (3034.3M) ***

*** Finish Physical Update (cpu=0:00:00.7 real=0:00:00.0 mem=3034.3M) ***

OptDebug: After refinePlace (weighted):
+----------+-----+-----+
|Path Group|  WNS|  TNS|
+----------+-----+-----+
|default   |6.861|0.000|
|reg2reg   |0.239|0.000|
|HEPG      |0.239|0.000|
|All Paths |0.239|0.000|
+----------+-----+-----+

(I,S,L,T): tt_v1.8_25C_Nominal_25_func: 7.9907, 4.03804, 0.00540284, 12.0341
(I,S,L) ClockInsts: tt_v1.8_25C_Nominal_25_func: 0.474217, 1.94096, 4.5854e-05
Capturing unweighted ref hold timing for Post CTS hold recovery....
*** Finish Post CTS Hold Fixing (cpu=0:00:18.5 real=0:00:19.0 totSessionCpu=0:01:26 mem=3034.3M density=40.353%) ***
(I,S,L,T): tt_v1.8_25C_Nominal_25_func: 7.9907, 4.03804, 0.00540284, 12.0341
(I,S,L) ClockInsts: tt_v1.8_25C_Nominal_25_func: 0.474217, 1.94096, 4.5854e-05
**INFO: total 4 insts, 0 nets marked don't touch
**INFO: total 4 insts, 0 nets marked don't touch DB property
**INFO: total 4 insts, 0 nets unmarked don't touch
*** HoldOpt #1 [finish] (opt_design #1) : cpu/real = 0:00:05.4/0:00:05.4 (1.0), totSession cpu/real = 0:01:26.5/0:01:31.6 (0.9), mem = 3001.7M
*** Steiner Routed Nets: 1.164%; Threshold: 100; Threshold for Hold: 100
Re-routed 0 nets
GigaOpt_HOLD: Recover setup timing after hold fixing
GigaOpt_HOLD: max_tran 1 => 1, max_cap 0 => 0 (threshold 10) - Skip drv recovery
GigaOpt: WNS changes after routing: 0.200 -> 0.200 (bump = 0.0)
GigaOpt: WNS bump threshold: 0.0188
GigaOpt: Skipping postEco optimization
GigaOpt: WNS changes after postEco optimization: 0.200 -> 0.200 (bump = 0.0)
GigaOpt: Skipping nonLegal postEco optimization

Active setup views:
 tt_v1.8_25C_Nominal_25_func
  Dominating endpoints: 0
  Dominating TNS: -0.000

OPTC: user 20.0 (reset)
<optDesign CMD> Restore Using all VT Cells
OPTC: user 20.0
**WARN: (IMPPTN-1250):	Pin placement has been enabled on metal layer 1.
Type 'man IMPPTN-1250' for more detail.
**WARN: (IMPPTN-1250):	Pin placement has been enabled on metal layer 1.
Type 'man IMPPTN-1250' for more detail.
[NR-eGR] Early global route reroute all routable nets
[NR-eGR] Track table information for default rule: 
[NR-eGR] met1 has single uniform track structure
[NR-eGR] met2 has single uniform track structure
[NR-eGR] met3 has single uniform track structure
[NR-eGR] met4 has single uniform track structure
[NR-eGR] met5 has single uniform track structure
[NR-eGR] Read 14141 PG shapes
[NR-eGR] Read 0 clock shapes
[NR-eGR] Read 0 other shapes
[NR-eGR] #Routing Blockages  : 8
[NR-eGR] #Bump Blockages     : 0
[NR-eGR] #Instance Blockages : 105996
[NR-eGR] #PG Blockages       : 14141
[NR-eGR] #Halo Blockages     : 0
[NR-eGR] #Boundary Blockages : 0
[NR-eGR] #Clock Blockages    : 0
[NR-eGR] #Other Blockages    : 0
[NR-eGR] #prerouted nets         : 42
[NR-eGR] #prerouted special nets : 0
[NR-eGR] #prerouted wires        : 6439
[NR-eGR] Read 8418 nets ( ignored 42 )
[NR-eGR] Handle net priority by net group ordering
[NR-eGR] == Routing rule table ==
[NR-eGR]  ID  Name       #Nets 
[NR-eGR] ----------------------
[NR-eGR]   0  (Default)   8376 
[NR-eGR] Layer group 1: route 8376 net(s) in layer range [1, 5]
[NR-eGR] Early Global Route overflow of layer group 1: 2.19% H + 0.35% V. EstWL: 4.806499e+05um
[NR-eGR] Congestion Analysis By layer: (blocked Gcells are excluded) 
[NR-eGR]                        OverCon           OverCon           OverCon            
[NR-eGR]                         #Gcell            #Gcell            #Gcell     %Gcell
[NR-eGR]        Layer             (1-4)             (5-8)            (9-11)    OverCon
[NR-eGR] --------------------------------------------------------------------------------
[NR-eGR]    met1 ( 1)       197( 1.14%)         0( 0.00%)         0( 0.00%)   ( 1.14%) 
[NR-eGR]    met2 ( 2)       147( 0.58%)         0( 0.00%)         0( 0.00%)   ( 0.58%) 
[NR-eGR]    met3 ( 3)      3047(11.97%)       143( 0.56%)         2( 0.01%)   (12.54%) 
[NR-eGR]    met4 ( 4)       431( 1.74%)         5( 0.02%)         0( 0.00%)   ( 1.76%) 
[NR-eGR]    met5 ( 5)       330( 0.83%)         0( 0.00%)         0( 0.00%)   ( 0.83%) 
[NR-eGR] --------------------------------------------------------------------------------
[NR-eGR]        Total      4152( 3.13%)       148( 0.11%)         2( 0.00%)   ( 3.24%) 
[NR-eGR] 
[NR-eGR] Overflow after Early Global Route 2.92% H + 0.59% V
[NR-eGR] Finished Early Global Route kernel ( CPU: 0.79 sec, Real: 0.85 sec, Curr Mem: 2.76 MB )
[NR-eGR] Finished Early Global Route ( CPU: 0.80 sec, Real: 0.86 sec, Curr Mem: 2.74 MB )
[hotspot] +------------+---------------+---------------+
[hotspot] |            |   max hotspot | total hotspot |
[hotspot] +------------+---------------+---------------+
[hotspot] | normalized |         42.44 |        125.11 |
[hotspot] +------------+---------------+---------------+
Local HotSpot Analysis: normalized max congestion hotspot area = 42.44, normalized total congestion hotspot area = 125.11 (area is in unit of 4 std-cell row bins)
[hotspot] top 5 congestion hotspot bounding boxes and scores of normalized hotspot
[hotspot] +-----+-------------------------------------+---------------+-------------------------------+
[hotspot] | top |            hotspot bbox             | hotspot score |           module              |
[hotspot] +-----+-------------------------------------+---------------+-------------------------------+
[hotspot] |  1  |   448.04   928.28   696.44  1027.64 |       43.33   |             NA                |
[hotspot] +-----+-------------------------------------+---------------+-------------------------------+
[hotspot] |  2  |    34.04   448.04   183.08   530.84 |       21.11   |             NA                |
[hotspot] +-----+-------------------------------------+---------------+-------------------------------+
[hotspot] |  3  |   696.44   464.60   779.24   514.28 |       10.78   |             NA                |
[hotspot] +-----+-------------------------------------+---------------+-------------------------------+
[hotspot] |  4  |   199.64   464.60   265.88   514.28 |        8.44   |             NA                |
[hotspot] +-----+-------------------------------------+---------------+-------------------------------+
[hotspot] |  5  |   630.20   464.60   679.88   514.28 |        6.78   |             NA                |
[hotspot] +-----+-------------------------------------+---------------+-------------------------------+
[hotspot] Hotspot report including placement blocked areas
[hotspot] +------------+---------------+---------------+
[hotspot] |            |   max hotspot | total hotspot |
[hotspot] +------------+---------------+---------------+
[hotspot] | normalized |         43.44 |        130.44 |
[hotspot] +------------+---------------+---------------+
Local HotSpot Analysis (blockage included): normalized max congestion hotspot area = 43.44, normalized total congestion hotspot area = 130.44 (area is in unit of 4 std-cell row bins)
[hotspot] top 5 congestion hotspot bounding boxes and scores of normalized hotspot
[hotspot] +-----+-------------------------------------+---------------+-------------------------------+
[hotspot] | top |            hotspot bbox             | hotspot score |           module              |
[hotspot] +-----+-------------------------------------+---------------+-------------------------------+
[hotspot] |  1  |   448.04   928.28   696.44  1027.64 |       44.33   |             NA                |
[hotspot] +-----+-------------------------------------+---------------+-------------------------------+
[hotspot] |  2  |    34.04   448.04   166.52   530.84 |       21.44   |             NA                |
[hotspot] +-----+-------------------------------------+---------------+-------------------------------+
[hotspot] |  3  |   696.44   464.60   779.24   514.28 |       10.78   |             NA                |
[hotspot] +-----+-------------------------------------+---------------+-------------------------------+
[hotspot] |  4  |   199.64   464.60   265.88   514.28 |        8.78   |             NA                |
[hotspot] +-----+-------------------------------------+---------------+-------------------------------+
[hotspot] |  5  |   464.60   464.60   547.40   497.72 |        8.22   |             NA                |
[hotspot] +-----+-------------------------------------+---------------+-------------------------------+
Reported timing to dir debug
**opt_design ... cpu = 0:00:29, real = 0:00:29, mem = 2957.3M, totSessionCpu=0:01:30 **
Starting delay calculation for Hold views
AAE_INFO: opIsDesignInPostRouteState() is 0
#################################################################################
# Design Stage: PreRoute
# Design Name: Core
# Design Mode: 130nm
# Analysis Mode: MMMC OCV 
# Parasitics Mode: No SPEF/RCDB 
# Signoff Settings: SI Off 
#################################################################################
Start delay calculation (fullDC) (1 T). (MEM=2984.11)
Total number of fetched objects 9945
AAE_INFO: Total number of nets for which stage creation was skipped for all views 0
End delay calculation. (MEM=3013.16 CPU=0:00:01.8 REAL=0:00:02.0)
End delay calculation (fullDC). (MEM=3013.16 CPU=0:00:02.2 REAL=0:00:02.0)
*** Done Building Timing Graph (cpu=0:00:03.2 real=0:00:03.0 totSessionCpu=0:01:34 mem=3013.8M)
Starting delay calculation for Setup views
AAE_INFO: opIsDesignInPostRouteState() is 0
#################################################################################
# Design Stage: PreRoute
# Design Name: Core
# Design Mode: 130nm
# Analysis Mode: MMMC OCV 
# Parasitics Mode: No SPEF/RCDB 
# Signoff Settings: SI Off 
#################################################################################
Start delay calculation (fullDC) (1 T). (MEM=2976.64)
Total number of fetched objects 9945
AAE_INFO: Total number of nets for which stage creation was skipped for all views 0
End delay calculation. (MEM=3002.46 CPU=0:00:01.8 REAL=0:00:02.0)
End delay calculation (fullDC). (MEM=3002.46 CPU=0:00:02.2 REAL=0:00:02.0)
*** Done Building Timing Graph (cpu=0:00:03.1 real=0:00:04.0 totSessionCpu=0:01:38 mem=3002.5M)

OptSummary:

------------------------------------------------------------------
     opt_design Final Summary
------------------------------------------------------------------

Setup views included:
 tt_v1.8_25C_Nominal_25_func 
Hold views included:
 tt_v1.8_25C_Nominal_25_func 

+--------------------+---------+---------+---------+
|     Setup mode     |   all   | reg2reg | default |
+--------------------+---------+---------+---------+
|           WNS (ns):|  0.239  |  0.239  |  6.862  |
|           TNS (ns):|  0.000  |  0.000  |  0.000  |
|    Violating Paths:|    0    |    0    |    0    |
|          All Paths:|  1510   |  1508   |  1456   |
+--------------------+---------+---------+---------+

+--------------------+---------+---------+---------+
|     Hold mode      |   all   | reg2reg | default |
+--------------------+---------+---------+---------+
|           WNS (ns):|  0.031  |  0.116  |  0.031  |
|           TNS (ns):|  0.000  |  0.000  |  0.000  |
|    Violating Paths:|    0    |    0    |    0    |
|          All Paths:|  1510   |  1508   |  1456   |
+--------------------+---------+---------+---------+

+----------------+-------------------------------+------------------+
|                |              Real             |       Total      |
|    DRVs        +------------------+------------+------------------|
|                |  Nr nets(terms)  | Worst Vio  |  Nr nets(terms)  |
+----------------+------------------+------------+------------------+
|   max_cap      |      0 (0)       |   0.000    |      0 (0)       |
|   max_tran     |      1 (13)      |   -0.294   |      1 (13)      |
|   max_fanout   |      0 (0)       |     0      |      0 (0)       |
|   max_length   |      0 (0)       |     0      |      0 (0)       |
+----------------+------------------+------------+------------------+

Density: 40.256%
Routing Overflow: 2.92% H and 0.59% V
------------------------------------------------------------------
Begin: Collecting metrics
 ------------------------------------------------------------------------------------------------------------------------------------------------------------------------------------------------- 
| Snapshot        | WNS                  | TNS                  | Density (%) | Power estimated                                            | Hotspot        | Resource               | DRVs       |
|                 | HEPG (ns) | ALL (ns) | HEPG (ns) | ALL (ns) |             | Total (mW) | Leakage (mW) | Switching (mW) | Internal (mW) | Max   | Total  | Real (s) | Memory (MB) | Tran | Cap |
|-----------------+-----------+----------+-----------+----------+-------------+------------+--------------+----------------+---------------+-------+--------+----------+-------------+------+-----|
| initial_summary |     0.239 |    0.239 |           |        0 |       40.24 |            |              |                |               |       |        | 0:00:13  |        2949 |    1 |   0 |
| hold_fixing     |     0.239 |    0.239 |         0 |        0 |       40.35 |      12.03 |         0.01 |           4.04 |          7.99 |       |        | 0:00:06  |        3002 |      |     |
| global_route    |           |          |           |          |             |            |              |                |               |       |        | 0:00:00  |        3002 |      |     |
| final_summary   |     0.239 |    0.239 |           |        0 |       40.26 |            |              |                |               | 43.44 | 130.44 | 0:00:13  |        2985 |    1 |   0 |
 ------------------------------------------------------------------------------------------------------------------------------------------------------------------------------------------------- 
End: Collecting metrics
**opt_design ... cpu = 0:00:37, real = 0:00:40, mem = 2985.4M, totSessionCpu=0:01:39 **
*** Finished opt_design ***
      flow.cputime  flow.realtime  timing.setup.tns  timing.setup.wns  snapshot
UM:*                                                                   final
      flow.cputime  flow.realtime  timing.setup.tns  timing.setup.wns  snapshot
UM:*                                                                   opt_design_postcts_hold
Info: Summary of CRR changes:
      - Timing transform commits:       0
Info: Destroy the CCOpt slew target map.

*** Summary of all messages that are not suppressed in this session:
Severity  ID               Count  Summary                                  
WARNING   IMPPTN-1250          2  Pin placement has been enabled on metal ...
WARNING   IMPSP-362            1  Site '%s' has %s std.Cell height, so ign...
*** Message Summary: 3 warning(s), 0 error(s)

*** opt_design #1 [finish] () : cpu/real = 0:00:37.7/0:00:41.0 (0.9), totSession cpu/real = 0:01:39.4/0:01:47.4 (0.9), mem = 2986.2M
#@ End verbose flow_step implementation.postcts.run_opt_postcts_hold
      flow.cputime  flow.realtime  timing.setup.tns  timing.setup.wns  snapshot
UM:          42.68             46          0.000 ns          0.239 ns  run_opt_postcts_hold
#@ Begin verbose flow_step implementation.postcts.block_finish
@flow 2: apply {{} {
    #- Make sure flow_report_name is reset from any reports executed during the flow
    set_db flow_report_name [get_db [lindex [get_db flow_hier_path] end] .name]
    #- Set DB for handoff to Innovus
    if {[is_flow -inside flow:syn_opt]} {
      set_db flow_write_db_common true
    }
  
    #- Set value for SPEF output file generation
    if {[get_db flow_branch] ne ""} {
      set out_dir [file join [get_db flow_db_directory] [get_db flow_branch]_[get_db flow_report_name]]
    } else {
      set out_dir [file join [get_db flow_db_directory] [get_db flow_report_name]]
    }
    set_db flow_spef_directory $out_dir
  
    #- Store non-default root attributes to metrics
    catch {report_obj -tcl} flow_root_config
    if {[dict exists $flow_root_config root:/]} {
      set flow_root_config [dict get $flow_root_config root:/]
    } elseif {[dict exists $flow_root_config root:]} {
      set flow_root_config [dict get $flow_root_config root:]
    } else {
    }
    foreach key [dict keys $flow_root_config] {
      if {[string length [dict get $flow_root_config $key]] > 200} {
        dict set flow_root_config $key "\[long value truncated\]"
      }
    }
    set_metric -name flow.root_config -value $flow_root_config
  }}
#@ End verbose flow_step implementation.postcts.block_finish
      flow.cputime  flow.realtime  timing.setup.tns  timing.setup.wns  snapshot
UM:           5.28              5                                      block_finish
#% Begin save design ... (date=03/23 22:31:27, mem=2945.9M)
ff_v1.98_0C tt_v1.8_25C ss_v1.62_125C
Nominal_25C
% Begin Save ccopt configuration ... (date=03/23 22:31:27, mem=2945.9M)
% End Save ccopt configuration ... (date=03/23 22:31:27, total cpu=0:00:00.1, real=0:00:00.0, peak res=2946.6M, current mem=2946.6M)
% Begin Save netlist data ... (date=03/23 22:31:27, mem=2946.6M)
Writing Binary DB to /nethome/dkhalil8/InnovateECE/PhysicalDesign/RTL2GDS/design/dbs/postcts.enc/Core.v.bin in single-threaded mode...
% End Save netlist data ... (date=03/23 22:31:27, total cpu=0:00:00.1, real=0:00:00.0, peak res=2946.6M, current mem=2946.6M)
Saving symbol-table file ...
Saving congestion map file /nethome/dkhalil8/InnovateECE/PhysicalDesign/RTL2GDS/design/dbs/postcts.enc/Core.route.congmap.gz ...
% Begin Save AAE data ... (date=03/23 22:31:27, mem=2947.2M)
Saving AAE Data ...
% End Save AAE data ... (date=03/23 22:31:28, total cpu=0:00:01.0, real=0:00:00.0, peak res=3217.1M, current mem=2949.9M)
Saving preference file /nethome/dkhalil8/InnovateECE/PhysicalDesign/RTL2GDS/design/dbs/postcts.enc/gui.pref.tcl ...
Saving mode setting ...
Saving root attributes to be loaded post write_db ...
**WARN: (IMPMF-5054):	fill_setting_save command is obsolete and should not be used any more. It still works in this release but will be removed in future release. Recommend to use Pegasus metal fill flow which is the replacement.
Saving global file ...
Saving root attributes to be loaded previous write_db ...
% Begin Save floorplan data ... (date=03/23 22:31:30, mem=2949.8M)
Saving floorplan file ...
Convert 0 swires and 0 svias from compressed groups
% End Save floorplan data ... (date=03/23 22:31:30, total cpu=0:00:00.1, real=0:00:00.0, peak res=2950.5M, current mem=2950.5M)
Saving PG file /nethome/dkhalil8/InnovateECE/PhysicalDesign/RTL2GDS/design/dbs/postcts.enc/Core.pg.gz, version#2, (Created by Innovus v25.11-s102_1 on Mon Mar 23 22:31:30 2026)
*** Completed savePGFile (cpu=0:00:00.0 real=0:00:01.0 mem=2950.5M) ***
*info - save blackBox cells to lef file /nethome/dkhalil8/InnovateECE/PhysicalDesign/RTL2GDS/design/dbs/postcts.enc/Core.bbox.lef
Saving Drc markers ...
... No Drc file written since there is no markers found.
% Begin Save placement data ... (date=03/23 22:31:31, mem=2950.5M)
** Saving stdCellPlacement_binary (version# 2) ...
Save Adaptive View Pruning View Names to Binary file
% End Save placement data ... (date=03/23 22:31:31, total cpu=0:00:00.1, real=0:00:00.0, peak res=2951.0M, current mem=2951.0M)
% Begin Save routing data ... (date=03/23 22:31:31, mem=2951.0M)
Saving route file ...
*** Completed saveRoute (cpu=0:00:00.1 real=0:00:00.0 mem=2952.2M) ***
% End Save routing data ... (date=03/23 22:31:31, total cpu=0:00:00.1, real=0:00:00.0, peak res=2951.2M, current mem=2951.2M)
Saving property file /nethome/dkhalil8/InnovateECE/PhysicalDesign/RTL2GDS/design/dbs/postcts.enc/Core.prop
*** Completed saveProperty (cpu=0:00:00.1 real=0:00:00.0 mem=2954.5M) ***
#Saving pin access data to file /nethome/dkhalil8/InnovateECE/PhysicalDesign/RTL2GDS/design/dbs/postcts.enc/Core.apa ...
Saving rc congestion map /nethome/dkhalil8/InnovateECE/PhysicalDesign/RTL2GDS/design/dbs/postcts.enc/Core.congmap.gz ...
Saving preRoute extracted patterns in file '/nethome/dkhalil8/InnovateECE/PhysicalDesign/RTL2GDS/design/dbs/postcts.enc/Core.techData.gz' ...
Saving preRoute extraction data in directory '/nethome/dkhalil8/InnovateECE/PhysicalDesign/RTL2GDS/design/dbs/postcts.enc/extraction/' ...
% Begin Save power constraints data ... (date=03/23 22:31:32, mem=2953.9M)
% End Save power constraints data ... (date=03/23 22:31:32, total cpu=0:00:00.0, real=0:00:00.0, peak res=2953.9M, current mem=2953.9M)
Nominal_25C
Nominal_25C
Nominal_25C
**WARN: (GLOBAL-100):	Global 'timing_enable_backward_compatible_mmmc_mode' has become obsolete. It will be removed in the next release.
**WARN: (GLOBAL-100):	Global 'timing_enable_backward_compatible_mmmc_mode' has become obsolete. It will be removed in the next release.
Generated self-contained design postcts.enc
#% End save design ... (date=03/23 22:31:33, total cpu=0:00:04.7, real=0:00:06.0, peak res=3217.1M, current mem=2969.4M)

*** Summary of all messages that are not suppressed in this session:
Severity  ID               Count  Summary                                  
WARNING   IMPMF-5054           1  fill_setting_save command is obsolete an...
WARNING   GLOBAL-100           2  Global '%s' has become obsolete. It will...
*** Message Summary: 3 warning(s), 0 error(s)

      flow.cputime  flow.realtime  timing.setup.tns  timing.setup.wns  snapshot
UM:*                                                                   write_db
#@ Begin verbose flow_step implementation.postcts.write_output_screenshot
@flow 2: set inputstring [get_db flow_starting_db]
@flow 3: set stepname [lindex $inputstring [expr {[llength stepname]}]]
@flow 4: set filename [file tail $stepname]
@flow 5: set rootname [file rootname $filename]
@flow 6: set outfile "./output/screenshots/${rootname}.gif"
@flow 7: # Define the directory name
@flow 8: set dirName "output/screenshots"
@flow 10: # Check if the directory exists
@flow 11: if {![file exists $dirName]} {...
@flow 15: } else {
@flow 16: puts "Directory '$dirName' already exists."
Directory 'output/screenshots' already exists.
@flow 17: }
@@flow 18: write_to_gif $outfile
#@ End verbose flow_step implementation.postcts.write_output_screenshot
      flow.cputime  flow.realtime  timing.setup.tns  timing.setup.wns  snapshot
UM:           5.09              6                                      write_output_screenshot
#@ Begin verbose flow_step implementation.postcts.schedule_postcts_report_postcts
@@flow 2: schedule_flow -flow report_postcts -include_in_metrics
#@ End verbose flow_step implementation.postcts.schedule_postcts_report_postcts

Program version = 25.11-s102_1
Working directory = /nethome/dkhalil8/InnovateECE/PhysicalDesign/RTL2GDS/design
Databases directory = /nethome/dkhalil8/InnovateECE/PhysicalDesign/RTL2GDS/design/dbs
Starting time = Mar 23, 2026 22:30:22
Ending time = Mar 23, 2026 22:31:47

Run Flow Summary
---------------------

Steps run:  implementation.postcts.block_start implementation.postcts.init_innovus.init_innovus_yaml implementation.postcts.init_innovus.init_innovus_user implementation.postcts.run_opt_postcts_hold implementation.postcts.block_finish implementation.postcts.write_output_screenshot implementation.postcts.schedule_postcts_report_postcts

Step status:
     implementation.postcts.block_start                             success
     implementation.postcts.init_innovus.init_innovus_yaml          success
     implementation.postcts.init_innovus.init_innovus_user          success
     implementation.postcts.run_opt_postcts_hold                    success
     implementation.postcts.block_finish                            success
     implementation.postcts.write_output_screenshot                 success
     implementation.postcts.schedule_postcts_report_postcts         success

 ---------------------------------------------------------------------------------------------------- 
| Snapshot    | flow.cputime (s) | flow.realtime (s) | timing.setup.tns (ns) | timing.setup.wns (ns) |
|-------------+------------------+-------------------+-----------------------+-----------------------|
| syn_generic | 0:03:35          | 0:03:39           |                     0 |                 4.008 |
| syn_map     | 0:04:33          | 0:03:58           |                     0 |                 0.656 |
| syn_opt     | 0:03:26          | 0:03:05           |                     0 |                 0.035 |
| floorplan   | 0:02:04          | 0:02:10           |                       |                       |
| prects      | 0:08:31          | 0:09:35           |                     0 |                 0.188 |
| cts         | 0:05:49          | 0:06:51           |                     0 |                 0.239 |
| postcts     | 0:01:50          | 0:02:00           |                     0 |                 0.239 |
 ---------------------------------------------------------------------------------------------------- 
*** Message Summary: 154 warning(s), 0 error(s)


*** Memory Usage v#1 (Current mem = 3261.531M, initial mem = 975.266M) ***
--- Ending "Innovus" (totcpu=0:02:05, real=0:02:18, mem=3261.5M) ---
