Cadence Genus(TM) Synthesis Solution.
Copyright 2025 Cadence Design Systems, Inc. All rights reserved worldwide.
Cadence and the Cadence logo are registered trademarks and Genus is a trademark
of Cadence Design Systems, Inc. in the United States and other countries.

[21:42:40.185705] Configured Lic search path (25.01-s002): 5280@ece-winlic.ece.gatech.edu

Version: 25.11-s095_1, built Tue Aug 12 07:59:05 PDT 2025
Options: -batch -log /nethome/dkhalil8/InnovateECE/PhysicalDesign/RTL2GDS/design/logs/syn_opt.report_synth -disable_user_startup -execute {if {[catch {init_flow  {flow_script {} yaml_script /nethome/dkhalil8/InnovateECE/PhysicalDesign/RTL2GDS/design/scripts/flow.yaml flow_no_check 0 parent_uuid c809de4d-ff01-4efa-883d-d1debcbe2251 previous_uuid {} top_dir /nethome/dkhalil8/InnovateECE/PhysicalDesign/RTL2GDS/design flow_dir ./. status_file /nethome/dkhalil8/InnovateECE/PhysicalDesign/RTL2GDS/design/flow.status.d/syn_opt.report_synth metrics_file /nethome/dkhalil8/InnovateECE/PhysicalDesign/RTL2GDS/design/flow.metrics.d/syn_opt.report_synth run_tag {} db {cdb /nethome/dkhalil8/InnovateECE/PhysicalDesign/RTL2GDS/design/dbs/syn_opt.cdb Core {}} db_is_ref_run 0 branch {} caller_data {group 0 process_branch 3 trunk_process 0 flowtool_hostname ece-rschsrv.ece.gatech.edu flowtool_pid 2469014} flow {flow flow:report_synth tool genus tool_options -disable_user_startup no_sync 0 sync 0 db {cdb dbs/syn_opt.cdb Core {}} dir ./. branch {} caller_data {group 0 process_branch 3} include_in_metrics 1 parent_uuid c809de4d-ff01-4efa-883d-d1debcbe2251 after {} defer 0 child_of {flow:flow_current flow:synthesis flow:syn_opt}} flow_name flow:report_synth first_step {tool genus flow flow:report_synth canonical_path {.steps flow_step:report_start} step flow_step:report_start features {} str report_start child_of {flow:flow_current flow:synthesis flow:syn_opt}} interactive 0 interactive_run 0 enabled_features {} inject_tcl {} trunk_process 0 aum_upload false tool_options -disable_user_startup overwrite 0 last_step {tool genus flow flow:report_synth canonical_path {.steps flow_step:report_finish} step flow_step:report_finish features {} str report_finish child_of {flow:flow_current flow:synthesis flow:syn_opt}} child_of {flow:flow_current flow:synthesis flow:syn_opt} log_prefix /nethome/dkhalil8/InnovateECE/PhysicalDesign/RTL2GDS/design/logs/syn_opt.report_synth}; run_flow -from {tool genus flow flow:report_synth canonical_path {.steps flow_step:report_start} step flow_step:report_start features {} str report_start child_of {flow:flow_current flow:synthesis flow:syn_opt}} -to {tool genus flow flow:report_synth canonical_path {.steps flow_step:report_finish} step flow_step:report_finish features {} str report_finish child_of {flow:flow_current flow:synthesis flow:syn_opt}}} msg]} { puts [concat {Tcl error:} $errorInfo]; set fp [open {/nethome/dkhalil8/InnovateECE/PhysicalDesign/RTL2GDS/design/flow.status.d/syn_opt.report_synth} a]; puts $fp {}; puts $fp [list [list script run_tcl status error flow {flow:report_synth} branch {} flow_working_directory {./.} flow_starting_db {cdb /nethome/dkhalil8/InnovateECE/PhysicalDesign/RTL2GDS/design/dbs/syn_opt.cdb Core {}} {tool_options} {-disable_user_startup} steps_run [get_db flow_step_canonical_current] msg $msg]]; close $fp; exit 1 }; exit 0} 
Date:    Sun Mar 15 21:42:40 2026
Host:    ece-rschsrv.ece.gatech.edu (x86_64 w/Linux 4.18.0-553.89.1.el8_10.x86_64) (22cores*88cpus*2physical cpus*Intel(R) Xeon(R) CPU E5-2699 v4 @ 2.20GHz 56320KB) (264007036KB)
PID:     2483922
OS:      Red Hat Enterprise Linux 8.10 (Ootpa)

Checking out license: Genus_Synthesis
[21:42:40.226880] Periodic Lic check successful
[21:42:40.751184] Feature usage summary:
[21:42:40.751185] Genus_Synthesis  
License checkout complete (0 seconds elapsed).


***********************************************************************************************************
***********************************************************************************************************



Finished executable startup (6 seconds elapsed).

Loading tool scripts...
Finished loading tool scripts (21 seconds elapsed).

#@ Processing -execute option
@genus:root: 1> if {[catch {init_flow  {flow_script {} yaml_script /nethome/dkhalil8/InnovateECE/PhysicalDesign/RTL2GDS/design/scripts/flow.yaml flow_no_check 0 parent_uuid c809de4d-ff01-4efa-883d-d1debcbe2251 previous_uuid {} top_dir /nethome/dkhalil8/InnovateECE/PhysicalDesign/RTL2GDS/design flow_dir ./. status_file /nethome/dkhalil8/InnovateECE/PhysicalDesign/RTL2GDS/design/flow.status.d/syn_opt.report_synth metrics_file /nethome/dkhalil8/InnovateECE/PhysicalDesign/RTL2GDS/design/flow.metrics.d/syn_opt.report_synth run_tag {} db {cdb /nethome/dkhalil8/InnovateECE/PhysicalDesign/RTL2GDS/design/dbs/syn_opt.cdb Core {}} db_is_ref_run 0 branch {} caller_data {group 0 process_branch 3 trunk_process 0 flowtool_hostname ece-rschsrv.ece.gatech.edu flowtool_pid 2469014} flow {flow flow:report_synth tool genus tool_options -disable_user_startup no_sync 0 sync 0 db {cdb dbs/syn_opt.cdb Core {}} dir ./. branch {} caller_data {group 0 process_branch 3} include_in_metrics 1 parent_uuid c809de4d-ff01-4efa-883d-d1debcbe2251 after {} defer 0 child_of {flow:flow_current flow:synthesis flow:syn_opt}} flow_name flow:report_synth first_step {tool genus flow flow:report_synth canonical_path {.steps flow_step:report_start} step flow_step:report_start features {} str report_start child_of {flow:flow_current flow:synthesis flow:syn_opt}} interactive 0 interactive_run 0 enabled_features {} inject_tcl {} trunk_process 0 aum_upload false tool_options -disable_user_startup overwrite 0 last_step {tool genus flow flow:report_synth canonical_path {.steps flow_step:report_finish} step flow_step:report_finish features {} str report_finish child_of {flow:flow_current flow:synthesis flow:syn_opt}} child_of {flow:flow_current flow:synthesis flow:syn_opt} log_prefix /nethome/dkhalil8/InnovateECE/PhysicalDesign/RTL2GDS/design/logs/syn_opt.report_synth}; run_flow -from {tool genus flow flow:report_synth canonical_path {.steps flow_step:report_start} step flow_step:report_start features {} str report_start child_of {flow:flow_current flow:synthesis flow:syn_opt}} -to {tool genus flow flow:report_synth canonical_path {.steps flow_step:report_finish} step flow_step:report_finish features {} str report_finish child_of {flow:flow_current flow:synthesis flow:syn_opt}}} msg]} { puts [concat {Tcl error:} $errorInfo]; set fp [open {/nethome/dkhalil8/InnovateECE/PhysicalDesign/RTL2GDS/design/flow.status.d/syn_opt.report_synth} a]; puts $fp {}; puts $fp [list [list script run_tcl status error flow {flow:report_synth} branch {} flow_working_directory {./.} flow_starting_db {cdb /nethome/dkhalil8/InnovateECE/PhysicalDesign/RTL2GDS/design/dbs/syn_opt.cdb Core {}} {tool_options} {-disable_user_startup} steps_run [get_db flow_step_canonical_current] msg $msg]]; close $fp; exit 1 }; exit 0
init_flow summary:
  Flow script        : 
  YAML script        : /nethome/dkhalil8/InnovateECE/PhysicalDesign/RTL2GDS/design/scripts/flow.yaml
  Flow               : flow:report_synth
  From               : report_start
  To                 : report_finish
  Top directory      : /nethome/dkhalil8/InnovateECE/PhysicalDesign/RTL2GDS/design
  Working directory  : .
  Starting database  : /nethome/dkhalil8/InnovateECE/PhysicalDesign/RTL2GDS/design/dbs/syn_opt.cdb
  Run tag            : 
  Branch name        : 
  Metrics file       : /nethome/dkhalil8/InnovateECE/PhysicalDesign/RTL2GDS/design/flow.metrics.d/syn_opt.report_synth
  Status file        : /nethome/dkhalil8/InnovateECE/PhysicalDesign/RTL2GDS/design/flow.status.d/syn_opt.report_synth
reading previous metrics...
Sourcing flow scripts...
  Setting attribute of root '/': 'flow_template_type' = stylus
  Setting attribute of root '/': 'flow_template_version' = 1
  Setting attribute of root '/': 'flow_template_tools' = genus innovus tempus quantus voltus
  Setting attribute of root '/': 'flow_template_feature_definition' = flow_express 0 report_inline {} report_defer 0 report_none 0 report_clp 0 report_lec {} use_common_db 0 report_pba {} dft_simple 0 dft_compressor 0 synth_hybrid 0 synth_ispatial 0 synth_placev2 0 opt_early_cts 0 clock_design 0 clock_flexible_htree 0 opt_clock 0 opt_postcts_hold_disable 0 opt_postcts_split 0 route_filler_disable 0 route_track_opt 0 route_secondary_nets 0 opt_postroute_split 0 opt_route 0 opt_signoff {} opt_em 0 opt_eco 0 sta_use_setup_yaml 0 sta_dmmmc 0 sta_glitch 0 sta_eco 0 report_early_static_ir 0 report_early_dynamic_ir 0 report_grid_resistance 0 report_static_ir {} report_dynamic_ir {} report_rampup 0 report_signal_em 0 report_power_em 0 report_power_parallel 0 ff_setup 0
  Setting attribute of root '/': 'flowtool_metrics_qor_vivid' = reports/qor.html
  Setting attribute of root '/': 'flow_header_tcl' = 
  #- extend flow report name based on context
  if {[is_flow -quiet -inside flow:sta] || [is_flow -quiet -inside flow:sta_dmmmc] || [is_flow -quiet -inside flow:sta_eco]} {
    if {![regexp {sta$} [get_db flow_report_name]]} {
      set_db flow_report_name [expr {[string is space [get_db flow_report_name]] ? "sta" : "[get_db flow_report_name].sta"}]
    }
  } elseif {[is_flow -quiet -inside flow:ir_early_static] || [is_flow -quiet -inside flow:ir_early_dynamic]} {
    if {![regexp {era$} [get_db flow_report_name]]} {
      set_db flow_report_name [expr {[string is space [get_db flow_report_name]] ? "era" : "[get_db flow_report_name].era"}]
    }
  } elseif {[is_flow -quiet -inside flow:ir_grid] || [is_flow -quiet -inside flow:ir_static] || [is_flow -quiet -inside flow:ir_dynamic] || [is_flow -quiet -inside flow:ir_rampup]} {
    if {![regexp {ir$} [get_db flow_report_name]]} {
      set_db flow_report_name [expr {[string is space [get_db flow_report_name]] ? "ir" : "[get_db flow_report_name].ir"}]
    }
  } elseif {[is_flow -quiet -inside flow:sta_subflows] && [get_db flow_branch] ne {}} {
    set_db flow_report_name [get_db flow_branch]
  } elseif {[regexp {block_start|hier_start|eco_start} [get_db flow_step_current]]} {
    set_db flow_report_name [get_db [lindex [get_db flow_hier_path] end] .name]
  } else {
  }

  #- Create report dir (if necessary)
  file mkdir [file normalize [file join [get_db flow_report_directory] [get_db flow_report_name]]]

  Setting attribute of root '/': 'flow_top' = flow:block
  Setting attribute of root '/': 'flow_top' = flow_current
Sourcing flow scripts done.
Begin steps for plugin point Cadence.plugin.flowkit.read_db.pre
#@ Begin verbose flow_step activate_views
@flow_step(activate_views)  2:   apply {{} {
                                   set db [get_db flow_starting_db]
                                   set flow [lindex [get_db flow_hier_path] end]
                                   set setup_views [get_feature -obj $flow setup_views]
                                   set hold_views [get_feature -obj $flow hold_views]
                                   set leakage_view [get_feature -obj $flow leakage_view]
                                   set dynamic_view [get_feature -obj $flow dynamic_view]
                                 
                                   if {($setup_views ne "") || ($hold_views ne "") || ($leakage_view ne "") || ($dynamic_view ne "")} {
                                     #- use read_db args for DB types and set_analysis_views for TCL
                                     if {([llength [get_db analysis_views]]) > 0 &&  ([lindex $db 0] eq {tcl} || [lindex $db 0] in {enc cdb} && [file isfile [lindex $db 1]])} {
                                       set cmd "set_analysis_view"
                                       if {$setup_views ne ""} {
                                         append cmd " -setup [list $setup_views]"
                                       } else {
                                         append cmd " -setup [list [get_db [get_db analysis_views -if .is_setup] .name]]"
                                       }
                                       if {$hold_views ne ""} {
                                         append cmd " -hold [list $hold_views]"
                                       } else {
                                         append cmd " -hold [list [get_db [get_db analysis_views -if .is_hold] .name]]"
                                       }
                                       if {$leakage_view ne ""} {
                                         append cmd " -leakage [list $leakage_view]"
                                       } else {
                                         if {[llength [get_db analysis_views -if .is_leakage]] > 0} {
                                           append cmd " -leakage [list [get_db [get_db analysis_views -if .is_leakage] .name]]"
                                         }
                                       }
                                       if {$dynamic_view ne ""} {
                                         append cmd " -dynamic [list $dynamic_view]"
                                       } else {
                                         if {[llength [get_db analysis_views -if .is_dynamic]] > 0} {
                                           append cmd " -dynamic [list [get_db [get_db analysis_views -if .is_dynamic] .name]]"
                                         }
                                       }
                                       eval $cmd
                                     } elseif {[llength [get_db analysis_views]] == 0} {
                                       set cmd "set_flowkit_read_db_args"
                                       if {$setup_views ne ""} {
                                         append cmd " -setup_views [list $setup_views]"
                                       }
                                       if {$hold_views ne ""} {
                                         append cmd " -hold_views [list $hold_views]"
                                       }
                                       if {$leakage_view ne ""} {
                                         append cmd " -leakage_view [list $leakage_view]"
                                       }
                                       if {$dynamic_view ne ""} {
                                         append cmd " -dynamic_view [list $dynamic_view]"
                                       }
                                       eval $cmd
                                     } else {
                                     }
                                   }
                                 }}
#@ End verbose flow_step activate_views
#@ Begin verbose flow_step init_mcpu
@flow_step(init_mcpu)  2:   apply {{} {
                              # Multi host/cpu attributes
                              #-----------------------------------------------------------------------------
                              # The FLOWTOOL_NUM_CPUS is an environment variable which should be exported by
                              # the specified dist script.  This connects the number of CPUs being reserved
                              # for batch jobs with the current flow scripts.  The LSB_MAX_NUM_PROCESSORS is
                              # a typical environment variable exported by distribution platforms and is
                              # useful for ensuring all interactive jobs are using the reserved amount of CPUs.
                              if {[info exists ::env(FLOWTOOL_NUM_CPUS)]} {
                                set max_cpus $::env(FLOWTOOL_NUM_CPUS)
                              } elseif {[info exists ::env(LSB_MAX_NUM_PROCESSORS)]} {
                                set max_cpus $::env(LSB_MAX_NUM_PROCESSORS)
                              } else {
                                set max_cpus 1
                              }
                              switch -glob [get_db program_short_name] {
                                default       {}
                                joules*       -
                                genus*        -
                                innovus*      -
                                tempus*       -
                                voltus*       { set_multi_cpu_usage -verbose -local_cpu $max_cpus }
                              }
                          if {[get_feature opt_signoff]} {
                                if {[is_flow -inside flow:opt_signoff]} {
                                  set_multi_cpu_usage -verbose -remote_host 1
                                  set_multi_cpu_usage -verbose -cpu_per_remote_host 16
                                  set_distributed_hosts -local
                                }
                          }
                            }}
set_multi_cpu_usage -local_cpu 1
#@ End verbose flow_step init_mcpu
End steps for plugin point Cadence.plugin.flowkit.read_db.pre
%# Begin ::stylus_db::read (03/15 21:43:04, mem=1449.75M)
(stylus_db): Argument checking
ERROR: Failed to read Stylus-DB: Failed to find sql under /nethome/dkhalil8/InnovateECE/PhysicalDesign/RTL2GDS/design/dbs/syn_opt.cdb/cmn
>> errorInfo: Failed to find sql under /nethome/dkhalil8/InnovateECE/PhysicalDesign/RTL2GDS/design/dbs/syn_opt.cdb/cmn
>> errorInfo:     while executing
>> errorInfo: "error "Failed to find sql under $_state_(cmn_dir)""
>> errorInfo:     ("try" body line 182)
%# End ::stylus_db::read (03/15 21:43:04, total cpu=03:00:00, real=03:00:00, peak res=702.90M, current mem=1462.76M)
UM:   flow.cputime  flow.realtime  timing.setup.tns  timing.setup.wns  snapshot
UM:*                                                                   read_db
Tcl error: 1
    while executing
"read_db /nethome/dkhalil8/InnovateECE/PhysicalDesign/RTL2GDS/design/dbs/syn_opt.cdb"
    invoked from within
"init_flow  {flow_script {} yaml_script /nethome/dkhalil8/InnovateECE/PhysicalDesign/RTL2GDS/design/scripts/flow.yaml flow_no_check 0 parent_uuid c809d..."

Lic Summary:
[21:43:04.300712] Cdslmd servers: ece-winlic
[21:43:04.825019] Feature usage summary:
[21:43:04.825019] Genus_Synthesis  
Abnormal exit.