Cadence Genus(TM) Synthesis Solution.
Copyright 2025 Cadence Design Systems, Inc. All rights reserved worldwide.
Cadence and the Cadence logo are registered trademarks and Genus is a trademark
of Cadence Design Systems, Inc. in the United States and other countries.

[21:38:08.185777] Configured Lic search path (25.01-s002): 5280@ece-winlic.ece.gatech.edu

Version: 25.11-s095_1, built Tue Aug 12 07:59:05 PDT 2025
Options: -batch -log /nethome/dkhalil8/InnovateECE/PhysicalDesign/RTL2GDS/design/logs/syn_map -disable_user_startup -execute {if {[catch {init_flow  {flow_script {} yaml_script /nethome/dkhalil8/InnovateECE/PhysicalDesign/RTL2GDS/design/scripts/flow.yaml flow_no_check 0 parent_uuid {} previous_uuid {} top_dir /nethome/dkhalil8/InnovateECE/PhysicalDesign/RTL2GDS/design flow_dir . status_file /nethome/dkhalil8/InnovateECE/PhysicalDesign/RTL2GDS/design/flow.status.d/syn_map metrics_file /nethome/dkhalil8/InnovateECE/PhysicalDesign/RTL2GDS/design/flow.metrics.d/syn_map run_tag {} db {rc /nethome/dkhalil8/InnovateECE/PhysicalDesign/RTL2GDS/design/dbs/syn_generic.db Core {}} db_is_ref_run 0 branch {} caller_data {group 0 process_branch 0 trunk_process 1 flowtool_hostname ece-linlabsrv01.ece.gatech.edu flowtool_pid 2080309} flow {flow flow:flow_current dir . db {rc dbs/syn_generic.db Core {}} branch {} tool genus caller_data {group 0 process_branch 0 trunk_process 1 flowtool_hostname ece-linlabsrv01.ece.gatech.edu flowtool_pid 2080309} uuid {} tool_options {} start_step {tool genus flow flow:flow_current canonical_path {.steps flow:synthesis .steps flow:syn_map .steps flow_step:block_start} step flow_step:block_start features {} str synthesis.syn_map.block_start} process_branch_trunk 1} flow_name flow:flow_current first_step {tool genus flow flow:flow_current canonical_path {.steps flow:synthesis .steps flow:syn_map .steps flow_step:block_start} step flow_step:block_start features {} str synthesis.syn_map.block_start} interactive 0 interactive_run 0 enabled_features {} inject_tcl {} trunk_process 1 aum_upload false tool_options {} overwrite 0 last_step {tool genus flow flow:flow_current canonical_path {.steps flow:synthesis .steps flow:syn_map .steps flow_step:schedule_syn_map_report_synth} step flow_step:schedule_syn_map_report_synth features {} str synthesis.syn_map.schedule_syn_map_report_synth} log_prefix /nethome/dkhalil8/InnovateECE/PhysicalDesign/RTL2GDS/design/logs/syn_map}; run_flow -from {tool genus flow flow:flow_current canonical_path {.steps flow:synthesis .steps flow:syn_map .steps flow_step:block_start} step flow_step:block_start features {} str synthesis.syn_map.block_start} -to {tool genus flow flow:flow_current canonical_path {.steps flow:synthesis .steps flow:syn_map .steps flow_step:schedule_syn_map_report_synth} step flow_step:schedule_syn_map_report_synth features {} str synthesis.syn_map.schedule_syn_map_report_synth}} msg]} { puts [concat {Tcl error:} $errorInfo]; set fp [open {/nethome/dkhalil8/InnovateECE/PhysicalDesign/RTL2GDS/design/flow.status.d/syn_map} a]; puts $fp {}; puts $fp [list [list script run_tcl status error flow {flow:flow_current} branch {} flow_working_directory {.} flow_starting_db {rc /nethome/dkhalil8/InnovateECE/PhysicalDesign/RTL2GDS/design/dbs/syn_generic.db Core {}} {tool_options} {} steps_run [get_db flow_step_canonical_current] msg $msg]]; close $fp; exit 1 }; exit 0} 
Date:    Mon Mar 23 21:38:08 2026
Host:    ece-linlabsrv01 (x86_64 w/Linux 4.18.0-553.111.1.el8_10.x86_64) (14cores*112cpus*4physical cpus*Intel(R) Xeon(R) Gold 5117 CPU @ 2.00GHz 19712KB) (394632284KB)
PID:     2110904
OS:      Red Hat Enterprise Linux 8.10 (Ootpa)

Checking out license: Genus_Synthesis
[21:38:08.125523] Periodic Lic check successful
[21:38:08.649826] Feature usage summary:
[21:38:08.649826] Genus_Synthesis  
License checkout complete (0 seconds elapsed).


***********************************************************************************************************
***********************************************************************************************************



Finished executable startup (8 seconds elapsed).

Loading tool scripts...
Finished loading tool scripts (25 seconds elapsed).

#@ Processing -execute option
@genus:root: 1> if {[catch {init_flow  {flow_script {} yaml_script /nethome/dkhalil8/InnovateECE/PhysicalDesign/RTL2GDS/design/scripts/flow.yaml flow_no_check 0 parent_uuid {} previous_uuid {} top_dir /nethome/dkhalil8/InnovateECE/PhysicalDesign/RTL2GDS/design flow_dir . status_file /nethome/dkhalil8/InnovateECE/PhysicalDesign/RTL2GDS/design/flow.status.d/syn_map metrics_file /nethome/dkhalil8/InnovateECE/PhysicalDesign/RTL2GDS/design/flow.metrics.d/syn_map run_tag {} db {rc /nethome/dkhalil8/InnovateECE/PhysicalDesign/RTL2GDS/design/dbs/syn_generic.db Core {}} db_is_ref_run 0 branch {} caller_data {group 0 process_branch 0 trunk_process 1 flowtool_hostname ece-linlabsrv01.ece.gatech.edu flowtool_pid 2080309} flow {flow flow:flow_current dir . db {rc dbs/syn_generic.db Core {}} branch {} tool genus caller_data {group 0 process_branch 0 trunk_process 1 flowtool_hostname ece-linlabsrv01.ece.gatech.edu flowtool_pid 2080309} uuid {} tool_options {} start_step {tool genus flow flow:flow_current canonical_path {.steps flow:synthesis .steps flow:syn_map .steps flow_step:block_start} step flow_step:block_start features {} str synthesis.syn_map.block_start} process_branch_trunk 1} flow_name flow:flow_current first_step {tool genus flow flow:flow_current canonical_path {.steps flow:synthesis .steps flow:syn_map .steps flow_step:block_start} step flow_step:block_start features {} str synthesis.syn_map.block_start} interactive 0 interactive_run 0 enabled_features {} inject_tcl {} trunk_process 1 aum_upload false tool_options {} overwrite 0 last_step {tool genus flow flow:flow_current canonical_path {.steps flow:synthesis .steps flow:syn_map .steps flow_step:schedule_syn_map_report_synth} step flow_step:schedule_syn_map_report_synth features {} str synthesis.syn_map.schedule_syn_map_report_synth} log_prefix /nethome/dkhalil8/InnovateECE/PhysicalDesign/RTL2GDS/design/logs/syn_map}; run_flow -from {tool genus flow flow:flow_current canonical_path {.steps flow:synthesis .steps flow:syn_map .steps flow_step:block_start} step flow_step:block_start features {} str synthesis.syn_map.block_start} -to {tool genus flow flow:flow_current canonical_path {.steps flow:synthesis .steps flow:syn_map .steps flow_step:schedule_syn_map_report_synth} step flow_step:schedule_syn_map_report_synth features {} str synthesis.syn_map.schedule_syn_map_report_synth}} msg]} { puts [concat {Tcl error:} $errorInfo]; set fp [open {/nethome/dkhalil8/InnovateECE/PhysicalDesign/RTL2GDS/design/flow.status.d/syn_map} a]; puts $fp {}; puts $fp [list [list script run_tcl status error flow {flow:flow_current} branch {} flow_working_directory {.} flow_starting_db {rc /nethome/dkhalil8/InnovateECE/PhysicalDesign/RTL2GDS/design/dbs/syn_generic.db Core {}} {tool_options} {} steps_run [get_db flow_step_canonical_current] msg $msg]]; close $fp; exit 1 }; exit 0
init_flow summary:
  Flow script        : 
  YAML script        : /nethome/dkhalil8/InnovateECE/PhysicalDesign/RTL2GDS/design/scripts/flow.yaml
  Flow               : flow:flow_current
  From               : synthesis.syn_map.block_start
  To                 : synthesis.syn_map.schedule_syn_map_report_synth
  Top directory      : /nethome/dkhalil8/InnovateECE/PhysicalDesign/RTL2GDS/design
  Working directory  : .
  Starting database  : /nethome/dkhalil8/InnovateECE/PhysicalDesign/RTL2GDS/design/dbs/syn_generic.db
  Run tag            : 
  Branch name        : 
  Metrics file       : /nethome/dkhalil8/InnovateECE/PhysicalDesign/RTL2GDS/design/flow.metrics.d/syn_map
  Status file        : /nethome/dkhalil8/InnovateECE/PhysicalDesign/RTL2GDS/design/flow.status.d/syn_map
reading previous metrics...
Sourcing flow scripts...
  Setting attribute of root '/': 'flow_template_type' = stylus
  Setting attribute of root '/': 'flow_template_version' = 1
  Setting attribute of root '/': 'flow_template_tools' = genus innovus tempus quantus voltus
  Setting attribute of root '/': 'flow_template_feature_definition' = flow_express 0 report_inline {} report_defer 0 report_none 0 report_clp 0 report_lec {} use_common_db 0 report_pba {} dft_simple 0 dft_compressor 0 synth_hybrid 0 synth_ispatial 0 synth_placev2 0 opt_early_cts 0 clock_design 0 clock_flexible_htree 0 opt_clock 0 opt_postcts_hold_disable 0 opt_postcts_split 0 route_filler_disable 0 route_track_opt 0 route_secondary_nets 0 opt_postroute_split 0 opt_route 0 opt_signoff {} opt_em 0 opt_eco 0 sta_use_setup_yaml 0 sta_dmmmc 0 sta_glitch 0 sta_eco 0 report_early_static_ir 0 report_early_dynamic_ir 0 report_grid_resistance 0 report_static_ir {} report_dynamic_ir {} report_rampup 0 report_signal_em 0 report_power_em 0 report_power_parallel 0 ff_setup 0
  Setting attribute of root '/': 'flowtool_metrics_qor_vivid' = reports/qor.html
  Setting attribute of root '/': 'flow_header_tcl' = 
  #- extend flow report name based on context
  if {[is_flow -quiet -inside flow:sta] || [is_flow -quiet -inside flow:sta_dmmmc] || [is_flow -quiet -inside flow:sta_eco]} {
    if {![regexp {sta$} [get_db flow_report_name]]} {
      set_db flow_report_name [expr {[string is space [get_db flow_report_name]] ? "sta" : "[get_db flow_report_name].sta"}]
    }
  } elseif {[is_flow -quiet -inside flow:ir_early_static] || [is_flow -quiet -inside flow:ir_early_dynamic]} {
    if {![regexp {era$} [get_db flow_report_name]]} {
      set_db flow_report_name [expr {[string is space [get_db flow_report_name]] ? "era" : "[get_db flow_report_name].era"}]
    }
  } elseif {[is_flow -quiet -inside flow:ir_grid] || [is_flow -quiet -inside flow:ir_static] || [is_flow -quiet -inside flow:ir_dynamic] || [is_flow -quiet -inside flow:ir_rampup]} {
    if {![regexp {ir$} [get_db flow_report_name]]} {
      set_db flow_report_name [expr {[string is space [get_db flow_report_name]] ? "ir" : "[get_db flow_report_name].ir"}]
    }
  } elseif {[is_flow -quiet -inside flow:sta_subflows] && [get_db flow_branch] ne {}} {
    set_db flow_report_name [get_db flow_branch]
  } elseif {[regexp {block_start|hier_start|eco_start} [get_db flow_step_current]]} {
    set_db flow_report_name [get_db [lindex [get_db flow_hier_path] end] .name]
  } else {
  }

  #- Create report dir (if necessary)
  file mkdir [file normalize [file join [get_db flow_report_directory] [get_db flow_report_name]]]

  Setting attribute of root '/': 'flow_top' = flow:block
  Setting attribute of root '/': 'flow_top' = flow_current
Sourcing flow scripts done.
Begin steps for plugin point Cadence.plugin.flowkit.read_db.pre
#@ Begin verbose flow_step activate_views
@flow_step(activate_views)  2:   apply {{} {
                                   set db [get_db flow_starting_db]
                                   set flow [lindex [get_db flow_hier_path] end]
                                   set setup_views [get_feature -obj $flow setup_views]
                                   set hold_views [get_feature -obj $flow hold_views]
                                   set leakage_view [get_feature -obj $flow leakage_view]
                                   set dynamic_view [get_feature -obj $flow dynamic_view]
                                 
                                   if {($setup_views ne "") || ($hold_views ne "") || ($leakage_view ne "") || ($dynamic_view ne "")} {
                                     #- use read_db args for DB types and set_analysis_views for TCL
                                     if {([llength [get_db analysis_views]]) > 0 &&  ([lindex $db 0] eq {tcl} || [lindex $db 0] in {enc cdb} && [file isfile [lindex $db 1]])} {
                                       set cmd "set_analysis_view"
                                       if {$setup_views ne ""} {
                                         append cmd " -setup [list $setup_views]"
                                       } else {
                                         append cmd " -setup [list [get_db [get_db analysis_views -if .is_setup] .name]]"
                                       }
                                       if {$hold_views ne ""} {
                                         append cmd " -hold [list $hold_views]"
                                       } else {
                                         append cmd " -hold [list [get_db [get_db analysis_views -if .is_hold] .name]]"
                                       }
                                       if {$leakage_view ne ""} {
                                         append cmd " -leakage [list $leakage_view]"
                                       } else {
                                         if {[llength [get_db analysis_views -if .is_leakage]] > 0} {
                                           append cmd " -leakage [list [get_db [get_db analysis_views -if .is_leakage] .name]]"
                                         }
                                       }
                                       if {$dynamic_view ne ""} {
                                         append cmd " -dynamic [list $dynamic_view]"
                                       } else {
                                         if {[llength [get_db analysis_views -if .is_dynamic]] > 0} {
                                           append cmd " -dynamic [list [get_db [get_db analysis_views -if .is_dynamic] .name]]"
                                         }
                                       }
                                       eval $cmd
                                     } elseif {[llength [get_db analysis_views]] == 0} {
                                       set cmd "set_flowkit_read_db_args"
                                       if {$setup_views ne ""} {
                                         append cmd " -setup_views [list $setup_views]"
                                       }
                                       if {$hold_views ne ""} {
                                         append cmd " -hold_views [list $hold_views]"
                                       }
                                       if {$leakage_view ne ""} {
                                         append cmd " -leakage_view [list $leakage_view]"
                                       }
                                       if {$dynamic_view ne ""} {
                                         append cmd " -dynamic_view [list $dynamic_view]"
                                       }
                                       eval $cmd
                                     } else {
                                     }
                                   }
                                 }}
#@ End verbose flow_step activate_views
#@ Begin verbose flow_step init_mcpu
@flow_step(init_mcpu)  2:   apply {{} {
                              # Multi host/cpu attributes
                              #-----------------------------------------------------------------------------
                              # The FLOWTOOL_NUM_CPUS is an environment variable which should be exported by
                              # the specified dist script.  This connects the number of CPUs being reserved
                              # for batch jobs with the current flow scripts.  The LSB_MAX_NUM_PROCESSORS is
                              # a typical environment variable exported by distribution platforms and is
                              # useful for ensuring all interactive jobs are using the reserved amount of CPUs.
                              if {[info exists ::env(FLOWTOOL_NUM_CPUS)]} {
                                set max_cpus $::env(FLOWTOOL_NUM_CPUS)
                              } elseif {[info exists ::env(LSB_MAX_NUM_PROCESSORS)]} {
                                set max_cpus $::env(LSB_MAX_NUM_PROCESSORS)
                              } else {
                                set max_cpus 1
                              }
                              switch -glob [get_db program_short_name] {
                                default       {}
                                joules*       -
                                genus*        -
                                innovus*      -
                                tempus*       -
                                voltus*       { set_multi_cpu_usage -verbose -local_cpu $max_cpus }
                              }
                          if {[get_feature opt_signoff]} {
                                if {[is_flow -inside flow:opt_signoff]} {
                                  set_multi_cpu_usage -verbose -remote_host 1
                                  set_multi_cpu_usage -verbose -cpu_per_remote_host 16
                                  set_distributed_hosts -local
                                }
                          }
                            }}
set_multi_cpu_usage -local_cpu 1
#@ End verbose flow_step init_mcpu
End steps for plugin point Cadence.plugin.flowkit.read_db.pre
Reading database file '/nethome/dkhalil8/InnovateECE/PhysicalDesign/RTL2GDS/design/dbs/syn_generic.db'.

  Message Summary for Library both libraries:
  *******************************************
  Missing library level attribute. [LBR-516]: 1
  An unsupported construct was detected in this library. [LBR-40]: 2
  *******************************************
 
Info    : Created nominal operating condition. [LBR-412]
        : Operating condition '_nominal_' was created for the PVT values (1.000000, 1.800000, 25.000000) in library 'sky130_tt_1.8_25_nldm.lib'.
        : The nominal operating condition is represented, either by the nominal PVT values specified in the library source (via nom_process,nom_voltage and nom_temperature respectively), or by the default PVT values (1.0,1.0,1.0).
Info    : Created nominal operating condition. [LBR-412]
        : Operating condition '_nominal_' was created for the PVT values (1.000000, 1.800000, 25.000000) in library 'sky130_sram_2kbyte_1rw1r_32x512_8_TT_1p8V_25C.lib'.
Info    : Set default library domain. [LBR-109]
        : The default library domain is 'library_domain:tt_v1.8_25C'.
##  Process: 130            (User Set)
##     Node: (not set)
##  Check design process and node:
##  Design tech node is not set.

  According to lef_library, there are total 5 routing layers [ V(2) / H(3) ]

Warning : The variant range of wire parameters is too large. An example of wire parameters are, a WIDTH for layer, PITCH for layer, MINSPACING for layers, etc. [PHYS-12]
        : The variant range (0.14, 1.6) of 'WIDTH' for layers 'met1' and 'met5' is too large.
        : Check the consistency of the parameters, and see if you can ignore this message or you're using different LEF file with wrong parameters.
Warning : The variant range of wire parameters is too large. An example of wire parameters are, a WIDTH for layer, PITCH for layer, MINSPACING for layers, etc. [PHYS-12]
        : The variant range (0.14, 1.6) of 'MINSPACING' for layers 'met2' and 'met5' is too large.
Warning : Physical cell not defined in library. [PHYS-279]
        : The physical (LEF) cell FILL1 cannot be found in library.
        : Ensure that the proper library files are available and have been imported.
Warning : Physical cell not defined in library. [PHYS-279]
        : The physical (LEF) cell FILL2 cannot be found in library.
Warning : Physical cell not defined in library. [PHYS-279]
        : The physical (LEF) cell FILL4 cannot be found in library.
Warning : Physical cell not defined in library. [PHYS-279]
        : The physical (LEF) cell FILL8 cannot be found in library.
Warning : Physical cell not defined in library. [PHYS-279]
        : The physical (LEF) cell FILL16 cannot be found in library.
Warning : Physical cell not defined in library. [PHYS-279]
        : The physical (LEF) cell FILL32 cannot be found in library.
Warning : Physical cell not defined in library. [PHYS-279]
        : The physical (LEF) cell FILL64 cannot be found in library.
Warning : Physical cell not defined in library. [PHYS-279]
        : The physical (LEF) cell ANTENNA cannot be found in library.
This attribute has no effect on the tool operation.
This attribute has no effect on the tool operation.

  According to qrc_tech_file, there are total 5 routing layers [ V(2) / H(3) ]


  According to qrc_tech_file, there are total 5 routing layers [ V(2) / H(3) ]

Warning : Total power has skewed contributions from leakage and dynamic power. [POPT-502]
        : With 'opt_leakage_to_dynamic_ratio' set to 0.5, the total power of 'NAND2X1' is being computed as:
	  Total Power = (Leakage Power * 0.5) + (Dynamic Power * (1 - 0.5))
	  Leakage Power:     0.1139330000 nW
	  Dynamic Power:  4821.5147780000 nW
	  Total Power:    2410.8143555000 nW
	  Leakage Power is contributing 0.00236% to the Total Power.
        : Dynamic power is typically calculated/specified for some 'active period'. For combination of leakage and dynamic power opt_leakage_to_dynamic_ratio must specify the percentage of overall time for which the design is not in the 'active period' but in 'idle mode', i.e. no dynamic power but only leakage power is consumed. For a reasonable optimization across dynamic and leakage power, leakage contribution is expected to be above 5% and below 95%. A contribution of less than 5% will result in limited leakage optimization and contribution of more than 95% will result in limited dynamic optimization. Adjust 'opt_leakage_to_dynamic_ratio' so that leakage contribution comes to an intermediate value if you intend both optimizations to occur.
UM:   flow.cputime  flow.realtime  timing.setup.tns  timing.setup.wns  snapshot
UM:*                                                                   read_db
Sourcing flow scripts...
  Setting attribute of root '/': 'flow_template_type' = stylus
  Setting attribute of root '/': 'flow_template_version' = 1
  Setting attribute of root '/': 'flow_template_tools' = genus innovus tempus quantus voltus
  Setting attribute of root '/': 'flow_template_feature_definition' = flow_express 0 report_inline {} report_defer 0 report_none 0 report_clp 0 report_lec {} use_common_db 0 report_pba {} dft_simple 0 dft_compressor 0 synth_hybrid 0 synth_ispatial 0 synth_placev2 0 opt_early_cts 0 clock_design 0 clock_flexible_htree 0 opt_clock 0 opt_postcts_hold_disable 0 opt_postcts_split 0 route_filler_disable 0 route_track_opt 0 route_secondary_nets 0 opt_postroute_split 0 opt_route 0 opt_signoff {} opt_em 0 opt_eco 0 sta_use_setup_yaml 0 sta_dmmmc 0 sta_glitch 0 sta_eco 0 report_early_static_ir 0 report_early_dynamic_ir 0 report_grid_resistance 0 report_static_ir {} report_dynamic_ir {} report_rampup 0 report_signal_em 0 report_power_em 0 report_power_parallel 0 ff_setup 0
  Setting attribute of root '/': 'flowtool_metrics_qor_vivid' = reports/qor.html
  Setting attribute of root '/': 'flow_header_tcl' = 
  #- extend flow report name based on context
  if {[is_flow -quiet -inside flow:sta] || [is_flow -quiet -inside flow:sta_dmmmc] || [is_flow -quiet -inside flow:sta_eco]} {
    if {![regexp {sta$} [get_db flow_report_name]]} {
      set_db flow_report_name [expr {[string is space [get_db flow_report_name]] ? "sta" : "[get_db flow_report_name].sta"}]
    }
  } elseif {[is_flow -quiet -inside flow:ir_early_static] || [is_flow -quiet -inside flow:ir_early_dynamic]} {
    if {![regexp {era$} [get_db flow_report_name]]} {
      set_db flow_report_name [expr {[string is space [get_db flow_report_name]] ? "era" : "[get_db flow_report_name].era"}]
    }
  } elseif {[is_flow -quiet -inside flow:ir_grid] || [is_flow -quiet -inside flow:ir_static] || [is_flow -quiet -inside flow:ir_dynamic] || [is_flow -quiet -inside flow:ir_rampup]} {
    if {![regexp {ir$} [get_db flow_report_name]]} {
      set_db flow_report_name [expr {[string is space [get_db flow_report_name]] ? "ir" : "[get_db flow_report_name].ir"}]
    }
  } elseif {[is_flow -quiet -inside flow:sta_subflows] && [get_db flow_branch] ne {}} {
    set_db flow_report_name [get_db flow_branch]
  } elseif {[regexp {block_start|hier_start|eco_start} [get_db flow_step_current]]} {
    set_db flow_report_name [get_db [lindex [get_db flow_hier_path] end] .name]
  } else {
  }

  #- Create report dir (if necessary)
  file mkdir [file normalize [file join [get_db flow_report_directory] [get_db flow_report_name]]]

  Setting attribute of root '/': 'flow_top' = flow:block
  Setting attribute of root '/': 'flow_top' = flow_current
Sourcing flow scripts done.
reading previous metrics...
Begin steps for plugin point Cadence.plugin.flowkit.read_db.post
#@ Begin verbose flow_step activate_views
@flow_step(activate_views)  2:   apply {{} {
                                   set db [get_db flow_starting_db]
                                   set flow [lindex [get_db flow_hier_path] end]
                                   set setup_views [get_feature -obj $flow setup_views]
                                   set hold_views [get_feature -obj $flow hold_views]
                                   set leakage_view [get_feature -obj $flow leakage_view]
                                   set dynamic_view [get_feature -obj $flow dynamic_view]
                                 
                                   if {($setup_views ne "") || ($hold_views ne "") || ($leakage_view ne "") || ($dynamic_view ne "")} {
                                     #- use read_db args for DB types and set_analysis_views for TCL
                                     if {([llength [get_db analysis_views]]) > 0 &&  ([lindex $db 0] eq {tcl} || [lindex $db 0] in {enc cdb} && [file isfile [lindex $db 1]])} {
                                       set cmd "set_analysis_view"
                                       if {$setup_views ne ""} {
                                         append cmd " -setup [list $setup_views]"
                                       } else {
                                         append cmd " -setup [list [get_db [get_db analysis_views -if .is_setup] .name]]"
                                       }
                                       if {$hold_views ne ""} {
                                         append cmd " -hold [list $hold_views]"
                                       } else {
                                         append cmd " -hold [list [get_db [get_db analysis_views -if .is_hold] .name]]"
                                       }
                                       if {$leakage_view ne ""} {
                                         append cmd " -leakage [list $leakage_view]"
                                       } else {
                                         if {[llength [get_db analysis_views -if .is_leakage]] > 0} {
                                           append cmd " -leakage [list [get_db [get_db analysis_views -if .is_leakage] .name]]"
                                         }
                                       }
                                       if {$dynamic_view ne ""} {
                                         append cmd " -dynamic [list $dynamic_view]"
                                       } else {
                                         if {[llength [get_db analysis_views -if .is_dynamic]] > 0} {
                                           append cmd " -dynamic [list [get_db [get_db analysis_views -if .is_dynamic] .name]]"
                                         }
                                       }
                                       eval $cmd
                                     } elseif {[llength [get_db analysis_views]] == 0} {
                                       set cmd "set_flowkit_read_db_args"
                                       if {$setup_views ne ""} {
                                         append cmd " -setup_views [list $setup_views]"
                                       }
                                       if {$hold_views ne ""} {
                                         append cmd " -hold_views [list $hold_views]"
                                       }
                                       if {$leakage_view ne ""} {
                                         append cmd " -leakage_view [list $leakage_view]"
                                       }
                                       if {$dynamic_view ne ""} {
                                         append cmd " -dynamic_view [list $dynamic_view]"
                                       }
                                       eval $cmd
                                     } else {
                                     }
                                   }
                                 }}
#@ End verbose flow_step activate_views
#@ Begin verbose flow_step init_mcpu
@flow_step(init_mcpu)  2:   apply {{} {
                              # Multi host/cpu attributes
                              #-----------------------------------------------------------------------------
                              # The FLOWTOOL_NUM_CPUS is an environment variable which should be exported by
                              # the specified dist script.  This connects the number of CPUs being reserved
                              # for batch jobs with the current flow scripts.  The LSB_MAX_NUM_PROCESSORS is
                              # a typical environment variable exported by distribution platforms and is
                              # useful for ensuring all interactive jobs are using the reserved amount of CPUs.
                              if {[info exists ::env(FLOWTOOL_NUM_CPUS)]} {
                                set max_cpus $::env(FLOWTOOL_NUM_CPUS)
                              } elseif {[info exists ::env(LSB_MAX_NUM_PROCESSORS)]} {
                                set max_cpus $::env(LSB_MAX_NUM_PROCESSORS)
                              } else {
                                set max_cpus 1
                              }
                              switch -glob [get_db program_short_name] {
                                default       {}
                                joules*       -
                                genus*        -
                                innovus*      -
                                tempus*       -
                                voltus*       { set_multi_cpu_usage -verbose -local_cpu $max_cpus }
                              }
                          if {[get_feature opt_signoff]} {
                                if {[is_flow -inside flow:opt_signoff]} {
                                  set_multi_cpu_usage -verbose -remote_host 1
                                  set_multi_cpu_usage -verbose -cpu_per_remote_host 16
                                  set_distributed_hosts -local
                                }
                          }
                            }}
set_multi_cpu_usage -local_cpu 1
#@ End verbose flow_step init_mcpu
End steps for plugin point Cadence.plugin.flowkit.read_db.post
      flow.cputime  flow.realtime  timing.setup.tns  timing.setup.wns  snapshot
UM:*                                                                   init_flow
      flow.cputime  flow.realtime  timing.setup.tns  timing.setup.wns  snapshot
UM:*                                                                   syn_map
  Setting attribute of root '/': 'flow_report_name' = syn_map
#@ Begin verbose flow_step synthesis.syn_map.block_start
@flow_step(block_start) 2:     set_db flow_write_db_common false
  Setting attribute of root '/': 'flow_write_db_common' = false
#@ End verbose flow_step synthesis.syn_map.block_start
      flow.cputime  flow.realtime  timing.setup.tns  timing.setup.wns  snapshot
UM:             40             45                                      block_start
#@ Begin verbose flow_step synthesis.syn_map.init_genus.init_genus_yaml
@flow_step(init_genus_yaml)  2:   # Timing attributes  [get_db -category tim]
@flow_step(init_genus_yaml)  3:   #-------------------------------------------------------------------------------
@flow_step(init_genus_yaml)  4:   set_db ocv_mode                         true
  Setting attribute of root '/': 'ocv_mode' = true
@flow_step(init_genus_yaml)  6:   # Routing attributes  [get_db -category route]
@flow_step(init_genus_yaml)  7:   #-------------------------------------------------------------------------------
@flow_step(init_genus_yaml)  8:   set_db design_top_routing_layer met5
  Setting attribute of root '/': 'design_top_routing_layer' = met5
@flow_step(init_genus_yaml)  9:   set_db design_bottom_routing_layer met1
  Setting attribute of root '/': 'design_bottom_routing_layer' = met1
@flow_step(init_genus_yaml) 11:   # Optimization attributes  [get_db -category netlist]
@flow_step(init_genus_yaml) 12:   #-------------------------------------------------------------------------------
@flow_step(init_genus_yaml) 13:   set_db design_flow_effort standard
  Setting attribute of root '/': 'design_flow_effort' = standard
@flow_step(init_genus_yaml) 14:   set_db design_power_effort high
  Setting attribute of root '/': 'design_power_effort' = high
@flow_step(init_genus_yaml) 15:   set_db opt_leakage_to_dynamic_ratio 0.5
  Setting attribute of root '/': 'opt_leakage_to_dynamic_ratio' = 0.5
@flow_step(init_genus_yaml) 16:   set_db cts_buffer_cells {CLKBUFX2 CLKBUFX4 CLKBUFX8}
  Setting attribute of root '/': 'cts_buffer_cells' = CLKBUFX2 CLKBUFX4 CLKBUFX8
@flow_step(init_genus_yaml) 17:   set_db cts_inverter_cells {CLKINVX1 CLKINVX2 CLKINVX4 CLKINVX8}
  Setting attribute of root '/': 'cts_inverter_cells' = CLKINVX1 CLKINVX2 CLKINVX4 CLKINVX8
@flow_step(init_genus_yaml) 18:   set_db cts_clock_gating_cells ICGX1
  Setting attribute of root '/': 'cts_clock_gating_cells' = ICGX1
@flow_step(init_genus_yaml) 19:   set_db cts_logic_cells {CLKAND2X2 CLKXOR2X1 CLKMX2X2 CLKINVX1 CLKINVX2 CLKINVX4 CLKINVX8}
  Setting attribute of root '/': 'cts_logic_cells' = CLKAND2X2 CLKXOR2X1 CLKMX2X2 CLKINVX1 CLKINVX2 CLKINVX4 CLKINVX8
@flow_step(init_genus_yaml) 21:   # Physical attributes  [get_db -category phys]
@flow_step(init_genus_yaml) 22:   #-------------------------------------------------------------------------------
@flow_step(init_genus_yaml) 23:   set_db design_process_node 130
##  Process: 130            (User Set)
##     Node: (not set)
##  Check design process and node:
##  Design tech node is not set.
  Setting attribute of root '/': 'design_process_node' = 130
#@ End verbose flow_step synthesis.syn_map.init_genus.init_genus_yaml
      flow.cputime  flow.realtime  timing.setup.tns  timing.setup.wns  snapshot
UM:              3              3                                      init_genus_yaml
      flow.cputime  flow.realtime  timing.setup.tns  timing.setup.wns  snapshot
UM:*                                                                   init_genus
#@ Begin verbose flow_step synthesis.syn_map.init_genus.init_genus_user
@flow_step(init_genus_user)  2:   set_db heartbeat 300
  Setting attribute of root '/': 'heartbeat' = 300
@flow_step(init_genus_user)  3:   set_db max_cpus_per_server 16
  Setting attribute of root '/': 'max_cpus_per_server' = 16
@flow_step(init_genus_user)  4:   # Timing attributes  [get_db -category tim]
@flow_step(init_genus_user)  5:   #-----------------------------------------------------------------------------
@flow_step(init_genus_user)  6:   set_db timing_apply_default_primary_input_assertion true
  Setting attribute of root '/': 'timing_apply_default_primary_input_assertion' = true
@flow_step(init_genus_user)  7:   set_db timing_analysis_async_checks     async
  Setting attribute of root '/': 'timing_analysis_async_checks' = async
@flow_step(init_genus_user)  9:   # Optimization attributes  [get_db -category netlist]
@flow_step(init_genus_user) 10:   #-----------------------------------------------------------------------------
@flow_step(init_genus_user) 12:   # Datapath attributes  [get_db -category dp]
@flow_step(init_genus_user) 13:   #-----------------------------------------------------------------------------
@flow_step(init_genus_user) 15:   # Leakage Power attributes  [get_db -category lp_opt lib_ui]
@flow_step(init_genus_user) 16:   #-----------------------------------------------------------------------------
#@ End verbose flow_step synthesis.syn_map.init_genus.init_genus_user
      flow.cputime  flow.realtime  timing.setup.tns  timing.setup.wns  snapshot
UM:              2              3                                      init_genus_user
#@ Begin verbose flow_step synthesis.syn_map.run_syn_map
@flow_step(run_syn_map) 2:   #- Synthesize to target library gates
@flow_step(run_syn_map) 3:   syn_map
#----------------------------------------------------------------------------------------
# Root attributes for category: opt
#----------------------------------------------------------------------------------------
# Feature                           | Attribute                    | Value            
#----------------------------------------------------------------------------------------
# Avoid tied inputs                 | avoid_tied_inputs            | false (default)  
# Allow floating outputs            | opt_allow_floating_outputs   | false (default)  
# Power optimization effort         | design_power_effort          | high             
# Do not use qbar sequential pins   | dont_use_qbar_seq_pins       | false (default)  
#----------------------------------------------------------------------------------------

There is no ndr for this design!
##Generic Timing Info: typical gate delay  121.6 ps   std_slew:   13.6 ps   std_load:  5.5 fF  for library domain tt_v1.8_25C
INFO (IMPEXT-7048): Generating auto layer map file.

INFO (IMPEXT-6188): Importing multi-corner technology file(s) for preRoute extraction...

INFO (IMPEXT-5003): /nethome/dkhalil8/InnovateECE/PhysicalDesign/RTL2GDS/design/../SiliconJackets/cadence_sky130/sky130_release_0.0.4/quantus/extraction/typical/qrcTechFile

INFO (IMPEXT-7048): Generating auto layer map file.

INFO (IMPEXT-6209): Completed (cpu: 1130313.000000 real: 1130313.000000)

Mapping ChipWare ICG instances in Core
Found 0 unmapped ChipWare ICG instances
Mapped 0 of 0 ChipWare ICG instances
Current PLE settings:

Aspect ratio        : 1.000
Shrink factor       : 1.000
Scale of res/length : 1.000
Scale of cap/length : 1.000
Net derating factor : 1.000
Thermal factor      : 1.000
Via Resistance      : 3.955 ohm (from qrc_tech_file)
Site size           : 4.600 um (from lef [tech+cell])

Warning : This attribute will be obsolete in a next major release. [TUI-32]
        : attribute: 'number_of_routing_layers', object type: 'root'
        : Attribute, 'number_of_routing_layers' on root is going to be obsoleted. Use root attribute 'design_top_routing_layer' instead.
                                   Capacitance  
  Layer                             / Length         Data source:
Name        Direction Utilization  (pF/micron)       qrc_tech_file
------------------------------------------------
metal1          H         1.00        0.000299  
metal2          V         1.00        0.000294  
metal3          H         1.00        0.000348  
metal4          V         1.00        0.000324  
metal5          H         1.00        0.000301  

                                    Resistance   
  Layer                              / Length         Data source:
Name        Direction Utilization  (ohm/micron)       qrc_tech_file
-------------------------------------------------
metal1          H         1.00         0.892857  
metal2          V         1.00         0.892857  
metal3          H         1.00         0.156667  
metal4          V         1.00         0.156667  
metal5          H         1.00         0.018125  

                                        Area     
  Layer                               / Length        Data source:
Name        Direction Utilization     (micron)        lef_library
-------------------------------------------------
met1            H         1.00         0.140000  
met2            V         1.00         0.140000  
met3            H         1.00         0.300000  
met4            V         1.00         0.300000  
met5            H         1.00         1.600000  

Warning : Total power has skewed contributions from leakage and dynamic power. [POPT-502]
        : With 'opt_leakage_to_dynamic_ratio' set to 0.5, the total power of 'NAND2X1' is being computed as:
	  Total Power = (Leakage Power * 0.5) + (Dynamic Power * (1 - 0.5))
	  Leakage Power:     0.1139330000 nW
	  Dynamic Power:  4821.5147780000 nW
	  Total Power:    2410.8143555000 nW
	  Leakage Power is contributing 0.00236% to the Total Power.
Info    : Mapping. [SYNTH-4]
        : Mapping 'Core' using 'high' effort.
Mapper: Libraries have:
	domain tt_v1.8_25C: 88 combo usable cells and 18 sequential usable cells
PBS_TechMap-Start - Elapsed_Time 0, CPU_Time 0.0
stamp 'PBS_TechMap-Start' being created for table 'pbs_debug'

  Total Time (Wall) |  Stage Time (Wall)  |   % (Wall)   |    Date - Time     |  Memory   | Stage
--------------------+---------------------+--------------+--------------------+-----------+----------------------
 00:00:49(00:00:45) |  00:00:00(00:00:00) |   0.0(  0.0) |   21:38:55 (Mar23) |  743.7 MB | PBS_TechMap-Start
--------------------+---------------------+--------------+--------------------+-----------+----------------------
Number of threads: 16 * 1   (id: pbs_debug, time_info v1.57)
Info: (*N*) indicates data that was populated from previously saved time_info database
Info: CPU time includes time of parent + longest thread
Library based partitioning cannot be done as either there is a single library or there are no cells to partition.
Info    : Leakage power optimization was enabled, but single Vth class seems to be used as leakage values of the given libraries look too similar. [POPT-507]
        : The tool tries to classify the given libraries into different Vth classes. If the leakage values of the given libraries are too similar, the tool considers all libraries to be of the same Vth class and multi-Vth optimization will be limited.
PBS_TechMap-Premap HBO Optimizations - Elapsed_Time 0, CPU_Time 1.0
stamp 'PBS_TechMap-Premap HBO Optimizations' being created for table 'pbs_debug'

  Total Time (Wall) |  Stage Time (Wall)  |   % (Wall)   |    Date - Time     |  Memory   | Stage
--------------------+---------------------+--------------+--------------------+-----------+----------------------
 00:00:49(00:00:45) |  00:00:00(00:00:00) |   0.0(  0.0) |   21:38:55 (Mar23) |  743.7 MB | PBS_TechMap-Start
--------------------+---------------------+--------------+--------------------+-----------+----------------------
 00:00:50(00:00:46) |  00:00:01(00:00:01) | 100.0(100.0) |   21:38:56 (Mar23) |  759.4 MB | PBS_TechMap-Premap HBO Optimizations
--------------------+---------------------+--------------+--------------------+-----------+----------------------
Number of threads: 16 * 1   (id: pbs_debug, time_info v1.57)
Info: (*N*) indicates data that was populated from previously saved time_info database
Info: CPU time includes time of parent + longest thread
Info    : Partition Based Synthesis execution skipped. [PHYS-752]
        : Design size is less than the partition size '100000' for distributed mapping optimization to kick in.
Current PLE settings:

Aspect ratio        : 1.000
Shrink factor       : 1.000
Scale of res/length : 1.000
Scale of cap/length : 1.000
Net derating factor : 1.000
Thermal factor      : 1.000
Via Resistance      : 3.955 ohm (from qrc_tech_file)
Site size           : 4.600 um (from lef [tech+cell])

                                   Capacitance  
  Layer                             / Length         Data source:
Name        Direction Utilization  (pF/micron)       qrc_tech_file
------------------------------------------------
metal1          H         1.00        0.000299  
metal2          V         1.00        0.000294  
metal3          H         1.00        0.000348  
metal4          V         1.00        0.000324  
metal5          H         1.00        0.000301  

                                    Resistance   
  Layer                              / Length         Data source:
Name        Direction Utilization  (ohm/micron)       qrc_tech_file
-------------------------------------------------
metal1          H         1.00         0.892857  
metal2          V         1.00         0.892857  
metal3          H         1.00         0.156667  
metal4          V         1.00         0.156667  
metal5          H         1.00         0.018125  

                                        Area     
  Layer                               / Length        Data source:
Name        Direction Utilization     (micron)        lef_library
-------------------------------------------------
met1            H         1.00         0.140000  
met2            V         1.00         0.140000  
met3            H         1.00         0.300000  
met4            V         1.00         0.300000  
met5            H         1.00         1.600000  

Warning : Total power has skewed contributions from leakage and dynamic power. [POPT-502]
        : With 'opt_leakage_to_dynamic_ratio' set to 0.5, the total power of 'NAND2X1' is being computed as:
	  Total Power = (Leakage Power * 0.5) + (Dynamic Power * (1 - 0.5))
	  Leakage Power:     0.1139330000 nW
	  Dynamic Power:  4821.5147780000 nW
	  Total Power:    2410.8143555000 nW
	  Leakage Power is contributing 0.00236% to the Total Power.
Info    : Leakage power optimization was enabled, but single Vth class seems to be used as leakage values of the given libraries look too similar. [POPT-507]
Mapper: Libraries have:
	domain tt_v1.8_25C: 88 combo usable cells and 18 sequential usable cells
Multi-threaded constant propagation [1|0] ...
Computing dynamic power activities for use in dynamic power optimization.
Info   : ACTP-0001 [ACTPInfo] Activity propagation started for stim#0 netlist
       : Core
Info   : ACTP-0009 [ACTPInfo] Activity Propagation Progress Report :   0%   1%   2%   3%   4%   5%   6%   7%   8%   9%  10%  11%  12%  13%  14%  15%  16%  17%  18%  19%  20%  21%  22%  23%  24%  25%  26%  27%  28%  29%  30%  31%  32%  33%  34%  35%  36%  37%  38%  39%  40%  41%  42%  43%  44%  45%  46%  47%  48%  49%  50%  51%  52%  53%  54%  55%  56%  57%  58%  59%  60%  61%  62%  63%  64%  65%  66%  67%  68%  69%  70%  71%  72%  73%  74%  75%  76%  77%  78%  79%  80%  81%  82%  83%  84%  85%  86%  87%  88%  89%  90%  91%  92%  93%  94%  95%  96%  97%  98%  99% 100%
Info   : ACTP-0001 Activity propagation ended for stim#0
Computing dynamic power activities on modules for use in dynamic power optimization.
Multi-threaded Virtual Mapping    (8 threads per ST process, 8 of 112 CPUs usable)
Normal Structuring mode def=cb_part
Normal Structuring mode def=cdec_241
TECH-DECOMP MODE def=cmux_239
Normal Structuring mode def=add_unsigned_136_401
Normal Structuring mode def=add_unsigned_136
Normal Structuring mode def=cb_part_505
Normal Structuring mode def=cdec
TECH-DECOMP MODE def=cmux
Normal Structuring mode def=cb_part_507
Normal Structuring mode def=addsub_unsigned_149
Normal Structuring mode def=lt_signed_rtlopto_model_496
Normal Structuring mode def=cb_part_508
Normal Structuring mode def=cb_seq
 
Global mapping target info
==========================
Cost Group 'core_clock' target slack:   291 ps
Target path end-point (Pin: InstructionExecute_Module_alu_result_op_reg[31]/d)

Multi-threaded Technology Mapping (8 threads per ST process, 8 of 112 CPUs usable)
Normal Structuring mode def=cb_seq
Info   : ACTP-0001 Activity propagation started for stim#0 netlist cb_seq
Info   : ACTP-0009 [ACTPInfo] Activity Propagation Progress Report :   0%   1%   2%   3%   4%   5%   6%   7%   8%   9%  10%  11%  12%  13%  14%  15%  16%  17%  18%  19%  20%  21%  22%  23%  24%  25%  26%  27%  28%  29%  30%  31%  32%  33%  34%  35%  36%  37%  38%  39%  40%  41%  42%  43%  44%  45%  46%  47%  48%  49%  50%  51%  52%  53%  54%  55%  56%  57%  58%  59%  60%  61%  62%  63%  64%  65%  66%  67%  68%  69%  70%  71%  72%  73%  74%  75%  76%  77%  78%  79%  80%  81%  82%  83%  84%  85%  86%  87%  88%  89%  90%  91%  92%  93%  94%  95%  96%  97%  98%  99% 100%
Info   : ACTP-0001 Activity propagation ended for stim#0
Normal Structuring mode def=cb_part_508
Info   : ACTP-0001 Activity propagation started for stim#0 netlist cb_part_508
Info   : ACTP-0009 [ACTPInfo] Activity Propagation Progress Report :   0%   1%   2%   3%   4%   5%   6%   7%   8%   9%  10%  11%  12%  13%  14%  15%  16%  17%  18%  19%  20%  21%  22%  23%  24%  25%  26%  27%  28%  29%  30%  31%  32%  33%  34%  35%  36%  37%  38%  39%  40%  41%  42%  43%  44%  45%  46%  47%  48%  49%  50%  51%  52%  53%  54%  55%  56%  57%  58%  59%  60%  61%  62%  63%  64%  65%  66%  67%  68%  69%  70%  71%  72%  73%  74%  75%  76%  77%  78%  79%  80%  81%  82%  83%  84%  85%  86%  87%  88%  89%  90%  91%  92%  93%  94%  95%  96%  97%  98%  99% 100%
Info   : ACTP-0001 Activity propagation ended for stim#0
Normal Structuring mode def=addsub_unsigned_149
Info   : ACTP-0001 Activity propagation started for stim#0 netlist
       : addsub_unsigned_149
Info   : ACTP-0009 [ACTPInfo] Activity Propagation Progress Report :   0%   1%   2%   3%   4%   5%   6%   7%   8%   9%  10%  11%  12%  13%  14%  15%  16%  17%  18%  19%  20%  21%  22%  23%  24%  25%  26%  27%  28%  29%  30%  31%  32%  33%  34%  35%  36%  37%  38%  39%  40%  41%  42%  43%  44%  45%  46%  47%  48%  49%  50%  51%  52%  53%  54%  55%  56%  57%  58%  59%  60%  61%  62%  63%  64%  65%  66%  67%  68%  69%  70%  71%  72%  73%  74%  75%  76%  77%  78%  79%  80%  81%  82%  83%  84%  85%  86%  87%  88%  89%  90%  91%  92%  93%  94%  95%  96%  97%  98%  99% 100%
Info   : ACTP-0001 Activity propagation ended for stim#0
Normal Structuring mode def=addsub_unsigned
Normal Structuring mode def=addsub_unsigned
Normal Structuring mode def=lt_signed_rtlopto_model_496
Info   : ACTP-0001 Activity propagation started for stim#0 netlist
       : lt_signed_rtlopto_model_496
Info   : ACTP-0009 [ACTPInfo] Activity Propagation Progress Report :   0%   1%   2%   3%   4%   5%   6%   7%   8%   9%  10%  11%  12%  13%  14%  15%  16%  17%  18%  19%  20%  21%  22%  23%  24%  25%  26%  27%  28%  29%  30%  31%  32%  33%  34%  35%  36%  37%  38%  39%  40%  41%  42%  43%  44%  45%  46%  47%  48%  49%  50%  51%  52%  53%  54%  55%  56%  57%  58%  59%  60%  61%  62%  63%  64%  65%  66%  67%  68%  69%  70%  71%  72%  73%  74%  75%  76%  77%  78%  79%  80%  81%  82%  83%  84%  85%  86%  87%  88%  89%  90%  91%  92%  93%  94%  95%  96%  97%  98%  99% 100%
Info   : ACTP-0001 Activity propagation ended for stim#0
Normal Structuring mode def=lt_signed
Normal Structuring mode def=lt_signed
	148	 CDN_PAS_CONNECTED_FFCi1
TECH-DECOMP MODE def=cmux
Info   : ACTP-0001 Activity propagation started for stim#0 netlist cmux
Info   : ACTP-0009 [ACTPInfo] Activity Propagation Progress Report :   0%   1%   2%   3%   4%   5%   6%   7%   8%   9%  10%  11%  12%  13%  14%  15%  16%  17%  18%  19%  20%  21%  22%  23%  24%  25%  26%  27%  28%  29%  30%  31%  32%  33%  34%  35%  36%  37%  38%  39%  40%  41%  42%  43%  44%  45%  46%  47%  48%  49%  50%  51%  52%  53%  54%  55%  56%  57%  58%  59%  60%  61%  62%  63%  64%  65%  66%  67%  68%  69%  70%  71%  72%  73%  74%  75%  76%  77%  78%  79%  80%  81%  82%  83%  84%  85%  86%  87%  88%  89%  90%  91%  92%  93%  94%  95%  96%  97%  98%  99% 100%
Info   : ACTP-0001 Activity propagation ended for stim#0
Normal Structuring mode def=cb_part_507
Info   : ACTP-0001 Activity propagation started for stim#0 netlist cb_part_507
Info   : ACTP-0009 [ACTPInfo] Activity Propagation Progress Report :   0%   1%   2%   3%   4%   5%   6%   7%   8%   9%  10%  11%  12%  13%  14%  15%  16%  17%  18%  19%  20%  21%  22%  23%  24%  25%  26%  27%  28%  29%  30%  31%  32%  33%  34%  35%  36%  37%  38%  39%  40%  41%  42%  43%  44%  45%  46%  47%  48%  49%  50%  51%  52%  53%  54%  55%  56%  57%  58%  59%  60%  61%  62%  63%  64%  65%  66%  67%  68%  69%  70%  71%  72%  73%  74%  75%  76%  77%  78%  79%  80%  81%  82%  83%  84%  85%  86%  87%  88%  89%  90%  91%  92%  93%  94%  95%  96%  97%  98%  99% 100%
Info   : ACTP-0001 Activity propagation ended for stim#0
Normal Structuring mode def=cdec
Normal Structuring mode def=cb_part_505
Info   : ACTP-0001 Activity propagation started for stim#0 netlist cb_part_505
Info   : ACTP-0009 [ACTPInfo] Activity Propagation Progress Report :   0%   1%   2%   3%   4%   5%   6%   7%   8%   9%  10%  11%  12%  13%  14%  15%  16%  17%  18%  19%  20%  21%  22%  23%  24%  25%  26%  27%  28%  29%  30%  31%  32%  33%  34%  35%  36%  37%  38%  39%  40%  41%  42%  43%  44%  45%  46%  47%  48%  49%  50%  51%  52%  53%  54%  55%  56%  57%  58%  59%  60%  61%  62%  63%  64%  65%  66%  67%  68%  69%  70%  71%  72%  73%  74%  75%  76%  77%  78%  79%  80%  81%  82%  83%  84%  85%  86%  87%  88%  89%  90%  91%  92%  93%  94%  95%  96%  97%  98%  99% 100%
Info   : ACTP-0001 Activity propagation ended for stim#0
TECH-DECOMP MODE def=cmux_239
Info   : ACTP-0001 Activity propagation started for stim#0 netlist cmux_239
Info   : ACTP-0009 [ACTPInfo] Activity Propagation Progress Report :   0%   1%   2%   3%   4%   5%   6%   7%   8%   9%  10%  11%  12%  13%  14%  15%  16%  17%  18%  19%  20%  21%  22%  23%  24%  25%  26%  27%  28%  29%  30%  31%  32%  33%  34%  35%  36%  37%  38%  39%  40%  41%  42%  43%  44%  45%  46%  47%  48%  49%  50%  51%  52%  53%  54%  55%  56%  57%  58%  59%  60%  61%  62%  63%  64%  65%  66%  67%  68%  69%  70%  71%  72%  73%  74%  75%  76%  77%  78%  79%  80%  81%  82%  83%  84%  85%  86%  87%  88%  89%  90%  91%  92%  93%  94%  95%  96%  97%  98%  99% 100%
Info   : ACTP-0001 Activity propagation ended for stim#0
Normal Structuring mode def=add_unsigned_136
Info   : ACTP-0001 Activity propagation started for stim#0 netlist
       : add_unsigned_136
Info   : ACTP-0009 [ACTPInfo] Activity Propagation Progress Report :   0%   1%   2%   3%   4%   5%   6%   7%   8%   9%  10%  11%  12%  13%  14%  15%  16%  17%  18%  19%  20%  21%  22%  23%  24%  25%  26%  27%  28%  29%  30%  31%  32%  33%  34%  35%  36%  37%  38%  39%  40%  41%  42%  43%  44%  45%  46%  47%  48%  49%  50%  51%  52%  53%  54%  55%  56%  57%  58%  59%  60%  61%  62%  63%  64%  65%  66%  67%  68%  69%  70%  71%  72%  73%  74%  75%  76%  77%  78%  79%  80%  81%  82%  83%  84%  85%  86%  87%  88%  89%  90%  91%  92%  93%  94%  95%  96%  97%  98%  99% 100%
Info   : ACTP-0001 Activity propagation ended for stim#0
Normal Structuring mode def=add_unsigned
Normal Structuring mode def=add_unsigned
Normal Structuring mode def=add_unsigned_136_401
Info   : ACTP-0001 Activity propagation started for stim#0 netlist
       : add_unsigned_136_401
Info   : ACTP-0009 [ACTPInfo] Activity Propagation Progress Report :   0%   1%   2%   3%   4%   5%   6%   7%   8%   9%  10%  11%  12%  13%  14%  15%  16%  17%  18%  19%  20%  21%  22%  23%  24%  25%  26%  27%  28%  29%  30%  31%  32%  33%  34%  35%  36%  37%  38%  39%  40%  41%  42%  43%  44%  45%  46%  47%  48%  49%  50%  51%  52%  53%  54%  55%  56%  57%  58%  59%  60%  61%  62%  63%  64%  65%  66%  67%  68%  69%  70%  71%  72%  73%  74%  75%  76%  77%  78%  79%  80%  81%  82%  83%  84%  85%  86%  87%  88%  89%  90%  91%  92%  93%  94%  95%  96%  97%  98%  99% 100%
Info   : ACTP-0001 Activity propagation ended for stim#0
Normal Structuring mode def=add_unsigned
Normal Structuring mode def=add_unsigned
Normal Structuring mode def=cdec_241
Normal Structuring mode def=cb_part
 
Global mapping status
=====================
                                   Group   
                                  Tot Wrst 
                           Total  Weighted 
Operation                   Area   Slacks  
 global_map               879450        0 

    Cost Group            Target    Slack    Diff.  Constr.
-----------------------------------------------------------
    core_clock               291     1492             10000 

Computing dynamic power activities for use in dynamic power optimization.
Info   : ACTP-0001 Activity propagation started for stim#0 netlist Core
Info   : ACTP-0009 [ACTPInfo] Activity Propagation Progress Report :   0%   1%   2%   3%   4%   5%   6%   7%   8%   9%  10%  11%  12%  13%  14%  15%  16%  17%  18%  19%  20%  21%  22%  23%  24%  25%  26%  27%  28%  29%  30%  31%  32%  33%  34%  35%  36%  37%  38%  39%  40%  41%  42%  43%  44%  45%  46%  47%  48%  49%  50%  51%  52%  53%  54%  55%  56%  57%  58%  59%  60%  61%  62%  63%  64%  65%  66%  67%  68%  69%  70%  71%  72%  73%  74%  75%  76%  77%  78%  79%  80%  81%  82%  83%  84%  85%  86%  87%  88%  89%  90%  91%  92%  93%  94%  95%  96%  97%  98%  99% 100%
Info   : ACTP-0001 Activity propagation ended for stim#0
 
Global incremental target info
==============================
Cost Group 'core_clock' target slack:   194 ps
Target path end-point (Pin: InstructionExecute_Module_alu_result_op_reg[0]/D (DFFSX1/D))

==================================
Stage : global_incr_map 
==================================
  =================
   Message Summary
  =================
---------------------------------------------------------------------------
|   Id   |  Sev  |Count|                   Message Text                   |
---------------------------------------------------------------------------
|GLO-62  |Info   | 1598|On tool_generated instance/module 'strict_no' is  |
|        |       |     | set.                                             |
|        |       |     |This shall only be used for special purposes like |
|        |       |     | formal verification.                             |
|INVS-99 |Info   |    2|Setting Innovus attribute that is not used by     |
|        |       |     | Genus.                                           |
|        |       |     |This attribute exists to allow configuration of   |
|        |       |     | Innovus from Genus.                              |
|LBR-40  |Info   |    4|An unsupported construct was detected in this     |
|        |       |     | library.                                         |
|        |       |     |Check to see if this construct is really needed   |
|        |       |     | for synthesis. Many liberty constructs are not   |
|        |       |     | actually required.                               |
|LBR-41  |Info   |  128|An output library pin lacks a function attribute. |
|        |       |     |If the remainder of this library cell's semantic  |
|        |       |     | checks are successful, it will be considered as a|
|        |       |     | timing-model                                     |
|        |       |     | (because one of its outputs does not have a valid|
|        |       |     | function.                                        |
|LBR-109 |Info   |    2|Set default library domain.                       |
|LBR-162 |Info   |   52|Both 'pos_unate' and 'neg_unate' timing_sense arcs|
|        |       |     | have been processed.                             |
|        |       |     |Setting the 'timing_sense' to non_unate.          |
|LBR-412 |Info   |    4|Created nominal operating condition.              |
|        |       |     |The nominal operating condition is represented,   |
|        |       |     | either by the nominal PVT values specified in the|
|        |       |     | library source                                   |
|        |       |     | (via nom_process,nom_voltage and nom_temperature |
|        |       |     | respectively)                                    |
|        |       |     | , or by the default PVT values (1.0,1.0,1.0).    |
|LBR-516 |Info   |    2|Missing library level attribute.                  |
|PA-7    |Info   |   26|Resetting power analysis results.                 |
|        |       |     |All computed switching activities are removed.    |
|PHYS-12 |Warning|    4|The variant range of wire parameters is too large.|
|        |       |     | An example of wire parameters are, a WIDTH for   |
|        |       |     | layer, PITCH for layer, MINSPACING for layers,   |
|        |       |     | etc.                                             |
|        |       |     |Check the consistency of the parameters, and see  |
|        |       |     | if you can ignore this message or you're using   |
|        |       |     | different LEF file with wrong parameters.        |
|PHYS-279|Warning|   16|Physical cell not defined in library.             |
|        |       |     |Ensure that the proper library files are available|
|        |       |     | and have been imported.                          |
|PHYS-752|Info   |    2|Partition Based Synthesis execution skipped.      |
|POPT-502|Warning|    4|Total power has skewed contributions from leakage |
|        |       |     | and dynamic power.                               |
|        |       |     |Dynamic power is typically calculated/specified   |
|        |       |     | for some 'active period'. For combination of     |
|        |       |     | leakage and dynamic power                        |
|        |       |     | opt_leakage_to_dynamic_ratio must specify the    |
|        |       |     | percentage of overall time for which the design  |
|        |       |     | is not in the 'active period' but in 'idle mode',|
|        |       |     | i.e. no dynamic power but only leakage power is  |
|        |       |     | consumed. For a reasonable optimization across   |
|        |       |     | dynamic and leakage power, leakage contribution  |
|        |       |     | is expected to be above 5% and below 95%. A      |
|        |       |     | contribution of less than 5% will result in      |
|        |       |     | limited leakage optimization and contribution of |
|        |       |     | more than 95% will result in limited dynamic     |
|        |       |     | optimization. Adjust                             |
|        |       |     | 'opt_leakage_to_dynamic_ratio' so that leakage   |
|        |       |     | contribution comes to an intermediate value if   |
|        |       |     | you intend both optimizations to occur.          |
|POPT-507|Info   |    5|Leakage power optimization was enabled, but single|
|        |       |     | Vth class seems to be used as leakage values of  |
|        |       |     | the given libraries look too similar.            |
|        |       |     |The tool tries to classify the given libraries    |
|        |       |     | into different Vth classes. If the leakage values|
|        |       |     | of the given libraries are too similar, the tool |
|        |       |     | considers all libraries to be of the same Vth    |
|        |       |     | class and multi-Vth optimization will be limited.|
|SYNTH-4 |Info   |    1|Mapping.                                          |
|TIM-1000|Info   |    2|Multimode clock gating check is disabled.         |
|TUI-32  |Warning|    1|This attribute will be obsolete in a next major   |
|        |       |     | release.                                         |
|        |       |     |Attribute, 'number_of_routing_layers' on root is  |
|        |       |     | going to be obsoleted. Use root attribute        |
|        |       |     | 'design_top_routing_layer' instead.              |
|TUI-58  |Info   |  237|Removed object.                                   |
---------------------------------------------------------------------------
 
Global incremental optimization status
======================================
                                   Group   
                                  Tot Wrst 
                           Total  Weighted 
Operation                   Area   Slacks  
 global_incr              874185        0 

    Cost Group            Target    Slack    Diff.  Constr.
-----------------------------------------------------------
    core_clock               194      656             10000 

/nethome/dkhalil8/InnovateECE/PhysicalDesign/RTL2GDS/design/.st_launch_ece-linlabsrv01.ece.gatech.edu_2110904

State Retention Synthesis Status
================================

Category                        Flops  Latches   Percentage
-----------------------------------------------------------
Total instances                  1443       20        100.0
Excluded from State Retention    1443       20        100.0
    - Will not convert           1443       20        100.0
      - Preserved                   0        0          0.0
      - Power intent excluded    1443       20        100.0
    - Could not convert             0        0          0.0
      - Scan type                   0        0          0.0
      - No suitable cell            0        0          0.0
State Retention instances           0        0          0.0
-----------------------------------------------------------

Info    : Relaxed some design requirements on sequential instances to run synthesis successfully. [MAP-32]
        : One or more of the following design requirements relaxed on 10 sequential instance(s): map_prefer_non_inverted_clock_line.
        : To see the list of relaxed sequential instances, set the 'information_level' attribute to 2 or above. If the message is truncated set the message attribute 'truncate' to false to see the complete list.
INFO: skipping constant propagation
PBS_Techmap-Global Mapping - Elapsed_Time 110, CPU_Time 106.67648100000001
stamp 'PBS_Techmap-Global Mapping' being created for table 'pbs_debug'

  Total Time (Wall) |  Stage Time (Wall)  |   % (Wall)   |    Date - Time     |  Memory   | Stage
--------------------+---------------------+--------------+--------------------+-----------+----------------------
 00:00:49(00:00:45) |  00:00:00(00:00:00) |   0.0(  0.0) |   21:38:55 (Mar23) |  743.7 MB | PBS_TechMap-Start
--------------------+---------------------+--------------+--------------------+-----------+----------------------
 00:00:50(00:00:46) |  00:00:01(00:00:01) |   0.9(  0.9) |   21:38:56 (Mar23) |  759.4 MB | PBS_TechMap-Premap HBO Optimizations
--------------------+---------------------+--------------+--------------------+-----------+----------------------
 00:02:37(00:02:36) |  00:01:46(00:01:50) |  99.1( 99.1) |   21:40:46 (Mar23) |  978.6 MB | PBS_Techmap-Global Mapping
--------------------+---------------------+--------------+--------------------+-----------+----------------------
Number of threads: 16 * 1   (id: pbs_debug, time_info v1.57)
Info: (*N*) indicates data that was populated from previously saved time_info database
Info: CPU time includes time of parent + longest thread
Advanced structuring report (syn_map):
--------------------------------------------------------------------------------------------------------------------------------------
|                                     | Graph                | Opt. Graph           | Result         |                               | 
|-------------------------------------+----------------------+----------------------+----------------+-------------------------------|
| Name                        | Tag   | #nodes | #and | #lvl | #nodes | #and | #lvl | Acc | Time     | Netlist ID                    | 
--------------------------------------------------------------------------------------------------------------------------------------
| cb_seq                      | CONDE |  14115 | 1249 |  142 |  14057 | 1191 |   10 | N   |     8.41 | cb_seq                        | 
| cb_part_508                 | CONDE |   1523 |  793 |  106 |   1472 |  742 |   14 | Y   |     3.58 | cb_part_508                   | 
| cb_part_505                 | CONDE |   1247 |  548 |   64 |   1239 |  540 |   12 | N   |     1.81 | cb_part_505                   | 
--------------------------------------------------------------------------------------------------------------------------------------
Number of LFLHs filtered from table: 22
Runtime accepts/rejects/total =     3.58 /    11.59 /    15.16
Accepts/rejects/total = 1 / 5 / 6
Sum of reduced nodes/levels = 51 / 92
--------------------------------------------------------------------------------------------------------------------------------------
|                                     | Graph                | Opt. Graph           | Result         |                               | 
|-------------------------------------+----------------------+----------------------+----------------+-------------------------------|
| Name                        | Tag   | #nodes | #and | #lvl | #nodes | #and | #lvl | Acc | Time     | Netlist ID                    | 
--------------------------------------------------------------------------------------------------------------------------------------
| cb_seq                      | REIFI |  14115 | 1249 |  142 |  14050 | 1184 |   10 | N   |     9.82 | cb_seq                        | 
| cb_part_508                 | REIFI |   1510 |  780 |  107 |   1458 |  728 |   14 | Y   |     2.41 | cb_part_508                   | 
| cb_part_505                 | REIFI |   1247 |  548 |   64 |   1239 |  540 |   12 | N   |     1.69 |                               |
--------------------------------------------------------------------------------------------------------------------------------------
Number of LFLHs filtered from table: 22
Runtime accepts/rejects/total =     3.59 /    13.27 /    16.86
Accepts/rejects/total = 4 / 6 / 10
Sum of reduced nodes/levels = 321 / 236
Info    : Wrote formal verification information. [CFM-5]
        : Wrote 'fv/Core/fv_map.fv.json' for netlist 'fv/Core/fv_map.v.gz'.
Info    : Wrote dofile. [CFM-1]
        : Dofile is 'fv/Core/rtl_to_fv_map.do'.
        : RTL names flow is enabled.
PBS_TechMap-Datapath Postmap Operations - Elapsed_Time 7, CPU_Time 7.613276999999982
stamp 'PBS_TechMap-Datapath Postmap Operations' being created for table 'pbs_debug'

  Total Time (Wall) |  Stage Time (Wall)  |   % (Wall)   |    Date - Time     |  Memory   | Stage
--------------------+---------------------+--------------+--------------------+-----------+----------------------
 00:00:49(00:00:45) |  00:00:00(00:00:00) |   0.0(  0.0) |   21:38:55 (Mar23) |  743.7 MB | PBS_TechMap-Start
--------------------+---------------------+--------------+--------------------+-----------+----------------------
 00:00:50(00:00:46) |  00:00:01(00:00:01) |   0.9(  0.8) |   21:38:56 (Mar23) |  759.4 MB | PBS_TechMap-Premap HBO Optimizations
--------------------+---------------------+--------------+--------------------+-----------+----------------------
 00:02:37(00:02:36) |  00:01:46(00:01:50) |  92.5( 93.2) |   21:40:46 (Mar23) |  978.6 MB | PBS_Techmap-Global Mapping
--------------------+---------------------+--------------+--------------------+-----------+----------------------
 00:02:45(00:02:43) |  00:00:07(00:00:07) |   6.6(  5.9) |   21:40:53 (Mar23) |  964.1 MB | PBS_TechMap-Datapath Postmap Operations
--------------------+---------------------+--------------+--------------------+-----------+----------------------
Number of threads: 16 * 1   (id: pbs_debug, time_info v1.57)
Info: (*N*) indicates data that was populated from previously saved time_info database
Info: CPU time includes time of parent + longest thread
PBS_TechMap-Postmap HBO Optimizations - Elapsed_Time 0, CPU_Time -0.376513999999986
stamp 'PBS_TechMap-Postmap HBO Optimizations' being created for table 'pbs_debug'

  Total Time (Wall) |  Stage Time (Wall)  |   % (Wall)   |    Date - Time     |  Memory   | Stage
--------------------+---------------------+--------------+--------------------+-----------+----------------------
 00:00:49(00:00:45) |  00:00:00(00:00:00) |   0.0(  0.0) |   21:38:55 (Mar23) |  743.7 MB | PBS_TechMap-Start
--------------------+---------------------+--------------+--------------------+-----------+----------------------
 00:00:50(00:00:46) |  00:00:01(00:00:01) |   0.9(  0.8) |   21:38:56 (Mar23) |  759.4 MB | PBS_TechMap-Premap HBO Optimizations
--------------------+---------------------+--------------+--------------------+-----------+----------------------
 00:02:37(00:02:36) |  00:01:46(00:01:50) |  92.8( 93.2) |   21:40:46 (Mar23) |  978.6 MB | PBS_Techmap-Global Mapping
--------------------+---------------------+--------------+--------------------+-----------+----------------------
 00:02:45(00:02:43) |  00:00:07(00:00:07) |   6.6(  5.9) |   21:40:53 (Mar23) |  964.1 MB | PBS_TechMap-Datapath Postmap Operations
--------------------+---------------------+--------------+--------------------+-----------+----------------------
 00:02:44(00:02:43) |  00:00:00(00:00:00) |  -0.3(  0.0) |   21:40:53 (Mar23) |  964.1 MB | PBS_TechMap-Postmap HBO Optimizations
--------------------+---------------------+--------------+--------------------+-----------+----------------------
Number of threads: 16 * 1   (id: pbs_debug, time_info v1.57)
Info: (*N*) indicates data that was populated from previously saved time_info database
Info: CPU time includes time of parent + longest thread
 Doing ConstProp on design:Core ... 

  Decloning clock-gating logic from design:Core
Clock-Gating declone Status
===========================
Total number of Synthesis inserted clock-gating instances before: 0
Total number of Synthesis inserted clock-gating instances after : 0
Total number of clock-gating instances before: 0
Total number of clock-gating instances after : 0
Time taken by ConstProp Step: 00:00:01
PBS_TechMap-Postmap Clock Gating - Elapsed_Time 2, CPU_Time 2.0
stamp 'PBS_TechMap-Postmap Clock Gating' being created for table 'pbs_debug'

  Total Time (Wall) |  Stage Time (Wall)  |   % (Wall)   |    Date - Time     |  Memory   | Stage
--------------------+---------------------+--------------+--------------------+-----------+----------------------
 00:00:49(00:00:45) |  00:00:00(00:00:00) |   0.0(  0.0) |   21:38:55 (Mar23) |  743.7 MB | PBS_TechMap-Start
--------------------+---------------------+--------------+--------------------+-----------+----------------------
 00:00:50(00:00:46) |  00:00:01(00:00:01) |   0.9(  0.8) |   21:38:56 (Mar23) |  759.4 MB | PBS_TechMap-Premap HBO Optimizations
--------------------+---------------------+--------------+--------------------+-----------+----------------------
 00:02:37(00:02:36) |  00:01:46(00:01:50) |  91.2( 91.7) |   21:40:46 (Mar23) |  978.6 MB | PBS_Techmap-Global Mapping
--------------------+---------------------+--------------+--------------------+-----------+----------------------
 00:02:45(00:02:43) |  00:00:07(00:00:07) |   6.5(  5.8) |   21:40:53 (Mar23) |  964.1 MB | PBS_TechMap-Datapath Postmap Operations
--------------------+---------------------+--------------+--------------------+-----------+----------------------
 00:02:44(00:02:43) |  00:00:00(00:00:00) |  -0.3(  0.0) |   21:40:53 (Mar23) |  964.1 MB | PBS_TechMap-Postmap HBO Optimizations
--------------------+---------------------+--------------+--------------------+-----------+----------------------
 00:02:46(00:02:45) |  00:00:02(00:00:02) |   1.7(  1.7) |   21:40:55 (Mar23) |  964.1 MB | PBS_TechMap-Postmap Clock Gating
--------------------+---------------------+--------------+--------------------+-----------+----------------------
Number of threads: 16 * 1   (id: pbs_debug, time_info v1.57)
Info: (*N*) indicates data that was populated from previously saved time_info database
Info: CPU time includes time of parent + longest thread
-------------------------------------------------------------------------------
 hi_fo_buf                874166        0         0      7114        0        0

           Trick     Calls     Accepts   Attempts    Time(secs) 
-----------------------------------------------------------
       hi_fo_buf         0  (        0 /        0 )  0.00

 
Incremental optimization status
===============================
                                   Group   
                                  Tot Wrst     Total - - - - DRC Totals - - - -
                           Total  Weighted      Neg      Max       Max     Max      Leakage     Dynamic 
Operation                   Area   Slacks      Slack    Trans      Cap   Fanout      Power        Power   
 init_delay               874166        0         0      7114        0        0      41055    18845224 

           Trick     Calls     Accepts   Attempts    Time(secs) 
-----------------------------------------------------------
       crit_upsz         0  (        0 /        0 )  0.00
    plc_bal_star         0  (        0 /        0 )  0.00
     drc_buftimb         0  (        0 /        0 )  0.00
          plc_st         0  (        0 /        0 )  0.00
    plc_st_fence         0  (        0 /        0 )  0.00
        plc_star         0  (        0 /        0 )  0.00
      plc_laf_st         0  (        0 /        0 )  0.00
 plc_laf_st_fence         0  (        0 /        0 )  0.00
     drc_buftims         0  (        0 /        0 )  0.00
            fopt         0  (        0 /        0 )  0.00
   plc_laf_lo_st         0  (        0 /        0 )  0.00
       plc_lo_st         0  (        0 /        0 )  0.00
        mb_split         0  (        0 /        0 )  0.00

 
Local TNS optimization status
=============================
                                   Group   
                                  Tot Wrst     Total - - - - DRC Totals - - - -
                           Total  Weighted      Neg      Max       Max     Max      Leakage     Dynamic 
Operation                   Area   Slacks      Slack    Trans      Cap   Fanout      Power        Power   
 init_tns                 874166        0         0      7114        0        0      41055    18845224 

           Trick     Calls     Accepts   Attempts    Time(secs) 
-----------------------------------------------------------
    plc_bal_star         0  (        0 /        0 )  0.00
     drc_buftimb         0  (        0 /        0 )  0.00
     drc_buftims         0  (        0 /        0 )  0.00
       crit_upsz         0  (        0 /        0 )  0.00
   plc_laf_lo_st         0  (        0 /        0 )  0.00
       plc_lo_st         0  (        0 /        0 )  0.00
            fopt         0  (        0 /        0 )  0.00
       crit_dnsz         0  (        0 /        0 )  0.00
             dup         0  (        0 /        0 )  0.00
        setup_dn         0  (        0 /        0 )  0.00
        mb_split         0  (        0 /        0 )  0.00

PBS_TechMap-Postmap Cleanup - Elapsed_Time 1, CPU_Time 0.6166519999999878
stamp 'PBS_TechMap-Postmap Cleanup' being created for table 'pbs_debug'

  Total Time (Wall) |  Stage Time (Wall)  |   % (Wall)   |    Date - Time     |  Memory   | Stage
--------------------+---------------------+--------------+--------------------+-----------+----------------------
 00:00:49(00:00:45) |  00:00:00(00:00:00) |   0.0(  0.0) |   21:38:55 (Mar23) |  743.7 MB | PBS_TechMap-Start
--------------------+---------------------+--------------+--------------------+-----------+----------------------
 00:00:50(00:00:46) |  00:00:01(00:00:01) |   0.9(  0.8) |   21:38:56 (Mar23) |  759.4 MB | PBS_TechMap-Premap HBO Optimizations
--------------------+---------------------+--------------+--------------------+-----------+----------------------
 00:02:37(00:02:36) |  00:01:46(00:01:50) |  90.8( 90.9) |   21:40:46 (Mar23) |  978.6 MB | PBS_Techmap-Global Mapping
--------------------+---------------------+--------------+--------------------+-----------+----------------------
 00:02:45(00:02:43) |  00:00:07(00:00:07) |   6.5(  5.8) |   21:40:53 (Mar23) |  964.1 MB | PBS_TechMap-Datapath Postmap Operations
--------------------+---------------------+--------------+--------------------+-----------+----------------------
 00:02:44(00:02:43) |  00:00:00(00:00:00) |  -0.3(  0.0) |   21:40:53 (Mar23) |  964.1 MB | PBS_TechMap-Postmap HBO Optimizations
--------------------+---------------------+--------------+--------------------+-----------+----------------------
 00:02:46(00:02:45) |  00:00:02(00:00:02) |   1.7(  1.7) |   21:40:55 (Mar23) |  964.1 MB | PBS_TechMap-Postmap Clock Gating
--------------------+---------------------+--------------+--------------------+-----------+----------------------
 00:02:47(00:02:46) |  00:00:00(00:00:01) |   0.5(  0.8) |   21:40:56 (Mar23) |  964.1 MB | PBS_TechMap-Postmap Cleanup
--------------------+---------------------+--------------+--------------------+-----------+----------------------
Number of threads: 16 * 1   (id: pbs_debug, time_info v1.57)
Info: (*N*) indicates data that was populated from previously saved time_info database
Info: CPU time includes time of parent + longest thread
PBS_Techmap-Post_MBCI - Elapsed_Time 0, CPU_Time 0.0
stamp 'PBS_Techmap-Post_MBCI' being created for table 'pbs_debug'

  Total Time (Wall) |  Stage Time (Wall)  |   % (Wall)   |    Date - Time     |  Memory   | Stage
--------------------+---------------------+--------------+--------------------+-----------+----------------------
 00:00:49(00:00:45) |  00:00:00(00:00:00) |   0.0(  0.0) |   21:38:55 (Mar23) |  743.7 MB | PBS_TechMap-Start
--------------------+---------------------+--------------+--------------------+-----------+----------------------
 00:00:50(00:00:46) |  00:00:01(00:00:01) |   0.9(  0.8) |   21:38:56 (Mar23) |  759.4 MB | PBS_TechMap-Premap HBO Optimizations
--------------------+---------------------+--------------+--------------------+-----------+----------------------
 00:02:37(00:02:36) |  00:01:46(00:01:50) |  90.8( 90.9) |   21:40:46 (Mar23) |  978.6 MB | PBS_Techmap-Global Mapping
--------------------+---------------------+--------------+--------------------+-----------+----------------------
 00:02:45(00:02:43) |  00:00:07(00:00:07) |   6.5(  5.8) |   21:40:53 (Mar23) |  964.1 MB | PBS_TechMap-Datapath Postmap Operations
--------------------+---------------------+--------------+--------------------+-----------+----------------------
 00:02:44(00:02:43) |  00:00:00(00:00:00) |  -0.3(  0.0) |   21:40:53 (Mar23) |  964.1 MB | PBS_TechMap-Postmap HBO Optimizations
--------------------+---------------------+--------------+--------------------+-----------+----------------------
 00:02:46(00:02:45) |  00:00:02(00:00:02) |   1.7(  1.7) |   21:40:55 (Mar23) |  964.1 MB | PBS_TechMap-Postmap Clock Gating
--------------------+---------------------+--------------+--------------------+-----------+----------------------
 00:02:47(00:02:46) |  00:00:00(00:00:01) |   0.5(  0.8) |   21:40:56 (Mar23) |  964.1 MB | PBS_TechMap-Postmap Cleanup
--------------------+---------------------+--------------+--------------------+-----------+----------------------
 00:02:47(00:02:46) |  00:00:00(00:00:00) |   0.0(  0.0) |   21:40:56 (Mar23) |  964.1 MB | PBS_Techmap-Post_MBCI
--------------------+---------------------+--------------+--------------------+-----------+----------------------
Number of threads: 16 * 1   (id: pbs_debug, time_info v1.57)
Info: (*N*) indicates data that was populated from previously saved time_info database
Info: CPU time includes time of parent + longest thread
##>=================== Cadence Confidential (Mapping-Logical) ===================
##>Main Thread Summary:
##>----------------------------------------------------------------------------------------
##>STEP                           Elapsed       WNS       TNS     Insts      Area    Memory
##>----------------------------------------------------------------------------------------
##>M:Initial                            1         -         -      8212    716124       759
##>M:Early Clock Gating                 0         -         -         -         -         -
##>M:Pre Cleanup                        0         -         -      8212    716124       759
##>M:Setup                              0         -         -         -         -         -
##>M:Launch ST                          0         -         -         -         -         -
##>M:Design Partition                   0         -         -         -         -         -
##>M:Create Partition Netlists          0         -         -         -         -         -
##>M:Init Power                         0         -         -         -         -         -
##>M:Budgeting                          0         -         -         -         -         -
##>M:Derenv-DB                          0         -         -         -         -         -
##>M:Debug Outputs                      0         -         -         -         -         -
##>M:ST loading                         0         -         -         -         -         -
##>M:Distributed                        0         -         -         -         -         -
##>M:Timer                              0         -         -         -         -         -
##>M:Assembly                           0         -         -         -         -         -
##>M:DFT                                0         -         -         -         -         -
##>M:DP Operations                      7         -         -      7941    697964       964
##>M:Const Prop                         0       656         0      7941    697964       964
##>M:Cleanup                            1       656         0      7941    697964       964
##>M:MBCI                               0         -         -      7941    697964       964
##>M:PostGen Opt                        0         -         -         -         -         -
##>M:Const Gate Removal                 0         -         -         -         -         -
##>M:Early Clock Gating Cleanup         0         -         -         -         -         -
##>M:Misc                             112
##>----------------------------------------------------------------------------------------
##>Total Elapsed                      121
##>========================================================================================
Info    : Relaxed some design requirements on sequential instances to run synthesis successfully. [MAP-32]
        : One or more of the following design requirements relaxed on 10 sequential instance(s): map_prefer_non_inverted_clock_line.
Info    : Done mapping. [SYNTH-5]
        : Done mapping 'Core'.
      flow.cputime  flow.realtime  timing.setup.tns  timing.setup.wns  snapshot
UM:*                                                                   syn_map
#@ End verbose flow_step synthesis.syn_map.run_syn_map
      flow.cputime  flow.realtime  timing.setup.tns  timing.setup.wns  snapshot
UM:            175            126                                      run_syn_map
#@ Begin verbose flow_step synthesis.syn_map.block_finish
@flow_step(block_finish)  2:   apply {{} {
                                 #- Make sure flow_report_name is reset from any reports executed during the flow
                                 set_db flow_report_name [get_db [lindex [get_db flow_hier_path] end] .name]
                                 #- Set DB for handoff to Innovus
                                 if {[is_flow -inside flow:syn_opt]} {
                                   set_db flow_write_db_common true
                                 }
                               
                                 #- Set value for SPEF output file generation
                                 if {[get_db flow_branch] ne ""} {
                                   set out_dir [file join [get_db flow_db_directory] [get_db flow_branch]_[get_db flow_report_name]]
                                 } else {
                                   set out_dir [file join [get_db flow_db_directory] [get_db flow_report_name]]
                                 }
                                 set_db flow_spef_directory $out_dir
                               
                                 #- Store non-default root attributes to metrics
                                 catch {report_obj -tcl} flow_root_config
                                 if {[dict exists $flow_root_config root:/]} {
                                   set flow_root_config [dict get $flow_root_config root:/]
                                 } elseif {[dict exists $flow_root_config root:]} {
                                   set flow_root_config [dict get $flow_root_config root:]
                                 } else {
                                 }
                                 foreach key [dict keys $flow_root_config] {
                                   if {[string length [dict get $flow_root_config $key]] > 200} {
                                     dict set flow_root_config $key "\[long value truncated\]"
                                   }
                                 }
                                 set_metric -name flow.root_config -value $flow_root_config
                               }}
  Setting attribute of root '/': 'flow_report_name' = syn_map
  Setting attribute of root '/': 'flow_spef_directory' = dbs/syn_map
#@ End verbose flow_step synthesis.syn_map.block_finish
      flow.cputime  flow.realtime  timing.setup.tns  timing.setup.wns  snapshot
UM:              3              3                                      block_finish
Finished exporting design database to file '/nethome/dkhalil8/InnovateECE/PhysicalDesign/RTL2GDS/design/dbs/syn_map.db' for 'Core' (command execution time mm:ss cpu = 00:00, real = 00:01).
      flow.cputime  flow.realtime  timing.setup.tns  timing.setup.wns  snapshot
UM:*                                                                   write_db
#@ Begin verbose flow_step synthesis.syn_map.schedule_syn_map_report_synth
@flow_step(schedule_syn_map_report_synth) 2:     schedule_flow -flow report_synth -include_in_metrics
#@ End verbose flow_step synthesis.syn_map.schedule_syn_map_report_synth

Program version = 25.11-s095_1
Working directory = /nethome/dkhalil8/InnovateECE/PhysicalDesign/RTL2GDS/design
Databases directory = /nethome/dkhalil8/InnovateECE/PhysicalDesign/RTL2GDS/design/dbs
Starting time = Mar 23, 2026 21:38:43
Ending time = Mar 23, 2026 21:41:06

Run Flow Summary
---------------------

Steps run:  synthesis.syn_map.block_start synthesis.syn_map.init_genus.init_genus_yaml synthesis.syn_map.init_genus.init_genus_user synthesis.syn_map.run_syn_map synthesis.syn_map.block_finish synthesis.syn_map.schedule_syn_map_report_synth

Step status:
     synthesis.syn_map.block_start                           success
     synthesis.syn_map.init_genus.init_genus_yaml            success
     synthesis.syn_map.init_genus.init_genus_user            success
     synthesis.syn_map.run_syn_map                           success
     synthesis.syn_map.block_finish                          success
     synthesis.syn_map.schedule_syn_map_report_synth         success

 ---------------------------------------------------------------------------------------------------- 
| Snapshot    | flow.cputime (s) | flow.realtime (s) | timing.setup.tns (ns) | timing.setup.wns (ns) |
|-------------+------------------+-------------------+-----------------------+-----------------------|
| syn_generic | 0:02:48          | 0:02:44           |                       |                       |
| syn_map     | 0:03:43          | 0:03:00           |                       |                       |
 ---------------------------------------------------------------------------------------------------- 

Lic Summary:
[21:41:06.518297] Cdslmd servers: ece-winlic
[21:41:06.518312] Feature usage summary:
[21:41:06.518313] Genus_Synthesis  
Normal exit.