============================================================
  Generated by:           Genus(TM) Synthesis Solution 25.11-s095_1
  Generated on:           Mar 13 2026  11:34:38 am
  Operating conditions:   tt_1.8_25 
  Interconnect mode:      global
  Area mode:              physical library
============================================================

                                  Leakage    Internal                    Library 
   Gate    Instances    Area    Power (nW)  Power (nW)       Library      Domain 
---------------------------------------------------------------------------------
ADDFX1            30    971.244     13.911        0.000 sky130_tt_1.8_25       0 
ADDHX1            56   1173.110     35.090     6724.771 sky130_tt_1.8_25       0 
AND2X1             4     38.088      0.914        0.000 sky130_tt_1.8_25       0 
AND2X2            36    342.792     20.969        0.010 sky130_tt_1.8_25       0 
AND3X2             8     91.411      5.873       10.629 sky130_tt_1.8_25       0 
AND4X2            17    226.624     34.277        0.000 sky130_tt_1.8_25       0 
AOI211X1          21    239.954      0.504       86.312 sky130_tt_1.8_25       0 
AOI21X1           23    219.006      1.382       25.544 sky130_tt_1.8_25       0 
AOI21X2            1     15.235      0.014       -0.022 sky130_tt_1.8_25       0 
AOI221X1          56    746.525      2.092      280.572 sky130_tt_1.8_25       0 
AOI221X2           3     74.272      0.070        0.000 sky130_tt_1.8_25       0 
AOI222X1         176   3016.570      2.303      911.143 sky130_tt_1.8_25       0 
AOI22X1         1078  12317.659      8.849     2586.669 sky130_tt_1.8_25       0 
BUFX2              2     19.044      0.944      149.310 sky130_tt_1.8_25       0 
BUFX4              6     68.558      4.331      724.185 sky130_tt_1.8_25       0 
BUFX8              1     20.948      1.769        0.000 sky130_tt_1.8_25       0 
CLKAND2X2       1206  11483.532    577.061    62770.488 sky130_tt_1.8_25       0 
CLKBUFX2           1      9.522      0.444        0.000 sky130_tt_1.8_25       0 
CLKBUFX8           1     20.948      1.118      469.086 sky130_tt_1.8_25       0 
CLKINVX2         408   2330.986     63.054      658.305 sky130_tt_1.8_25       0 
CLKINVX4          75    714.150     61.745        6.718 sky130_tt_1.8_25       0 
CLKINVX8           3     51.419      1.816      343.394 sky130_tt_1.8_25       0 
CLKMX2X2          15    228.528      8.006        0.000 sky130_tt_1.8_25       0 
CLKXOR2X1         60    799.848     18.865     1733.926 sky130_tt_1.8_25       0 
DFFX1           1372  47031.062   2719.299  2111969.636 sky130_tt_1.8_25       0 
DFFX4              6    274.234     14.739     9989.932 sky130_tt_1.8_25       0 
INVX16             6    194.249     10.737     2034.533 sky130_tt_1.8_25       0 
INVX2            133    759.856     39.166      475.176 sky130_tt_1.8_25       0 
INVX4              2     19.044      1.112      155.961 sky130_tt_1.8_25       0 
MX2X1           1030  15692.256    565.705    64941.811 sky130_tt_1.8_25       0 
NAND2X1          172   1310.227      4.258      139.324 sky130_tt_1.8_25       0 
NAND2X2            6     57.132      3.548        0.000 sky130_tt_1.8_25       0 
NAND2X4           16    274.234      1.945       14.378 sky130_tt_1.8_25       0 
NAND3X1           85    809.370     47.003       -0.029 sky130_tt_1.8_25       0 
NAND4X1          233   2662.351    200.533       78.913 sky130_tt_1.8_25       0 
NOR2X1           128    975.053     12.299      742.716 sky130_tt_1.8_25       0 
NOR2X2             6     68.558      1.471      122.340 sky130_tt_1.8_25       0 
NOR2X4             7    119.977      3.390      176.224 sky130_tt_1.8_25       0 
NOR3X1            15    142.830      0.772        0.478 sky130_tt_1.8_25       0 
NOR3X4             1     26.662      0.872        5.284 sky130_tt_1.8_25       0 
NOR4X1             6     68.558      0.394      113.051 sky130_tt_1.8_25       0 
NOR4X2             1     19.044      0.441        0.000 sky130_tt_1.8_25       0 
OAI211X1          26    297.086     11.992       96.943 sky130_tt_1.8_25       0 
OAI21X1           85    809.370     16.096      198.154 sky130_tt_1.8_25       0 
OAI21X2           14    213.293     11.658        0.000 sky130_tt_1.8_25       0 
OAI221X1          47    626.548     13.343      255.951 sky130_tt_1.8_25       0 
OAI222X1          28    426.586      4.012       67.305 sky130_tt_1.8_25       0 
OAI22X1           24    274.234      4.521      180.746 sky130_tt_1.8_25       0 
OR2X1             14    133.308      4.115       80.087 sky130_tt_1.8_25       0 
OR2X2             14    133.308      5.586       90.738 sky130_tt_1.8_25       0 
OR3X1              6     68.558      1.257        0.000 sky130_tt_1.8_25       0 
OR3X2              1     11.426      0.018        0.000 sky130_tt_1.8_25       0 
OR4X1             74    986.479     17.389      108.056 sky130_tt_1.8_25       0 
SDFFX1            24   1051.229     58.711    40088.121 sky130_tt_1.8_25       0 
TBUFX1           203   3092.746    140.229     7834.167 sky130_tt_1.8_25       0 
TBUFX4            35    733.194      9.200      882.413 sky130_tt_1.8_25       0 
TLATX1            21    599.886     27.213        0.000 sky130_tt_1.8_25       0 
XNOR2X1            1     15.235      0.807        0.000 sky130_tt_1.8_25       0 
---------------------------------------------------------------------------------
total           7129 115197.156   4819.232  2318323.454                          
                                             Leakage  Leakage   Internal  Internal 
     Type      Instances    Area    Area % Power (nW) Power %  Power (nW)  Power % 
-----------------------------------------------------------------------------------
sequential          1423  48956.411   42.5   2819.961    58.5 2162047.689     93.3 
inverter             627   4069.703    3.5    177.630     3.7    3674.088      0.2 
buffer                11    139.021    0.1      8.606     0.2    1342.581      0.1 
tristate             238   3825.940    3.3    149.430     3.1    8716.580      0.4 
logic               4830  58206.082   50.5   1663.605    34.5  142542.515      6.1 
physical_cells         0      0.000    0.0      0.000     0.0       0.000      0.0 
-----------------------------------------------------------------------------------
total               7129 115197.156  100.0   4819.232   100.0 2318323.454    100.0 
