============================================================
  Generated by:           Genus(TM) Synthesis Solution 25.11-s095_1
  Generated on:           Mar 13 2026  11:34:18 am
  Module:                 Core
  Library domain:         tt_v1.8_25C
    Domain index:         0
    Technology libraries: sky130_tt_1.8_25 1.0
                          sky130_sram_2kbyte_1rw1r_32x512_8_TT_1p8V_25C_lib 
  Operating conditions:   tt_1.8_25 
  Interconnect mode:      global
  Area mode:              physical library
============================================================

Timing
--------

       Analysis view           Clock    Period 
-----------------------------------------------
tt_v1.8_25C_Nominal_25_func core_clock 25000.0 


          Analysis             Cost     Critical        Violating 
            View               Group   Path Slack  TNS    Paths   
------------------------------------------------------------------
tt_v1.8_25C_Nominal_25_func core_clock    12019.1  0.0          0 
                               default   No paths  0.0          0 
------------------------------------------------------------------
Total                                             -0.0          0 
                                                                  

Instance Count
--------------
Leaf Instance Count             7129 
Physical Instance count            0 
Sequential Instance Count       1423 
Combinational Instance Count    5706 
Hierarchical Instance Count        0 

Area
----
Cell Area                          115197.156
Physical Cell Area                 0.000
Total Cell Area (Cell+Physical)    115197.156
Net Area                           159977.817
Total Area (Cell+Physical+Net)     275174.973

Max Fanout                         1402 (clock)
Min Fanout                         0 (InstructionDecode_Module_n_4327)
Average Fanout                     2.6
Terms to net ratio                 3.8327
Terms to instance ratio            3.8875
Runtime                            47.648898 seconds
Elapsed Runtime                    56 seconds
Genus peak memory usage            1855.09 
Innovus peak memory usage          no_value 
Hostname                           ece-rschsrv.ece.gatech.edu
