============================================================
  Generated by:           Genus(TM) Synthesis Solution 25.11-s095_1
  Generated on:           Mar 13 2026  11:34:24 am
  Module:                 Core
  Operating conditions:   tt_1.8_25 
  Interconnect mode:      global
  Area mode:              physical library
============================================================


Path 1: MET (12019 ps) Setup Check with Pin InstructionFetch_Module_FetchModule_PC_reg[31]/CK->D
           View: tt_v1.8_25C_Nominal_25_func
          Group: core_clock
     Startpoint: (R) InstructionDecode_Module_EX_instruction_opcode_reg[0]657/CK
          Clock: (R) core_clock
       Endpoint: (F) InstructionFetch_Module_FetchModule_PC_reg[31]/D
          Clock: (R) core_clock

                     Capture       Launch     
        Clock Edge:+   25000            0     
       Src Latency:+       0            0     
       Net Latency:+       0 (I)        0 (I) 
           Arrival:=   25000            0     
                                              
             Setup:-      61                  
       Uncertainty:-     250                  
     Required Time:=   24689                  
      Launch Clock:-       0                  
         Data Path:-   12670                  
             Slack:=   12019                  

Launch clock path:
#------------------------------------------------------------------------------------------------------------------------------------
#                        Timing Point                         Flags   Arc   Edge   Cell     Fanout Load Trans Delay Arrival Instance 
#                                                                                                  (fF)  (ps)  (ps)   (ps)  Location 
#------------------------------------------------------------------------------------------------------------------------------------
  clock                                                       (i)     -     R     (arrival)   1402  0.0     0     0       0    (-,-) 
  clock                                                       -       -     -     (net)          -    -     -     -       -    (-,-) 
  clock                                                       -       -     -     (net)          -    -     -     -       -    (-,-) 
  InstructionDecode_Module_EX_instruction_opcode_reg[0]657/CK <<<     -     R     DFFX1       1402    -   150     0       0    (-,-) 
#------------------------------------------------------------------------------------------------------------------------------------

#-----------------------------------------------------------------------------------------------------------------------------------------------------------------------------------------------------
#                                                       Timing Point                                                         Flags    Arc   Edge   Cell     Fanout  Load Trans Delay Arrival Instance 
#                                                                                                                                                                   (fF)  (ps)  (ps)   (ps)  Location 
#-----------------------------------------------------------------------------------------------------------------------------------------------------------------------------------------------------
  InstructionDecode_Module_EX_instruction_opcode_reg[0]657/CK                                                                -       -      R     (arrival)   1402     -   150     0       0    (-,-) 
  InstructionDecode_Module_EX_instruction_opcode_reg[0]657/Q                                                                 -       CK->Q  F     DFFX1          1  12.7    62   327     327    (-,-) 
  InstructionDecode_Module_EX_instruction_opcode[0]_3923                                                                     -       -      -     (net)          -     -     -     -       -    (-,-) 
  g20458/Y                                                                                                                   -       A->Y   R     INVX2          4  30.4   109   109     436    (-,-) 
  n_3832                                                                                                                     -       -      -     (net)          -     -     -     -       -    (-,-) 
  g33000/Y                                                                                                                   -       A->Y   R     BUFX2         19 139.3   481   421     856    (-,-) 
  n_3154                                                                                                                     -       -      -     (net)          -     -     -     -       -    (-,-) 
  InstructionDecode_Module_g245/Y                                                                                            -       OE->Y  R     TBUFX1         3  26.3   176   252    1108    (-,-) 
  n_3698                                                                                                                     -       -      -     (net)          -     -     -     -       -    (-,-) 
  g32260/Y                                                                                                                   -       A->Y   F     CLKINVX2       2  16.4    64    82    1190    (-,-) 
  n_3697                                                                                                                     -       -      -     (net)          -     -     -     -       -    (-,-) 
  g32230/Y                                                                                                                   -       A1->Y  R     AOI221X1       1  10.1   316   302    1491    (-,-) 
  n_3732                                                                                                                     -       -      -     (net)          -     -     -     -       -    (-,-) 
  g32221/Y                                                                                                                   -       C0->Y  F     OAI211X1       1  10.2   160   202    1693    (-,-) 
  n_3742                                                                                                                     -       -      -     (net)          -     -     -     -       -    (-,-) 
  g32217/Y                                                                                                                   -       C0->Y  R     AOI221X1       1   9.0   294   284    1978    (-,-) 
  n_3745                                                                                                                     -       -      -     (net)          -     -     -     -       -    (-,-) 
  g32212/Y                                                                                                                   -       C->Y   R     AND3X2         2  16.4    85   272    2250    (-,-) 
  n_3751                                                                                                                     -       -      -     (net)          -     -     -     -       -    (-,-) 
  g32119/Y                                                                                                                   -       A0->Y  F     OAI21X1        1   8.9    94    99    2349    (-,-) 
  n_3757                                                                                                                     -       -      -     (net)          -     -     -     -       -    (-,-) 
  g32087/Y                                                                                                                   -       B->Y   F     OR2X2         20 136.9   261   422    2772    (-,-) 
  n_3760                                                                                                                     -       -      -     (net)          -     -     -     -       -    (-,-) 
  g32083/Y                                                                                                                   -       A->Y   R     NOR2X2         9  64.2   462   442    3214    (-,-) 
  n_3174                                                                                                                     -       -      -     (net)          -     -     -     -       -    (-,-) 
  g31979/Y                                                                                                                   -       A1->Y  F     AOI22X1        1  12.8   183   226    3440    (-,-) 
  n_3806                                                                                                                     -       -      -     (net)          -     -     -     -       -    (-,-) 
  g31963/Y                                                                                                                   -       B->Y   R     NAND2X2       10  85.0   308   293    3734    (-,-) 
  n_3913                                                                                                                     -       -      -     (net)          -     -     -     -       -    (-,-) 
  InstructionExecute_Module_ArthimeticLogicUnit_sub_39_42_Y_InstructionExecute_Module_ArthimeticLogicUnit_add_35_42_g4575/Y  -       B->Y   F     CLKXOR2X1      1  13.2    78   275    4009    (-,-) 
  InstructionExecute_Module_ArthimeticLogicUnit_sub_39_42_Y_InstructionExecute_Module_ArthimeticLogicUnit_add_35_42_n_2607   -       -      -     (net)          -     -     -     -       -    (-,-) 
  InstructionExecute_Module_ArthimeticLogicUnit_sub_39_42_Y_InstructionExecute_Module_ArthimeticLogicUnit_add_35_42_g4553/CO -       B->CO  F     ADDFX1         1  12.1    83   265    4274    (-,-) 
  InstructionExecute_Module_ArthimeticLogicUnit_sub_39_42_Y_InstructionExecute_Module_ArthimeticLogicUnit_add_35_42_n_2582   -       -      -     (net)          -     -     -     -       -    (-,-) 
  InstructionExecute_Module_ArthimeticLogicUnit_sub_39_42_Y_InstructionExecute_Module_ArthimeticLogicUnit_add_35_42_g4552/CO -       CI->CO F     ADDFX1         1  12.1    83   252    4525    (-,-) 
  InstructionExecute_Module_ArthimeticLogicUnit_sub_39_42_Y_InstructionExecute_Module_ArthimeticLogicUnit_add_35_42_n_2580   -       -      -     (net)          -     -     -     -       -    (-,-) 
  InstructionExecute_Module_ArthimeticLogicUnit_sub_39_42_Y_InstructionExecute_Module_ArthimeticLogicUnit_add_35_42_g4551/CO -       CI->CO F     ADDFX1         1  12.1    83   252    4777    (-,-) 
  InstructionExecute_Module_ArthimeticLogicUnit_sub_39_42_Y_InstructionExecute_Module_ArthimeticLogicUnit_add_35_42_n_2578   -       -      -     (net)          -     -     -     -       -    (-,-) 
  InstructionExecute_Module_ArthimeticLogicUnit_sub_39_42_Y_InstructionExecute_Module_ArthimeticLogicUnit_add_35_42_g4550/CO -       CI->CO F     ADDFX1         1  12.1    83   252    5028    (-,-) 
  InstructionExecute_Module_ArthimeticLogicUnit_sub_39_42_Y_InstructionExecute_Module_ArthimeticLogicUnit_add_35_42_n_2576   -       -      -     (net)          -     -     -     -       -    (-,-) 
  InstructionExecute_Module_ArthimeticLogicUnit_sub_39_42_Y_InstructionExecute_Module_ArthimeticLogicUnit_add_35_42_g4549/CO -       CI->CO F     ADDFX1         1  12.1    83   252    5280    (-,-) 
  InstructionExecute_Module_ArthimeticLogicUnit_sub_39_42_Y_InstructionExecute_Module_ArthimeticLogicUnit_add_35_42_n_2574   -       -      -     (net)          -     -     -     -       -    (-,-) 
  InstructionExecute_Module_ArthimeticLogicUnit_sub_39_42_Y_InstructionExecute_Module_ArthimeticLogicUnit_add_35_42_g4548/CO -       CI->CO F     ADDFX1         1  12.1    83   252    5532    (-,-) 
  InstructionExecute_Module_ArthimeticLogicUnit_sub_39_42_Y_InstructionExecute_Module_ArthimeticLogicUnit_add_35_42_n_2572   -       -      -     (net)          -     -     -     -       -    (-,-) 
  InstructionExecute_Module_ArthimeticLogicUnit_sub_39_42_Y_InstructionExecute_Module_ArthimeticLogicUnit_add_35_42_g4547/CO -       CI->CO F     ADDFX1         1  12.1    83   252    5783    (-,-) 
  InstructionExecute_Module_ArthimeticLogicUnit_sub_39_42_Y_InstructionExecute_Module_ArthimeticLogicUnit_add_35_42_n_2570   -       -      -     (net)          -     -     -     -       -    (-,-) 
  InstructionExecute_Module_ArthimeticLogicUnit_sub_39_42_Y_InstructionExecute_Module_ArthimeticLogicUnit_add_35_42_g4546/CO -       CI->CO F     ADDFX1         1  12.1    83   252    6035    (-,-) 
  InstructionExecute_Module_ArthimeticLogicUnit_sub_39_42_Y_InstructionExecute_Module_ArthimeticLogicUnit_add_35_42_n_2568   -       -      -     (net)          -     -     -     -       -    (-,-) 
  InstructionExecute_Module_ArthimeticLogicUnit_sub_39_42_Y_InstructionExecute_Module_ArthimeticLogicUnit_add_35_42_g4545/CO -       CI->CO F     ADDFX1         1  12.1    83   252    6286    (-,-) 
  InstructionExecute_Module_ArthimeticLogicUnit_sub_39_42_Y_InstructionExecute_Module_ArthimeticLogicUnit_add_35_42_n_2566   -       -      -     (net)          -     -     -     -       -    (-,-) 
  InstructionExecute_Module_ArthimeticLogicUnit_sub_39_42_Y_InstructionExecute_Module_ArthimeticLogicUnit_add_35_42_g4544/CO -       CI->CO F     ADDFX1         1  12.1    83   252    6538    (-,-) 
  InstructionExecute_Module_ArthimeticLogicUnit_sub_39_42_Y_InstructionExecute_Module_ArthimeticLogicUnit_add_35_42_n_2564   -       -      -     (net)          -     -     -     -       -    (-,-) 
  InstructionExecute_Module_ArthimeticLogicUnit_sub_39_42_Y_InstructionExecute_Module_ArthimeticLogicUnit_add_35_42_g4543/CO -       CI->CO F     ADDFX1         1  12.1    83   252    6790    (-,-) 
  InstructionExecute_Module_ArthimeticLogicUnit_sub_39_42_Y_InstructionExecute_Module_ArthimeticLogicUnit_add_35_42_n_2562   -       -      -     (net)          -     -     -     -       -    (-,-) 
  InstructionExecute_Module_ArthimeticLogicUnit_sub_39_42_Y_InstructionExecute_Module_ArthimeticLogicUnit_add_35_42_g4542/CO -       CI->CO F     ADDFX1         1  12.1    83   252    7041    (-,-) 
  InstructionExecute_Module_ArthimeticLogicUnit_sub_39_42_Y_InstructionExecute_Module_ArthimeticLogicUnit_add_35_42_n_2560   -       -      -     (net)          -     -     -     -       -    (-,-) 
  InstructionExecute_Module_ArthimeticLogicUnit_sub_39_42_Y_InstructionExecute_Module_ArthimeticLogicUnit_add_35_42_g4541/CO -       CI->CO F     ADDFX1         1  12.1    83   252    7293    (-,-) 
  InstructionExecute_Module_ArthimeticLogicUnit_sub_39_42_Y_InstructionExecute_Module_ArthimeticLogicUnit_add_35_42_n_2558   -       -      -     (net)          -     -     -     -       -    (-,-) 
  InstructionExecute_Module_ArthimeticLogicUnit_sub_39_42_Y_InstructionExecute_Module_ArthimeticLogicUnit_add_35_42_g4540/CO -       CI->CO F     ADDFX1         1  12.1    83   252    7544    (-,-) 
  InstructionExecute_Module_ArthimeticLogicUnit_sub_39_42_Y_InstructionExecute_Module_ArthimeticLogicUnit_add_35_42_n_2556   -       -      -     (net)          -     -     -     -       -    (-,-) 
  InstructionExecute_Module_ArthimeticLogicUnit_sub_39_42_Y_InstructionExecute_Module_ArthimeticLogicUnit_add_35_42_g4539/CO -       CI->CO F     ADDFX1         1  12.1    83   252    7796    (-,-) 
  InstructionExecute_Module_ArthimeticLogicUnit_sub_39_42_Y_InstructionExecute_Module_ArthimeticLogicUnit_add_35_42_n_2554   -       -      -     (net)          -     -     -     -       -    (-,-) 
  InstructionExecute_Module_ArthimeticLogicUnit_sub_39_42_Y_InstructionExecute_Module_ArthimeticLogicUnit_add_35_42_g4538/CO -       CI->CO F     ADDFX1         1  12.1    83   252    8048    (-,-) 
  InstructionExecute_Module_ArthimeticLogicUnit_sub_39_42_Y_InstructionExecute_Module_ArthimeticLogicUnit_add_35_42_n_2552   -       -      -     (net)          -     -     -     -       -    (-,-) 
  InstructionExecute_Module_ArthimeticLogicUnit_sub_39_42_Y_InstructionExecute_Module_ArthimeticLogicUnit_add_35_42_g4537/CO -       CI->CO F     ADDFX1         1  12.1    83   252    8299    (-,-) 
  InstructionExecute_Module_ArthimeticLogicUnit_sub_39_42_Y_InstructionExecute_Module_ArthimeticLogicUnit_add_35_42_n_2550   -       -      -     (net)          -     -     -     -       -    (-,-) 
  InstructionExecute_Module_ArthimeticLogicUnit_sub_39_42_Y_InstructionExecute_Module_ArthimeticLogicUnit_add_35_42_g4536/CO -       CI->CO F     ADDFX1         1  12.1    83   252    8551    (-,-) 
  InstructionExecute_Module_ArthimeticLogicUnit_sub_39_42_Y_InstructionExecute_Module_ArthimeticLogicUnit_add_35_42_n_2548   -       -      -     (net)          -     -     -     -       -    (-,-) 
  InstructionExecute_Module_ArthimeticLogicUnit_sub_39_42_Y_InstructionExecute_Module_ArthimeticLogicUnit_add_35_42_g4535/CO -       CI->CO F     ADDFX1         1  12.1    83   252    8802    (-,-) 
  InstructionExecute_Module_ArthimeticLogicUnit_sub_39_42_Y_InstructionExecute_Module_ArthimeticLogicUnit_add_35_42_n_2546   -       -      -     (net)          -     -     -     -       -    (-,-) 
  InstructionExecute_Module_ArthimeticLogicUnit_sub_39_42_Y_InstructionExecute_Module_ArthimeticLogicUnit_add_35_42_g4534/CO -       CI->CO F     ADDFX1         1  12.1    83   252    9054    (-,-) 
  InstructionExecute_Module_ArthimeticLogicUnit_sub_39_42_Y_InstructionExecute_Module_ArthimeticLogicUnit_add_35_42_n_2544   -       -      -     (net)          -     -     -     -       -    (-,-) 
  InstructionExecute_Module_ArthimeticLogicUnit_sub_39_42_Y_InstructionExecute_Module_ArthimeticLogicUnit_add_35_42_g4533/CO -       CI->CO F     ADDFX1         1  12.1    83   252    9306    (-,-) 
  InstructionExecute_Module_ArthimeticLogicUnit_sub_39_42_Y_InstructionExecute_Module_ArthimeticLogicUnit_add_35_42_n_2542   -       -      -     (net)          -     -     -     -       -    (-,-) 
  InstructionExecute_Module_ArthimeticLogicUnit_sub_39_42_Y_InstructionExecute_Module_ArthimeticLogicUnit_add_35_42_g4532/CO -       CI->CO F     ADDFX1         1  12.1    83   252    9557    (-,-) 
  InstructionExecute_Module_ArthimeticLogicUnit_sub_39_42_Y_InstructionExecute_Module_ArthimeticLogicUnit_add_35_42_n_2540   -       -      -     (net)          -     -     -     -       -    (-,-) 
  InstructionExecute_Module_ArthimeticLogicUnit_sub_39_42_Y_InstructionExecute_Module_ArthimeticLogicUnit_add_35_42_g4531/CO -       CI->CO F     ADDFX1         1  12.1    83   252    9809    (-,-) 
  InstructionExecute_Module_ArthimeticLogicUnit_sub_39_42_Y_InstructionExecute_Module_ArthimeticLogicUnit_add_35_42_n_2538   -       -      -     (net)          -     -     -     -       -    (-,-) 
  InstructionExecute_Module_ArthimeticLogicUnit_sub_39_42_Y_InstructionExecute_Module_ArthimeticLogicUnit_add_35_42_g4530/CO -       CI->CO F     ADDFX1         1  12.1    83   252   10060    (-,-) 
  InstructionExecute_Module_ArthimeticLogicUnit_sub_39_42_Y_InstructionExecute_Module_ArthimeticLogicUnit_add_35_42_n_2536   -       -      -     (net)          -     -     -     -       -    (-,-) 
  InstructionExecute_Module_ArthimeticLogicUnit_sub_39_42_Y_InstructionExecute_Module_ArthimeticLogicUnit_add_35_42_g4529/CO -       CI->CO F     ADDFX1         1  12.1    83   252   10312    (-,-) 
  InstructionExecute_Module_ArthimeticLogicUnit_sub_39_42_Y_InstructionExecute_Module_ArthimeticLogicUnit_add_35_42_n_2534   -       -      -     (net)          -     -     -     -       -    (-,-) 
  InstructionExecute_Module_ArthimeticLogicUnit_sub_39_42_Y_InstructionExecute_Module_ArthimeticLogicUnit_add_35_42_g4528/CO -       CI->CO F     ADDFX1         1  12.1    83   252   10564    (-,-) 
  InstructionExecute_Module_ArthimeticLogicUnit_sub_39_42_Y_InstructionExecute_Module_ArthimeticLogicUnit_add_35_42_n_2532   -       -      -     (net)          -     -     -     -       -    (-,-) 
  InstructionExecute_Module_ArthimeticLogicUnit_sub_39_42_Y_InstructionExecute_Module_ArthimeticLogicUnit_add_35_42_g4527/CO -       CI->CO F     ADDFX1         1  12.1    83   252   10815    (-,-) 
  InstructionExecute_Module_ArthimeticLogicUnit_sub_39_42_Y_InstructionExecute_Module_ArthimeticLogicUnit_add_35_42_n_2530   -       -      -     (net)          -     -     -     -       -    (-,-) 
  InstructionExecute_Module_ArthimeticLogicUnit_sub_39_42_Y_InstructionExecute_Module_ArthimeticLogicUnit_add_35_42_g4526/CO -       CI->CO F     ADDFX1         1  12.1    83   252   11067    (-,-) 
  InstructionExecute_Module_ArthimeticLogicUnit_sub_39_42_Y_InstructionExecute_Module_ArthimeticLogicUnit_add_35_42_n_2528   -       -      -     (net)          -     -     -     -       -    (-,-) 
  InstructionExecute_Module_ArthimeticLogicUnit_sub_39_42_Y_InstructionExecute_Module_ArthimeticLogicUnit_add_35_42_g4525/CO -       CI->CO F     ADDFX1         1  12.1    83   252   11318    (-,-) 
  InstructionExecute_Module_ArthimeticLogicUnit_sub_39_42_Y_InstructionExecute_Module_ArthimeticLogicUnit_add_35_42_n_2526   -       -      -     (net)          -     -     -     -       -    (-,-) 
  InstructionExecute_Module_ArthimeticLogicUnit_sub_39_42_Y_InstructionExecute_Module_ArthimeticLogicUnit_add_35_42_g4524/CO -       CI->CO F     ADDFX1         1  11.0    79   247   11565    (-,-) 
  InstructionExecute_Module_ArthimeticLogicUnit_sub_39_42_Y_InstructionExecute_Module_ArthimeticLogicUnit_add_35_42_n_2524   -       -      -     (net)          -     -     -     -       -    (-,-) 
  InstructionExecute_Module_ArthimeticLogicUnit_sub_39_42_Y_InstructionExecute_Module_ArthimeticLogicUnit_add_35_42_g4523/Y  -       B->Y   F     CLKXOR2X1      1  10.0    64   181   11746    (-,-) 
  n_3911                                                                                                                     -       -      -     (net)          -     -     -     -       -    (-,-) 
  g42532/Y                                                                                                                   -       C1->Y  R     AOI222X1       1  10.1   348   271   12017    (-,-) 
  n_3003                                                                                                                     -       -      -     (net)          -     -     -     -       -    (-,-) 
  g42501/Y                                                                                                                   -       C->Y   F     NAND3X1        2  15.2   187   221   12238    (-,-) 
  n_3042                                                                                                                     -       -      -     (net)          -     -     -     -       -    (-,-) 
  g42462/Y                                                                                                                   -       C1->Y  R     AOI222X1       1  12.6   400   355   12592    (-,-) 
  n_3063                                                                                                                     -       -      -     (net)          -     -     -     -       -    (-,-) 
  g42457/Y                                                                                                                   -       A->Y   F     CLKINVX2       1   8.9    80    78   12670    (-,-) 
  n_3077                                                                                                                     -       -      -     (net)          -     -     -     -       -    (-,-) 
  InstructionFetch_Module_FetchModule_PC_reg[31]/D                                                                           <<<     -      F     DFFX1          1     -     -     0   12670    (-,-) 
#-----------------------------------------------------------------------------------------------------------------------------------------------------------------------------------------------------

Capture clock path:
#--------------------------------------------------------------------------------------------------------------------------
#                   Timing Point                    Flags   Arc   Edge   Cell     Fanout Load Trans Delay Arrival Instance 
#                                                                                        (fF)  (ps)  (ps)   (ps)  Location 
#--------------------------------------------------------------------------------------------------------------------------
  clock                                             (i)     -     R     (arrival)   1402  0.0     0     0   25000    (-,-) 
  clock                                             -       -     -     (net)          -    -     -     -       -    (-,-) 
  clock                                             -       -     -     (net)          -    -     -     -       -    (-,-) 
  InstructionFetch_Module_FetchModule_PC_reg[31]/CK <<<     -     R     DFFX1       1402    -   150     0   25000    (-,-) 
#--------------------------------------------------------------------------------------------------------------------------


