 ------------------------------------------------------------------------------------------------------------------------------------------ 
| Snapshot                | WNS                  | TNS                  | Density (%) | Hotspot      | Resource               | DRVs       |
|                         | HEPG (ns) | ALL (ns) | HEPG (ns) | ALL (ns) |             | Max  | Total | Real (s) | Memory (MB) | Tran | Cap |
|-------------------------+-----------+----------+-----------+----------+-------------+------+-------+----------+-------------+------+-----|
| initial_summary         |    11.062 |   11.062 |           |        0 |       19.20 |      |       | 0:00:04  |        2901 |   50 |  53 |
| route_type_refinement   |           |          |           |          |             |      |       | 0:00:00  |        2901 |      |     |
| simplify_netlist        |           |          |           |          |             |      |       | 0:00:01  |        2904 |      |     |
| excluded_clk_net_fixing |           |          |           |          |             |      |       | 0:00:00  |        2904 |      |     |
| drv_fixing              |    11.097 |   11.097 |         0 |        0 |       19.50 |      |       | 0:00:04  |        2918 |    0 |   0 |
| global_opt              |           |   11.097 |           |        0 |       19.50 |      |       | 0:00:01  |        2920 |      |     |
| area_reclaiming         |    11.097 |   11.097 |         0 |        0 |       19.32 |      |       | 0:00:07  |        2924 |      |     |
| drv_fixing_2            |    11.097 |   11.097 |         0 |        0 |       19.31 |      |       | 0:00:02  |        2924 |    0 |   0 |
| area_reclaiming_2       |    11.071 |   11.071 |         0 |        0 |       19.21 |      |       | 0:00:11  |        2928 |      |     |
| area_reclaiming_3       |    11.071 |   11.071 |         0 |        0 |       19.19 |      |       | 0:00:05  |        2929 |      |     |
| local_wire_reclaim      |           |          |           |          |             |      |       | 0:00:15  |        2936 |      |     |
| global_route            |           |          |           |          |             | 1.84 |  7.34 | 0:00:02  |        2876 |      |     |
| route_type_refinement_2 |           |          |           |          |             |      |       | 0:00:00  |        2876 |      |     |
| drv_eco_fixing          |    11.086 |   11.086 |         0 |        0 |       19.32 |      |       | 0:00:03  |        2931 |    0 |   0 |
| legalization            |           |          |           |          |             |      |       | 0:00:00  |        2937 |      |     |
| final_summary           |    11.086 |   11.086 |           |        0 |       19.30 | 2.10 |  6.56 | 0:00:04  |        2933 |    0 |   0 |
 ------------------------------------------------------------------------------------------------------------------------------------------ 
