###############################################################
#  Generated by:      Cadence Innovus 25.11-s102_1
#  OS:                Linux x86_64(Host ID ece-linlabsrv01)
#  Generated on:      Wed Mar 18 00:09:54 2026
#  Design:            Core
#  Command:           report_timing_summary -checks {hold drv} -expand_views > [file join [get_db flow_report_directory] [get_db flow_report_name] [get_db flow_report_prefix]hold.view_summary.rpt]
###############################################################
# HOLD                                  WNS     TNS   FEP   
#----------------------------------------------------------
 View : ALL                          -0.009  -0.037    16  
    Group : in2out                      N/A     N/A     0  
    Group : reg2out                     N/A     N/A     0  
    Group : in2reg                   -0.009  -0.037    16  
    Group : reg2reg                   0.054     0.0     0  
                                                           
 View : tt_v1.8_25C_Nominal_25_func  -0.009  -0.037    16  
    Group : in2reg                   -0.009  -0.037    16  
    Group : reg2reg                   0.054     0.0     0  
    Group : in2out                      N/A     N/A     0  
    Group : reg2out                     N/A     N/A     0  
                                                           
#----------------------------------------------------------
 
# DRV                                   WNS     TNS   FEP   
#----------------------------------------------------------
 View : ALL                                                
    Check : max_transition              N/A     N/A     0  
    Check : min_transition              N/A     N/A     0  
    Check : max_capacitance             N/A     N/A     0  
    Check : min_capacitance          -0.002  -1.559  1513  
    Check : max_fanout                  N/A     N/A     0  
    Check : min_fanout                  N/A     N/A     0  
                                                           
 View : tt_v1.8_25C_Nominal_25_func                        
    Check : max_transition              N/A     N/A     0  
    Check : min_transition              N/A     N/A     0  
    Check : max_capacitance             N/A     N/A     0  
    Check : min_capacitance          -0.002  -1.559  1513  
    Check : max_fanout                  N/A     N/A     0  
    Check : min_fanout                  N/A     N/A     0  
                                                           
 View : tt_v1.8_25C_Nominal_25_func                        
    Check : max_transition              N/A     N/A     0  
    Check : min_transition              N/A     N/A     0  
    Check : max_capacitance             N/A     N/A     0  
    Check : min_capacitance          -0.002  -1.559  1513  
    Check : max_fanout                  N/A     N/A     0  
    Check : min_fanout                  N/A     N/A     0  
                                                           
#----------------------------------------------------------
 
