###############################################################
#  Generated by:      Cadence Innovus 25.11-s102_1
#  OS:                Linux x86_64(Host ID ece-linlabsrv01)
#  Generated on:      Wed Mar 18 00:10:04 2026
#  Design:            Core
#  Command:           report_timing -early -max_paths 1   -nworst 1 -path_type full_clock -net > [file join [get_db flow_report_directory] [get_db flow_report_name] hold.worst.rpt]
###############################################################
Path 1: VIOLATED (-0.009 ns) Hold Check with Pin InstructionDecode_Module_register_file_RF[25].RF_data_op_reg[1]/CK->D
               View: tt_v1.8_25C_Nominal_25_func
              Group: core_clock
         Startpoint: (R) reset
              Clock:
           Endpoint: (F) InstructionDecode_Module_register_file_RF[25].RF_data_op_reg[1]/D
              Clock: (R) core_clock

                       Capture       Launch
         Clock Edge:+    0.000        0.000
        Src Latency:+   -0.629        0.000
        Net Latency:+    0.640 (P)    0.000 (I)
            Arrival:=    0.012        0.000

               Hold:+    0.026
        Uncertainty:+    0.250
        Cppr Adjust:-    0.000
      Required Time:=    0.288
       Launch Clock:=    0.000
          Data Path:+    0.279
              Slack:=   -0.009
     Timing Path:

#---------------------------------------------------------------------------------------------------------------------------------
# Timing Point                                                       Flags  Arc    Edge  Cell       Fanout  Trans   Delay  Arrival  
#                                                                                                            (ns)    (ns)     (ns)  
#---------------------------------------------------------------------------------------------------------------------------------
  reset                                                              -      reset  R     (arrival)      17  0.003   0.022    0.022  
  reset                                                              -      -      R     (net)          17      -       -        -  
  prects_FE_DBTC58_reset/Y                                           -      A->Y   F     INVX4          28  0.041   0.102    0.124  
  FE_DBTN23_reset                                                    -      -      F     (net)          28      -       -        -  
  g35121/Y                                                           -      A->Y   F     CLKAND2X2       1  0.111   0.155    0.279  
  n_2091                                                             -      -      F     (net)           1      -       -        -  
  InstructionDecode_Module_register_file_RF[25].RF_data_op_reg[1]/D  -      D      F     DFFX1           1  0.021   0.000    0.279  
#---------------------------------------------------------------------------------------------------------------------------------
     Other End Path:

#----------------------------------------------------------------------------------------------------------------------------------
# Timing Point                                                        Flags  Arc    Edge  Cell       Fanout  Trans   Delay  Arrival  
#                                                                                                             (ns)    (ns)     (ns)  
#----------------------------------------------------------------------------------------------------------------------------------
  clock                                                               -      clock  R     (arrival)       1  0.003   0.008   -0.620  
  clock                                                               -      -      R     (net)           1      -       -        -  
  CTS_ccl_buf_00042/Y                                                 -      A->Y   R     CLKBUFX4        2  0.014   0.083   -0.537  
  CTS_42                                                              -      -      R     (net)           2      -       -        -  
  CTS_ccl_a_buf_00040/Y                                               -      A->Y   R     CLKBUFX8       21  0.037   0.306   -0.231  
  CTS_22                                                              -      -      R     (net)          21      -       -        -  
  CTS_ccl_a_buf_00025/Y                                               -      A->Y   R     CLKBUFX8       38  0.329   0.243    0.012  
  CTS_14                                                              -      -      R     (net)          38      -       -        -  
  InstructionDecode_Module_register_file_RF[25].RF_data_op_reg[1]/CK  -      CK     R     DFFX1          38  0.125   0.000    0.012  
#----------------------------------------------------------------------------------------------------------------------------------

