###############################################################
#  Generated by:      Cadence Innovus 25.11-s102_1
#  OS:                Linux x86_64(Host ID ece-linlabsrv01)
#  Generated on:      Wed Mar 18 00:09:34 2026
#  Design:            Core
#  Command:           report_summary -no_html -out_dir debug -out_file reports/postcts/qor.rpt
###############################################################


==============================
General Design Information
==============================
Design Status: Routed  
Design Name: Core  
# Instances: 7638  
# Hard Macros: 2  
    ------------------------------
    Macro Cells in Netlist
    ------------------------------
              Macro Name   Instance Count  Area (um^2)  Area Percentage in Core  
    sky130_sram_2kbyte_1rw1r_32x512_8                2       569076.948           63.851%  
# Std Cells: 7636  
    ------------------------------
    Standard Cells in Netlist
    ------------------------------
               Cell Type   Instance Count  Area (um^2)  
                AOI221X1               51         679.8708  
                  SDFFX1               32        1401.6384  
                   OR3X2                7          79.9848  
                OAI211X1               19         217.1016  
                AOI222X1              184        3153.6864  
                  AND4X2                8         106.6464  
                  AND2X2               31         295.1820  
                 OAI22X2                1          19.0440  
                   DFFX4                4         182.8224  
                 XNOR2X2                2          30.4704  
                   INVX2              101         577.0332  
                  NOR4X1               10         114.2640  
                  NOR2X1              194        1477.8144  
                CLKINVX2              346        1976.7672  
                 OAI21X2                4          60.9408  
                CLKBUFX4               72         822.7008  
                  AND3X2               14         159.9696  
                   DFFX1             1406       48196.5552  
                  BUFX16               44        1675.8720  
                   OR4X2                3          39.9924  
                   OR2X2               10          95.2200  
                CLKMX2X2                8         121.8816  
                  NOR3X1               23         219.0060  
                 NAND4X2               16         304.7040  
                 NAND2X2               17         161.8740  
                  ADDFX1               12         388.4976  
                 AOI22X1             1050       11997.7200  
                CLKBUFX8               47         984.5748  
                 AOI21X1               62         590.3640  
                AOI211X2                2          38.0880  
                   BUFX8               14         293.2776  
                  DLY1X1                2          30.4704  
                CLKINVX8               24         411.3504  
                 NAND2X4                5          85.6980  
                  AND4X1                4          53.3232  
                  AND2X1               81         771.2820  
                AOI222X2                6         171.3960  
                   OR3X1                7          79.9848  
                OAI211X2                3          57.1320  
                   INVX8                2          34.2792  
                AOI221X2                1          24.7572  
                  TBUFX1              153        2330.9856  
                  ADDHX1               47         984.5748  
                 OAI21X1               74         704.6280  
                CLKINVX1               53         302.7996  
                  NOR4X2               14         266.6160  
                  NOR2X2                8          91.4112  
                 NAND3X1               80         761.7600  
                   INVX1                2          11.4264  
                 XNOR2X1               16         243.7632  
                 OAI22X1               25         285.6600  
                   OR4X1               54         719.8632  
                   OR2X1               16         152.3520  
                   BUFX2              137        1304.5140  
                   INVX4               59         561.7980  
                CLKBUFX2               74         704.6280  
               CLKAND2X2             1083       10312.3260  
                CLKINVX4               17         161.8740  
                AOI211X1               17         194.2488  
                OAI221X1               74         986.4792  
                  TBUFX4               61        1277.8524  
                   MX2X1             1037       15798.9024  
                 AOI21X2                4          60.9408  
               CLKXOR2X1               74         986.4792  
                 AOI22X2                2          38.0880  
                 NAND4X1              212        2422.3968  
                 NAND2X1              278        2117.6928  
                OAI222X1               14         213.2928  
                   TIEHI                1           5.7132  
                   TIELO                1           5.7132  
                  TLATX1               20         571.3200  
# Pads: 0  
# Net: 9402  
# Special Net: 2  
# IO Pins: 
    ------------------------------
    Issued IO Information
    ------------------------------
    # Unplaced IO Pin  0  
    # Floating IO  0  
    # IO Connected to Non-IO Inst  
        ------------------------------
        IO Connected to Non-IO Inst
        ------------------------------
                     IO Name      Non-IO Inst Name  
                      mem_en  postcts_FE_PHC1_mem_en  
                       reset  postcts_FE_PHC4_reset  
                       clock     CTS_ccl_buf_00042  3  3  
# Pins: 
    ------------------------------
    Correctness of Pin Connectivity for All Instances
    ------------------------------
    # Floating Terms  0  
    # Output Term Marked Tie Hi/Lo  0  
    # Output Term Shorted to PG Net  0  29147  
# PG Pins: 
    ------------------------------
    Correctness of PG Pin Connectivity for All Instances
    ------------------------------
    # Instances that No Net Defined for Any PG Pin  0  
    # Floating PG Terms  0  
    # PG Pins Connect to Non-PG Net  0  
    # Power Pins Connect Ground Net  0  
    # Ground Pins Connect Power Net  0  15276  
Average Pins Per Net(Signal): 3.100  

==============================
General Library Information
==============================
# Routing Layers: 5  
# Masterslice Layers: 2  
# Pin Layers: 
    General Caution:
        1) Library have met1, met2, met3 and met4 pins, you should setPlaceMode -prerouteAsObs {1 2 3}                                 to ensure these pins are accessible after placement

    ------------------------------
    Pin Layers
    ------------------------------
    met4  
    met3  
    met2  
    met1  4  
# Layers: 
    ------------------------------
    Layer met5 Information
    ------------------------------
    Type  Routing  
    Wire Pitch X  3.220 um  
    Wire Pitch Y  3.220 um  
    Wire Width  1.600 um  
    Spacing  1.600 um  
    ------------------------------
    Layer via4 Information
    ------------------------------
    Type  Cut  
    Wire Width  0.800 um  
    Vias  
        ------------------------------
        Via list in layer via4
        ------------------------------
                Vias in via4  Default  
                   M4M5_PR_C      Yes  
                  M4M5_PR_MR      Yes  
                   M4M5_PR_M      Yes  
                   M4M5_PR_R      Yes  
                     M4M5_PR      Yes  For complete list click here  
    ------------------------------
    Layer met4 Information
    ------------------------------
    Type  Routing  
    Wire Pitch X  0.690 um  
    Wire Pitch Y  0.690 um  
    Wire Width  0.300 um  
    Spacing  0.300 um  
    ------------------------------
    Layer via3 Information
    ------------------------------
    Type  Cut  
    Wire Width  0.200 um  
    Vias  
        ------------------------------
        Via list in layer via3
        ------------------------------
                Vias in via3  Default  
                   M3M4_PR_C      Yes  
                  M3M4_PR_MR      Yes  
                   M3M4_PR_M      Yes  
                   M3M4_PR_R      Yes  
                     M3M4_PR      Yes  For complete list click here  
    ------------------------------
    Layer met3 Information
    ------------------------------
    Type  Routing  
    Wire Pitch X  0.690 um  
    Wire Pitch Y  0.690 um  
    Wire Width  0.300 um  
    Spacing  0.300 um  
    ------------------------------
    Layer via2 Information
    ------------------------------
    Type  Cut  
    Wire Width  0.200 um  
    Vias  
        ------------------------------
        Via list in layer via2
        ------------------------------
                Vias in via2  Default  
                   M2M3_PR_C      Yes  
                  M2M3_PR_MR      Yes  
                   M2M3_PR_M      Yes  
                   M2M3_PR_R      Yes  
                     M2M3_PR      Yes  For complete list click here  
    ------------------------------
    Layer met2 Information
    ------------------------------
    Type  Routing  
    Wire Pitch X  0.460 um  
    Wire Pitch Y  0.460 um  
    Wire Width  0.140 um  
    Spacing  0.140 um  
    ------------------------------
    Layer via Information
    ------------------------------
    Type  Cut  
    Wire Width  0.150 um  
    Vias  
        ------------------------------
        Via list in layer via
        ------------------------------
                 Vias in via  Default  
                   M1M2_PR_C      Yes  
                  M1M2_PR_MR      Yes  
                   M1M2_PR_M      Yes  
                   M1M2_PR_R      Yes  
                     M1M2_PR      Yes  For complete list click here  
    ------------------------------
    Layer met1 Information
    ------------------------------
    Type  Routing  
    Wire Pitch X  0.460 um  
    Wire Pitch Y  0.460 um  
    Wire Width  0.140 um  
    Spacing  0.140 um  
    ------------------------------
    Layer mcon Information
    ------------------------------
    Type  Cut  
    Vias  
        ------------------------------
        Via list in layer mcon
        ------------------------------  
    ------------------------------
    Layer poly Information
    ------------------------------
    Type  Masterslice  
    ------------------------------
    Layer diff Information
    ------------------------------
    Type  Masterslice  
    ------------------------------
    Layer OVERLAP Information
    ------------------------------
    Type  Overlap  13  
# Pins without Physical Port: 0  
# Pins in Library without Timing Lib: 
    ------------------------------
    Pins in Library without timing lib
    ------------------------------
               Cell Name      List of Pin Name  
                 ANTENNA                     A  1  
# Pins Missing Direction: 0  
Antenna Summary Report: 
    General Caution:
    ------------------------------
    These Layers have antenna info
    ------------------------------
    met5  
    via4  
    met4  
    via3  
    met3  
    via2  
    met2  
    via  
    met1  
    ------------------------------
    These Layers have no antenna info
    ------------------------------
    mcon  
    ------------------------------
    These Pins have antenna info
    ------------------------------
               Cell Name      List of Pin Name  
                AOI221X1                    C0  
                AOI221X1                    B1  
                AOI221X1                    B0  
                AOI221X1                    A1  
                AOI221X1                    A0  
                AOI221X1                     Y  
                  SDFFX1                    SI  
                  SDFFX1                    SE  
                  SDFFX1                     D  
                  SDFFX1                    CK  
                  SDFFX1                    QN  
                  SDFFX1                     Q  
                   OR3X2                     C  
                   OR3X2                     B  
                   OR3X2                     A  
                   OR3X2                     Y  
                OAI211X1                    C0  
                OAI211X1                    B0  
                OAI211X1                    A1  
                OAI211X1                    A0  
                OAI211X1                     Y  
                AOI222X1                    C1  
                AOI222X1                    C0  
                AOI222X1                    B1  
                AOI222X1                    B0  
                AOI222X1                    A1  
                AOI222X1                    A0  
                AOI222X1                     Y  
                  AND4X2                     D  
                  AND4X2                     C  
                  AND4X2                     B  
                  AND4X2                     A  
                  AND4X2                     Y  
                  AND2X2                     B  
                  AND2X2                     A  
                  AND2X2                     Y  
                  NOR3X4                     C  
                  NOR3X4                     B  
                  NOR3X4                     A  
                  NOR3X4                     Y  
                  DFFRX1                    RN  
                  DFFRX1                     D  
                  DFFRX1                    CK  
                  DFFRX1                    QN  
                  DFFRX1                     Q  
                 SDFFRX1                    SI  
                 SDFFRX1                    SE  
                 SDFFRX1                    RN  
                 SDFFRX1                     D  
                 SDFFRX1                    CK  
                 SDFFRX1                    QN  
                 SDFFRX1                     Q  
                 OAI22X2                    B1  
                 OAI22X2                    B0  
                 OAI22X2                    A1  
                 OAI22X2                    A0  
                 OAI22X2                     Y  
                   DFFX4                     D  
                   DFFX4                    CK  
                   DFFX4                    QN  
                   DFFX4                     Q  
                 XNOR2X2                     B  
                 XNOR2X2                     A  
                 XNOR2X2                     Y  
                   INVX2                     A  
                   INVX2                     Y  
                   BUFX4                     A  
                   BUFX4                     Y  
                  XOR2X1                     B  
                  XOR2X1                     A  
                  XOR2X1                     Y  
                  NOR4X1                     D  
                  NOR4X1                     C  
                  NOR4X1                     B  
                  NOR4X1                     A  
                  NOR4X1                     Y  
                  NOR2X1                     B  
                  NOR2X1                     A  
                  NOR2X1                     Y  
                 NAND3X2                     C  
                 NAND3X2                     B  
                 NAND3X2                     A  
                 NAND3X2                     Y  
                  DFFSX4                    SN  
                  DFFSX4                     D  
                  DFFSX4                    CK  
                  DFFSX4                    QN  
                  DFFSX4                     Q  
                 SDFFSX4                    SN  
                 SDFFSX4                    SI  
                 SDFFSX4                    SE  
                 SDFFSX4                     D  
                 SDFFSX4                    CK  
                 SDFFSX4                    QN  
                 SDFFSX4                     Q  
                CLKINVX2                     A  
                CLKINVX2                     Y  
                 OAI21X2                    B0  
                 OAI21X2                    A1  
                 OAI21X2                    A0  
                 OAI21X2                     Y  
                CLKBUFX4                     A  
                CLKBUFX4                     Y  
                  XOR2X4                     B  
                  XOR2X4                     A  
                  XOR2X4                     Y  
                  AND3X2                     C  
                  AND3X2                     B  
                  AND3X2                     A  
                  AND3X2                     Y  
                  NOR4X4                     D  
                  NOR4X4                     C  
                  NOR4X4                     B  
                  NOR4X4                     A  
                  NOR4X4                     Y  
                  NOR2X4                     B  
                  NOR2X4                     A  
                  NOR2X4                     Y  
                  DFFSX1                    SN  
                  DFFSX1                     D  
                  DFFSX1                    CK  
                  DFFSX1                    QN  
                  DFFSX1                     Q  
                 SDFFSX1                    SN  
                 SDFFSX1                    SI  
                 SDFFSX1                    SE  
                 SDFFSX1                     D  
                 SDFFSX1                    CK  
                 SDFFSX1                    QN  
                 SDFFSX1                     Q  
                   DFFX1                     D  
                   DFFX1                    CK  
                   DFFX1                    QN  
                   DFFX1                     Q  
                  BUFX16                     A  
                  BUFX16                     Y  
                   OR4X2                     D  
                   OR4X2                     C  
                   OR4X2                     B  
                   OR4X2                     A  
                   OR4X2                     Y  
                   OR2X2                     B  
                   OR2X2                     A  
                   OR2X2                     Y  
                  INVX16                     A  
                  INVX16                     Y  
                OAI222X2                    C1  
                OAI222X2                    C0  
                OAI222X2                    B1  
                OAI222X2                    B0  
                OAI222X2                    A1  
                OAI222X2                    A0  
                OAI222X2                     Y  
                CLKMX2X2                    S0  
                CLKMX2X2                     B  
                CLKMX2X2                     A  
                CLKMX2X2                     Y  
                  NOR3X1                     C  
                  NOR3X1                     B  
                  NOR3X1                     A  
                  NOR3X1                     Y  
                 NAND4X2                     D  
                 NAND4X2                     C  
                 NAND4X2                     B  
                 NAND4X2                     A  
                 NAND4X2                     Y  
                 NAND2X2                     B  
                 NAND2X2                     A  
                 NAND2X2                     Y  
                  DFFRX4                    RN  
                  DFFRX4                     D  
                  DFFRX4                    CK  
                  DFFRX4                    QN  
                  DFFRX4                     Q  
                  ADDFX1                    CI  
                  ADDFX1                     B  
                  ADDFX1                     A  
                  ADDFX1                     S  
                  ADDFX1                    CO  
                 AOI22X1                    B1  
                 AOI22X1                    B0  
                 AOI22X1                    A1  
                 AOI22X1                    A0  
                 AOI22X1                     Y  
                 SDFFRX4                    SI  
                 SDFFRX4                    SE  
                 SDFFRX4                    RN  
                 SDFFRX4                     D  
                 SDFFRX4                    CK  
                 SDFFRX4                    QN  
                 SDFFRX4                     Q  
                CLKBUFX8                     A  
                CLKBUFX8                     Y  
                 AOI21X1                    B0  
                 AOI21X1                    A1  
                 AOI21X1                    A0  
                 AOI21X1                     Y  
                OAI221X2                    C0  
                OAI221X2                    B1  
                OAI221X2                    B0  
                OAI221X2                    A1  
                OAI221X2                    A0  
                OAI221X2                     Y  
                  SDFFX4                    SI  
                  SDFFX4                    SE  
                  SDFFX4                     D  
                  SDFFX4                    CK  
                  SDFFX4                    QN  
                  SDFFX4                     Q  
                AOI211X2                    C0  
                AOI211X2                    B0  
                AOI211X2                    A1  
                AOI211X2                    A0  
                AOI211X2                     Y  
                   BUFX8                     A  
                   BUFX8                     Y  
                  DLY1X1                     A  
                  DLY1X1                     Y  
                CLKINVX8                     A  
                CLKINVX8                     Y  
                 NAND4X4                     D  
                 NAND4X4                     C  
                 NAND4X4                     B  
                 NAND4X4                     A  
                 NAND4X4                     Y  
                 NAND2X4                     B  
                 NAND2X4                     A  
                 NAND2X4                     Y  
                  AND4X1                     D  
                  AND4X1                     C  
                  AND4X1                     B  
                  AND4X1                     A  
                  AND4X1                     Y  
                  AND2X1                     B  
                  AND2X1                     A  
                  AND2X1                     Y  
                AOI222X2                    C1  
                AOI222X2                    C0  
                AOI222X2                    B1  
                AOI222X2                    B0  
                AOI222X2                    A1  
                AOI222X2                    A0  
                AOI222X2                     Y  
                   OR3X1                     C  
                   OR3X1                     B  
                   OR3X1                     A  
                   OR3X1                     Y  
                OAI211X2                    C0  
                OAI211X2                    B0  
                OAI211X2                    A1  
                OAI211X2                    A0  
                OAI211X2                     Y  
                   INVX8                     A  
                   INVX8                     Y  
                AOI221X2                    C0  
                AOI221X2                    B1  
                AOI221X2                    B0  
                AOI221X2                    A1  
                AOI221X2                    A0  
                AOI221X2                     Y  
                  TBUFX1                    OE  
                  TBUFX1                     A  
                  TBUFX1                     Y  
                SDFFSRX4                    SN  
                SDFFSRX4                    SI  
                SDFFSRX4                    SE  
                SDFFSRX4                    RN  
                SDFFSRX4                     D  
                SDFFSRX4                    CK  
                SDFFSRX4                    QN  
                SDFFSRX4                     Q  
                  ADDHX1                     B  
                  ADDHX1                     A  
                  ADDHX1                     S  
                  ADDHX1                    CO  
                   MX4X4                    S1  
                   MX4X4                    S0  
                   MX4X4                     D  
                   MX4X4                     C  
                   MX4X4                     B  
                   MX4X4                     A  
                   MX4X4                     Y  
                   MX2X4                    S0  
                   MX2X4                     B  
                   MX2X4                     A  
                   MX2X4                     Y  
                 OAI21X1                    B0  
                 OAI21X1                    A1  
                 OAI21X1                    A0  
                 OAI21X1                     Y  
                 DFFSRX1                    SN  
                 DFFSRX1                    RN  
                 DFFSRX1                     D  
                 DFFSRX1                    CK  
                 DFFSRX1                    QN  
                 DFFSRX1                     Q  
                CLKINVX1                     A  
                CLKINVX1                     Y  
                  NOR4X2                     D  
                  NOR4X2                     C  
                  NOR4X2                     B  
                  NOR4X2                     A  
                  NOR4X2                     Y  
                  NOR2X2                     B  
                  NOR2X2                     A  
                  NOR2X2                     Y  
                 NAND3X1                     C  
                 NAND3X1                     B  
                 NAND3X1                     A  
                 NAND3X1                     Y  
                  XOR2X2                     B  
                  XOR2X2                     A  
                  XOR2X2                     Y  
                   INVX1                     A  
                   INVX1                     Y  
                 XNOR2X1                     B  
                 XNOR2X1                     A  
                 XNOR2X1                     Y  
                  TBUFX8                    OE  
                  TBUFX8                     A  
                  TBUFX8                     Y  
                 OAI22X1                    B1  
                 OAI22X1                    B0  
                 OAI22X1                    A1  
                 OAI22X1                    A0  
                 OAI22X1                     Y  
                   OR4X1                     D  
                   OR4X1                     C  
                   OR4X1                     B  
                   OR4X1                     A  
                   OR4X1                     Y  
                   OR2X1                     B  
                   OR2X1                     A  
                   OR2X1                     Y  
                   BUFX2                     A  
                   BUFX2                     Y  
                 XNOR2X4                     B  
                 XNOR2X4                     A  
                 XNOR2X4                     Y  
                   INVX4                     A  
                   INVX4                     Y  
                CLKBUFX2                     A  
                CLKBUFX2                     Y  
               CLKAND2X2                     B  
               CLKAND2X2                     A  
               CLKAND2X2                     Y  
                 DFFSRX4                    SN  
                 DFFSRX4                    RN  
                 DFFSRX4                     D  
                 DFFSRX4                    CK  
                 DFFSRX4                    QN  
                 DFFSRX4                     Q  
                CLKINVX4                     A  
                CLKINVX4                     Y  
                 NAND3X4                     C  
                 NAND3X4                     B  
                 NAND3X4                     A  
                 NAND3X4                     Y  
                  AND3X1                     C  
                  AND3X1                     B  
                  AND3X1                     A  
                  AND3X1                     Y  
                AOI211X1                    C0  
                AOI211X1                    B0  
                AOI211X1                    A1  
                AOI211X1                    A0  
                AOI211X1                     Y  
                OAI221X1                    C0  
                OAI221X1                    B1  
                OAI221X1                    B0  
                OAI221X1                    A1  
                OAI221X1                    A0  
                OAI221X1                     Y  
                SDFFSRX1                    SN  
                SDFFSRX1                    SI  
                SDFFSRX1                    SE  
                SDFFSRX1                    RN  
                SDFFSRX1                     D  
                SDFFSRX1                    CK  
                SDFFSRX1                    QN  
                SDFFSRX1                     Q  
                  TBUFX4                    OE  
                  TBUFX4                     A  
                  TBUFX4                     Y  
                   MX4X1                    S1  
                   MX4X1                    S0  
                   MX4X1                     D  
                   MX4X1                     C  
                   MX4X1                     B  
                   MX4X1                     A  
                   MX4X1                     Y  
                   MX2X1                    S0  
                   MX2X1                     B  
                   MX2X1                     A  
                   MX2X1                     Y  
                  DLY4X4                     A  
                  DLY4X4                     Y  
                  DLY2X4                     A  
                  DLY2X4                     Y  
                 AOI21X2                    B0  
                 AOI21X2                    A1  
                 AOI21X2                    A0  
                 AOI21X2                     Y  
               CLKXOR2X1                     B  
               CLKXOR2X1                     A  
               CLKXOR2X1                     Y  
                  DLY1X4                     A  
                  DLY1X4                     Y  
                 AOI22X2                    B1  
                 AOI22X2                    B0  
                 AOI22X2                    A1  
                 AOI22X2                    A0  
                 AOI22X2                     Y  
                  NOR3X2                     C  
                  NOR3X2                     B  
                  NOR3X2                     A  
                  NOR3X2                     Y  
                 NAND4X1                     D  
                 NAND4X1                     C  
                 NAND4X1                     B  
                 NAND4X1                     A  
                 NAND4X1                     Y  
                 NAND2X1                     B  
                 NAND2X1                     A  
                 NAND2X1                     Y  
                OAI222X1                    C1  
                OAI222X1                    C0  
                OAI222X1                    B1  
                OAI222X1                    B0  
                OAI222X1                    A1  
                OAI222X1                    A0  
                OAI222X1                     Y  
                   TIEHI                     Y  
                   TIELO                     Y  
                  TLATX1                     G  
                  TLATX1                     D  
                  TLATX1                    QN  
                  TLATX1                     Q  
                TLATSRX1                    SN  
                TLATSRX1                    RN  
                TLATSRX1                     G  
                TLATSRX1                     D  
                TLATSRX1                    QN  
                TLATSRX1                     Q  
                   ICGX1                     E  
                   ICGX1                    CK  
                   ICGX1                   ECK  
                 ANTENNA                     A  For more information click here  
# Cells Missing LEF Info: 0  
# Cells with Dimension Errors: 
    ------------------------------
    Size of cell is not an integer multiple of its site
    ------------------------------
               Cell Name        Tech Site name  
                OAI221X2              CoreSite  1  

==============================
Netlist Information
==============================
# HFO (>200) Nets: 0  
# No-driven Nets: 112  
    General Caution:
        1) TODO
    No-driven Nets  
    InstructionExecute_Module_alu_result[0]  
    InstructionExecute_Module_alu_result[1]  
    InstructionExecute_Module_alu_result[11]  
    InstructionExecute_Module_alu_result[12]  
    InstructionExecute_Module_alu_result[13]  
    InstructionExecute_Module_alu_result[14]  
    InstructionExecute_Module_alu_result[15]  
    InstructionExecute_Module_alu_result[16]  
    InstructionExecute_Module_alu_result[17]  
    InstructionExecute_Module_alu_result[18]  
    InstructionExecute_Module_alu_result[19]  
    InstructionExecute_Module_alu_result[20]  
    InstructionExecute_Module_alu_result[21]  
    InstructionExecute_Module_alu_result[22]  
    InstructionExecute_Module_alu_result[23]  
    InstructionExecute_Module_alu_result[24]  
    InstructionExecute_Module_alu_result[25]  
    InstructionExecute_Module_alu_result[26]  
    InstructionExecute_Module_alu_result[27]  
    InstructionExecute_Module_alu_result[28]  
    InstructionExecute_Module_alu_result[29]  
    InstructionExecute_Module_alu_result[30]  
    InstructionExecute_Module_alu_result[31]  
    InstructionFetch_Module_Next_PC[0]  
    InstructionFetch_Module_Next_PC[1]  
    InstructionFetch_Module_Next_PC[3]  
    InstructionFetch_Module_Next_PC[4]  
    InstructionFetch_Module_Next_PC[5]  
    InstructionFetch_Module_Next_PC[6]  
    InstructionFetch_Module_Next_PC[7]  
    InstructionFetch_Module_Next_PC[8]  
    InstructionFetch_Module_Next_PC[11]  
    InstructionFetch_Module_Next_PC[12]  
    InstructionFetch_Module_Next_PC[13]  
    InstructionFetch_Module_Next_PC[14]  
    InstructionFetch_Module_Next_PC[15]  
    InstructionFetch_Module_Next_PC[16]  
    InstructionFetch_Module_Next_PC[17]  
    InstructionFetch_Module_Next_PC[18]  
    InstructionFetch_Module_Next_PC[19]  
    InstructionFetch_Module_Next_PC[20]  
    InstructionFetch_Module_Next_PC[21]  
    InstructionFetch_Module_Next_PC[22]  
    InstructionFetch_Module_Next_PC[23]  
    InstructionFetch_Module_Next_PC[24]  
    InstructionFetch_Module_Next_PC[25]  
    InstructionFetch_Module_Next_PC[26]  
    InstructionFetch_Module_Next_PC[27]  
    InstructionFetch_Module_Next_PC[28]  
    InstructionFetch_Module_Next_PC[29]  
    InstructionFetch_Module_Next_PC[30]  
    InstructionFetch_Module_Next_PC[31]  
    InstructionDecode_Module_regfile_a_out[0]  
    InstructionDecode_Module_regfile_a_out[31]  
    InstructionDecode_Module_regfile_b_out[1]  
    InstructionDecode_Module_regfile_b_out[2]  
    InstructionDecode_Module_regfile_b_out[3]  
    InstructionDecode_Module_regfile_b_out[4]  
    InstructionDecode_Module_regfile_b_out[11]  
    InstructionDecode_Module_regfile_b_out[12]  
    InstructionDecode_Module_regfile_b_out[13]  
    InstructionDecode_Module_regfile_b_out[14]  
    InstructionDecode_Module_regfile_b_out[15]  
    InstructionDecode_Module_regfile_b_out[16]  
    InstructionDecode_Module_regfile_b_out[17]  
    InstructionDecode_Module_regfile_b_out[18]  
    InstructionDecode_Module_regfile_b_out[19]  
    InstructionDecode_Module_regfile_b_out[31]  
    alu_operator[6]  
    pc_mux_select[2]  
    pc_mux_select[3]  
    pc_mux_select[4]  
    pc_mux_select[5]  
    pc_mux_select[6]  
    pc_mux_select[7]  
    pc_mux_select[8]  
    pc_mux_select[9]  
    pc_mux_select[10]  
    pc_mux_select[11]  
    pc_mux_select[12]  
    pc_mux_select[13]  
    pc_mux_select[14]  
    pc_mux_select[15]  
    pc_mux_select[16]  
    pc_mux_select[17]  
    pc_mux_select[18]  
    pc_mux_select[19]  
    pc_mux_select[20]  
    pc_mux_select[21]  
    pc_mux_select[22]  
    pc_mux_select[23]  
    pc_mux_select[24]  
    pc_mux_select[25]  
    pc_mux_select[26]  
    pc_mux_select[27]  
    pc_mux_select[28]  
    pc_mux_select[29]  
    pc_mux_select[30]  
    pc_mux_select[31]  
    id_wb_mux_op[2]  
    InstructionDecode_Module_J_IMM[0]  
    InstructionDecode_Module_J_IMM[21]  
    InstructionDecode_Module_J_IMM[22]  
    InstructionDecode_Module_J_IMM[23]  
    InstructionDecode_Module_J_IMM[24]  
    InstructionDecode_Module_J_IMM[25]  
    InstructionDecode_Module_J_IMM[26]  
    InstructionDecode_Module_J_IMM[27]  
    InstructionDecode_Module_J_IMM[28]  
    InstructionDecode_Module_J_IMM[29]  
    InstructionDecode_Module_J_IMM[30]  
    InstructionDecode_Module_J_IMM[31]  
# Multi-driven Nets: 0  
# Assign Statements: 0  
Is Design Uniquified: YES  
# Pins in Netlist without timing lib: 0  

==============================

==============================
: Internal  External  
No of Nets:       9288           0  
No of Connections:      19862           0  
Total Net Length (X): 1.6427e+05  0.0000e+00  
Total Net Length (Y): 2.3086e+05  0.0000e+00  
Total Net Length: 3.9513e+05  0.0000e+00  

==============================
Timing Information
==============================
# Clocks in design: 
    ------------------------------
    Clocks in Design
    ------------------------------
    tt_v1.8_25C_Nominal_25_func/core_clock  1  
# Generated clocks: 0  
# "dont_use" cells from .libs: 
    ------------------------------
    Dont_use Cell List
    ------------------------------
    ICGX1  
    sky130_sram_2kbyte_1rw1r_32x512_8  2  
# "dont_touch" cells from .libs: 
    ------------------------------
    Dont_touch Cell List
    ------------------------------
    ICGX1  
    sky130_sram_2kbyte_1rw1r_32x512_8  2  
# Cells in .lib with max_tran: 
    ------------------------------
    Cell List with max_tran
    ------------------------------
               Cell Name  Max Transition (ps)  
                AOI221X1  600  
                  SDFFX1  600  
                   OR3X2  600  
                OAI211X1  600  
                AOI222X1  600  
                  AND4X2  600  
                  AND2X2  600  
                  NOR3X4  600  
                  DFFRX1  600  
                 SDFFRX1  600  
                 OAI22X2  600  
                   DFFX4  600  
                 XNOR2X2  600  
                   INVX2  600  
                   BUFX4  600  
                  XOR2X1  600  
                  NOR4X1  600  
                  NOR2X1  600  
                 NAND3X2  600  
                  DFFSX4  600  
                 SDFFSX4  600  
                CLKINVX2  600  
                 OAI21X2  600  
                CLKBUFX4  600  
                  XOR2X4  600  
                  AND3X2  600  
                  NOR4X4  600  
                  NOR2X4  600  
                  DFFSX1  600  
                 SDFFSX1  600  
                   DFFX1  600  
                  BUFX16  600  
                   OR4X2  600  
                   OR2X2  600  
                  INVX16  600  
                OAI222X2  600  
                CLKMX2X2  600  
                  NOR3X1  600  
                 NAND4X2  600  
                 NAND2X2  600  
                  DFFRX4  600  
                  ADDFX1  600  
                 AOI22X1  600  
                 SDFFRX4  600  
                CLKBUFX8  600  
                 AOI21X1  600  
                OAI221X2  600  
                  SDFFX4  600  
                AOI211X2  600  
                   BUFX8  600  
                  DLY1X1  600  
                CLKINVX8  600  
                 NAND4X4  600  
                 NAND2X4  600  
                  AND4X1  600  
                  AND2X1  600  
                AOI222X2  600  
                   OR3X1  600  
                OAI211X2  600  
                   INVX8  600  
                AOI221X2  600  
                  TBUFX1  600  
                SDFFSRX4  600  
                  ADDHX1  600  
                   MX4X4  600  
                   MX2X4  600  
                 OAI21X1  600  
                 DFFSRX1  600  
                CLKINVX1  600  
                  NOR4X2  600  
                  NOR2X2  600  
                 NAND3X1  600  
                  XOR2X2  600  
                   INVX1  600  
                 XNOR2X1  600  
                  TBUFX8  600  
                 OAI22X1  600  
                   OR4X1  600  
                   OR2X1  600  
                   BUFX2  600  
                 XNOR2X4  600  
                   INVX4  600  
                CLKBUFX2  600  
               CLKAND2X2  600  
                 DFFSRX4  600  
                CLKINVX4  600  
                 NAND3X4  600  
                  AND3X1  600  
                AOI211X1  600  
                OAI221X1  600  
                SDFFSRX1  600  
                  TBUFX4  600  
                   MX4X1  600  
                   MX2X1  600  
                  DLY4X4  600  
                  DLY2X4  600  
                 AOI21X2  600  
               CLKXOR2X1  600  
                  DLY1X4  600  
                 AOI22X2  600  
                  NOR3X2  600  
                 NAND4X1  600  
                 NAND2X1  600  
                OAI222X1  600  
                   TIEHI  600  
                   TIELO  600  
                  TLATX1  150  
                TLATSRX1  600  
                   ICGX1  600  109  
# Cells in .lib with max_cap: 
    ------------------------------
    Cell List with max_cap
    ------------------------------
               Cell Name  Max Capacitance (pf)  
                AOI221X1  0.021675  
                  SDFFX1  0.089738  
                   OR3X2  0.172739  
                OAI211X1  0.037657  
                AOI222X1  0.020439  
                  AND4X2  0.171629  
                  AND2X2  0.172889  
                  NOR3X4  0.096284  
                  DFFRX1  0.089578  
                 SDFFRX1  0.089504  
                 OAI22X2  0.062683  
                   DFFX4  0.355857  
                 XNOR2X2  0.176784  
                   INVX2  0.164857  
                   BUFX4  0.351548  
                  XOR2X1  0.089409  
                  NOR4X1  0.017331  
                  NOR2X1  0.039876  
                 NAND3X2  0.123568  
                  DFFSX4  0.356858  
                 SDFFSX4  0.356317  
                CLKINVX2  0.160576  
                 OAI21X2  0.072203  
                CLKBUFX4  0.352668  
                  XOR2X4  0.349044  
                  AND3X2  0.172888  
                  NOR4X4  0.066772  
                  NOR2X4  0.150263  
                  DFFSX1  0.089479  
                 SDFFSX1  0.089616  
                   DFFX1  0.089669  
                  BUFX16  1.421830  
                   OR4X2  0.172784  
                   OR2X2  0.173577  
                  INVX16  1.289350  
                OAI222X2  0.060182  
                CLKMX2X2  0.178135  
                  NOR3X1  0.025099  
                 NAND4X2  0.091049  
                 NAND2X2  0.158352  
                  DFFRX4  0.355764  
                  ADDFX1  0.089232  
                 AOI22X1  0.036056  
                 SDFFRX4  0.355885  
                CLKBUFX8  0.715526  
                 AOI21X1  0.037009  
                OAI221X2  0.066503  
                  SDFFX4  0.356978  
                AOI211X2  0.045397  
                   BUFX8  0.713404  
                  DLY1X1  0.089788  
                CLKINVX8  0.645327  
                 NAND4X4  0.172103  
                 NAND2X4  0.315977  
                  AND4X1  0.087704  
                  AND2X1  0.089097  
                AOI222X2  0.039065  
                   OR3X1  0.088178  
                OAI211X2  0.072852  
                   INVX8  0.647363  
                AOI221X2  0.042395  
                  TBUFX1  0.089630  
                SDFFSRX4  0.356905  
                  ADDHX1  0.089137  
                   MX4X4  0.352323  
                   MX2X4  0.345089  
                 OAI21X1  0.038728  
                 DFFSRX1  0.089303  
                CLKINVX1  0.082565  
                  NOR4X2  0.032558  
                  NOR2X2  0.078063  
                 NAND3X1  0.071402  
                  XOR2X2  0.172582  
                   INVX1  0.082513  
                 XNOR2X1  0.089072  
                  TBUFX8  0.711890  
                 OAI22X1  0.035758  
                   OR4X1  0.088154  
                   OR2X1  0.088206  
                   BUFX2  0.173974  
                 XNOR2X4  0.354775  
                   INVX4  0.324994  
                CLKBUFX2  0.173921  
               CLKAND2X2  0.173637  
                 DFFSRX4  0.356392  
                CLKINVX4  0.320078  
                 NAND3X4  0.234533  
                  AND3X1  0.088226  
                AOI211X1  0.024073  
                OAI221X1  0.034825  
                SDFFSRX1  0.089641  
                  TBUFX4  0.355931  
                   MX4X1  0.089365  
                   MX2X1  0.089069  
                  DLY4X4  0.356510  
                  DLY2X4  0.357504  
                 AOI21X2  0.075191  
               CLKXOR2X1  0.089357  
                  DLY1X4  0.356590  
                 AOI22X2  0.070376  
                  NOR3X2  0.046335  
                 NAND4X1  0.054198  
                 NAND2X1  0.081757  
                OAI222X1  0.032082  
                  TLATX1  0.089622  
                TLATSRX1  0.089443  
                   ICGX1  0.089196  107  
# Cells in .lib with max_fanout: 0  
SDC max_cap: N/A  
SDC max_tran: N/A  
SDC max_fanout: N/A  
Default Ext. Scale Factor: 1.000  
Detail Ext. Scale Factor: 1.000  

==============================
Floorplan/Placement Information
==============================
Total area of Standard cells: 122763.337 um^2  
Total area of Standard cells(Subtracting Physical Cells): 122763.337 um^2  
Total area of Macros: 569076.948 um^2  
Total area of Blockages: 2185.920 um^2  
Total area of Pad cells: 0.000 um^2  
Total area of Core: 891259.200 um^2  
Total area of Chip: 1007893.120 um^2  
Effective Utilization: 3.8410e-01  
Number of Cell Rows: 240  
% Pure Gate Density #1 (Subtracting BLOCKAGES): 13.808%  
% Pure Gate Density #2 (Subtracting BLOCKAGES and Physical Cells): 13.808%  
% Pure Gate Density #3 (Subtracting MACROS): 38.104%  
% Pure Gate Density #4 (Subtracting MACROS and Physical Cells): 38.104%  
% Pure Gate Density #5 (Subtracting MACROS and BLOCKAGES): 38.364%  
% Pure Gate Density #6 ((Unpreplaced Standard Inst + Unpreplaced Block Inst + Unpreplaced Black Blob Inst + Fixed Clock Inst Area) / (Free Site Area + Fixed Clock Inst Area) for insts are placed): 38.410%  
% Core Density (Counting Std Cells and MACROs): 77.625%  
% Core Density #2(Subtracting Physical Cells): 77.625%  
% Chip Density (Counting Std Cells and MACROs and IOs): 68.642%  
% Chip Density #2(Subtracting Physical Cells): 68.642%  
# Macros within 5 sites of IO pad: No  
Macro halo defined?: No  

==============================
Wire Length Distribution
==============================
Total met1 wire length: 27270.9200 um  
Total met2 wire length: 194849.8510 um  
Total met3 wire length: 174067.3450 um  
Total met4 wire length: 60273.4560 um  
Total met5 wire length: 6828.5400 um  
Total wire length: 463290.1120 um  
Average wire length/net: 49.2757 um  
Area of Power Net Distribution: 
    ------------------------------
    Area of Power Net Distribution
    ------------------------------
    Layer Name  Area of Power Net  Routable Area  Percentage  
    met1  16747.4640  322182.2520  5.1981%  
    met2  8.1560  322182.2520  0.0025%  
    met3  0.8760  322182.2520  0.0003%  
    met4  32309.6840  322182.2520  10.0284%  
    met5  63377.7600  891259.2000  7.1110%  For more information click here  
