###############################################################
#  Generated by:      Cadence Innovus 25.11-s102_1
#  OS:                Linux x86_64(Host ID ece-linlabsrv01)
#  Generated on:      Mon Mar 23 22:34:06 2026
#  Design:            Core
#  Command:           report_timing -max_paths 1   -nworst 1 -path_type full_clock -net > [file join [get_db flow_report_directory] [get_db flow_report_name] setup.worst.rpt]
###############################################################
Path 1: MET (0.239 ns) Setup Check with Pin InstructionExecute_Module_alu_result_op_reg[0]/CK->D
               View: tt_v1.8_25C_Nominal_25_func
              Group: core_clock
         Startpoint: (R) InstructionDecode_Module_EX_instruction_opcode_reg[0]657/CK
              Clock: (R) core_clock
           Endpoint: (R) InstructionExecute_Module_alu_result_op_reg[0]/D
              Clock: (R) core_clock

                       Capture       Launch
         Clock Edge:+   10.000        0.000
        Src Latency:+   -0.563       -0.563
        Net Latency:+    0.561 (P)    0.603 (P)
            Arrival:=    9.997        0.039

              Setup:-    0.072
        Uncertainty:-    0.250
        Cppr Adjust:+    0.000
      Required Time:=    9.675
       Launch Clock:=    0.039
          Data Path:+    9.397
              Slack:=    0.239
     Timing Path:

#--------------------------------------------------------------------------------------------------------------------------------------------
# Timing Point                                                                 Flags  Arc     Edge  Cell       Fanout  Trans   Delay  Arrival  
#                                                                                                                       (ns)    (ns)     (ns)  
#--------------------------------------------------------------------------------------------------------------------------------------------
  clock                                                                        -      clock   R     (arrival)       2  0.003   0.008   -0.556  
  clock                                                                        -      -       R     (net)           2      -       -        -  
  CTS_ccl_buf_00041/Y                                                          -      A->Y    R     CLKBUFX8        1  0.013   0.141   -0.415  
  CTS_41                                                                       -      -       R     (net)           1      -       -        -  
  CTS_ccl_a_buf_00039/Y                                                        -      A->Y    R     CLKBUFX8        6  0.108   0.251   -0.164  
  CTS_40                                                                       -      -       R     (net)           6      -       -        -  
  CTS_ccl_a_buf_00007/Y                                                        -      A->Y    R     CLKBUFX8       27  0.215   0.203    0.039  
  CTS_35                                                                       -      -       R     (net)          27      -       -        -  
  InstructionDecode_Module_EX_instruction_opcode_reg[0]657/QN                  -      CK->QN  R     DFFX1           1  0.102   0.339    0.379  
  n_6388                                                                       -      -       R     (net)           1      -       -        -  
  prects_FE_OFC214_n_6388/Y                                                    -      A->Y    R     CLKBUFX8       22  0.050   0.265    0.644  
  FE_OFN154_n_6388                                                             -      -       R     (net)          22      -       -        -  
  InstructionDecode_Module_g233/Y                                              -      OE->Y   F     TBUFX1          1  0.316   0.171    0.815  
  n_3926                                                                       -      -       F     (net)           1      -       -        -  
  cts_FE_RC_29_0/Y                                                             -      A->Y    R     NOR3X1          1  0.034   0.131    0.945  
  FE_RN_0_1                                                                    -      -       R     (net)           1      -       -        -  
  cts_FE_RC_28_0/Y                                                             -      A->Y    R     AND3X2          2  0.118   0.369    1.314  
  n_3987                                                                       -      -       R     (net)           2      -       -        -  
  g26020/Y                                                                     -      B->Y    R     CLKAND2X2       2  0.282   0.256    1.570  
  n_3890                                                                       -      -       R     (net)           2      -       -        -  
  cts_FE_OFC354_n_3890/Y                                                       -      A->Y    F     CLKINVX2        1  0.195   0.249    1.819  
  FE_OFN7986_n_3890                                                            -      -       F     (net)           1      -       -        -  
  cts_FE_OFC355_n_3890/Y                                                       -      A->Y    R     CLKINVX1        2  0.209   0.173    1.992  
  FE_OFN7978_n_3890                                                            -      -       R     (net)           2      -       -        -  
  g25823/Y                                                                     -      A->Y    F     NAND3X1         4  0.137   0.348    2.340  
  n_4175                                                                       -      -       F     (net)           4      -       -        -  
  g25798/Y                                                                     -      A->Y    R     NAND2X1         2  0.387   0.267    2.607  
  n_4183                                                                       -      -       R     (net)           2      -       -        -  
  g25781/Y                                                                     -      B->Y    F     NOR2X1          1  0.206   0.067    2.673  
  n_4185                                                                       -      -       F     (net)           1      -       -        -  
  g46823/Y                                                                     -      C0->Y   R     AOI211X1        1  0.055   0.306    2.979  
  n_7838                                                                       -      -       R     (net)           1      -       -        -  
  prects_FE_OFC1111_n_7838/Y                                                   -      A->Y    R     CLKBUFX4        2  0.387   0.433    3.412  
  FE_OFN394_n_7838                                                             -      -       R     (net)           2      -       -        -  
  g25742/Y                                                                     -      A->Y    F     CLKINVX1        7  0.381   0.313    3.725  
  n_4464                                                                       -      -       F     (net)           7      -       -        -  
  InstructionExecute_Module_ArthimeticLogicUnit_lt_43_52_g1103/Y               -      B1->Y   R     OAI22X1         1  0.239   0.178    3.903  
  InstructionExecute_Module_ArthimeticLogicUnit_lt_43_52_n_56                  -      -       R     (net)           1      -       -        -  
  InstructionExecute_Module_ArthimeticLogicUnit_lt_43_52_g1096/Y               -      C0->Y   F     OAI221X1        1  0.176   0.143    4.046  
  InstructionExecute_Module_ArthimeticLogicUnit_lt_43_52_n_63                  -      -       F     (net)           1      -       -        -  
  InstructionExecute_Module_ArthimeticLogicUnit_lt_43_52_g1095/Y               -      B->Y    F     AND2X1          1  0.105   0.133    4.179  
  InstructionExecute_Module_ArthimeticLogicUnit_lt_43_52_n_64                  -      -       F     (net)           1      -       -        -  
  InstructionExecute_Module_ArthimeticLogicUnit_lt_43_52_g1094/Y               -      A1->Y   R     OAI21X1         1  0.030   0.122    4.302  
  InstructionExecute_Module_ArthimeticLogicUnit_lt_43_52_n_65                  -      -       R     (net)           1      -       -        -  
  InstructionExecute_Module_ArthimeticLogicUnit_lt_43_52_g1093/Y               -      C0->Y   F     OAI221X1        1  0.138   0.142    4.444  
  InstructionExecute_Module_ArthimeticLogicUnit_lt_43_52_n_66                  -      -       F     (net)           1      -       -        -  
  InstructionExecute_Module_ArthimeticLogicUnit_lt_43_52_g1092/Y               -      C0->Y   R     OAI221X1        1  0.129   0.099    4.542  
  InstructionExecute_Module_ArthimeticLogicUnit_lt_43_52_n_67                  -      -       R     (net)           1      -       -        -  
  InstructionExecute_Module_ArthimeticLogicUnit_lt_43_52_g1091/Y               -      C0->Y   F     OAI221X1        1  0.188   0.173    4.716  
  InstructionExecute_Module_ArthimeticLogicUnit_lt_43_52_n_68                  -      -       F     (net)           1      -       -        -  
  InstructionExecute_Module_ArthimeticLogicUnit_lt_43_52_g1090/Y               -      C0->Y   R     OAI221X2        1  0.147   0.140    4.856  
  InstructionExecute_Module_ArthimeticLogicUnit_lt_43_52_n_69                  -      -       R     (net)           1      -       -        -  
  InstructionExecute_Module_ArthimeticLogicUnit_lt_43_52_g1089/Y               -      C1->Y   F     AOI222X1        1  0.264   0.123    4.979  
  InstructionExecute_Module_ArthimeticLogicUnit_lt_43_52_n_70                  -      -       F     (net)           1      -       -        -  
  cts_FE_OFC96_InstructionExecute_Module_ArthimeticLogicUnit_lt_43_52_n_70/Y   -      A->Y    F     CLKBUFX4        1  0.156   0.219    5.198  
  FE_OFN8038_InstructionExecute_Module_ArthimeticLogicUnit_lt_43_52_n_70       -      -       F     (net)           1      -       -        -  
  InstructionExecute_Module_ArthimeticLogicUnit_lt_43_52_g1088/Y               -      B1->Y   R     OAI222X1        1  0.075   0.242    5.440  
  InstructionExecute_Module_ArthimeticLogicUnit_lt_43_52_n_71                  -      -       R     (net)           1      -       -        -  
  InstructionExecute_Module_ArthimeticLogicUnit_lt_43_52_g1087/Y               -      C1->Y   F     AOI222X2        1  0.331   0.171    5.610  
  InstructionExecute_Module_ArthimeticLogicUnit_lt_43_52_n_72                  -      -       F     (net)           1      -       -        -  
  InstructionExecute_Module_ArthimeticLogicUnit_lt_43_52_g1086/Y               -      C0->Y   R     AOI221X2        1  0.164   0.328    5.939  
  InstructionExecute_Module_ArthimeticLogicUnit_lt_43_52_n_73                  -      -       R     (net)           1      -       -        -  
  InstructionExecute_Module_ArthimeticLogicUnit_lt_43_52_g1085/Y               -      C0->Y   F     AOI221X1        1  0.350   0.072    6.010  
  InstructionExecute_Module_ArthimeticLogicUnit_lt_43_52_n_74                  -      -       F     (net)           1      -       -        -  
  cts_FE_OFC400_InstructionExecute_Module_ArthimeticLogicUnit_lt_43_52_n_74/Y  -      A->Y    F     BUFX2           1  0.094   0.157    6.167  
  FE_OFN7984_InstructionExecute_Module_ArthimeticLogicUnit_lt_43_52_n_74       -      -       F     (net)           1      -       -        -  
  InstructionExecute_Module_ArthimeticLogicUnit_lt_43_52_g1084/Y               -      C0->Y   R     AOI221X1        1  0.046   0.202    6.369  
  InstructionExecute_Module_ArthimeticLogicUnit_lt_43_52_n_75                  -      -       R     (net)           1      -       -        -  
  prects_FE_RC_24_0/Y                                                          -      B->Y    F     NOR2X1          1  0.243   0.090    6.459  
  InstructionExecute_Module_ArthimeticLogicUnit_lt_43_52_n_76                  -      -       F     (net)           1      -       -        -  
  InstructionExecute_Module_ArthimeticLogicUnit_lt_43_52_g1082/Y               -      C0->Y   R     AOI221X1        1  0.074   0.186    6.645  
  InstructionExecute_Module_ArthimeticLogicUnit_lt_43_52_n_77                  -      -       R     (net)           1      -       -        -  
  InstructionExecute_Module_ArthimeticLogicUnit_lt_43_52_g1081/Y               -      C0->Y   F     AOI221X1        1  0.218   0.088    6.733  
  InstructionExecute_Module_ArthimeticLogicUnit_lt_43_52_n_78                  -      -       F     (net)           1      -       -        -  
  InstructionExecute_Module_ArthimeticLogicUnit_lt_43_52_g1080/Y               -      C0->Y   R     AOI221X1        1  0.154   0.218    6.951  
  InstructionExecute_Module_ArthimeticLogicUnit_lt_43_52_n_79                  -      -       R     (net)           1      -       -        -  
  InstructionExecute_Module_ArthimeticLogicUnit_lt_43_52_g1079/Y               -      C0->Y   F     AOI221X1        1  0.214   0.074    7.025  
  InstructionExecute_Module_ArthimeticLogicUnit_lt_43_52_n_80                  -      -       F     (net)           1      -       -        -  
  InstructionExecute_Module_ArthimeticLogicUnit_lt_43_52_g1078/Y               -      C0->Y   R     AOI221X1        1  0.082   0.193    7.218  
  InstructionExecute_Module_ArthimeticLogicUnit_lt_43_52_n_81                  -      -       R     (net)           1      -       -        -  
  InstructionExecute_Module_ArthimeticLogicUnit_lt_43_52_g1077/Y               -      C0->Y   F     AOI221X1        1  0.216   0.079    7.297  
  InstructionExecute_Module_ArthimeticLogicUnit_lt_43_52_n_82                  -      -       F     (net)           1      -       -        -  
  InstructionExecute_Module_ArthimeticLogicUnit_lt_43_52_g1076/Y               -      C0->Y   R     AOI221X1        1  0.091   0.253    7.550  
  InstructionExecute_Module_ArthimeticLogicUnit_lt_43_52_n_83                  -      -       R     (net)           1      -       -        -  
  InstructionExecute_Module_ArthimeticLogicUnit_lt_43_52_g1075/Y               -      C0->Y   F     AOI221X1        1  0.292   0.082    7.632  
  InstructionExecute_Module_ArthimeticLogicUnit_lt_43_52_n_84                  -      -       F     (net)           1      -       -        -  
  InstructionExecute_Module_ArthimeticLogicUnit_lt_43_52_g1074/Y               -      C0->Y   R     AOI221X1        1  0.096   0.187    7.819  
  InstructionExecute_Module_ArthimeticLogicUnit_lt_43_52_n_85                  -      -       R     (net)           1      -       -        -  
  InstructionExecute_Module_ArthimeticLogicUnit_lt_43_52_g1073/Y               -      C0->Y   F     AOI221X1        1  0.204   0.076    7.895  
  InstructionExecute_Module_ArthimeticLogicUnit_lt_43_52_n_86                  -      -       F     (net)           1      -       -        -  
  InstructionExecute_Module_ArthimeticLogicUnit_lt_43_52_g1072/Y               -      C0->Y   R     AOI221X1        1  0.097   0.181    8.075  
  InstructionExecute_Module_ArthimeticLogicUnit_lt_43_52_n_87                  -      -       R     (net)           1      -       -        -  
  prects_FE_RC_28_0/Y                                                          -      B->Y    F     NOR2X1          1  0.192   0.072    8.147  
  InstructionExecute_Module_ArthimeticLogicUnit_lt_43_52_n_88                  -      -       F     (net)           1      -       -        -  
  InstructionExecute_Module_ArthimeticLogicUnit_lt_43_52_g1070/Y               -      B0->Y   R     AOI21X1         1  0.057   0.105    8.253  
  n_4398                                                                       -      -       R     (net)           1      -       -        -  
  prects_FE_OFC859_n_4398/Y                                                    -      A->Y    R     BUFX4           1  0.112   0.284    8.536  
  FE_OFN442_n_4398                                                             -      -       R     (net)           1      -       -        -  
  g37496/Y                                                                     -      B->Y    F     NAND2X1         1  0.264   0.090    8.627  
  n_1046                                                                       -      -       F     (net)           1      -       -        -  
  g34199/Y                                                                     -      D->Y    R     NAND4X1         1  0.078   0.099    8.725  
  n_3203                                                                       -      -       R     (net)           1      -       -        -  
  prects_FE_OFC591_n_3203/Y                                                    -      A->Y    R     CLKBUFX8        2  0.122   0.346    9.071  
  FE_OFN513_n_3203                                                             -      -       R     (net)           2      -       -        -  
  g34143/Y                                                                     -      A->Y    R     MX2X1           1  0.324   0.201    9.272  
  n_3243                                                                       -      -       R     (net)           1      -       -        -  
  g34129/Y                                                                     -      B->Y    R     AND2X1          1  0.064   0.164    9.436  
  n_3254                                                                       -      -       R     (net)           1      -       -        -  
  InstructionExecute_Module_alu_result_op_reg[0]/D                             -      D       R     DFFRX1          1  0.111   0.000    9.436  
#--------------------------------------------------------------------------------------------------------------------------------------------
     Other End Path:

#-----------------------------------------------------------------------------------------------------------------
# Timing Point                                       Flags  Arc    Edge  Cell       Fanout  Trans   Delay  Arrival  
#                                                                                            (ns)    (ns)     (ns)  
#-----------------------------------------------------------------------------------------------------------------
  clock                                              -      clock  R     (arrival)       2  0.003   0.007    9.444  
  clock                                              -      -      R     (net)           2      -       -        -  
  CTS_ccl_a_buf_00040/Y                              -      A->Y   R     CLKBUFX8       32  0.013   0.298    9.742  
  CTS_33                                             -      -      R     (net)          32      -       -        -  
  CTS_ccl_a_buf_00017/Y                              -      A->Y   R     CLKBUFX8       24  0.338   0.255    9.997  
  CTS_13                                             -      -      R     (net)          24      -       -        -  
  InstructionExecute_Module_alu_result_op_reg[0]/CK  -      CK     R     DFFRX1         24  0.138   0.000    9.997  
#-----------------------------------------------------------------------------------------------------------------

