###############################################################
#  Generated by:      Cadence Innovus 25.11-s102_1
#  OS:                Linux x86_64(Host ID ece-rschsrv.ece.gatech.edu)
#  Generated on:      Mon Mar 16 13:05:41 2026
#  Design:            Core
#  Command:           report_timing -early -max_paths 1   -nworst 1 -path_type full_clock -net > [file join [get_db flow_report_directory] [get_db flow_report_name] hold.worst.rpt]
###############################################################
Path 1: MET (0.000 ns) Hold Check with Pin InstructionExecute_Module_ex_wb_mux_op_reg[1]/CK->D
               View: tt_v1.8_25C_Nominal_25_func
              Group: core_clock
         Startpoint: (R) InstructionDecode_Module_wb_mux_op_reg[1]/CK
              Clock: (R) core_clock
           Endpoint: (F) InstructionExecute_Module_ex_wb_mux_op_reg[1]/D
              Clock: (R) core_clock

                       Capture       Launch
         Clock Edge:+    0.000        0.000
        Src Latency:+   -0.415       -0.415
        Net Latency:+    0.471 (P)    0.437 (P)
            Arrival:=    0.055        0.021

               Hold:+    0.022
        Uncertainty:+    0.250
        Cppr Adjust:-    0.030
      Required Time:=    0.297
       Launch Clock:=    0.021
          Data Path:+    0.276
              Slack:=    0.000
     Timing Path:

#---------------------------------------------------------------------------------------------------------------
# Timing Point                                     Flags  Arc    Edge  Cell       Fanout  Trans   Delay  Arrival  
#                                                                                          (ns)    (ns)     (ns)  
#---------------------------------------------------------------------------------------------------------------
  clock                                            -      clock  R     (arrival)       4  0.003   0.000   -0.415  
  clock                                            -      -      R     (net)           4      -       -        -  
  CTS_idc_buf_00049/Y                              -      A->Y   R     CLKBUFX8        9  0.003   0.212   -0.204  
  CTS_43                                           -      -      R     (net)           9      -       -        -  
  CTS_ccl_a_buf_00001/Y                            -      A->Y   R     CLKBUFX8       32  0.269   0.225    0.021  
  CTS_23                                           -      -      R     (net)          32      -       -        -  
  InstructionDecode_Module_wb_mux_op_reg[1]/Q      -      CK->Q  F     DFFX1           1  0.116   0.276    0.297  
  id_wb_mux_op[1]                                  -      -      F     (net)           1      -       -        -  
  InstructionExecute_Module_ex_wb_mux_op_reg[1]/D  -      D      F     DFFX1           1  0.027   0.000    0.297  
#---------------------------------------------------------------------------------------------------------------
     Other End Path:

#----------------------------------------------------------------------------------------------------------------
# Timing Point                                      Flags  Arc    Edge  Cell       Fanout  Trans   Delay  Arrival  
#                                                                                           (ns)    (ns)     (ns)  
#----------------------------------------------------------------------------------------------------------------
  clock                                             -      clock  R     (arrival)       4  0.003   0.000   -0.415  
  clock                                             -      -      R     (net)           4      -       -        -  
  CTS_idc_buf_00049/Y                               -      A->Y   R     CLKBUFX8        9  0.003   0.246   -0.170  
  CTS_43                                            -      -      R     (net)           9      -       -        -  
  CTS_ccl_a_buf_00001/Y                             -      A->Y   R     CLKBUFX8       32  0.269   0.225    0.055  
  CTS_23                                            -      -      R     (net)          32      -       -        -  
  InstructionExecute_Module_ex_wb_mux_op_reg[1]/CK  -      CK     R     DFFX1          32  0.116   0.000    0.055  
#----------------------------------------------------------------------------------------------------------------

