###############################################################
#  Generated by:      Cadence Innovus 25.11-s102_1
#  OS:                Linux x86_64(Host ID ece-linlabsrv01)
#  Generated on:      Mon Mar 23 22:47:52 2026
#  Design:            Core
#  Command:           check_connectivity -out_file reports/postroute/route.open.rpt
###############################################################
Verify Connectivity Report is created on Mon Mar 23 22:47:52 2026



Net VDD: dangling Wire at (743.040, 882.740) (743.040, 882.740) on layer: met1
Net VDD: dangling Wire at (743.040, 874.460) (743.040, 874.460) on layer: met1
Net VDD: dangling Wire at (743.040, 866.180) (743.040, 866.180) on layer: met1
Net VDD: dangling Wire at (743.040, 857.900) (743.040, 857.900) on layer: met1
Net VDD: dangling Wire at (743.040, 849.620) (743.040, 849.620) on layer: met1
Net VDD: dangling Wire at (743.040, 841.340) (743.040, 841.340) on layer: met1
Net VDD: dangling Wire at (743.040, 833.060) (743.040, 833.060) on layer: met1
Net VDD: dangling Wire at (743.040, 824.780) (743.040, 824.780) on layer: met1
Net VDD: dangling Wire at (743.040, 816.500) (743.040, 816.500) on layer: met1
Net VDD: dangling Wire at (743.040, 808.220) (743.040, 808.220) on layer: met1
Net VDD: dangling Wire at (743.040, 799.940) (743.040, 799.940) on layer: met1
Net VDD: dangling Wire at (743.040, 791.660) (743.040, 791.660) on layer: met1
Net VDD: dangling Wire at (743.040, 783.380) (743.040, 783.380) on layer: met1
Net VDD: dangling Wire at (743.040, 775.100) (743.040, 775.100) on layer: met1
Net VDD: dangling Wire at (743.040, 766.820) (743.040, 766.820) on layer: met1
Net VDD: dangling Wire at (743.040, 758.540) (743.040, 758.540) on layer: met1
Net VDD: dangling Wire at (743.040, 750.260) (743.040, 750.260) on layer: met1
Net VDD: dangling Wire at (743.040, 741.980) (743.040, 741.980) on layer: met1
Net VDD: dangling Wire at (743.040, 733.700) (743.040, 733.700) on layer: met1
Net VDD: dangling Wire at (743.040, 725.420) (743.040, 725.420) on layer: met1
Net VDD: dangling Wire at (743.040, 717.140) (743.040, 717.140) on layer: met1
Net VDD: dangling Wire at (743.040, 708.860) (743.040, 708.860) on layer: met1
Net VDD: dangling Wire at (743.040, 700.580) (743.040, 700.580) on layer: met1
Net VDD: dangling Wire at (743.040, 692.300) (743.040, 692.300) on layer: met1
Net VDD: dangling Wire at (743.040, 684.020) (743.040, 684.020) on layer: met1
Net VDD: dangling Wire at (743.040, 675.740) (743.040, 675.740) on layer: met1
Net VDD: dangling Wire at (743.040, 667.460) (743.040, 667.460) on layer: met1
Net VDD: dangling Wire at (743.040, 659.180) (743.040, 659.180) on layer: met1
Net VDD: dangling Wire at (743.040, 650.900) (743.040, 650.900) on layer: met1
Net VDD: dangling Wire at (743.040, 642.620) (743.040, 642.620) on layer: met1
Net VDD: dangling Wire at (743.040, 634.340) (743.040, 634.340) on layer: met1
Net VDD: dangling Wire at (743.040, 626.060) (743.040, 626.060) on layer: met1
Net VDD: dangling Wire at (743.040, 617.780) (743.040, 617.780) on layer: met1
Net VDD: dangling Wire at (743.040, 609.500) (743.040, 609.500) on layer: met1
Net VDD: dangling Wire at (743.040, 601.220) (743.040, 601.220) on layer: met1
Net VDD: dangling Wire at (743.040, 592.940) (743.040, 592.940) on layer: met1
Net VDD: dangling Wire at (743.040, 584.660) (743.040, 584.660) on layer: met1
Net VDD: dangling Wire at (743.040, 576.380) (743.040, 576.380) on layer: met1
Net VDD: dangling Wire at (743.040, 568.100) (743.040, 568.100) on layer: met1
Net VDD: dangling Wire at (743.040, 410.780) (743.040, 410.780) on layer: met1
Net VDD: dangling Wire at (743.040, 402.500) (743.040, 402.500) on layer: met1
Net VDD: dangling Wire at (743.040, 394.220) (743.040, 394.220) on layer: met1
Net VDD: dangling Wire at (743.040, 385.940) (743.040, 385.940) on layer: met1
Net VDD: dangling Wire at (743.040, 377.660) (743.040, 377.660) on layer: met1
Net VDD: dangling Wire at (743.040, 369.380) (743.040, 369.380) on layer: met1
Net VDD: dangling Wire at (743.040, 361.100) (743.040, 361.100) on layer: met1
Net VDD: dangling Wire at (743.040, 352.820) (743.040, 352.820) on layer: met1
Net VDD: dangling Wire at (743.040, 344.540) (743.040, 344.540) on layer: met1
Net VDD: dangling Wire at (743.040, 336.260) (743.040, 336.260) on layer: met1
Net VDD: dangling Wire at (743.040, 327.980) (743.040, 327.980) on layer: met1
Net VDD: dangling Wire at (743.040, 319.700) (743.040, 319.700) on layer: met1
Net VDD: dangling Wire at (743.040, 311.420) (743.040, 311.420) on layer: met1
Net VDD: dangling Wire at (743.040, 303.140) (743.040, 303.140) on layer: met1
Net VDD: dangling Wire at (743.040, 294.860) (743.040, 294.860) on layer: met1
Net VDD: dangling Wire at (743.040, 286.580) (743.040, 286.580) on layer: met1
Net VDD: dangling Wire at (743.040, 278.300) (743.040, 278.300) on layer: met1
Net VDD: dangling Wire at (743.040, 270.020) (743.040, 270.020) on layer: met1
Net VDD: dangling Wire at (743.040, 261.740) (743.040, 261.740) on layer: met1
Net VDD: dangling Wire at (743.040, 253.460) (743.040, 253.460) on layer: met1
Net VDD: dangling Wire at (743.040, 245.180) (743.040, 245.180) on layer: met1
Net VDD: dangling Wire at (743.040, 236.900) (743.040, 236.900) on layer: met1
Net VDD: dangling Wire at (743.040, 228.620) (743.040, 228.620) on layer: met1
Net VDD: dangling Wire at (743.040, 220.340) (743.040, 220.340) on layer: met1
Net VDD: dangling Wire at (743.040, 212.060) (743.040, 212.060) on layer: met1
Net VDD: dangling Wire at (743.040, 203.780) (743.040, 203.780) on layer: met1
Net VDD: dangling Wire at (743.040, 195.500) (743.040, 195.500) on layer: met1
Net VDD: dangling Wire at (743.040, 187.220) (743.040, 187.220) on layer: met1
Net VDD: dangling Wire at (743.040, 178.940) (743.040, 178.940) on layer: met1
Net VDD: dangling Wire at (743.040, 170.660) (743.040, 170.660) on layer: met1
Net VDD: dangling Wire at (743.040, 162.380) (743.040, 162.380) on layer: met1
Net VDD: dangling Wire at (743.040, 145.820) (743.040, 145.820) on layer: met1
Net VDD: dangling Wire at (743.040, 137.540) (743.040, 137.540) on layer: met1
Net VDD: dangling Wire at (743.040, 129.260) (743.040, 129.260) on layer: met1
Net VDD: dangling Wire at (743.040, 120.980) (743.040, 120.980) on layer: met1
Net VDD: dangling Wire at (743.040, 112.700) (743.040, 112.700) on layer: met1
Net VDD: dangling Wire at (743.040, 104.420) (743.040, 104.420) on layer: met1
Net VDD: dangling Wire at (59.660, 924.140) (59.660, 924.140) on layer: met1
Net VDD: dangling Wire at (59.660, 915.860) (59.660, 915.860) on layer: met1
Net VDD: dangling Wire at (59.660, 907.580) (59.660, 907.580) on layer: met1
Net VDD: dangling Wire at (59.660, 899.300) (59.660, 899.300) on layer: met1
Net VDD: dangling Wire at (59.660, 891.020) (59.660, 891.020) on layer: met1
Net VDD: dangling Wire at (59.660, 882.740) (59.660, 882.740) on layer: met1
Net VDD: dangling Wire at (59.660, 874.460) (59.660, 874.460) on layer: met1
Net VDD: dangling Wire at (59.660, 866.180) (59.660, 866.180) on layer: met1
Net VDD: dangling Wire at (59.660, 857.900) (59.660, 857.900) on layer: met1
Net VDD: dangling Wire at (59.660, 849.620) (59.660, 849.620) on layer: met1
Net VDD: dangling Wire at (59.660, 841.340) (59.660, 841.340) on layer: met1
Net VDD: dangling Wire at (59.660, 833.060) (59.660, 833.060) on layer: met1
Net VDD: dangling Wire at (59.660, 824.780) (59.660, 824.780) on layer: met1
Net VDD: dangling Wire at (59.660, 816.500) (59.660, 816.500) on layer: met1
Net VDD: dangling Wire at (59.660, 808.220) (59.660, 808.220) on layer: met1
Net VDD: dangling Wire at (59.660, 799.940) (59.660, 799.940) on layer: met1
Net VDD: dangling Wire at (59.660, 791.660) (59.660, 791.660) on layer: met1
Net VDD: dangling Wire at (59.660, 783.380) (59.660, 783.380) on layer: met1
Net VDD: dangling Wire at (59.660, 775.100) (59.660, 775.100) on layer: met1
Net VDD: dangling Wire at (59.660, 766.820) (59.660, 766.820) on layer: met1
Net VDD: dangling Wire at (59.660, 758.540) (59.660, 758.540) on layer: met1
Net VDD: dangling Wire at (59.660, 750.260) (59.660, 750.260) on layer: met1
Net VDD: dangling Wire at (59.660, 741.980) (59.660, 741.980) on layer: met1
Net VDD: dangling Wire at (59.660, 733.700) (59.660, 733.700) on layer: met1
Net VDD: dangling Wire at (59.660, 725.420) (59.660, 725.420) on layer: met1
Net VDD: dangling Wire at (59.660, 717.140) (59.660, 717.140) on layer: met1
Net VDD: dangling Wire at (59.660, 708.860) (59.660, 708.860) on layer: met1
Net VDD: dangling Wire at (59.660, 700.580) (59.660, 700.580) on layer: met1
Net VDD: dangling Wire at (59.660, 692.300) (59.660, 692.300) on layer: met1
Net VDD: dangling Wire at (59.660, 684.020) (59.660, 684.020) on layer: met1
Net VDD: dangling Wire at (59.660, 675.740) (59.660, 675.740) on layer: met1
Net VDD: dangling Wire at (59.660, 667.460) (59.660, 667.460) on layer: met1
Net VDD: dangling Wire at (59.660, 659.180) (59.660, 659.180) on layer: met1
Net VDD: dangling Wire at (59.660, 650.900) (59.660, 650.900) on layer: met1
Net VDD: dangling Wire at (59.660, 642.620) (59.660, 642.620) on layer: met1
Net VDD: dangling Wire at (59.660, 634.340) (59.660, 634.340) on layer: met1
Net VDD: dangling Wire at (59.660, 626.060) (59.660, 626.060) on layer: met1
Net VDD: dangling Wire at (59.660, 617.780) (59.660, 617.780) on layer: met1
Net VDD: dangling Wire at (59.660, 609.500) (59.660, 609.500) on layer: met1
Net VDD: dangling Wire at (59.660, 601.220) (59.660, 601.220) on layer: met1
Net VDD: dangling Wire at (59.660, 592.940) (59.660, 592.940) on layer: met1
Net VDD: dangling Wire at (59.660, 584.660) (59.660, 584.660) on layer: met1
Net VDD: dangling Wire at (59.660, 576.380) (59.660, 576.380) on layer: met1
Net VDD: dangling Wire at (59.660, 568.100) (59.660, 568.100) on layer: met1
Net VDD: dangling Wire at (59.660, 559.820) (59.660, 559.820) on layer: met1
Net VDD: dangling Wire at (59.660, 551.540) (59.660, 551.540) on layer: met1
Net VDD: dangling Wire at (59.660, 543.260) (59.660, 543.260) on layer: met1
Net VDD: dangling Wire at (59.660, 534.980) (59.660, 534.980) on layer: met1
Net VDD: dangling Wire at (59.660, 526.700) (59.660, 526.700) on layer: met1
Net VDD: dangling Wire at (59.660, 518.420) (59.660, 518.420) on layer: met1
Net VDD: dangling Wire at (59.660, 510.140) (59.660, 510.140) on layer: met1
Net VDD: dangling Wire at (59.660, 460.460) (59.660, 460.460) on layer: met1
Net VDD: dangling Wire at (59.660, 452.180) (59.660, 452.180) on layer: met1
Net VDD: dangling Wire at (59.660, 443.900) (59.660, 443.900) on layer: met1
Net VDD: dangling Wire at (59.660, 435.620) (59.660, 435.620) on layer: met1
Net VDD: dangling Wire at (59.660, 419.060) (59.660, 419.060) on layer: met1
Net VDD: dangling Wire at (59.660, 410.780) (59.660, 410.780) on layer: met1
Net VDD: dangling Wire at (59.660, 402.500) (59.660, 402.500) on layer: met1
Net VDD: dangling Wire at (59.660, 394.220) (59.660, 394.220) on layer: met1
Net VDD: dangling Wire at (59.660, 385.940) (59.660, 385.940) on layer: met1
Net VDD: dangling Wire at (59.660, 377.660) (59.660, 377.660) on layer: met1
Net VDD: dangling Wire at (59.660, 369.380) (59.660, 369.380) on layer: met1
Net VDD: dangling Wire at (59.660, 361.100) (59.660, 361.100) on layer: met1
Net VDD: dangling Wire at (59.660, 352.820) (59.660, 352.820) on layer: met1
Net VDD: dangling Wire at (59.660, 336.260) (59.660, 336.260) on layer: met1
Net VDD: dangling Wire at (59.660, 327.980) (59.660, 327.980) on layer: met1
Net VDD: dangling Wire at (59.660, 319.700) (59.660, 319.700) on layer: met1
Net VDD: dangling Wire at (59.660, 311.420) (59.660, 311.420) on layer: met1
Net VDD: dangling Wire at (59.660, 303.140) (59.660, 303.140) on layer: met1
Net VDD: dangling Wire at (59.660, 294.860) (59.660, 294.860) on layer: met1
Net VDD: dangling Wire at (59.660, 286.580) (59.660, 286.580) on layer: met1
Net VDD: dangling Wire at (59.660, 278.300) (59.660, 278.300) on layer: met1
Net VDD: dangling Wire at (59.660, 270.020) (59.660, 270.020) on layer: met1
Net VDD: dangling Wire at (59.660, 261.740) (59.660, 261.740) on layer: met1
Net VDD: dangling Wire at (59.660, 253.460) (59.660, 253.460) on layer: met1
Net VDD: dangling Wire at (59.660, 245.180) (59.660, 245.180) on layer: met1
Net VDD: dangling Wire at (59.660, 236.900) (59.660, 236.900) on layer: met1
Net VDD: dangling Wire at (59.660, 220.340) (59.660, 220.340) on layer: met1
Net VDD: dangling Wire at (59.660, 212.060) (59.660, 212.060) on layer: met1
Net VDD: dangling Wire at (59.660, 203.780) (59.660, 203.780) on layer: met1
Net VDD: dangling Wire at (59.660, 195.500) (59.660, 195.500) on layer: met1
Net VDD: dangling Wire at (59.660, 187.220) (59.660, 187.220) on layer: met1
Net VDD: dangling Wire at (59.660, 178.940) (59.660, 178.940) on layer: met1
Net VDD: dangling Wire at (59.660, 170.660) (59.660, 170.660) on layer: met1
Net VDD: dangling Wire at (59.660, 162.380) (59.660, 162.380) on layer: met1
Net VDD: dangling Wire at (59.660, 154.100) (59.660, 154.100) on layer: met1
Net VDD: dangling Wire at (59.660, 145.820) (59.660, 145.820) on layer: met1
Net VDD: dangling Wire at (59.660, 137.540) (59.660, 137.540) on layer: met1
Net VDD: dangling Wire at (59.660, 129.260) (59.660, 129.260) on layer: met1
Net VDD: dangling Wire at (59.660, 120.980) (59.660, 120.980) on layer: met1
Net VDD: dangling Wire at (59.660, 112.700) (59.660, 112.700) on layer: met1
Net VDD: dangling Wire at (59.660, 104.420) (59.660, 104.420) on layer: met1
Net VDD: dangling Wire at (59.660, 79.580) (59.660, 79.580) on layer: met1
Net VDD: dangling Wire at (59.660, 71.300) (59.660, 71.300) on layer: met1
Net VDD: dangling Wire at (59.660, 63.020) (59.660, 63.020) on layer: met1
Net VDD: dangling Wire at (59.660, 54.740) (59.660, 54.740) on layer: met1
Net VDD: dangling Wire at (686.400, 469.540) (686.400, 469.540) on layer: met4
Net VDD: dangling Wire at (686.400, 507.740) (686.400, 507.740) on layer: met4
Net VDD: dangling Wire at (636.400, 469.540) (636.400, 469.540) on layer: met4
Net VDD: dangling Wire at (636.400, 507.740) (636.400, 507.740) on layer: met4
Net VDD: dangling Wire at (586.400, 469.540) (586.400, 469.540) on layer: met4
Net VDD: dangling Wire at (586.400, 507.740) (586.400, 507.740) on layer: met4
Net VDD: dangling Wire at (536.400, 469.540) (536.400, 469.540) on layer: met4
Net VDD: dangling Wire at (536.400, 507.740) (536.400, 507.740) on layer: met4
Net VDD: dangling Wire at (486.400, 469.540) (486.400, 469.540) on layer: met4
Net VDD: dangling Wire at (486.400, 507.740) (486.400, 507.740) on layer: met4
Net VDD: dangling Wire at (436.400, 507.740) (436.400, 507.740) on layer: met4
Net VDD: dangling Wire at (386.400, 507.740) (386.400, 507.740) on layer: met4
Net VDD: dangling Wire at (336.400, 469.540) (336.400, 469.540) on layer: met4
Net VDD: dangling Wire at (336.400, 507.740) (336.400, 507.740) on layer: met4
Net VDD: dangling Wire at (286.400, 469.540) (286.400, 469.540) on layer: met4
Net VDD: dangling Wire at (286.400, 507.740) (286.400, 507.740) on layer: met4
Net VDD: dangling Wire at (236.400, 469.540) (236.400, 469.540) on layer: met4
Net VDD: dangling Wire at (236.400, 507.740) (236.400, 507.740) on layer: met4
Net VDD: dangling Wire at (186.400, 469.540) (186.400, 469.540) on layer: met4
Net VDD: dangling Wire at (186.400, 507.740) (186.400, 507.740) on layer: met4
Net VDD: dangling Wire at (136.400, 469.540) (136.400, 469.540) on layer: met4
Net VDD: dangling Wire at (136.400, 507.740) (136.400, 507.740) on layer: met4
Net VDD: dangling Wire at (686.400, 929.080) (686.400, 929.080) on layer: met4
Net VDD: dangling Wire at (636.400, 929.080) (636.400, 929.080) on layer: met4
Net VDD: dangling Wire at (586.400, 929.080) (586.400, 929.080) on layer: met4
Net VDD: dangling Wire at (286.400, 929.080) (286.400, 929.080) on layer: met4
Net VDD: dangling Wire at (236.400, 929.080) (236.400, 929.080) on layer: met4
Net VDD: dangling Wire at (136.400, 929.080) (136.400, 929.080) on layer: met4
Net VDD: dangling Wire at (86.400, 929.080) (86.400, 929.080) on layer: met4
Net VDD: dangling Wire at (86.400, 507.740) (86.400, 507.740) on layer: met4
Net VSS: dangling Wire at (743.040, 920.000) (743.040, 920.000) on layer: met1
Net VSS: dangling Wire at (743.040, 911.720) (743.040, 911.720) on layer: met1
Net VSS: dangling Wire at (743.040, 903.440) (743.040, 903.440) on layer: met1
Net VSS: dangling Wire at (743.040, 895.160) (743.040, 895.160) on layer: met1
Net VSS: dangling Wire at (743.040, 878.600) (743.040, 878.600) on layer: met1
Net VSS: dangling Wire at (743.040, 870.320) (743.040, 870.320) on layer: met1
Net VSS: dangling Wire at (743.040, 862.040) (743.040, 862.040) on layer: met1
Net VSS: dangling Wire at (743.040, 853.760) (743.040, 853.760) on layer: met1
Net VSS: dangling Wire at (743.040, 845.480) (743.040, 845.480) on layer: met1
Net VSS: dangling Wire at (743.040, 837.200) (743.040, 837.200) on layer: met1
Net VSS: dangling Wire at (743.040, 828.920) (743.040, 828.920) on layer: met1
Net VSS: dangling Wire at (743.040, 820.640) (743.040, 820.640) on layer: met1
Net VSS: dangling Wire at (743.040, 812.360) (743.040, 812.360) on layer: met1
Net VSS: dangling Wire at (743.040, 804.080) (743.040, 804.080) on layer: met1
Net VSS: dangling Wire at (743.040, 795.800) (743.040, 795.800) on layer: met1
Net VSS: dangling Wire at (743.040, 787.520) (743.040, 787.520) on layer: met1
Net VSS: dangling Wire at (743.040, 779.240) (743.040, 779.240) on layer: met1
Net VSS: dangling Wire at (743.040, 770.960) (743.040, 770.960) on layer: met1
Net VSS: dangling Wire at (743.040, 762.680) (743.040, 762.680) on layer: met1
Net VSS: dangling Wire at (743.040, 754.400) (743.040, 754.400) on layer: met1
Net VSS: dangling Wire at (743.040, 746.120) (743.040, 746.120) on layer: met1
Net VSS: dangling Wire at (743.040, 737.840) (743.040, 737.840) on layer: met1
Net VSS: dangling Wire at (743.040, 729.560) (743.040, 729.560) on layer: met1
Net VSS: dangling Wire at (743.040, 721.280) (743.040, 721.280) on layer: met1
Net VSS: dangling Wire at (743.040, 713.000) (743.040, 713.000) on layer: met1
Net VSS: dangling Wire at (743.040, 704.720) (743.040, 704.720) on layer: met1
Net VSS: dangling Wire at (743.040, 696.440) (743.040, 696.440) on layer: met1
Net VSS: dangling Wire at (743.040, 688.160) (743.040, 688.160) on layer: met1
Net VSS: dangling Wire at (743.040, 679.880) (743.040, 679.880) on layer: met1
Net VSS: dangling Wire at (743.040, 671.600) (743.040, 671.600) on layer: met1
Net VSS: dangling Wire at (743.040, 663.320) (743.040, 663.320) on layer: met1
Net VSS: dangling Wire at (743.040, 655.040) (743.040, 655.040) on layer: met1
Net VSS: dangling Wire at (743.040, 646.760) (743.040, 646.760) on layer: met1
Net VSS: dangling Wire at (743.040, 638.480) (743.040, 638.480) on layer: met1
Net VSS: dangling Wire at (743.040, 630.200) (743.040, 630.200) on layer: met1
Net VSS: dangling Wire at (743.040, 621.920) (743.040, 621.920) on layer: met1
Net VSS: dangling Wire at (743.040, 613.640) (743.040, 613.640) on layer: met1
Net VSS: dangling Wire at (743.040, 605.360) (743.040, 605.360) on layer: met1
Net VSS: dangling Wire at (743.040, 597.080) (743.040, 597.080) on layer: met1
Net VSS: dangling Wire at (743.040, 588.800) (743.040, 588.800) on layer: met1
Net VSS: dangling Wire at (743.040, 563.960) (743.040, 563.960) on layer: met1
Net VSS: dangling Wire at (743.040, 555.680) (743.040, 555.680) on layer: met1
Net VSS: dangling Wire at (743.040, 539.120) (743.040, 539.120) on layer: met1
Net VSS: dangling Wire at (743.040, 530.840) (743.040, 530.840) on layer: met1
Net VSS: dangling Wire at (743.040, 522.560) (743.040, 522.560) on layer: met1
Net VSS: dangling Wire at (743.040, 514.280) (743.040, 514.280) on layer: met1
Net VSS: dangling Wire at (743.040, 464.600) (743.040, 464.600) on layer: met1
Net VSS: dangling Wire at (743.040, 456.320) (743.040, 456.320) on layer: met1
Net VSS: dangling Wire at (743.040, 448.040) (743.040, 448.040) on layer: met1
Net VSS: dangling Wire at (743.040, 439.760) (743.040, 439.760) on layer: met1
Net VSS: dangling Wire at (743.040, 431.480) (743.040, 431.480) on layer: met1
Net VSS: dangling Wire at (743.040, 423.200) (743.040, 423.200) on layer: met1
Net VSS: dangling Wire at (743.040, 414.920) (743.040, 414.920) on layer: met1
Net VSS: dangling Wire at (743.040, 406.640) (743.040, 406.640) on layer: met1
Net VSS: dangling Wire at (743.040, 398.360) (743.040, 398.360) on layer: met1
Net VSS: dangling Wire at (743.040, 390.080) (743.040, 390.080) on layer: met1
Net VSS: dangling Wire at (743.040, 381.800) (743.040, 381.800) on layer: met1
Net VSS: dangling Wire at (743.040, 373.520) (743.040, 373.520) on layer: met1
Net VSS: dangling Wire at (743.040, 365.240) (743.040, 365.240) on layer: met1
Net VSS: dangling Wire at (743.040, 356.960) (743.040, 356.960) on layer: met1
Net VSS: dangling Wire at (743.040, 348.680) (743.040, 348.680) on layer: met1
Net VSS: dangling Wire at (743.040, 340.400) (743.040, 340.400) on layer: met1
Net VSS: dangling Wire at (743.040, 332.120) (743.040, 332.120) on layer: met1
Net VSS: dangling Wire at (743.040, 323.840) (743.040, 323.840) on layer: met1
Net VSS: dangling Wire at (743.040, 315.560) (743.040, 315.560) on layer: met1
Net VSS: dangling Wire at (743.040, 307.280) (743.040, 307.280) on layer: met1
Net VSS: dangling Wire at (743.040, 299.000) (743.040, 299.000) on layer: met1
Net VSS: dangling Wire at (743.040, 290.720) (743.040, 290.720) on layer: met1
Net VSS: dangling Wire at (743.040, 282.440) (743.040, 282.440) on layer: met1
Net VSS: dangling Wire at (743.040, 274.160) (743.040, 274.160) on layer: met1
Net VSS: dangling Wire at (743.040, 265.880) (743.040, 265.880) on layer: met1
Net VSS: dangling Wire at (743.040, 257.600) (743.040, 257.600) on layer: met1
Net VSS: dangling Wire at (743.040, 249.320) (743.040, 249.320) on layer: met1
Net VSS: dangling Wire at (743.040, 241.040) (743.040, 241.040) on layer: met1
Net VSS: dangling Wire at (743.040, 232.760) (743.040, 232.760) on layer: met1
Net VSS: dangling Wire at (743.040, 224.480) (743.040, 224.480) on layer: met1
Net VSS: dangling Wire at (743.040, 216.200) (743.040, 216.200) on layer: met1
Net VSS: dangling Wire at (743.040, 207.920) (743.040, 207.920) on layer: met1
Net VSS: dangling Wire at (743.040, 199.640) (743.040, 199.640) on layer: met1
Net VSS: dangling Wire at (743.040, 191.360) (743.040, 191.360) on layer: met1
Net VSS: dangling Wire at (743.040, 183.080) (743.040, 183.080) on layer: met1
Net VSS: dangling Wire at (743.040, 174.800) (743.040, 174.800) on layer: met1
Net VSS: dangling Wire at (743.040, 166.520) (743.040, 166.520) on layer: met1
Net VSS: dangling Wire at (743.040, 158.240) (743.040, 158.240) on layer: met1
Net VSS: dangling Wire at (743.040, 149.960) (743.040, 149.960) on layer: met1
Net VSS: dangling Wire at (743.040, 141.680) (743.040, 141.680) on layer: met1
Net VSS: dangling Wire at (743.040, 133.400) (743.040, 133.400) on layer: met1
Net VSS: dangling Wire at (743.040, 100.280) (743.040, 100.280) on layer: met1
Net VSS: dangling Wire at (743.040, 92.000) (743.040, 92.000) on layer: met1
Net VSS: dangling Wire at (743.040, 75.440) (743.040, 75.440) on layer: met1
Net VSS: dangling Wire at (743.040, 67.160) (743.040, 67.160) on layer: met1
Net VSS: dangling Wire at (743.040, 58.880) (743.040, 58.880) on layer: met1
Net VSS: dangling Wire at (59.660, 878.600) (59.660, 878.600) on layer: met1
Net VSS: dangling Wire at (59.660, 870.320) (59.660, 870.320) on layer: met1
Net VSS: dangling Wire at (59.660, 862.040) (59.660, 862.040) on layer: met1
Net VSS: dangling Wire at (59.660, 853.760) (59.660, 853.760) on layer: met1
Net VSS: dangling Wire at (59.660, 845.480) (59.660, 845.480) on layer: met1
Net VSS: dangling Wire at (59.660, 837.200) (59.660, 837.200) on layer: met1
Net VSS: dangling Wire at (59.660, 828.920) (59.660, 828.920) on layer: met1
Net VSS: dangling Wire at (59.660, 787.520) (59.660, 787.520) on layer: met1
Net VSS: dangling Wire at (59.660, 746.120) (59.660, 746.120) on layer: met1
Net VSS: dangling Wire at (59.660, 713.000) (59.660, 713.000) on layer: met1
Net VSS: dangling Wire at (59.660, 704.720) (59.660, 704.720) on layer: met1
Net VSS: dangling Wire at (59.660, 696.440) (59.660, 696.440) on layer: met1
Net VSS: dangling Wire at (59.660, 688.160) (59.660, 688.160) on layer: met1
Net VSS: dangling Wire at (59.660, 621.920) (59.660, 621.920) on layer: met1
Net VSS: dangling Wire at (59.660, 588.800) (59.660, 588.800) on layer: met1
Net VSS: dangling Wire at (59.660, 580.520) (59.660, 580.520) on layer: met1
Net VSS: dangling Wire at (59.660, 572.240) (59.660, 572.240) on layer: met1
Net VSS: dangling Wire at (59.660, 563.960) (59.660, 563.960) on layer: met1
Net VSS: dangling Wire at (59.660, 423.200) (59.660, 423.200) on layer: met1
Net VSS: dangling Wire at (59.660, 414.920) (59.660, 414.920) on layer: met1
Net VSS: dangling Wire at (59.660, 406.640) (59.660, 406.640) on layer: met1
Net VSS: dangling Wire at (59.660, 398.360) (59.660, 398.360) on layer: met1
Net VSS: dangling Wire at (59.660, 390.080) (59.660, 390.080) on layer: met1
Net VSS: dangling Wire at (59.660, 381.800) (59.660, 381.800) on layer: met1
Net VSS: dangling Wire at (59.660, 373.520) (59.660, 373.520) on layer: met1
Net VSS: dangling Wire at (59.660, 365.240) (59.660, 365.240) on layer: met1
Net VSS: dangling Wire at (59.660, 356.960) (59.660, 356.960) on layer: met1
Net VSS: dangling Wire at (59.660, 348.680) (59.660, 348.680) on layer: met1
Net VSS: dangling Wire at (59.660, 340.400) (59.660, 340.400) on layer: met1
Net VSS: dangling Wire at (59.660, 332.120) (59.660, 332.120) on layer: met1
Net VSS: dangling Wire at (59.660, 323.840) (59.660, 323.840) on layer: met1
Net VSS: dangling Wire at (59.660, 299.000) (59.660, 299.000) on layer: met1
Net VSS: dangling Wire at (59.660, 290.720) (59.660, 290.720) on layer: met1
Net VSS: dangling Wire at (59.660, 282.440) (59.660, 282.440) on layer: met1
Net VSS: dangling Wire at (59.660, 274.160) (59.660, 274.160) on layer: met1
Net VSS: dangling Wire at (59.660, 265.880) (59.660, 265.880) on layer: met1
Net VSS: dangling Wire at (59.660, 257.600) (59.660, 257.600) on layer: met1
Net VSS: dangling Wire at (59.660, 249.320) (59.660, 249.320) on layer: met1
Net VSS: dangling Wire at (59.660, 241.040) (59.660, 241.040) on layer: met1
Net VSS: dangling Wire at (59.660, 232.760) (59.660, 232.760) on layer: met1
Net VSS: dangling Wire at (59.660, 224.480) (59.660, 224.480) on layer: met1
Net VSS: dangling Wire at (59.660, 216.200) (59.660, 216.200) on layer: met1
Net VSS: dangling Wire at (59.660, 207.920) (59.660, 207.920) on layer: met1
Net VSS: dangling Wire at (59.660, 199.640) (59.660, 199.640) on layer: met1
Net VSS: dangling Wire at (59.660, 191.360) (59.660, 191.360) on layer: met1
Net VSS: dangling Wire at (59.660, 183.080) (59.660, 183.080) on layer: met1
Net VSS: dangling Wire at (59.660, 174.800) (59.660, 174.800) on layer: met1
Net VSS: dangling Wire at (59.660, 166.520) (59.660, 166.520) on layer: met1
Net VSS: dangling Wire at (59.660, 158.240) (59.660, 158.240) on layer: met1
Net VSS: dangling Wire at (59.660, 149.960) (59.660, 149.960) on layer: met1
Net VSS: dangling Wire at (59.660, 141.680) (59.660, 141.680) on layer: met1
Net VSS: dangling Wire at (59.660, 133.400) (59.660, 133.400) on layer: met1
Net VSS: dangling Wire at (59.660, 125.120) (59.660, 125.120) on layer: met1
Net VSS: dangling Wire at (59.660, 116.840) (59.660, 116.840) on layer: met1
Net VSS: dangling Wire at (59.660, 108.560) (59.660, 108.560) on layer: met1
Net VSS: dangling Wire at (59.660, 100.280) (59.660, 100.280) on layer: met1
Net VSS: dangling Wire at (59.660, 92.000) (59.660, 92.000) on layer: met1
Net VSS: dangling Wire at (743.040, 50.600) (743.040, 50.600) on layer: met1
Net VSS: dangling Wire at (709.400, 469.540) (709.400, 469.540) on layer: met4
Net VSS: dangling Wire at (659.400, 507.740) (659.400, 507.740) on layer: met4
Net VSS: dangling Wire at (609.400, 469.540) (609.400, 469.540) on layer: met4
Net VSS: dangling Wire at (609.400, 507.740) (609.400, 507.740) on layer: met4
Net VSS: dangling Wire at (559.400, 507.740) (559.400, 507.740) on layer: met4
Net VSS: dangling Wire at (509.400, 469.540) (509.400, 469.540) on layer: met4
Net VSS: dangling Wire at (509.400, 507.740) (509.400, 507.740) on layer: met4
Net VSS: dangling Wire at (459.400, 469.540) (459.400, 469.540) on layer: met4
Net VSS: dangling Wire at (459.400, 507.740) (459.400, 507.740) on layer: met4
Net VSS: dangling Wire at (409.400, 507.740) (409.400, 507.740) on layer: met4
Net VSS: dangling Wire at (359.400, 469.540) (359.400, 469.540) on layer: met4
Net VSS: dangling Wire at (359.400, 507.740) (359.400, 507.740) on layer: met4
Net VSS: dangling Wire at (309.400, 469.540) (309.400, 469.540) on layer: met4
Net VSS: dangling Wire at (309.400, 507.740) (309.400, 507.740) on layer: met4
Net VSS: dangling Wire at (259.400, 469.540) (259.400, 469.540) on layer: met4
Net VSS: dangling Wire at (259.400, 507.740) (259.400, 507.740) on layer: met4
Net VSS: dangling Wire at (209.400, 469.540) (209.400, 469.540) on layer: met4
Net VSS: dangling Wire at (209.400, 507.740) (209.400, 507.740) on layer: met4
Net VSS: dangling Wire at (159.400, 469.540) (159.400, 469.540) on layer: met4
Net VSS: dangling Wire at (159.400, 507.740) (159.400, 507.740) on layer: met4
Net VSS: dangling Wire at (109.400, 469.540) (109.400, 469.540) on layer: met4
Net VSS: dangling Wire at (109.400, 507.740) (109.400, 507.740) on layer: met4
Net VSS: dangling Wire at (559.400, 929.080) (559.400, 929.080) on layer: met4
Net VSS: dangling Wire at (459.400, 929.080) (459.400, 929.080) on layer: met4
Net VSS: dangling Wire at (309.400, 929.080) (309.400, 929.080) on layer: met4
Net VSS: dangling Wire at (259.400, 929.080) (259.400, 929.080) on layer: met4
Net VSS: dangling Wire at (209.400, 929.080) (209.400, 929.080) on layer: met4
Net VSS: dangling Wire at (159.400, 929.080) (159.400, 929.080) on layer: met4
Net VSS: dangling Wire at (109.400, 929.080) (109.400, 929.080) on layer: met4

Begin Summary
    381 Problem(s) (IMPVFC-94): The net has dangling wire(s).
    381 total info(s) created.
End Summary
