###############################################################
#  Generated by:      Cadence Innovus 25.11-s102_1
#  OS:                Linux x86_64(Host ID ece-rschsrv.ece.gatech.edu)
#  Generated on:      Mon Mar 16 13:06:37 2026
#  Design:            Core
#  Command:           check_metal_density -report reports/postroute/route.metal_density.rpt
###############################################################

Verify Density report created on Mon Mar 16 13:06:37 2026

###############################################################
# Layer     met1 - Window size      : 100.0um X 100.0um
# Layer     met1 - Window step      : 50.0um X 50.0um
# Layer     met1 - Min Density      : 20%
# Layer     met1 - Pref Density     : 35%
# Layer     met1 - Max Density      : 80%
# Layer     met1 - Ext Density      : 35%
# Layer     met2 - Window size      : 100.0um X 100.0um
# Layer     met2 - Window step      : 50.0um X 50.0um
# Layer     met2 - Min Density      : 20%
# Layer     met2 - Pref Density     : 35%
# Layer     met2 - Max Density      : 80%
# Layer     met2 - Ext Density      : 35%
# Layer     met3 - Window size      : 100.0um X 100.0um
# Layer     met3 - Window step      : 50.0um X 50.0um
# Layer     met3 - Min Density      : 20%
# Layer     met3 - Pref Density     : 35%
# Layer     met3 - Max Density      : 80%
# Layer     met3 - Ext Density      : 35%
# Layer     met4 - Window size      : 100.0um X 100.0um
# Layer     met4 - Window step      : 50.0um X 50.0um
# Layer     met4 - Min Density      : 20%
# Layer     met4 - Pref Density     : 35%
# Layer     met4 - Max Density      : 80%
# Layer     met4 - Ext Density      : 35%
# Layer     met5 - Window size      : 100.0um X 100.0um
# Layer     met5 - Window step      : 50.0um X 50.0um
# Layer     met5 - Min Density      : 20%
# Layer     met5 - Pref Density     : 35%
# Layer     met5 - Max Density      : 80%
# Layer     met5 - Ext Density      : 35%
###############################################################


    Layer    Density(%)          Window  
***************************************************

    met5       15.07    (0 0) (100 100)
    met5       18.60    (50 0) (150 100)
    met5       18.60    (100 0) (200 100)
    met5       18.60    (150 0) (250 100)
    met5       18.60    (200 0) (300 100)
    met5       18.60    (250 0) (350 100)
    met5       18.60    (300 0) (400 100)
    met5       18.60    (350 0) (450 100)
    met5       18.60    (400 0) (500 100)
    met5       18.60    (450 0) (550 100)
    met5       18.60    (500 0) (600 100)
    met5       18.60    (550 0) (650 100)
    met5       18.60    (600 0) (700 100)
    met5       18.60    (650 0) (750 100)
    met5       18.60    (700 0) (800 100)
    met5       18.60    (750 0) (850 100)
    met5       18.60    (800 0) (900 100)
    met5       18.60    (850 0) (950 100)
    met5       18.62    (900 0) (1000 100)
    met5       15.07    (925.8 0) (1025.8 100)
    met5        9.82    (0 50) (100 150)
    met5       12.00    (50 50) (150 150)
    met5       12.00    (100 50) (200 150)
    met5       12.62    (150 50) (250 150)
    met5       12.62    (200 50) (300 150)
    met5       12.09    (250 50) (350 150)
    met5       12.09    (300 50) (400 150)
    met5       12.09    (350 50) (450 150)
    met5       12.09    (400 50) (500 150)
    met5       12.00    (450 50) (550 150)
    met5       12.00    (500 50) (600 150)
    met5       12.00    (550 50) (650 150)
    met5       12.00    (600 50) (700 150)
    met5       12.00    (650 50) (750 150)
    met5       12.00    (700 50) (800 150)
    met5       12.00    (750 50) (850 150)
    met5       12.00    (800 50) (900 150)
    met5       12.00    (850 50) (950 150)
    met5       12.02    (900 50) (1000 150)
    met5        9.82    (925.8 50) (1025.8 150)
    met5        9.80    (0 100) (100 200)
    met5       12.00    (50 100) (150 200)
    met5       12.00    (100 100) (200 200)
    met5       12.62    (150 100) (250 200)
    met5       12.62    (200 100) (300 200)
    met5       12.09    (250 100) (350 200)
    met5       12.09    (300 100) (400 200)
    met5       12.09    (350 100) (450 200)
    met5       12.09    (400 100) (500 200)
    met5       12.00    (450 100) (550 200)
    met5       12.00    (500 100) (600 200)
    met5       12.00    (550 100) (650 200)
    met5       12.00    (600 100) (700 200)
    met5       12.00    (650 100) (750 200)
    met5       12.00    (700 100) (800 200)
    met5       12.00    (750 100) (850 200)
    met5       12.00    (800 100) (900 200)
    met5       12.25    (850 100) (950 200)
    met5       12.25    (900 100) (1000 200)
    met5       10.06    (925.8 100) (1025.8 200)
    met5        9.82    (0 150) (100 250)
    met5       12.00    (50 150) (150 250)
    met5       12.00    (100 150) (200 250)
    met5       12.00    (150 150) (250 250)
    met5       12.00    (200 150) (300 250)
    met5       12.00    (250 150) (350 250)
    met5       12.00    (300 150) (400 250)
    met5       12.00    (350 150) (450 250)
    met5       12.00    (400 150) (500 250)
    met5       12.00    (450 150) (550 250)
    met5       12.00    (500 150) (600 250)
    met5       12.00    (550 150) (650 250)
    met5       12.00    (600 150) (700 250)
    met5       12.00    (650 150) (750 250)
    met5       12.00    (700 150) (800 250)
    met5       12.00    (750 150) (850 250)
    met5       12.49    (800 150) (900 250)
    met5       13.57    (850 150) (950 250)
    met5       13.76    (900 150) (1000 250)
    met5       11.32    (925.8 150) (1025.8 250)
    met5        9.82    (0 200) (100 300)
    met5       12.00    (50 200) (150 300)
    met5       12.00    (100 200) (200 300)
    met5       12.00    (150 200) (250 300)
    met5       12.00    (200 200) (300 300)
    met5       12.00    (250 200) (350 300)
    met5       12.00    (300 200) (400 300)
    met5       12.00    (350 200) (450 300)
    met5       12.00    (400 200) (500 300)
    met5       12.00    (450 200) (550 300)
    met5       12.00    (500 200) (600 300)
    met5       12.00    (550 200) (650 300)
    met5       12.00    (600 200) (700 300)
    met5       12.00    (650 200) (750 300)
    met5       12.00    (700 200) (800 300)
    met5       12.00    (750 200) (850 300)
    met5       12.88    (800 200) (900 300)
    met5       14.61    (850 200) (950 300)
    met5       14.41    (900 200) (1000 300)
    met5       11.53    (925.8 200) (1025.8 300)
    met5        9.80    (0 250) (100 350)
    met5       12.18    (50 250) (150 350)
    met5       13.11    (100 250) (200 350)
    met5       13.73    (150 250) (250 350)
    met5       13.60    (200 250) (300 350)
    met5       13.60    (250 250) (350 350)
    met5       13.60    (300 250) (400 350)
    met5       13.60    (350 250) (450 350)
    met5       13.60    (400 250) (500 350)
    met5       13.60    (450 250) (550 350)
    met5       13.60    (500 250) (600 350)
    met5       13.60    (550 250) (650 350)
    met5       13.60    (600 250) (700 350)
    met5       13.60    (650 250) (750 350)
    met5       13.60    (700 250) (800 350)
    met5       13.60    (750 250) (850 350)
    met5       14.41    (800 250) (900 350)
    met5       16.46    (850 250) (950 350)
    met5       16.69    (900 250) (1000 350)
    met5       13.81    (925.8 250) (1025.8 350)
    met5        9.80    (0 300) (100 400)
    met5       12.18    (50 300) (150 400)
    met5       14.26    (100 300) (200 400)
    met5       16.48    (150 300) (250 400)
    met5       16.80    (200 300) (300 400)
    met5       16.80    (250 300) (350 400)
    met5       16.80    (300 300) (400 400)
    met5       16.80    (350 300) (450 400)
    met5       16.80    (400 300) (500 400)
    met5       16.80    (450 300) (550 400)
    met5       16.80    (500 300) (600 400)
    met5       16.80    (550 300) (650 400)
    met5       16.80    (600 300) (700 400)
    met5       16.80    (650 300) (750 400)
    met5       16.80    (700 300) (800 400)
    met5       16.92    (750 300) (850 400)
    met5       17.79    (800 300) (900 400)
    met5       19.93    (850 300) (950 400)
    met5       17.35    (925.8 300) (1025.8 400)
    met5        9.80    (0 350) (100 450)
    met5       12.00    (50 350) (150 450)
    met5       13.84    (100 350) (200 450)
    met5       16.24    (150 350) (250 450)
    met5       16.80    (200 350) (300 450)
    met5       16.80    (250 350) (350 450)
    met5       16.80    (300 350) (400 450)
    met5       16.80    (350 350) (450 450)
    met5       16.80    (400 350) (500 450)
    met5       16.80    (450 350) (550 450)
    met5       16.80    (500 350) (600 450)
    met5       16.80    (550 350) (650 450)
    met5       16.80    (600 350) (700 450)
    met5       16.80    (650 350) (750 450)
    met5       16.80    (700 350) (800 450)
    met5       16.92    (750 350) (850 450)
    met5       17.75    (800 350) (900 450)
    met5       17.76    (925.8 350) (1025.8 450)
    met5        9.84    (0 400) (100 500)
    met5       12.68    (50 400) (150 500)
    met5       13.94    (100 400) (200 500)
    met5       14.89    (150 400) (250 500)
    met5       15.20    (200 400) (300 500)
    met5       15.20    (250 400) (350 500)
    met5       15.20    (300 400) (400 500)
    met5       15.20    (350 400) (450 500)
    met5       15.20    (400 400) (500 500)
    met5       15.20    (450 400) (550 500)
    met5       15.20    (500 400) (600 500)
    met5       15.20    (550 400) (650 500)
    met5       15.20    (600 400) (700 500)
    met5       15.20    (650 400) (750 500)
    met5       15.20    (700 400) (800 500)
    met5       15.20    (750 400) (850 500)
    met5       16.22    (800 400) (900 500)
    met5       19.48    (850 400) (950 500)
    met5       18.27    (925.8 400) (1025.8 500)
    met5       11.06    (0 450) (100 550)
    met5       15.87    (50 450) (150 550)
    met5       16.25    (100 450) (200 550)
    met5       15.04    (150 450) (250 550)
    met5       15.20    (200 450) (300 550)
    met5       15.20    (250 450) (350 550)
    met5       14.83    (300 450) (400 550)
    met5       14.31    (350 450) (450 550)
    met5       14.44    (400 450) (500 550)
    met5       14.96    (450 450) (550 550)
    met5       15.20    (500 450) (600 550)
    met5       15.20    (550 450) (650 550)
    met5       15.20    (600 450) (700 550)
    met5       15.20    (650 450) (750 550)
    met5       15.20    (700 450) (800 550)
    met5       15.20    (750 450) (850 550)
    met5       16.65    (800 450) (900 550)
    met5       19.02    (850 450) (950 550)
    met5       18.10    (925.8 450) (1025.8 550)
    met5       11.93    (0 500) (100 600)
    met5       17.62    (50 500) (150 600)
    met5       18.20    (100 500) (200 600)
    met5       18.08    (150 500) (250 600)
    met5       18.94    (750 500) (850 600)
    met5       18.58    (800 500) (900 600)
    met5       16.93    (925.8 500) (1025.8 600)
    met5       13.11    (0 550) (100 650)
    met5       18.55    (925.8 550) (1025.8 650)
    met5       13.83    (0 600) (100 700)
    met5       19.30    (925.8 600) (1025.8 700)
    met5       13.74    (0 650) (100 750)
    met5       19.67    (50 650) (150 750)
    met5       15.41    (925.8 650) (1025.8 750)
    met5       13.83    (0 700) (100 800)
    met5       18.99    (50 700) (150 800)
    met5       19.70    (850 700) (950 800)
    met5       16.82    (900 700) (1000 800)
    met5       12.89    (925.8 700) (1025.8 800)
    met5       11.50    (0 750) (100 850)
    met5       15.22    (50 750) (150 850)
    met5       16.17    (100 750) (200 850)
    met5       17.77    (150 750) (250 850)
    met5       18.48    (200 750) (300 850)
    met5       18.58    (250 750) (350 850)
    met5       18.59    (300 750) (400 850)
    met5       18.78    (350 750) (450 850)
    met5       18.68    (400 750) (500 850)
    met5       18.03    (450 750) (550 850)
    met5       17.23    (500 750) (600 850)
    met5       17.41    (550 750) (650 850)
    met5       18.21    (600 750) (700 850)
    met5       18.40    (650 750) (750 850)
    met5       18.56    (700 750) (800 850)
    met5       18.59    (750 750) (850 850)
    met5       18.13    (800 750) (900 850)
    met5       19.78    (850 750) (950 850)
    met5       18.44    (900 750) (1000 850)
    met5       13.79    (925.8 750) (1025.8 850)
    met5        9.80    (0 800) (100 900)
    met5       12.95    (50 800) (150 900)
    met5       17.37    (100 800) (200 900)
    met5       19.18    (900 800) (1000 900)
    met5       14.23    (925.8 800) (1025.8 900)
    met5        9.80    (0 850) (100 950)
    met5       12.80    (50 850) (150 950)
    met5       16.37    (100 850) (200 950)
    met5       19.57    (150 850) (250 950)
    met5       18.18    (800 850) (900 950)
    met5       16.66    (850 850) (950 950)
    met5       17.34    (900 850) (1000 950)
    met5       13.76    (925.8 850) (1025.8 950)
    met5        9.80    (0 900) (100 1000)
    met5       12.00    (50 900) (150 1000)
    met5       12.55    (100 900) (200 1000)
    met5       13.35    (150 900) (250 1000)
    met5       13.60    (200 900) (300 1000)
    met5       13.60    (250 900) (350 1000)
    met5       13.60    (300 900) (400 1000)
    met5       13.60    (350 900) (450 1000)
    met5       13.60    (400 900) (500 1000)
    met5       13.60    (450 900) (550 1000)
    met5       13.60    (500 900) (600 1000)
    met5       13.60    (550 900) (650 1000)
    met5       13.60    (600 900) (700 1000)
    met5       13.60    (650 900) (750 1000)
    met5       13.60    (700 900) (800 1000)
    met5       13.60    (750 900) (850 1000)
    met5       13.80    (800 900) (900 1000)
    met5       14.73    (850 900) (950 1000)
    met5       15.43    (900 900) (1000 1000)
    met5       12.53    (925.8 900) (1025.8 1000)
    met5        9.82    (0 950) (100 1050)
    met5       12.00    (50 950) (150 1050)
    met5       12.00    (100 950) (200 1050)
    met5       12.00    (150 950) (250 1050)
    met5       12.00    (200 950) (300 1050)
    met5       12.00    (250 950) (350 1050)
    met5       12.00    (300 950) (400 1050)
    met5       12.00    (350 950) (450 1050)
    met5       12.00    (400 950) (500 1050)
    met5       12.00    (450 950) (550 1050)
    met5       12.00    (500 950) (600 1050)
    met5       12.00    (550 950) (650 1050)
    met5       12.00    (600 950) (700 1050)
    met5       12.00    (650 950) (750 1050)
    met5       12.00    (700 950) (800 1050)
    met5       12.00    (750 950) (850 1050)
    met5       13.08    (800 950) (900 1050)
    met5       15.54    (850 950) (950 1050)
    met5       15.26    (900 950) (1000 1050)
    met5       12.32    (925.8 950) (1025.8 1050)
    met5        9.86    (0 1000) (100 1100)
    met5       12.00    (50 1000) (150 1100)
    met5       12.00    (100 1000) (200 1100)
    met5       12.00    (150 1000) (250 1100)
    met5       12.00    (200 1000) (300 1100)
    met5       12.00    (250 1000) (350 1100)
    met5       12.00    (300 1000) (400 1100)
    met5       12.00    (350 1000) (450 1100)
    met5       12.00    (400 1000) (500 1100)
    met5       12.00    (450 1000) (550 1100)
    met5       12.00    (500 1000) (600 1100)
    met5       12.00    (550 1000) (650 1100)
    met5       12.00    (600 1000) (700 1100)
    met5       12.00    (650 1000) (750 1100)
    met5       12.00    (700 1000) (800 1100)
    met5       12.00    (750 1000) (850 1100)
    met5       13.18    (800 1000) (900 1100)
    met5       15.87    (850 1000) (950 1100)
    met5       17.17    (900 1000) (1000 1100)
    met5       14.33    (925.8 1000) (1025.8 1100)
    met5        9.84    (0 1050) (100 1150)
    met5       12.00    (50 1050) (150 1150)
    met5       12.00    (100 1050) (200 1150)
    met5       12.00    (150 1050) (250 1150)
    met5       12.00    (200 1050) (300 1150)
    met5       12.00    (250 1050) (350 1150)
    met5       12.00    (300 1050) (400 1150)
    met5       12.00    (350 1050) (450 1150)
    met5       12.00    (400 1050) (500 1150)
    met5       12.00    (450 1050) (550 1150)
    met5       12.00    (500 1050) (600 1150)
    met5       12.00    (550 1050) (650 1150)
    met5       12.00    (600 1050) (700 1150)
    met5       12.00    (650 1050) (750 1150)
    met5       12.00    (700 1050) (800 1150)
    met5       12.00    (750 1050) (850 1150)
    met5       12.97    (800 1050) (900 1150)
    met5       14.09    (850 1050) (950 1150)
    met5       15.09    (900 1050) (1000 1150)
    met5       12.57    (925.8 1050) (1025.8 1150)
    met5        9.80    (0 1100) (100 1200)
    met5       12.00    (50 1100) (150 1200)
    met5       12.00    (100 1100) (200 1200)
    met5       12.00    (150 1100) (250 1200)
    met5       12.00    (200 1100) (300 1200)
    met5       12.00    (250 1100) (350 1200)
    met5       12.00    (300 1100) (400 1200)
    met5       12.00    (350 1100) (450 1200)
    met5       12.00    (400 1100) (500 1200)
    met5       12.00    (450 1100) (550 1200)
    met5       12.00    (500 1100) (600 1200)
    met5       12.00    (550 1100) (650 1200)
    met5       12.07    (600 1100) (700 1200)
    met5       12.07    (650 1100) (750 1200)
    met5       12.00    (700 1100) (800 1200)
    met5       12.00    (750 1100) (850 1200)
    met5       12.11    (800 1100) (900 1200)
    met5       12.23    (850 1100) (950 1200)
    met5       12.11    (900 1100) (1000 1200)
    met5        9.80    (925.8 1100) (1025.8 1200)
    met5        9.80    (0 1150) (100 1250)
    met5       12.00    (50 1150) (150 1250)
    met5       12.00    (100 1150) (200 1250)
    met5       12.00    (150 1150) (250 1250)
    met5       12.00    (200 1150) (300 1250)
    met5       12.00    (250 1150) (350 1250)
    met5       12.00    (300 1150) (400 1250)
    met5       12.00    (350 1150) (450 1250)
    met5       12.00    (400 1150) (500 1250)
    met5       12.00    (450 1150) (550 1250)
    met5       12.00    (500 1150) (600 1250)
    met5       12.00    (550 1150) (650 1250)
    met5       12.07    (600 1150) (700 1250)
    met5       12.07    (650 1150) (750 1250)
    met5       12.00    (700 1150) (800 1250)
    met5       12.00    (750 1150) (850 1250)
    met5       12.00    (800 1150) (900 1250)
    met5       12.00    (850 1150) (950 1250)
    met5       12.00    (900 1150) (1000 1250)
    met5        9.80    (925.8 1150) (1025.8 1250)
    met5       15.34    (0 1200) (100 1300)
    met5       18.60    (50 1200) (150 1300)
    met5       18.60    (100 1200) (200 1300)
    met5       18.60    (150 1200) (250 1300)
    met5       18.60    (200 1200) (300 1300)
    met5       18.60    (250 1200) (350 1300)
    met5       18.60    (300 1200) (400 1300)
    met5       18.60    (350 1200) (450 1300)
    met5       18.60    (400 1200) (500 1300)
    met5       18.60    (450 1200) (550 1300)
    met5       18.60    (500 1200) (600 1300)
    met5       18.60    (550 1200) (650 1300)
    met5       18.60    (600 1200) (700 1300)
    met5       18.60    (650 1200) (750 1300)
    met5       18.60    (700 1200) (800 1300)
    met5       18.60    (750 1200) (850 1300)
    met5       18.60    (800 1200) (900 1300)
    met5       18.60    (850 1200) (950 1300)
    met5       18.60    (900 1200) (1000 1300)
    met5       15.34    (925.8 1200) (1025.8 1300)
    met5       15.34    (0 1201.8) (100 1301.8)
    met5       18.60    (50 1201.8) (150 1301.8)
    met5       18.60    (100 1201.8) (200 1301.8)
    met5       18.60    (150 1201.8) (250 1301.8)
    met5       18.60    (200 1201.8) (300 1301.8)
    met5       18.60    (250 1201.8) (350 1301.8)
    met5       18.60    (300 1201.8) (400 1301.8)
    met5       18.60    (350 1201.8) (450 1301.8)
    met5       18.60    (400 1201.8) (500 1301.8)
    met5       18.60    (450 1201.8) (550 1301.8)
    met5       18.60    (500 1201.8) (600 1301.8)
    met5       18.60    (550 1201.8) (650 1301.8)
    met5       18.60    (600 1201.8) (700 1301.8)
    met5       18.60    (650 1201.8) (750 1301.8)
    met5       18.60    (700 1201.8) (800 1301.8)
    met5       18.60    (750 1201.8) (850 1301.8)
    met5       18.60    (800 1201.8) (900 1301.8)
    met5       18.60    (850 1201.8) (950 1301.8)
    met5       18.60    (900 1201.8) (1000 1301.8)
    met5       15.34    (925.8 1201.8) (1025.8 1301.8)

    met4       15.16    (0 0) (100 100)
    met4        9.80    (50 0) (150 100)
    met4        9.80    (100 0) (200 100)
    met4        9.80    (150 0) (250 100)
    met4        9.80    (200 0) (300 100)
    met4        9.80    (250 0) (350 100)
    met4        9.80    (300 0) (400 100)
    met4        9.80    (350 0) (450 100)
    met4        9.80    (400 0) (500 100)
    met4        9.80    (450 0) (550 100)
    met4        9.80    (500 0) (600 100)
    met4        9.80    (550 0) (650 100)
    met4        9.80    (600 0) (700 100)
    met4        9.80    (650 0) (750 100)
    met4        9.80    (700 0) (800 100)
    met4        9.80    (750 0) (850 100)
    met4        9.80    (800 0) (900 100)
    met4        9.80    (850 0) (950 100)
    met4       11.53    (900 0) (1000 100)
    met4       15.16    (925.8 0) (1025.8 100)
    met4       18.91    (0 50) (100 150)
    met4       12.11    (50 50) (150 150)
    met4       14.44    (100 50) (200 150)
    met4       17.07    (150 50) (250 150)
    met4       17.32    (200 50) (300 150)
    met4       17.36    (250 50) (350 150)
    met4       17.45    (300 50) (400 150)
    met4       17.42    (350 50) (450 150)
    met4       17.25    (400 50) (500 150)
    met4       17.18    (450 50) (550 150)
    met4       17.13    (500 50) (600 150)
    met4       17.13    (550 50) (650 150)
    met4       17.13    (600 50) (700 150)
    met4       17.13    (650 50) (750 150)
    met4       17.12    (700 50) (800 150)
    met4       17.25    (750 50) (850 150)
    met4       15.19    (800 50) (900 150)
    met4       12.50    (850 50) (950 150)
    met4       14.21    (900 50) (1000 150)
    met4       18.71    (925.8 50) (1025.8 150)
    met4       19.10    (0 100) (100 200)
    met4       12.26    (50 100) (150 200)
    met4       14.13    (850 100) (950 200)
    met4       14.22    (900 100) (1000 200)
    met4       18.71    (925.8 100) (1025.8 200)
    met4       19.31    (0 150) (100 250)
    met4       12.30    (50 150) (150 250)
    met4       16.83    (850 150) (950 250)
    met4       16.68    (900 150) (1000 250)
    met4       19.31    (0 200) (100 300)
    met4       12.31    (50 200) (150 300)
    met4       19.20    (0 250) (100 350)
    met4       12.68    (50 250) (150 350)
    met4       19.30    (0 300) (100 400)
    met4       13.13    (50 300) (150 400)
    met4       19.45    (0 350) (100 450)
    met4       13.20    (50 350) (150 450)
    met4       19.70    (0 400) (100 500)
    met4       13.46    (50 400) (150 500)
    met4       17.10    (50 450) (150 550)
    met4       18.89    (200 550) (300 650)
    met4       17.97    (250 550) (350 650)
    met4       18.26    (300 550) (400 650)
    met4       17.24    (350 550) (450 650)
    met4       15.20    (400 550) (500 650)
    met4       14.96    (450 550) (550 650)
    met4       15.57    (500 550) (600 650)
    met4       15.36    (550 550) (650 650)
    met4       15.30    (600 550) (700 650)
    met4       16.25    (650 550) (750 650)
    met4       18.26    (700 550) (800 650)
    met4       19.43    (750 550) (850 650)
    met4       18.85    (250 600) (350 700)
    met4       19.03    (300 600) (400 700)
    met4       17.84    (350 600) (450 700)
    met4       15.70    (400 600) (500 700)
    met4       14.63    (450 600) (550 700)
    met4       15.51    (500 600) (600 700)
    met4       15.83    (550 600) (650 700)
    met4       15.33    (600 600) (700 700)
    met4       15.99    (650 600) (750 700)
    met4       18.57    (700 600) (800 700)
    met4       19.72    (150 650) (250 750)
    met4       19.30    (200 650) (300 750)
    met4       18.60    (250 650) (350 750)
    met4       17.49    (300 650) (400 750)
    met4       16.02    (350 650) (450 750)
    met4       15.55    (400 650) (500 750)
    met4       15.81    (450 650) (550 750)
    met4       16.37    (500 650) (600 750)
    met4       15.86    (550 650) (650 750)
    met4       14.95    (600 650) (700 750)
    met4       15.27    (650 650) (750 750)
    met4       16.78    (700 650) (800 750)
    met4       17.98    (750 650) (850 750)
    met4       19.19    (0 750) (100 850)
    met4       15.83    (50 750) (150 850)
    met4       18.80    (0 800) (100 900)
    met4       14.34    (50 800) (150 900)
    met4       18.65    (0 850) (100 950)
    met4       13.38    (50 850) (150 950)
    met4       18.60    (0 900) (100 1000)
    met4       12.75    (50 900) (150 1000)
    met4       18.71    (0 950) (100 1050)
    met4       12.47    (50 950) (150 1050)
    met4       18.83    (0 1000) (100 1100)
    met4       12.32    (50 1000) (150 1100)
    met4       18.73    (0 1050) (100 1150)
    met4       12.30    (50 1050) (150 1150)
    met4       16.34    (900 1050) (1000 1150)
    met4       18.60    (0 1100) (100 1200)
    met4       12.25    (50 1100) (150 1200)
    met4       16.73    (850 1100) (950 1200)
    met4       14.16    (900 1100) (1000 1200)
    met4       18.60    (925.8 1100) (1025.8 1200)
    met4       18.60    (0 1150) (100 1250)
    met4       12.10    (50 1150) (150 1250)
    met4       14.15    (100 1150) (200 1250)
    met4       16.64    (150 1150) (250 1250)
    met4       17.17    (200 1150) (300 1250)
    met4       17.21    (250 1150) (350 1250)
    met4       17.24    (300 1150) (400 1250)
    met4       17.25    (350 1150) (450 1250)
    met4       17.26    (400 1150) (500 1250)
    met4       17.26    (450 1150) (550 1250)
    met4       17.25    (500 1150) (600 1250)
    met4       17.26    (550 1150) (650 1250)
    met4       17.27    (600 1150) (700 1250)
    met4       17.23    (650 1150) (750 1250)
    met4       17.19    (700 1150) (800 1250)
    met4       17.32    (750 1150) (850 1250)
    met4       16.07    (800 1150) (900 1250)
    met4       13.34    (850 1150) (950 1250)
    met4       14.10    (900 1150) (1000 1250)
    met4       18.60    (925.8 1150) (1025.8 1250)
    met4       15.39    (0 1200) (100 1300)
    met4       10.02    (50 1200) (150 1300)
    met4       10.02    (100 1200) (200 1300)
    met4       10.02    (150 1200) (250 1300)
    met4       10.02    (200 1200) (300 1300)
    met4       10.02    (250 1200) (350 1300)
    met4       10.02    (300 1200) (400 1300)
    met4       10.02    (350 1200) (450 1300)
    met4       10.02    (400 1200) (500 1300)
    met4       10.02    (450 1200) (550 1300)
    met4       10.02    (500 1200) (600 1300)
    met4       10.02    (550 1200) (650 1300)
    met4       10.02    (600 1200) (700 1300)
    met4       10.02    (650 1200) (750 1300)
    met4       10.02    (700 1200) (800 1300)
    met4       10.02    (750 1200) (850 1300)
    met4       10.02    (800 1200) (900 1300)
    met4       10.02    (850 1200) (950 1300)
    met4       11.67    (900 1200) (1000 1300)
    met4       15.39    (925.8 1200) (1025.8 1300)
    met4       15.05    (0 1201.8) (100 1301.8)
    met4        9.80    (50 1201.8) (150 1301.8)
    met4        9.80    (100 1201.8) (200 1301.8)
    met4        9.80    (150 1201.8) (250 1301.8)
    met4        9.80    (200 1201.8) (300 1301.8)
    met4        9.80    (250 1201.8) (350 1301.8)
    met4        9.80    (300 1201.8) (400 1301.8)
    met4        9.80    (350 1201.8) (450 1301.8)
    met4        9.80    (400 1201.8) (500 1301.8)
    met4        9.80    (450 1201.8) (550 1301.8)
    met4        9.80    (500 1201.8) (600 1301.8)
    met4        9.80    (550 1201.8) (650 1301.8)
    met4        9.80    (600 1201.8) (700 1301.8)
    met4        9.80    (650 1201.8) (750 1301.8)
    met4        9.80    (700 1201.8) (800 1301.8)
    met4        9.80    (750 1201.8) (850 1301.8)
    met4        9.80    (800 1201.8) (900 1301.8)
    met4        9.80    (850 1201.8) (950 1301.8)
    met4       11.42    (900 1201.8) (1000 1301.8)
    met4       15.05    (925.8 1201.8) (1025.8 1301.8)

    met3        0.65    (0 0) (100 100)
    met3        0.41    (50 0) (150 100)
    met3        0.41    (100 0) (200 100)
    met3        0.41    (150 0) (250 100)
    met3        0.41    (200 0) (300 100)
    met3        0.41    (250 0) (350 100)
    met3        0.41    (300 0) (400 100)
    met3        0.41    (350 0) (450 100)
    met3        0.41    (400 0) (500 100)
    met3        0.41    (450 0) (550 100)
    met3        0.41    (500 0) (600 100)
    met3        0.41    (550 0) (650 100)
    met3        0.41    (600 0) (700 100)
    met3        0.41    (650 0) (750 100)
    met3        0.41    (700 0) (800 100)
    met3        0.41    (750 0) (850 100)
    met3        0.41    (800 0) (900 100)
    met3        0.41    (850 0) (950 100)
    met3        0.50    (900 0) (1000 100)
    met3        0.65    (925.8 0) (1025.8 100)
    met3        1.11    (0 50) (100 150)
    met3        1.07    (50 50) (150 150)
    met3        4.62    (100 50) (200 150)
    met3       10.13    (150 50) (250 150)
    met3       11.79    (200 50) (300 150)
    met3       11.13    (250 50) (350 150)
    met3       10.80    (300 50) (400 150)
    met3       10.64    (350 50) (450 150)
    met3       10.06    (400 50) (500 150)
    met3        9.39    (450 50) (550 150)
    met3        9.23    (500 50) (600 150)
    met3        9.23    (550 50) (650 150)
    met3        9.23    (600 50) (700 150)
    met3        9.23    (650 50) (750 150)
    met3        9.23    (700 50) (800 150)
    met3        9.07    (750 50) (850 150)
    met3        5.07    (800 50) (900 150)
    met3        0.90    (850 50) (950 150)
    met3        0.70    (900 50) (1000 150)
    met3        0.92    (925.8 50) (1025.8 150)
    met3        1.11    (0 100) (100 200)
    met3        1.07    (50 100) (150 200)
    met3        9.69    (100 100) (200 200)
    met3       15.14    (800 100) (900 200)
    met3        3.04    (850 100) (950 200)
    met3        1.86    (900 100) (1000 200)
    met3        1.67    (925.8 100) (1025.8 200)
    met3        0.92    (0 150) (100 250)
    met3        0.59    (50 150) (150 250)
    met3       10.69    (100 150) (200 250)
    met3       10.00    (850 150) (950 250)
    met3        7.69    (900 150) (1000 250)
    met3        5.55    (925.8 150) (1025.8 250)
    met3        0.90    (0 200) (100 300)
    met3        0.64    (50 200) (150 300)
    met3       10.92    (100 200) (200 300)
    met3       14.95    (850 200) (950 300)
    met3       12.64    (900 200) (1000 300)
    met3        8.96    (925.8 200) (1025.8 300)
    met3        0.89    (0 250) (100 350)
    met3        0.65    (50 250) (150 350)
    met3       11.06    (100 250) (200 350)
    met3       14.09    (850 250) (950 350)
    met3       12.79    (900 250) (1000 350)
    met3        9.40    (925.8 250) (1025.8 350)
    met3        1.07    (0 300) (100 400)
    met3        0.88    (50 300) (150 400)
    met3       11.10    (100 300) (200 400)
    met3       14.12    (850 300) (950 400)
    met3       13.48    (900 300) (1000 400)
    met3       10.09    (925.8 300) (1025.8 400)
    met3        1.07    (0 350) (100 450)
    met3        0.88    (50 350) (150 450)
    met3       11.01    (100 350) (200 450)
    met3       15.20    (850 350) (950 450)
    met3       14.78    (900 350) (1000 450)
    met3       11.01    (925.8 350) (1025.8 450)
    met3        1.17    (0 400) (100 500)
    met3        1.48    (50 400) (150 500)
    met3       11.49    (100 400) (200 500)
    met3       14.16    (850 400) (950 500)
    met3       14.33    (900 400) (1000 500)
    met3       11.45    (925.8 400) (1025.8 500)
    met3        3.13    (0 450) (100 550)
    met3        6.26    (50 450) (150 550)
    met3       15.36    (100 450) (200 550)
    met3       12.65    (850 450) (950 550)
    met3       14.17    (900 450) (1000 550)
    met3       12.31    (925.8 450) (1025.8 550)
    met3        6.42    (0 500) (100 600)
    met3       11.68    (50 500) (150 600)
    met3       16.21    (100 500) (200 600)
    met3       14.49    (850 500) (950 600)
    met3       15.57    (900 500) (1000 600)
    met3       13.54    (925.8 500) (1025.8 600)
    met3        7.97    (0 550) (100 650)
    met3       13.76    (50 550) (150 650)
    met3       16.85    (100 550) (200 650)
    met3       18.77    (450 550) (550 650)
    met3       19.64    (500 550) (600 650)
    met3       18.34    (850 550) (950 650)
    met3       17.10    (900 550) (1000 650)
    met3       14.47    (925.8 550) (1025.8 650)
    met3        7.88    (0 600) (100 700)
    met3       14.48    (50 600) (150 700)
    met3       19.02    (100 600) (200 700)
    met3       18.40    (450 600) (550 700)
    met3       19.72    (500 600) (600 700)
    met3       17.95    (900 600) (1000 700)
    met3       14.60    (925.8 600) (1025.8 700)
    met3        6.95    (0 650) (100 750)
    met3       13.47    (50 650) (150 750)
    met3       17.63    (100 650) (200 750)
    met3       19.15    (450 650) (550 750)
    met3       19.95    (500 650) (600 750)
    met3       19.69    (850 650) (950 750)
    met3       16.82    (900 650) (1000 750)
    met3       13.22    (925.8 650) (1025.8 750)
    met3        4.87    (0 700) (100 800)
    met3       10.43    (50 700) (150 800)
    met3       17.52    (100 700) (200 800)
    met3       16.15    (850 700) (950 800)
    met3       14.79    (900 700) (1000 800)
    met3       11.49    (925.8 700) (1025.8 800)
    met3        2.32    (0 750) (100 850)
    met3        5.50    (50 750) (150 850)
    met3       15.95    (100 750) (200 850)
    met3       13.55    (850 750) (950 850)
    met3       14.47    (900 750) (1000 850)
    met3       11.58    (925.8 750) (1025.8 850)
    met3        1.08    (0 800) (100 900)
    met3        1.88    (50 800) (150 900)
    met3       12.78    (100 800) (200 900)
    met3       14.17    (850 800) (950 900)
    met3       15.66    (900 800) (1000 900)
    met3       12.50    (925.8 800) (1025.8 900)
    met3        1.06    (0 850) (100 950)
    met3        1.01    (50 850) (150 950)
    met3       11.42    (100 850) (200 950)
    met3       15.23    (850 850) (950 950)
    met3       15.18    (900 850) (1000 950)
    met3       11.41    (925.8 850) (1025.8 950)
    met3        0.89    (0 900) (100 1000)
    met3        0.63    (50 900) (150 1000)
    met3       10.87    (100 900) (200 1000)
    met3       14.55    (850 900) (950 1000)
    met3       13.49    (900 900) (1000 1000)
    met3        9.67    (925.8 900) (1025.8 1000)
    met3        0.90    (0 950) (100 1050)
    met3        0.58    (50 950) (150 1050)
    met3       10.66    (100 950) (200 1050)
    met3       14.37    (850 950) (950 1050)
    met3       13.60    (900 950) (1000 1050)
    met3        9.68    (925.8 950) (1025.8 1050)
    met3        0.92    (0 1000) (100 1100)
    met3        0.58    (50 1000) (150 1100)
    met3       10.66    (100 1000) (200 1100)
    met3       14.12    (850 1000) (950 1100)
    met3       13.72    (900 1000) (1000 1100)
    met3        9.94    (925.8 1000) (1025.8 1100)
    met3        0.90    (0 1050) (100 1150)
    met3        0.58    (50 1050) (150 1150)
    met3       10.63    (100 1050) (200 1150)
    met3        8.30    (850 1050) (950 1150)
    met3        7.08    (900 1050) (1000 1150)
    met3        5.36    (925.8 1050) (1025.8 1150)
    met3        0.89    (0 1100) (100 1200)
    met3        0.58    (50 1100) (150 1200)
    met3        8.71    (100 1100) (200 1200)
    met3       16.99    (800 1100) (900 1200)
    met3        2.89    (850 1100) (950 1200)
    met3        0.89    (900 1100) (1000 1200)
    met3        1.01    (925.8 1100) (1025.8 1200)
    met3        0.89    (0 1150) (100 1250)
    met3        0.58    (50 1150) (150 1250)
    met3        3.68    (100 1150) (200 1250)
    met3        8.78    (150 1150) (250 1250)
    met3       10.93    (200 1150) (300 1250)
    met3       10.81    (250 1150) (350 1250)
    met3       10.05    (300 1150) (400 1250)
    met3        9.51    (350 1150) (450 1250)
    met3        9.46    (400 1150) (500 1250)
    met3        9.70    (450 1150) (550 1250)
    met3       10.42    (500 1150) (600 1250)
    met3       11.17    (550 1150) (650 1250)
    met3       11.49    (600 1150) (700 1250)
    met3       11.45    (650 1150) (750 1250)
    met3       11.39    (700 1150) (800 1250)
    met3       11.56    (750 1150) (850 1250)
    met3        7.11    (800 1150) (900 1250)
    met3        1.54    (850 1150) (950 1250)
    met3        0.68    (900 1150) (1000 1250)
    met3        0.89    (925.8 1150) (1025.8 1250)
    met3        0.67    (0 1200) (100 1300)
    met3        0.43    (50 1200) (150 1300)
    met3        0.43    (100 1200) (200 1300)
    met3        0.43    (150 1200) (250 1300)
    met3        0.43    (200 1200) (300 1300)
    met3        0.43    (250 1200) (350 1300)
    met3        0.43    (300 1200) (400 1300)
    met3        0.43    (350 1200) (450 1300)
    met3        0.43    (400 1200) (500 1300)
    met3        0.43    (450 1200) (550 1300)
    met3        0.43    (500 1200) (600 1300)
    met3        0.43    (550 1200) (650 1300)
    met3        0.43    (600 1200) (700 1300)
    met3        0.43    (650 1200) (750 1300)
    met3        0.43    (700 1200) (800 1300)
    met3        0.43    (750 1200) (850 1300)
    met3        0.43    (800 1200) (900 1300)
    met3        0.43    (850 1200) (950 1300)
    met3        0.51    (900 1200) (1000 1300)
    met3        0.67    (925.8 1200) (1025.8 1300)
    met3        0.64    (0 1201.8) (100 1301.8)
    met3        0.41    (50 1201.8) (150 1301.8)
    met3        0.41    (100 1201.8) (200 1301.8)
    met3        0.41    (150 1201.8) (250 1301.8)
    met3        0.41    (200 1201.8) (300 1301.8)
    met3        0.41    (250 1201.8) (350 1301.8)
    met3        0.41    (300 1201.8) (400 1301.8)
    met3        0.41    (350 1201.8) (450 1301.8)
    met3        0.41    (400 1201.8) (500 1301.8)
    met3        0.41    (450 1201.8) (550 1301.8)
    met3        0.41    (500 1201.8) (600 1301.8)
    met3        0.41    (550 1201.8) (650 1301.8)
    met3        0.41    (600 1201.8) (700 1301.8)
    met3        0.41    (650 1201.8) (750 1301.8)
    met3        0.41    (700 1201.8) (800 1301.8)
    met3        0.41    (750 1201.8) (850 1301.8)
    met3        0.41    (800 1201.8) (900 1301.8)
    met3        0.41    (850 1201.8) (950 1301.8)
    met3        0.48    (900 1201.8) (1000 1301.8)
    met3        0.64    (925.8 1201.8) (1025.8 1301.8)

    met2        0.65    (0 0) (100 100)
    met2        0.41    (50 0) (150 100)
    met2        0.41    (100 0) (200 100)
    met2        0.41    (150 0) (250 100)
    met2        0.41    (200 0) (300 100)
    met2        0.41    (250 0) (350 100)
    met2        0.41    (300 0) (400 100)
    met2        0.41    (350 0) (450 100)
    met2        0.41    (400 0) (500 100)
    met2        0.41    (450 0) (550 100)
    met2        0.41    (500 0) (600 100)
    met2        0.41    (550 0) (650 100)
    met2        0.41    (600 0) (700 100)
    met2        0.41    (650 0) (750 100)
    met2        0.41    (700 0) (800 100)
    met2        0.41    (750 0) (850 100)
    met2        0.41    (800 0) (900 100)
    met2        0.41    (850 0) (950 100)
    met2        0.50    (900 0) (1000 100)
    met2        0.65    (925.8 0) (1025.8 100)
    met2        0.92    (0 50) (100 150)
    met2        0.59    (50 50) (150 150)
    met2        2.58    (100 50) (200 150)
    met2        5.51    (150 50) (250 150)
    met2        6.60    (200 50) (300 150)
    met2        6.76    (250 50) (350 150)
    met2        6.76    (300 50) (400 150)
    met2        6.75    (350 50) (450 150)
    met2        6.62    (400 50) (500 150)
    met2        6.44    (450 50) (550 150)
    met2        6.38    (500 50) (600 150)
    met2        6.37    (550 50) (650 150)
    met2        6.37    (600 50) (700 150)
    met2        6.37    (650 50) (750 150)
    met2        6.41    (700 50) (800 150)
    met2        6.41    (750 50) (850 150)
    met2        3.92    (800 50) (900 150)
    met2        1.04    (850 50) (950 150)
    met2        0.70    (900 50) (1000 150)
    met2        0.92    (925.8 50) (1025.8 150)
    met2        0.92    (0 100) (100 200)
    met2        0.60    (50 100) (150 200)
    met2        8.16    (100 100) (200 200)
    met2       19.78    (150 100) (250 200)
    met2       14.02    (800 100) (900 200)
    met2        2.76    (850 100) (950 200)
    met2        1.10    (900 100) (1000 200)
    met2        1.16    (925.8 100) (1025.8 200)
    met2        0.92    (0 150) (100 250)
    met2        0.59    (50 150) (150 250)
    met2       11.76    (100 150) (200 250)
    met2        7.02    (850 150) (950 250)
    met2        4.50    (900 150) (1000 250)
    met2        3.45    (925.8 150) (1025.8 250)
    met2        0.90    (0 200) (100 300)
    met2        0.60    (50 200) (150 300)
    met2       11.90    (100 200) (200 300)
    met2        9.74    (850 200) (950 300)
    met2        7.71    (900 200) (1000 300)
    met2        5.79    (925.8 200) (1025.8 300)
    met2        0.89    (0 250) (100 350)
    met2        0.67    (50 250) (150 350)
    met2       12.06    (100 250) (200 350)
    met2       10.51    (850 250) (950 350)
    met2        9.02    (900 250) (1000 350)
    met2        6.99    (925.8 250) (1025.8 350)
    met2        0.89    (0 300) (100 400)
    met2        0.72    (50 300) (150 400)
    met2       12.09    (100 300) (200 400)
    met2       12.62    (850 300) (950 400)
    met2       10.91    (900 300) (1000 400)
    met2        8.73    (925.8 300) (1025.8 400)
    met2        0.89    (0 350) (100 450)
    met2        0.72    (50 350) (150 450)
    met2       12.06    (100 350) (200 450)
    met2       13.40    (850 350) (950 450)
    met2       11.75    (900 350) (1000 450)
    met2        9.87    (925.8 350) (1025.8 450)
    met2        0.89    (0 400) (100 500)
    met2        0.73    (50 400) (150 500)
    met2       12.07    (100 400) (200 500)
    met2       12.94    (850 400) (950 500)
    met2       11.86    (900 400) (1000 500)
    met2       10.49    (925.8 400) (1025.8 500)
    met2        2.35    (0 450) (100 550)
    met2        4.39    (50 450) (150 550)
    met2       14.54    (100 450) (200 550)
    met2       13.07    (850 450) (950 550)
    met2       11.50    (900 450) (1000 550)
    met2       10.72    (925.8 450) (1025.8 550)
    met2        5.99    (0 500) (100 600)
    met2       10.22    (50 500) (150 600)
    met2       13.62    (100 500) (200 600)
    met2       19.36    (150 500) (250 600)
    met2       17.51    (800 500) (900 600)
    met2       12.25    (850 500) (950 600)
    met2       11.20    (900 500) (1000 600)
    met2       10.56    (925.8 500) (1025.8 600)
    met2        8.52    (0 550) (100 650)
    met2       12.47    (50 550) (150 650)
    met2        9.95    (100 550) (200 650)
    met2        9.08    (150 550) (250 650)
    met2        8.43    (200 550) (300 650)
    met2        7.73    (250 550) (350 650)
    met2        7.85    (300 550) (400 650)
    met2        7.31    (350 550) (450 650)
    met2        6.07    (400 550) (500 650)
    met2        5.77    (450 550) (550 650)
    met2        6.61    (500 550) (600 650)
    met2        6.86    (550 550) (650 650)
    met2        6.86    (600 550) (700 650)
    met2        7.59    (650 550) (750 650)
    met2        7.84    (700 550) (800 650)
    met2        8.26    (750 550) (850 650)
    met2       10.16    (800 550) (900 650)
    met2       11.71    (850 550) (950 650)
    met2       11.71    (900 550) (1000 650)
    met2       10.46    (925.8 550) (1025.8 650)
    met2        8.81    (0 600) (100 700)
    met2       12.33    (50 600) (150 700)
    met2        9.07    (100 600) (200 700)
    met2        8.76    (150 600) (250 700)
    met2        9.27    (200 600) (300 700)
    met2        8.86    (250 600) (350 700)
    met2        8.82    (300 600) (400 700)
    met2        8.06    (350 600) (450 700)
    met2        6.72    (400 600) (500 700)
    met2        6.50    (450 600) (550 700)
    met2        7.24    (500 600) (600 700)
    met2        7.90    (550 600) (650 700)
    met2        8.25    (600 600) (700 700)
    met2        8.63    (650 600) (750 700)
    met2        8.84    (700 600) (800 700)
    met2        9.38    (750 600) (850 700)
    met2       10.62    (800 600) (900 700)
    met2       11.82    (850 600) (950 700)
    met2       11.73    (900 600) (1000 700)
    met2       10.43    (925.8 600) (1025.8 700)
    met2        7.92    (0 650) (100 750)
    met2       11.76    (50 650) (150 750)
    met2        8.95    (100 650) (200 750)
    met2        8.06    (150 650) (250 750)
    met2        8.47    (200 650) (300 750)
    met2        8.61    (250 650) (350 750)
    met2        8.24    (300 650) (400 750)
    met2        7.61    (350 650) (450 750)
    met2        7.40    (400 650) (500 750)
    met2        7.57    (450 650) (550 750)
    met2        7.52    (500 650) (600 750)
    met2        7.67    (550 650) (650 750)
    met2        8.05    (600 650) (700 750)
    met2        8.58    (650 650) (750 750)
    met2        8.49    (700 650) (800 750)
    met2        8.58    (750 650) (850 750)
    met2       10.49    (800 650) (900 750)
    met2       11.40    (850 650) (950 750)
    met2       11.14    (900 650) (1000 750)
    met2       10.35    (925.8 650) (1025.8 750)
    met2        5.32    (0 700) (100 800)
    met2        9.01    (50 700) (150 800)
    met2       12.84    (100 700) (200 800)
    met2       18.94    (150 700) (250 800)
    met2       18.47    (800 700) (900 800)
    met2       13.12    (850 700) (950 800)
    met2       11.13    (900 700) (1000 800)
    met2       10.15    (925.8 700) (1025.8 800)
    met2        2.22    (0 750) (100 850)
    met2        4.48    (50 750) (150 850)
    met2       15.10    (100 750) (200 850)
    met2       14.79    (850 750) (950 850)
    met2       12.04    (900 750) (1000 850)
    met2       10.14    (925.8 750) (1025.8 850)
    met2        0.91    (0 800) (100 900)
    met2        1.65    (50 800) (150 900)
    met2       12.97    (100 800) (200 900)
    met2       14.42    (850 800) (950 900)
    met2       12.49    (900 800) (1000 900)
    met2        9.56    (925.8 800) (1025.8 900)
    met2        0.89    (0 850) (100 950)
    met2        0.91    (50 850) (150 950)
    met2       11.99    (100 850) (200 950)
    met2       13.40    (850 850) (950 950)
    met2       11.20    (900 850) (1000 950)
    met2        8.43    (925.8 850) (1025.8 950)
    met2        0.89    (0 900) (100 1000)
    met2        0.86    (50 900) (150 1000)
    met2       12.00    (100 900) (200 1000)
    met2       12.77    (850 900) (950 1000)
    met2       10.43    (900 900) (1000 1000)
    met2        8.32    (925.8 900) (1025.8 1000)
    met2        0.90    (0 950) (100 1050)
    met2        0.86    (50 950) (150 1050)
    met2       12.09    (100 950) (200 1050)
    met2       11.33    (850 950) (950 1050)
    met2        9.28    (900 950) (1000 1050)
    met2        7.55    (925.8 950) (1025.8 1050)
    met2        0.92    (0 1000) (100 1100)
    met2        0.86    (50 1000) (150 1100)
    met2       12.15    (100 1000) (200 1100)
    met2        9.62    (850 1000) (950 1100)
    met2        7.50    (900 1000) (1000 1100)
    met2        5.99    (925.8 1000) (1025.8 1100)
    met2        0.90    (0 1050) (100 1150)
    met2        0.86    (50 1050) (150 1150)
    met2       12.15    (100 1050) (200 1150)
    met2        6.68    (850 1050) (950 1150)
    met2        4.01    (900 1050) (1000 1150)
    met2        3.30    (925.8 1050) (1025.8 1150)
    met2        0.89    (0 1100) (100 1200)
    met2        0.79    (50 1100) (150 1200)
    met2        8.43    (100 1100) (200 1200)
    met2       19.85    (150 1100) (250 1200)
    met2       14.64    (800 1100) (900 1200)
    met2        3.08    (850 1100) (950 1200)
    met2        0.83    (900 1100) (1000 1200)
    met2        1.04    (925.8 1100) (1025.8 1200)
    met2        0.89    (0 1150) (100 1250)
    met2        0.65    (50 1150) (150 1250)
    met2        2.65    (100 1150) (200 1250)
    met2        5.51    (150 1150) (250 1250)
    met2        6.44    (200 1150) (300 1250)
    met2        6.47    (250 1150) (350 1250)
    met2        6.51    (300 1150) (400 1250)
    met2        6.51    (350 1150) (450 1250)
    met2        6.51    (400 1150) (500 1250)
    met2        6.51    (450 1150) (550 1250)
    met2        6.58    (500 1150) (600 1250)
    met2        6.60    (550 1150) (650 1250)
    met2        6.60    (600 1150) (700 1250)
    met2        6.56    (650 1150) (750 1250)
    met2        6.48    (700 1150) (800 1250)
    met2        6.53    (750 1150) (850 1250)
    met2        4.34    (800 1150) (900 1250)
    met2        1.38    (850 1150) (950 1250)
    met2        0.71    (900 1150) (1000 1250)
    met2        0.94    (925.8 1150) (1025.8 1250)
    met2        0.67    (0 1200) (100 1300)
    met2        0.43    (50 1200) (150 1300)
    met2        0.43    (100 1200) (200 1300)
    met2        0.43    (150 1200) (250 1300)
    met2        0.43    (200 1200) (300 1300)
    met2        0.43    (250 1200) (350 1300)
    met2        0.43    (300 1200) (400 1300)
    met2        0.43    (350 1200) (450 1300)
    met2        0.43    (400 1200) (500 1300)
    met2        0.43    (450 1200) (550 1300)
    met2        0.43    (500 1200) (600 1300)
    met2        0.43    (550 1200) (650 1300)
    met2        0.43    (600 1200) (700 1300)
    met2        0.43    (650 1200) (750 1300)
    met2        0.43    (700 1200) (800 1300)
    met2        0.43    (750 1200) (850 1300)
    met2        0.43    (800 1200) (900 1300)
    met2        0.43    (850 1200) (950 1300)
    met2        0.51    (900 1200) (1000 1300)
    met2        0.67    (925.8 1200) (1025.8 1300)
    met2        0.64    (0 1201.8) (100 1301.8)
    met2        0.41    (50 1201.8) (150 1301.8)
    met2        0.41    (100 1201.8) (200 1301.8)
    met2        0.41    (150 1201.8) (250 1301.8)
    met2        0.41    (200 1201.8) (300 1301.8)
    met2        0.41    (250 1201.8) (350 1301.8)
    met2        0.41    (300 1201.8) (400 1301.8)
    met2        0.41    (350 1201.8) (450 1301.8)
    met2        0.41    (400 1201.8) (500 1301.8)
    met2        0.41    (450 1201.8) (550 1301.8)
    met2        0.41    (500 1201.8) (600 1301.8)
    met2        0.41    (550 1201.8) (650 1301.8)
    met2        0.41    (600 1201.8) (700 1301.8)
    met2        0.41    (650 1201.8) (750 1301.8)
    met2        0.41    (700 1201.8) (800 1301.8)
    met2        0.41    (750 1201.8) (850 1301.8)
    met2        0.41    (800 1201.8) (900 1301.8)
    met2        0.41    (850 1201.8) (950 1301.8)
    met2        0.48    (900 1201.8) (1000 1301.8)
    met2        0.64    (925.8 1201.8) (1025.8 1301.8)

    met1        5.54    (0 0) (100 100)
    met1        6.80    (50 0) (150 100)
    met1        6.80    (100 0) (200 100)
    met1        6.80    (150 0) (250 100)
    met1        6.80    (200 0) (300 100)
    met1        6.80    (250 0) (350 100)
    met1        6.80    (300 0) (400 100)
    met1        6.80    (350 0) (450 100)
    met1        6.80    (400 0) (500 100)
    met1        6.80    (450 0) (550 100)
    met1        6.80    (500 0) (600 100)
    met1        6.80    (550 0) (650 100)
    met1        6.80    (600 0) (700 100)
    met1        6.80    (650 0) (750 100)
    met1        6.80    (700 0) (800 100)
    met1        6.80    (750 0) (850 100)
    met1        6.80    (800 0) (900 100)
    met1        6.80    (850 0) (950 100)
    met1        6.80    (900 0) (1000 100)
    met1        5.54    (925.8 0) (1025.8 100)
    met1        8.05    (0 50) (100 150)
    met1        9.84    (50 50) (150 150)
    met1       11.55    (100 50) (200 150)
    met1       14.67    (150 50) (250 150)
    met1       16.77    (200 50) (300 150)
    met1       17.55    (250 50) (350 150)
    met1       17.72    (300 50) (400 150)
    met1       17.71    (350 50) (450 150)
    met1       17.05    (400 50) (500 150)
    met1       16.11    (450 50) (550 150)
    met1       15.78    (500 50) (600 150)
    met1       15.78    (550 50) (650 150)
    met1       15.78    (600 50) (700 150)
    met1       15.78    (650 50) (750 150)
    met1       15.92    (700 50) (800 150)
    met1       15.86    (750 50) (850 150)
    met1       13.02    (800 50) (900 150)
    met1       10.11    (850 50) (950 150)
    met1        9.84    (900 50) (1000 150)
    met1        8.05    (925.8 50) (1025.8 150)
    met1        8.19    (0 100) (100 200)
    met1       10.00    (50 100) (150 200)
    met1       16.28    (100 100) (200 200)
    met1       12.44    (850 100) (950 200)
    met1       10.91    (900 100) (1000 200)
    met1        8.73    (925.8 100) (1025.8 200)
    met1        7.98    (0 150) (100 250)
    met1        9.76    (50 150) (150 250)
    met1       18.96    (100 150) (200 250)
    met1       19.86    (850 150) (950 250)
    met1       17.06    (900 150) (1000 250)
    met1       12.91    (925.8 150) (1025.8 250)
    met1        7.84    (0 200) (100 300)
    met1        9.60    (50 200) (150 300)
    met1       19.37    (100 200) (200 300)
    met1       16.89    (925.8 200) (1025.8 300)
    met1        7.84    (0 250) (100 350)
    met1        9.60    (50 250) (150 350)
    met1       19.86    (100 250) (200 350)
    met1       17.36    (925.8 250) (1025.8 350)
    met1        7.84    (0 300) (100 400)
    met1        9.60    (50 300) (150 400)
    met1       19.55    (100 300) (200 400)
    met1       18.17    (925.8 300) (1025.8 400)
    met1        7.84    (0 350) (100 450)
    met1        9.60    (50 350) (150 450)
    met1       19.00    (100 350) (200 450)
    met1       18.66    (925.8 350) (1025.8 450)
    met1        7.84    (0 400) (100 500)
    met1        9.60    (50 400) (150 500)
    met1       18.93    (100 400) (200 500)
    met1       18.37    (925.8 400) (1025.8 500)
    met1        9.81    (0 450) (100 550)
    met1       13.92    (50 450) (150 550)
    met1       17.28    (925.8 450) (1025.8 550)
    met1       12.89    (0 500) (100 600)
    met1       19.17    (50 500) (150 600)
    met1       16.32    (925.8 500) (1025.8 600)
    met1       14.01    (0 550) (100 650)
    met1       16.51    (925.8 550) (1025.8 650)
    met1       14.04    (0 600) (100 700)
    met1       19.58    (100 600) (200 700)
    met1       19.11    (450 600) (550 700)
    met1       16.70    (925.8 600) (1025.8 700)
    met1       13.63    (0 650) (100 750)
    met1       18.70    (100 650) (200 750)
    met1       19.92    (150 650) (250 750)
    met1       16.05    (925.8 650) (1025.8 750)
    met1       12.25    (0 700) (100 800)
    met1       18.33    (50 700) (150 800)
    met1       15.75    (925.8 700) (1025.8 800)
    met1        9.69    (0 750) (100 850)
    met1       15.17    (50 750) (150 850)
    met1       16.84    (925.8 750) (1025.8 850)
    met1        7.95    (0 800) (100 900)
    met1       11.46    (50 800) (150 900)
    met1       17.22    (925.8 800) (1025.8 900)
    met1        7.84    (0 850) (100 950)
    met1        9.76    (50 850) (150 950)
    met1       19.45    (100 850) (200 950)
    met1       17.10    (925.8 850) (1025.8 950)
    met1        7.84    (0 900) (100 1000)
    met1        9.60    (50 900) (150 1000)
    met1       18.94    (100 900) (200 1000)
    met1       17.80    (925.8 900) (1025.8 1000)
    met1        7.84    (0 950) (100 1050)
    met1        9.60    (50 950) (150 1050)
    met1       18.76    (100 950) (200 1050)
    met1       17.05    (925.8 950) (1025.8 1050)
    met1        7.84    (0 1000) (100 1100)
    met1        9.60    (50 1000) (150 1100)
    met1       18.74    (100 1000) (200 1100)
    met1       16.06    (925.8 1000) (1025.8 1100)
    met1        7.84    (0 1050) (100 1150)
    met1        9.60    (50 1050) (150 1150)
    met1       18.76    (100 1050) (200 1150)
    met1       18.05    (850 1050) (950 1150)
    met1       15.85    (900 1050) (1000 1150)
    met1       12.05    (925.8 1050) (1025.8 1150)
    met1        7.84    (0 1100) (100 1200)
    met1        9.63    (50 1100) (150 1200)
    met1       16.26    (100 1100) (200 1200)
    met1       11.44    (850 1100) (950 1200)
    met1        9.80    (900 1100) (1000 1200)
    met1        7.99    (925.8 1100) (1025.8 1200)
    met1        7.84    (0 1150) (100 1250)
    met1        9.63    (50 1150) (150 1250)
    met1       11.67    (100 1150) (200 1250)
    met1       14.85    (150 1150) (250 1250)
    met1       15.99    (200 1150) (300 1250)
    met1       16.01    (250 1150) (350 1250)
    met1       16.06    (300 1150) (400 1250)
    met1       15.89    (350 1150) (450 1250)
    met1       15.87    (400 1150) (500 1250)
    met1       16.04    (450 1150) (550 1250)
    met1       16.10    (500 1150) (600 1250)
    met1       16.19    (550 1150) (650 1250)
    met1       16.49    (600 1150) (700 1250)
    met1       16.92    (650 1150) (750 1250)
    met1       17.29    (700 1150) (800 1250)
    met1       17.28    (750 1150) (850 1250)
    met1       13.95    (800 1150) (900 1250)
    met1       10.31    (850 1150) (950 1250)
    met1        9.76    (900 1150) (1000 1250)
    met1        7.97    (925.8 1150) (1025.8 1250)
    met1        5.88    (0 1200) (100 1300)
    met1        7.20    (50 1200) (150 1300)
    met1        7.20    (100 1200) (200 1300)
    met1        7.20    (150 1200) (250 1300)
    met1        7.20    (200 1200) (300 1300)
    met1        7.20    (250 1200) (350 1300)
    met1        7.20    (300 1200) (400 1300)
    met1        7.20    (350 1200) (450 1300)
    met1        7.20    (400 1200) (500 1300)
    met1        7.20    (450 1200) (550 1300)
    met1        7.20    (500 1200) (600 1300)
    met1        7.20    (550 1200) (650 1300)
    met1        7.20    (600 1200) (700 1300)
    met1        7.20    (650 1200) (750 1300)
    met1        7.20    (700 1200) (800 1300)
    met1        7.20    (750 1200) (850 1300)
    met1        7.20    (800 1200) (900 1300)
    met1        7.20    (850 1200) (950 1300)
    met1        7.20    (900 1200) (1000 1300)
    met1        5.88    (925.8 1200) (1025.8 1300)
    met1        5.54    (0 1201.8) (100 1301.8)
    met1        6.80    (50 1201.8) (150 1301.8)
    met1        6.80    (100 1201.8) (200 1301.8)
    met1        6.80    (150 1201.8) (250 1301.8)
    met1        6.80    (200 1201.8) (300 1301.8)
    met1        6.80    (250 1201.8) (350 1301.8)
    met1        6.80    (300 1201.8) (400 1301.8)
    met1        6.80    (350 1201.8) (450 1301.8)
    met1        6.80    (400 1201.8) (500 1301.8)
    met1        6.80    (450 1201.8) (550 1301.8)
    met1        6.80    (500 1201.8) (600 1301.8)
    met1        6.80    (550 1201.8) (650 1301.8)
    met1        6.80    (600 1201.8) (700 1301.8)
    met1        6.80    (650 1201.8) (750 1301.8)
    met1        6.80    (700 1201.8) (800 1301.8)
    met1        6.80    (750 1201.8) (850 1301.8)
    met1        6.80    (800 1201.8) (900 1301.8)
    met1        6.80    (850 1201.8) (950 1301.8)
    met1        6.80    (900 1201.8) (1000 1301.8)
    met1        5.54    (925.8 1201.8) (1025.8 1301.8)


A total of 1276 density violation(s).
Windows < Min. Density = 1276
Windows > Max. Density = 0
Windows < Min. Union. Density = 0
Windows > Max. Union. Density = 0
