###############################################################
#  Generated by:      Cadence Innovus 25.11-s102_1
#  OS:                Linux x86_64(Host ID ece-linlabsrv01)
#  Generated on:      Mon Mar 23 22:47:25 2026
#  Design:            Core
#  Command:           report_timing -max_paths 1   -nworst 1 -path_type full_clock -net > [file join [get_db flow_report_directory] [get_db flow_report_name] setup.worst.rpt]
###############################################################
Path 1: MET (0.382 ns) Setup Check with Pin InstructionFetch_Module_InstructionMemory_instr_sram/clk1->addr1[4]
               View: tt_v1.8_25C_Nominal_25_func
              Group: core_clock
         Startpoint: (R) InstructionDecode_Module_EX_instruction_opcode_reg[0]657/CK
              Clock: (R) core_clock
           Endpoint: (R) InstructionFetch_Module_InstructionMemory_instr_sram/addr1[4]
              Clock: (R) core_clock

                       Capture       Launch
         Clock Edge:+   10.000        0.000
        Src Latency:+   -0.563       -0.563
        Net Latency:+    0.600 (P)    0.621 (P)
            Arrival:=   10.037        0.058

              Setup:-    0.103
        Uncertainty:-    0.250
        Cppr Adjust:+    0.000
      Required Time:=    9.684
       Launch Clock:=    0.058
          Data Path:+    9.244
              Slack:=    0.382
     Timing Path:

#--------------------------------------------------------------------------------------------------------------------------------------------------------
# Timing Point                                                   Flags  Arc       Edge  Cell                               Fanout  Trans   Delay  Arrival  
#                                                                                                                                   (ns)    (ns)     (ns)  
#--------------------------------------------------------------------------------------------------------------------------------------------------------
  clock                                                          -      clock     R     (arrival)                               2  0.003   0.008   -0.556  
  clock                                                          -      -         R     (net)                                   2      -       -        -  
  CTS_ccl_buf_00041/Y                                            -      A->Y      R     CLKBUFX8                                1  0.011   0.153   -0.403  
  CTS_41                                                         -      -         R     (net)                                   1      -       -        -  
  CTS_ccl_a_buf_00039/Y                                          -      A->Y      R     CLKBUFX8                                6  0.114   0.250   -0.152  
  CTS_40                                                         -      -         R     (net)                                   6      -       -        -  
  CTS_ccl_a_buf_00007/Y                                          -      A->Y      R     CLKBUFX8                               27  0.209   0.210    0.058  
  CTS_35                                                         -      -         R     (net)                                  27      -       -        -  
  InstructionDecode_Module_EX_instruction_opcode_reg[0]657/QN    -      CK->QN    R     DFFX1                                   1  0.113   0.343    0.401  
  n_6388                                                         -      -         R     (net)                                   1      -       -        -  
  prects_FE_OFC214_n_6388/Y                                      -      A->Y      R     CLKBUFX8                               22  0.050   0.339    0.740  
  FE_OFN154_n_6388                                               -      -         R     (net)                                  22      -       -        -  
  InstructionDecode_Module_g233/Y                                -      OE->Y     F     TBUFX1                                  1  0.409   0.182    0.922  
  n_3926                                                         -      -         F     (net)                                   1      -       -        -  
  cts_FE_RC_29_0/Y                                               -      A->Y      R     NOR3X1                                  1  0.037   0.131    1.053  
  FE_RN_0_1                                                      -      -         R     (net)                                   1      -       -        -  
  cts_FE_RC_28_0/Y                                               -      A->Y      R     AND3X2                                  2  0.118   0.331    1.383  
  n_3987                                                         -      -         R     (net)                                   2      -       -        -  
  g26020/Y                                                       -      B->Y      R     CLKAND2X2                               2  0.224   0.222    1.605  
  n_3890                                                         -      -         R     (net)                                   2      -       -        -  
  g26011/Y                                                       -      B->Y      R     AND2X1                                  1  0.138   0.167    1.772  
  n_4017                                                         -      -         R     (net)                                   1      -       -        -  
  cts_FE_OFC317_n_4017/Y                                         -      A->Y      F     CLKINVX4                                2  0.084   0.250    2.022  
  FE_RN_6_0                                                      -      -         F     (net)                                   2      -       -        -  
  cts_FE_RC_30_0/Y                                               -      B->Y      F     OR3X1                                   5  0.276   0.477    2.499  
  n_4182                                                         -      -         F     (net)                                   5      -       -        -  
  g25782/Y                                                       -      A->Y      R     NAND2X1                                 1  0.198   0.111    2.610  
  n_4188                                                         -      -         R     (net)                                   1      -       -        -  
  cts_FE_OFC275_n_4188/Y                                         -      A->Y      R     CLKBUFX4                                4  0.086   0.191    2.801  
  FE_OFN385_n_4188                                               -      -         R     (net)                                   4      -       -        -  
  cts_FE_OFC276_n_4188/Y                                         -      A->Y      F     CLKINVX4                               29  0.137   0.171    2.972  
  FE_OFN386_n_4188                                               -      -         F     (net)                                  29      -       -        -  
  g25726/Y                                                       -      C1->Y     R     AOI222X1                                1  0.160   0.445    3.417  
  n_4222                                                         -      -         R     (net)                                   1      -       -        -  
  cts_FE_OFC7_n_4222/Y                                           -      A->Y      R     BUFX4                                   3  0.393   0.509    3.926  
  FE_OFN7_n_4222                                                 -      -         R     (net)                                   3      -       -        -  
  prects_FE_OFC1008_n_4222/Y                                     -      A->Y      F     INVX1                                   4  0.499   0.267    4.193  
  n_4440                                                         -      -         F     (net)                                   4      -       -        -  
  g43270/Y                                                       -      C->Y      F     OR4X1                                   1  0.201   0.528    4.721  
  n_3416                                                         -      -         F     (net)                                   1      -       -        -  
  cts_FE_OFC197_n_3416/Y                                         -      A->Y      F     BUFX2                                   1  0.177   0.282    5.003  
  FE_OFN8042_n_3416                                              -      -         F     (net)                                   1      -       -        -  
  g43019/Y                                                       -      A->Y      F     OR4X1                                   1  0.124   0.345    5.348  
  n_3551                                                         -      -         F     (net)                                   1      -       -        -  
  g42915/Y                                                       -      D->Y      F     OR4X1                                   1  0.059   0.255    5.603  
  n_3629                                                         -      -         F     (net)                                   1      -       -        -  
  g42909/Y                                                       -      B->Y      R     NOR2X1                                  1  0.063   0.073    5.675  
  n_3635                                                         -      -         R     (net)                                   1      -       -        -  
  g42904/Y                                                       -      B->Y      R     AND3X2                                  1  0.087   0.406    6.082  
  n_3639                                                         -      -         R     (net)                                   1      -       -        -  
  cts_FE_OFC158_n_3639/Y                                         -      A->Y      R     BUFX2                                   3  0.287   0.191    6.272  
  FE_OFN7995_n_3639                                              -      -         R     (net)                                   3      -       -        -  
  g42900/Y                                                       -      B->Y      R     AND2X2                                  9  0.074   0.287    6.559  
  n_4361                                                         -      -         R     (net)                                   9      -       -        -  
  g42897/Y                                                       -      B->Y      F     NAND2X2                                10  0.223   0.290    6.849  
  n_4241                                                         -      -         F     (net)                                  10      -       -        -  
  g42882/Y                                                       -      C->Y      F     OR3X2                                   4  0.262   0.531    7.380  
  n_4319                                                         -      -         F     (net)                                   4      -       -        -  
  cts_FE_RC_35_0/Y                                               -      A1->Y     R     OAI21X2                                 1  0.184   0.279    7.659  
  FE_OFN479_InstructionExecute_Module_alu_result_6               -      -         R     (net)                                   1      -       -        -  
  cts_FE_OFC474_InstructionExecute_Module_alu_result_6/Y         -      A->Y      F     CLKINVX1                                1  0.226   0.145    7.804  
  FE_OFN8058_n                                                   -      -         F     (net)                                   1      -       -        -  
  cts_FE_OFC475_InstructionExecute_Module_alu_result_6/Y         -      A->Y      R     CLKINVX1                                2  0.106   0.456    8.260  
  FE_OFN8059_n                                                   -      -         R     (net)                                   2      -       -        -  
  g42844/Y                                                       -      A1->Y     F     AOI222X1                                1  0.354   0.201    8.460  
  n_3678                                                         -      -         F     (net)                                   1      -       -        -  
  cts_FE_OFC134_n_3678/Y                                         -      A->Y      R     INVX2                                   2  0.156   0.577    9.037  
  FE_OFN8162_n                                                   -      -         R     (net)                                   2      -       -        -  
  cts_FE_OFC98_n/Y                                               -      A->Y      R     BUFX2                                   1  0.416   0.182    9.220  
  FE_OFN7933_n                                                   -      -         R     (net)                                   1      -       -        -  
  cts_FE_OFC405_n/Y                                              -      A->Y      R     CLKBUFX8                                1  0.044   0.082    9.302  
  FE_OFN7989_n                                                   -      -         R     (net)                                   1      -       -        -  
  InstructionFetch_Module_InstructionMemory_instr_sram/addr1[4]  -      addr1[4]  R     sky130_sram_2kbyte_1rw1r_32x512_8       1  0.033   0.000    9.302  
#--------------------------------------------------------------------------------------------------------------------------------------------------------
     Other End Path:

#-------------------------------------------------------------------------------------------------------------------------------------------------
# Timing Point                                               Flags  Arc    Edge  Cell                               Fanout  Trans   Delay  Arrival  
#                                                                                                                            (ns)    (ns)     (ns)  
#-------------------------------------------------------------------------------------------------------------------------------------------------
  clock                                                      -      clock  R     (arrival)                               2  0.003   0.008    9.444  
  clock                                                      -      -      R     (net)                                   2      -       -        -  
  CTS_ccl_a_buf_00040/Y                                      -      A->Y   R     CLKBUFX8                               32  0.011   0.336    9.780  
  CTS_33                                                     -      -      R     (net)                                  32      -       -        -  
  CTS_ccl_a_buf_00017/Y                                      -      A->Y   R     CLKBUFX8                               24  0.397   0.256   10.037  
  CTS_13                                                     -      -      R     (net)                                  24      -       -        -  
  InstructionFetch_Module_InstructionMemory_instr_sram/clk1  -      clk1   R     sky130_sram_2kbyte_1rw1r_32x512_8      24  0.202   0.000   10.037  
#-------------------------------------------------------------------------------------------------------------------------------------------------

