###############################################################
#  Generated by:      Cadence Innovus 25.11-s102_1
#  OS:                Linux x86_64(Host ID ece-rschsrv.ece.gatech.edu)
#  Generated on:      Mon Mar 16 12:53:08 2026
#  Design:            Core
#  Command:           report_timing_summary -checks {hold drv} -expand_views -expand_clocks launch_capture  > [file join [get_db flow_report_directory] [get_db flow_report_name] [get_db flow_report_prefix]hold.group_summary.rpt]
###############################################################
# HOLD                                    WNS     TNS   FEP   
#------------------------------------------------------------
 View : ALL                            -0.157  -0.977    18  
    Group : in2out                        N/A     N/A     0  
    Group : reg2out                       N/A     N/A     0  
    Group : in2reg                     -0.157  -0.957    14  
    Group : reg2reg                    -0.010  -0.021     4  
                                                             
 View : tt_v1.8_25C_Nominal_25_func    -0.157  -0.977    18  
    Group : in2reg                     -0.157  -0.957    14  
       Clock : @->core_clock           -0.157  -0.957    14  
    Group : reg2reg                    -0.010  -0.021     4  
       Clock : core_clock->core_clock  -0.010  -0.021     4  
    Group : in2out                        N/A     N/A     0  
    Group : reg2out                       N/A     N/A     0  
                                                             
#------------------------------------------------------------
 
# DRV                                   WNS     TNS   FEP   
#----------------------------------------------------------
 View : ALL                                                
    Check : max_transition              N/A     N/A     0  
    Check : min_transition              N/A     N/A     0  
    Check : max_capacitance             N/A     N/A     0  
    Check : min_capacitance          -0.002  -1.561  1515  
    Check : max_fanout                  N/A     N/A     0  
    Check : min_fanout                  N/A     N/A     0  
                                                           
 View : tt_v1.8_25C_Nominal_25_func                        
    Check : max_transition              N/A     N/A     0  
    Check : min_transition              N/A     N/A     0  
    Check : max_capacitance             N/A     N/A     0  
    Check : min_capacitance          -0.002  -1.561  1515  
    Check : max_fanout                  N/A     N/A     0  
    Check : min_fanout                  N/A     N/A     0  
                                                           
 View : tt_v1.8_25C_Nominal_25_func                        
    Check : max_transition              N/A     N/A     0  
    Check : min_transition              N/A     N/A     0  
    Check : max_capacitance             N/A     N/A     0  
    Check : min_capacitance          -0.002  -1.561  1515  
    Check : max_fanout                  N/A     N/A     0  
    Check : min_fanout                  N/A     N/A     0  
                                                           
#----------------------------------------------------------
 
