###############################################################
#  Generated by:      Cadence Innovus 25.11-s102_1
#  OS:                Linux x86_64(Host ID ece-rschsrv.ece.gatech.edu)
#  Generated on:      Mon Mar 16 12:53:15 2026
#  Design:            Core
#  Command:           report_timing -early -max_paths 1   -nworst 1 -path_type full_clock -net > [file join [get_db flow_report_directory] [get_db flow_report_name] hold.worst.rpt]
###############################################################
Path 1: VIOLATED (-0.157 ns) Hold Check with Pin InstructionFetch_Module_instr_data_op_reg[0]/CK->D
               View: tt_v1.8_25C_Nominal_25_func
              Group: core_clock
         Startpoint: (R) reset
              Clock:
           Endpoint: (F) InstructionFetch_Module_instr_data_op_reg[0]/D
              Clock: (R) core_clock

                       Capture       Launch
         Clock Edge:+    0.000        0.000
        Src Latency:+   -0.415        0.000
        Net Latency:+    0.485 (P)    0.000 (I)
            Arrival:=    0.070        0.000

               Hold:+    0.030
        Uncertainty:+    0.250
        Cppr Adjust:-    0.000
      Required Time:=    0.350
       Launch Clock:=    0.000
          Data Path:+    0.194
              Slack:=   -0.157
     Timing Path:

#--------------------------------------------------------------------------------------------------------------
# Timing Point                                    Flags  Arc    Edge  Cell       Fanout  Trans   Delay  Arrival  
#                                                                                         (ns)    (ns)     (ns)  
#--------------------------------------------------------------------------------------------------------------
  reset                                           -      reset  R     (arrival)      96  0.003   0.002    0.002  
  reset                                           -      -      R     (net)          96      -       -        -  
  g35404/Y                                        -      A->Y   F     NOR2X1          1  0.017   0.030    0.032  
  n_417                                           -      -      F     (net)           1      -       -        -  
  postcts_FE_PHC64_n_417/Y                        -      A->Y   F     DLY1X1          1  0.022   0.161    0.194  
  FE_PHN64_n_417                                  -      -      F     (net)           1      -       -        -  
  InstructionFetch_Module_instr_data_op_reg[0]/D  -      D      F     DFFX1           1  0.018   0.000    0.194  
#--------------------------------------------------------------------------------------------------------------
     Other End Path:

#---------------------------------------------------------------------------------------------------------------
# Timing Point                                     Flags  Arc    Edge  Cell       Fanout  Trans   Delay  Arrival  
#                                                                                          (ns)    (ns)     (ns)  
#---------------------------------------------------------------------------------------------------------------
  clock                                            -      clock  R     (arrival)       4  0.003   0.000   -0.415  
  clock                                            -      -      R     (net)           4      -       -        -  
  CTS_idc_buf_00049/Y                              -      A->Y   R     CLKBUFX8        9  0.003   0.246   -0.169  
  CTS_43                                           -      -      R     (net)           9      -       -        -  
  CTS_ccl_a_buf_00011/Y                            -      A->Y   R     CLKBUFX8       28  0.269   0.240    0.070  
  CTS_33                                           -      -      R     (net)          28      -       -        -  
  InstructionFetch_Module_instr_data_op_reg[0]/CK  -      CK     R     DFFX1          28  0.135   0.000    0.070  
#---------------------------------------------------------------------------------------------------------------

