###############################################################
#  Generated by:      Cadence Innovus 25.11-s102_1
#  OS:                Linux x86_64(Host ID ece-linlabsrv01)
#  Generated on:      Wed Mar 18 00:18:06 2026
#  Design:            Core
#  Command:           check_connectivity -out_file reports/route/route.open.rpt
###############################################################
Verify Connectivity Report is created on Wed Mar 18 00:18:06 2026



Net VDD: dangling Wire at (686.400, 48.200) (686.400, 48.200) on layer: met4
Net VDD: dangling Wire at (636.400, 48.200) (636.400, 48.200) on layer: met4
Net VDD: dangling Wire at (586.400, 48.200) (586.400, 48.200) on layer: met4
Net VDD: dangling Wire at (536.400, 48.200) (536.400, 48.200) on layer: met4
Net VDD: dangling Wire at (486.400, 48.200) (486.400, 48.200) on layer: met4
Net VDD: dangling Wire at (436.400, 48.200) (436.400, 48.200) on layer: met4
Net VDD: dangling Wire at (386.400, 48.200) (386.400, 48.200) on layer: met4
Net VDD: dangling Wire at (336.400, 48.200) (336.400, 48.200) on layer: met4
Net VDD: dangling Wire at (286.400, 48.200) (286.400, 48.200) on layer: met4
Net VDD: dangling Wire at (236.400, 48.200) (236.400, 48.200) on layer: met4
Net VDD: dangling Wire at (186.400, 48.200) (186.400, 48.200) on layer: met4
Net VDD: dangling Wire at (136.400, 48.200) (136.400, 48.200) on layer: met4
Net VDD: dangling Wire at (86.400, 48.200) (86.400, 48.200) on layer: met4
Net VDD: dangling Wire at (686.400, 469.540) (686.400, 469.540) on layer: met4
Net VDD: dangling Wire at (686.400, 549.140) (686.400, 549.140) on layer: met4
Net VDD: dangling Wire at (636.400, 469.540) (636.400, 469.540) on layer: met4
Net VDD: dangling Wire at (636.400, 549.140) (636.400, 549.140) on layer: met4
Net VDD: dangling Wire at (586.400, 469.540) (586.400, 469.540) on layer: met4
Net VDD: dangling Wire at (586.400, 549.140) (586.400, 549.140) on layer: met4
Net VDD: dangling Wire at (536.400, 469.540) (536.400, 469.540) on layer: met4
Net VDD: dangling Wire at (536.400, 549.140) (536.400, 549.140) on layer: met4
Net VDD: dangling Wire at (486.400, 469.540) (486.400, 469.540) on layer: met4
Net VDD: dangling Wire at (486.400, 549.140) (486.400, 549.140) on layer: met4
Net VDD: dangling Wire at (436.400, 469.540) (436.400, 469.540) on layer: met4
Net VDD: dangling Wire at (436.400, 549.140) (436.400, 549.140) on layer: met4
Net VDD: dangling Wire at (386.400, 469.540) (386.400, 469.540) on layer: met4
Net VDD: dangling Wire at (386.400, 549.140) (386.400, 549.140) on layer: met4
Net VDD: dangling Wire at (336.400, 469.540) (336.400, 469.540) on layer: met4
Net VDD: dangling Wire at (336.400, 549.140) (336.400, 549.140) on layer: met4
Net VDD: dangling Wire at (286.400, 469.540) (286.400, 469.540) on layer: met4
Net VDD: dangling Wire at (286.400, 549.140) (286.400, 549.140) on layer: met4
Net VDD: dangling Wire at (236.400, 469.540) (236.400, 469.540) on layer: met4
Net VDD: dangling Wire at (236.400, 549.140) (236.400, 549.140) on layer: met4
Net VDD: dangling Wire at (186.400, 469.540) (186.400, 469.540) on layer: met4
Net VDD: dangling Wire at (186.400, 549.140) (186.400, 549.140) on layer: met4
Net VDD: dangling Wire at (136.400, 469.540) (136.400, 469.540) on layer: met4
Net VDD: dangling Wire at (136.400, 549.140) (136.400, 549.140) on layer: met4
Net VDD: dangling Wire at (86.400, 469.540) (86.400, 469.540) on layer: met4
Net VDD: dangling Wire at (86.400, 549.140) (86.400, 549.140) on layer: met4
Net VDD: dangling Wire at (36.400, 469.540) (36.400, 469.540) on layer: met4
Net VDD: dangling Wire at (36.400, 549.140) (36.400, 549.140) on layer: met4
Net VDD: dangling Wire at (686.400, 970.480) (686.400, 970.480) on layer: met4
Net VDD: dangling Wire at (636.400, 970.480) (636.400, 970.480) on layer: met4
Net VDD: dangling Wire at (586.400, 970.480) (586.400, 970.480) on layer: met4
Net VDD: dangling Wire at (536.400, 970.480) (536.400, 970.480) on layer: met4
Net VDD: dangling Wire at (486.400, 970.480) (486.400, 970.480) on layer: met4
Net VDD: dangling Wire at (436.400, 970.480) (436.400, 970.480) on layer: met4
Net VDD: dangling Wire at (386.400, 970.480) (386.400, 970.480) on layer: met4
Net VDD: dangling Wire at (336.400, 970.480) (336.400, 970.480) on layer: met4
Net VDD: dangling Wire at (286.400, 970.480) (286.400, 970.480) on layer: met4
Net VDD: dangling Wire at (236.400, 970.480) (236.400, 970.480) on layer: met4
Net VDD: dangling Wire at (186.400, 970.480) (186.400, 970.480) on layer: met4
Net VDD: dangling Wire at (136.400, 970.480) (136.400, 970.480) on layer: met4
Net VDD: dangling Wire at (86.400, 970.480) (86.400, 970.480) on layer: met4
Net VDD: dangling Wire at (36.400, 970.480) (36.400, 970.480) on layer: met4
Net VDD: dangling Wire at (36.400, 48.200) (36.400, 48.200) on layer: met4
Net VSS: dangling Wire at (709.400, 970.480) (709.400, 970.480) on layer: met4
Net VSS: dangling Wire at (659.400, 970.480) (659.400, 970.480) on layer: met4
Net VSS: dangling Wire at (609.400, 970.480) (609.400, 970.480) on layer: met4
Net VSS: dangling Wire at (559.400, 970.480) (559.400, 970.480) on layer: met4
Net VSS: dangling Wire at (509.400, 970.480) (509.400, 970.480) on layer: met4
Net VSS: dangling Wire at (459.400, 970.480) (459.400, 970.480) on layer: met4
Net VSS: dangling Wire at (409.400, 970.480) (409.400, 970.480) on layer: met4
Net VSS: dangling Wire at (359.400, 970.480) (359.400, 970.480) on layer: met4
Net VSS: dangling Wire at (309.400, 970.480) (309.400, 970.480) on layer: met4
Net VSS: dangling Wire at (259.400, 970.480) (259.400, 970.480) on layer: met4
Net VSS: dangling Wire at (209.400, 970.480) (209.400, 970.480) on layer: met4
Net VSS: dangling Wire at (159.400, 970.480) (159.400, 970.480) on layer: met4
Net VSS: dangling Wire at (109.400, 970.480) (109.400, 970.480) on layer: met4
Net VSS: dangling Wire at (709.400, 48.200) (709.400, 48.200) on layer: met4
Net VSS: dangling Wire at (659.400, 48.200) (659.400, 48.200) on layer: met4
Net VSS: dangling Wire at (609.400, 48.200) (609.400, 48.200) on layer: met4
Net VSS: dangling Wire at (559.400, 48.200) (559.400, 48.200) on layer: met4
Net VSS: dangling Wire at (509.400, 48.200) (509.400, 48.200) on layer: met4
Net VSS: dangling Wire at (459.400, 48.200) (459.400, 48.200) on layer: met4
Net VSS: dangling Wire at (409.400, 48.200) (409.400, 48.200) on layer: met4
Net VSS: dangling Wire at (359.400, 48.200) (359.400, 48.200) on layer: met4
Net VSS: dangling Wire at (309.400, 48.200) (309.400, 48.200) on layer: met4
Net VSS: dangling Wire at (259.400, 48.200) (259.400, 48.200) on layer: met4
Net VSS: dangling Wire at (209.400, 48.200) (209.400, 48.200) on layer: met4
Net VSS: dangling Wire at (159.400, 48.200) (159.400, 48.200) on layer: met4
Net VSS: dangling Wire at (109.400, 48.200) (109.400, 48.200) on layer: met4
Net VSS: dangling Wire at (709.400, 469.540) (709.400, 469.540) on layer: met4
Net VSS: dangling Wire at (709.400, 549.140) (709.400, 549.140) on layer: met4
Net VSS: dangling Wire at (659.400, 469.540) (659.400, 469.540) on layer: met4
Net VSS: dangling Wire at (659.400, 549.140) (659.400, 549.140) on layer: met4
Net VSS: dangling Wire at (609.400, 469.540) (609.400, 469.540) on layer: met4
Net VSS: dangling Wire at (609.400, 549.140) (609.400, 549.140) on layer: met4
Net VSS: dangling Wire at (559.400, 469.540) (559.400, 469.540) on layer: met4
Net VSS: dangling Wire at (559.400, 549.140) (559.400, 549.140) on layer: met4
Net VSS: dangling Wire at (509.400, 469.540) (509.400, 469.540) on layer: met4
Net VSS: dangling Wire at (509.400, 549.140) (509.400, 549.140) on layer: met4
Net VSS: dangling Wire at (459.400, 469.540) (459.400, 469.540) on layer: met4
Net VSS: dangling Wire at (459.400, 549.140) (459.400, 549.140) on layer: met4
Net VSS: dangling Wire at (409.400, 469.540) (409.400, 469.540) on layer: met4
Net VSS: dangling Wire at (409.400, 549.140) (409.400, 549.140) on layer: met4
Net VSS: dangling Wire at (359.400, 469.540) (359.400, 469.540) on layer: met4
Net VSS: dangling Wire at (359.400, 549.140) (359.400, 549.140) on layer: met4
Net VSS: dangling Wire at (309.400, 469.540) (309.400, 469.540) on layer: met4
Net VSS: dangling Wire at (309.400, 549.140) (309.400, 549.140) on layer: met4
Net VSS: dangling Wire at (259.400, 469.540) (259.400, 469.540) on layer: met4
Net VSS: dangling Wire at (259.400, 549.140) (259.400, 549.140) on layer: met4
Net VSS: dangling Wire at (209.400, 469.540) (209.400, 469.540) on layer: met4
Net VSS: dangling Wire at (209.400, 549.140) (209.400, 549.140) on layer: met4
Net VSS: dangling Wire at (159.400, 469.540) (159.400, 469.540) on layer: met4
Net VSS: dangling Wire at (159.400, 549.140) (159.400, 549.140) on layer: met4
Net VSS: dangling Wire at (109.400, 469.540) (109.400, 469.540) on layer: met4
Net VSS: dangling Wire at (109.400, 549.140) (109.400, 549.140) on layer: met4
Net VSS: dangling Wire at (59.400, 469.540) (59.400, 469.540) on layer: met4
Net VSS: dangling Wire at (59.400, 549.140) (59.400, 549.140) on layer: met4
Net VSS: dangling Wire at (59.400, 970.480) (59.400, 970.480) on layer: met4
Net VSS: dangling Wire at (59.400, 48.200) (59.400, 48.200) on layer: met4

Begin Summary
    112 Problem(s) (IMPVFC-94): The net has dangling wire(s).
    112 total info(s) created.
End Summary
