###############################################################
#  Generated by:      Cadence Innovus 25.11-s102_1
#  OS:                Linux x86_64(Host ID ece-linlabsrv01)
#  Generated on:      Mon Mar 23 22:41:20 2026
#  Design:            Core
#  Command:           check_metal_density -report reports/route/route.metal_density.rpt
###############################################################

Verify Density report created on Mon Mar 23 22:41:20 2026

###############################################################
# Layer     met1 - Window size      : 100.0um X 100.0um
# Layer     met1 - Window step      : 50.0um X 50.0um
# Layer     met1 - Min Density      : 20%
# Layer     met1 - Pref Density     : 35%
# Layer     met1 - Max Density      : 80%
# Layer     met1 - Ext Density      : 35%
# Layer     met2 - Window size      : 100.0um X 100.0um
# Layer     met2 - Window step      : 50.0um X 50.0um
# Layer     met2 - Min Density      : 20%
# Layer     met2 - Pref Density     : 35%
# Layer     met2 - Max Density      : 80%
# Layer     met2 - Ext Density      : 35%
# Layer     met3 - Window size      : 100.0um X 100.0um
# Layer     met3 - Window step      : 50.0um X 50.0um
# Layer     met3 - Min Density      : 20%
# Layer     met3 - Pref Density     : 35%
# Layer     met3 - Max Density      : 80%
# Layer     met3 - Ext Density      : 35%
# Layer     met4 - Window size      : 100.0um X 100.0um
# Layer     met4 - Window step      : 50.0um X 50.0um
# Layer     met4 - Min Density      : 20%
# Layer     met4 - Pref Density     : 35%
# Layer     met4 - Max Density      : 80%
# Layer     met4 - Ext Density      : 35%
# Layer     met5 - Window size      : 100.0um X 100.0um
# Layer     met5 - Window step      : 50.0um X 50.0um
# Layer     met5 - Min Density      : 20%
# Layer     met5 - Pref Density     : 35%
# Layer     met5 - Max Density      : 80%
# Layer     met5 - Ext Density      : 35%
###############################################################


    Layer    Density(%)          Window  
***************************************************

    met5       15.05    (0 0) (100 100)
    met5       18.60    (50 0) (150 100)
    met5       18.60    (100 0) (200 100)
    met5       18.60    (150 0) (250 100)
    met5       18.60    (200 0) (300 100)
    met5       18.60    (250 0) (350 100)
    met5       18.60    (300 0) (400 100)
    met5       18.60    (350 0) (450 100)
    met5       18.60    (400 0) (500 100)
    met5       18.60    (450 0) (550 100)
    met5       18.60    (500 0) (600 100)
    met5       18.60    (550 0) (650 100)
    met5       18.60    (600 0) (700 100)
    met5       19.20    (650 0) (750 100)
    met5       18.29    (856.8 0) (956.8 100)
    met5        9.80    (0 50) (100 150)
    met5       12.00    (50 50) (150 150)
    met5       12.00    (100 50) (200 150)
    met5       12.00    (150 50) (250 150)
    met5       12.00    (200 50) (300 150)
    met5       12.00    (250 50) (350 150)
    met5       12.00    (300 50) (400 150)
    met5       12.00    (350 50) (450 150)
    met5       12.00    (400 50) (500 150)
    met5       12.00    (450 50) (550 150)
    met5       12.00    (500 50) (600 150)
    met5       12.00    (550 50) (650 150)
    met5       12.00    (600 50) (700 150)
    met5       12.34    (650 50) (750 150)
    met5       14.25    (700 50) (800 150)
    met5       18.05    (750 50) (850 150)
    met5       19.20    (800 50) (900 150)
    met5       13.99    (850 50) (950 150)
    met5       12.43    (856.8 50) (956.8 150)
    met5        9.80    (0 100) (100 200)
    met5       12.00    (50 100) (150 200)
    met5       12.00    (100 100) (200 200)
    met5       12.00    (150 100) (250 200)
    met5       12.00    (200 100) (300 200)
    met5       12.00    (250 100) (350 200)
    met5       12.00    (300 100) (400 200)
    met5       12.00    (350 100) (450 200)
    met5       12.00    (400 100) (500 200)
    met5       12.00    (450 100) (550 200)
    met5       12.00    (500 100) (600 200)
    met5       12.00    (550 100) (650 200)
    met5       12.00    (600 100) (700 200)
    met5       12.37    (650 100) (750 200)
    met5       17.84    (700 100) (800 200)
    met5       15.15    (850 100) (950 200)
    met5       13.65    (856.8 100) (956.8 200)
    met5        9.80    (0 150) (100 250)
    met5       12.00    (50 150) (150 250)
    met5       12.00    (100 150) (200 250)
    met5       12.00    (150 150) (250 250)
    met5       12.00    (200 150) (300 250)
    met5       12.00    (250 150) (350 250)
    met5       12.00    (300 150) (400 250)
    met5       12.00    (350 150) (450 250)
    met5       12.00    (400 150) (500 250)
    met5       12.00    (450 150) (550 250)
    met5       12.00    (500 150) (600 250)
    met5       12.00    (550 150) (650 250)
    met5       12.00    (600 150) (700 250)
    met5       12.11    (650 150) (750 250)
    met5       18.40    (850 150) (950 250)
    met5       16.41    (856.8 150) (956.8 250)
    met5        9.80    (0 200) (100 300)
    met5       12.00    (50 200) (150 300)
    met5       12.00    (100 200) (200 300)
    met5       12.00    (150 200) (250 300)
    met5       12.00    (200 200) (300 300)
    met5       12.00    (250 200) (350 300)
    met5       12.00    (300 200) (400 300)
    met5       12.00    (350 200) (450 300)
    met5       12.00    (400 200) (500 300)
    met5       12.00    (450 200) (550 300)
    met5       12.00    (500 200) (600 300)
    met5       12.00    (550 200) (650 300)
    met5       12.00    (600 200) (700 300)
    met5       12.07    (650 200) (750 300)
    met5       17.98    (700 200) (800 300)
    met5       19.87    (856.8 200) (956.8 300)
    met5        9.80    (0 250) (100 350)
    met5       12.00    (50 250) (150 350)
    met5       12.00    (100 250) (200 350)
    met5       12.00    (150 250) (250 350)
    met5       12.00    (200 250) (300 350)
    met5       12.00    (250 250) (350 350)
    met5       12.00    (300 250) (400 350)
    met5       12.00    (350 250) (450 350)
    met5       12.00    (400 250) (500 350)
    met5       12.00    (450 250) (550 350)
    met5       12.00    (500 250) (600 350)
    met5       12.00    (550 250) (650 350)
    met5       12.00    (600 250) (700 350)
    met5       12.00    (650 250) (750 350)
    met5       16.18    (700 250) (800 350)
    met5       11.41    (0 300) (100 400)
    met5       15.21    (50 300) (150 400)
    met5       15.20    (100 300) (200 400)
    met5       15.20    (150 300) (250 400)
    met5       15.20    (200 300) (300 400)
    met5       15.20    (250 300) (350 400)
    met5       15.20    (300 300) (400 400)
    met5       15.20    (350 300) (450 400)
    met5       15.20    (400 300) (500 400)
    met5       15.20    (450 300) (550 400)
    met5       15.20    (500 300) (600 400)
    met5       15.20    (550 300) (650 400)
    met5       15.20    (600 300) (700 400)
    met5       15.28    (650 300) (750 400)
    met5       16.49    (700 300) (800 400)
    met5       19.24    (856.8 300) (956.8 400)
    met5       12.40    (0 350) (100 450)
    met5       16.81    (50 350) (150 450)
    met5       16.80    (100 350) (200 450)
    met5       16.80    (150 350) (250 450)
    met5       16.80    (200 350) (300 450)
    met5       16.80    (250 350) (350 450)
    met5       16.80    (300 350) (400 450)
    met5       16.80    (350 350) (450 450)
    met5       16.80    (400 350) (500 450)
    met5       16.80    (450 350) (550 450)
    met5       16.80    (500 350) (600 450)
    met5       16.80    (550 350) (650 450)
    met5       16.80    (600 350) (700 450)
    met5       16.92    (650 350) (750 450)
    met5       16.94    (700 350) (800 450)
    met5       19.63    (856.8 350) (956.8 450)
    met5       18.99    (0 400) (100 500)
    met5       19.59    (850 400) (950 500)
    met5       17.58    (856.8 400) (956.8 500)
    met5       17.43    (850 450) (950 550)
    met5       15.89    (856.8 450) (956.8 550)
    met5       15.58    (0 500) (100 600)
    met5       16.30    (850 500) (950 600)
    met5       14.72    (856.8 500) (956.8 600)
    met5       17.50    (0 550) (100 650)
    met5       17.60    (850 550) (950 650)
    met5       15.99    (856.8 550) (956.8 650)
    met5       18.14    (0 600) (100 700)
    met5       18.54    (850 600) (950 700)
    met5       17.18    (856.8 600) (956.8 700)
    met5       16.93    (0 650) (100 750)
    met5       18.38    (850 650) (950 750)
    met5       17.10    (856.8 650) (956.8 750)
    met5       16.13    (0 700) (100 800)
    met5       19.58    (850 700) (950 800)
    met5       18.16    (856.8 700) (956.8 800)
    met5       15.91    (0 750) (100 850)
    met5       19.50    (856.8 750) (956.8 850)
    met5       16.00    (0 800) (100 900)
    met5       19.02    (750 800) (850 900)
    met5       18.17    (850 800) (950 900)
    met5       17.09    (856.8 800) (956.8 900)
    met5       13.47    (0 850) (100 950)
    met5       17.37    (50 850) (150 950)
    met5       17.11    (100 850) (200 950)
    met5       16.80    (150 850) (250 950)
    met5       17.05    (200 850) (300 950)
    met5       18.72    (250 850) (350 950)
    met5       19.93    (750 850) (850 950)
    met5       19.32    (800 850) (900 950)
    met5       15.31    (850 850) (950 950)
    met5       13.85    (856.8 850) (956.8 950)
    met5       10.23    (0 900) (100 1000)
    met5       12.59    (50 900) (150 1000)
    met5       12.31    (100 900) (200 1000)
    met5       12.19    (150 900) (250 1000)
    met5       14.01    (200 900) (300 1000)
    met5       19.45    (250 900) (350 1000)
    met5       15.51    (850 900) (950 1000)
    met5       13.77    (856.8 900) (956.8 1000)
    met5       15.34    (0 950) (100 1050)
    met5       18.60    (50 950) (150 1050)
    met5       18.60    (100 950) (200 1050)
    met5       18.79    (150 950) (250 1050)
    met5       19.20    (850 950) (950 1050)
    met5       17.41    (856.8 950) (956.8 1050)
    met5       15.34    (0 953.4) (100 1053.4)
    met5       18.60    (50 953.4) (150 1053.4)
    met5       18.60    (100 953.4) (200 1053.4)
    met5       18.79    (150 953.4) (250 1053.4)
    met5       19.28    (850 953.4) (950 1053.4)
    met5       17.41    (856.8 953.4) (956.8 1053.4)

    met4       18.68    (700 0) (800 100)
    met4       14.77    (750 0) (850 100)
    met4       15.53    (800 0) (900 100)
    met4       19.49    (850 0) (950 100)
    met4       19.09    (856.8 0) (956.8 100)
    met4       17.98    (50 900) (150 1000)
    met4       17.98    (100 900) (200 1000)
    met4       18.08    (150 900) (250 1000)
    met4       18.47    (200 900) (300 1000)
    met4       19.73    (350 900) (450 1000)
    met4       19.16    (400 900) (500 1000)
    met4       19.21    (450 900) (550 1000)
    met4       19.57    (500 900) (600 1000)
    met4       19.35    (550 900) (650 1000)
    met4       19.46    (600 900) (700 1000)
    met4       17.02    (0 950) (100 1050)
    met4       11.25    (50 950) (150 1050)
    met4       11.25    (100 950) (200 1050)
    met4       11.32    (150 950) (250 1050)
    met4       11.36    (200 950) (300 1050)
    met4       13.21    (250 950) (350 1050)
    met4       14.47    (300 950) (400 1050)
    met4       13.18    (350 950) (450 1050)
    met4       12.44    (400 950) (500 1050)
    met4       12.50    (450 950) (550 1050)
    met4       13.02    (500 950) (600 1050)
    met4       12.88    (550 950) (650 1050)
    met4       13.25    (600 950) (700 1050)
    met4       14.55    (650 950) (750 1050)
    met4       17.61    (700 950) (800 1050)
    met4       17.85    (800 950) (900 1050)
    met4       17.64    (850 950) (950 1050)
    met4       17.12    (856.8 950) (956.8 1050)
    met4       16.34    (0 953.4) (100 1053.4)
    met4       10.84    (50 953.4) (150 1053.4)
    met4       10.84    (100 953.4) (200 1053.4)
    met4       10.89    (150 953.4) (250 1053.4)
    met4       10.92    (200 953.4) (300 1053.4)
    met4       12.74    (250 953.4) (350 1053.4)
    met4       13.96    (300 953.4) (400 1053.4)
    met4       12.70    (350 953.4) (450 1053.4)
    met4       12.03    (400 953.4) (500 1053.4)
    met4       12.08    (450 953.4) (550 1053.4)
    met4       12.55    (500 953.4) (600 1053.4)
    met4       12.39    (550 953.4) (650 1053.4)
    met4       12.76    (600 953.4) (700 1053.4)
    met4       14.05    (650 953.4) (750 1053.4)
    met4       16.94    (700 953.4) (800 1053.4)
    met4       17.13    (800 953.4) (900 1053.4)
    met4       16.91    (850 953.4) (950 1053.4)
    met4       16.39    (856.8 953.4) (956.8 1053.4)

    met3        9.66    (0 0) (100 100)
    met3       19.58    (50 0) (150 100)
    met3       20.00    (650 0) (750 100)
    met3       13.30    (700 0) (800 100)
    met3       10.50    (750 0) (850 100)
    met3       12.30    (800 0) (900 100)
    met3        7.80    (850 0) (950 100)
    met3        7.05    (856.8 0) (956.8 100)
    met3       15.49    (0 50) (100 150)
    met3       14.51    (750 50) (850 150)
    met3       16.14    (800 50) (900 150)
    met3        9.93    (850 50) (950 150)
    met3        8.73    (856.8 50) (956.8 150)
    met3       14.71    (0 100) (100 200)
    met3       17.55    (750 100) (850 200)
    met3       18.58    (800 100) (900 200)
    met3       11.46    (850 100) (950 200)
    met3       10.19    (856.8 100) (956.8 200)
    met3       14.76    (0 150) (100 250)
    met3       17.55    (750 150) (850 250)
    met3       19.25    (800 150) (900 250)
    met3       12.02    (850 150) (950 250)
    met3       10.74    (856.8 150) (956.8 250)
    met3       14.78    (0 200) (100 300)
    met3       16.04    (750 200) (850 300)
    met3       17.18    (800 200) (900 300)
    met3       10.89    (850 200) (950 300)
    met3        9.76    (856.8 200) (956.8 300)
    met3       15.61    (0 250) (100 350)
    met3       16.75    (750 250) (850 350)
    met3       17.77    (800 250) (900 350)
    met3       11.26    (850 250) (950 350)
    met3       10.23    (856.8 250) (956.8 350)
    met3       16.62    (0 300) (100 400)
    met3       17.71    (750 300) (850 400)
    met3       19.04    (800 300) (900 400)
    met3       11.96    (850 300) (950 400)
    met3       10.81    (856.8 300) (956.8 400)
    met3       16.93    (0 350) (100 450)
    met3       17.35    (750 350) (850 450)
    met3       18.88    (800 350) (900 450)
    met3       12.55    (850 350) (950 450)
    met3       11.37    (856.8 350) (956.8 450)
    met3       18.52    (750 400) (850 500)
    met3       19.73    (800 400) (900 500)
    met3       12.44    (850 400) (950 500)
    met3       11.09    (856.8 400) (956.8 500)
    met3       18.91    (750 450) (850 550)
    met3       12.35    (850 450) (950 550)
    met3       10.91    (856.8 450) (956.8 550)
    met3       18.73    (0 500) (100 600)
    met3       17.13    (750 500) (850 600)
    met3       19.22    (800 500) (900 600)
    met3       12.18    (850 500) (950 600)
    met3       10.96    (856.8 500) (956.8 600)
    met3       17.10    (0 550) (100 650)
    met3       17.71    (750 550) (850 650)
    met3       19.37    (800 550) (900 650)
    met3       12.40    (850 550) (950 650)
    met3       11.28    (856.8 550) (956.8 650)
    met3       17.29    (0 600) (100 700)
    met3       18.66    (750 600) (850 700)
    met3       19.79    (800 600) (900 700)
    met3       13.58    (850 600) (950 700)
    met3       12.41    (856.8 600) (956.8 700)
    met3       16.02    (0 650) (100 750)
    met3       17.50    (750 650) (850 750)
    met3       18.46    (800 650) (900 750)
    met3       13.07    (850 650) (950 750)
    met3       11.97    (856.8 650) (956.8 750)
    met3       14.83    (0 700) (100 800)
    met3       16.66    (750 700) (850 800)
    met3       17.41    (800 700) (900 800)
    met3       12.22    (850 700) (950 800)
    met3       11.05    (856.8 700) (956.8 800)
    met3       14.80    (0 750) (100 850)
    met3       16.37    (750 750) (850 850)
    met3       16.52    (800 750) (900 850)
    met3       11.45    (850 750) (950 850)
    met3       10.24    (856.8 750) (956.8 850)
    met3       14.74    (0 800) (100 900)
    met3       15.45    (750 800) (850 900)
    met3       15.03    (800 800) (900 900)
    met3        9.55    (850 800) (950 900)
    met3        8.55    (856.8 800) (956.8 900)
    met3       14.20    (0 850) (100 950)
    met3       14.22    (750 850) (850 950)
    met3       13.67    (800 850) (900 950)
    met3        7.97    (850 850) (950 950)
    met3        7.11    (856.8 850) (956.8 950)
    met3        8.59    (0 900) (100 1000)
    met3       16.36    (50 900) (150 1000)
    met3       18.25    (100 900) (200 1000)
    met3       19.03    (150 900) (250 1000)
    met3       15.20    (750 900) (850 1000)
    met3       12.33    (800 900) (900 1000)
    met3        6.02    (850 900) (950 1000)
    met3        5.21    (856.8 900) (956.8 1000)
    met3        2.61    (0 950) (100 1050)
    met3        4.14    (50 950) (150 1050)
    met3        4.58    (100 950) (200 1050)
    met3        5.31    (150 950) (250 1050)
    met3        6.24    (200 950) (300 1050)
    met3       10.01    (250 950) (350 1050)
    met3       14.59    (300 950) (400 1050)
    met3       17.62    (350 950) (450 1050)
    met3       19.42    (400 950) (500 1050)
    met3       16.31    (750 950) (850 1050)
    met3        9.87    (800 950) (900 1050)
    met3        4.02    (850 950) (950 1050)
    met3        3.47    (856.8 950) (956.8 1050)
    met3        2.58    (0 953.4) (100 1053.4)
    met3        4.12    (50 953.4) (150 1053.4)
    met3        4.42    (100 953.4) (200 1053.4)
    met3        5.09    (150 953.4) (250 1053.4)
    met3        6.08    (200 953.4) (300 1053.4)
    met3       10.01    (250 953.4) (350 1053.4)
    met3       14.70    (300 953.4) (400 1053.4)
    met3       17.63    (350 953.4) (450 1053.4)
    met3       19.38    (400 953.4) (500 1053.4)
    met3       16.26    (750 953.4) (850 1053.4)
    met3        9.56    (800 953.4) (900 1053.4)
    met3        3.85    (850 953.4) (950 1053.4)
    met3        3.31    (856.8 953.4) (956.8 1053.4)

    met2        8.02    (0 0) (100 100)
    met2       15.96    (50 0) (150 100)
    met2       17.41    (100 0) (200 100)
    met2       17.41    (150 0) (250 100)
    met2       17.41    (200 0) (300 100)
    met2       17.41    (250 0) (350 100)
    met2       17.41    (300 0) (400 100)
    met2       17.41    (350 0) (450 100)
    met2       17.41    (400 0) (500 100)
    met2       17.41    (450 0) (550 100)
    met2       17.41    (500 0) (600 100)
    met2       17.41    (550 0) (650 100)
    met2       17.44    (600 0) (700 100)
    met2       16.61    (650 0) (750 100)
    met2       10.58    (700 0) (800 100)
    met2        6.32    (750 0) (850 100)
    met2        7.01    (800 0) (900 100)
    met2        4.96    (850 0) (950 100)
    met2        4.52    (856.8 0) (956.8 100)
    met2       15.23    (0 50) (100 150)
    met2       19.84    (700 50) (800 150)
    met2        9.40    (750 50) (850 150)
    met2       10.34    (800 50) (900 150)
    met2        7.68    (850 50) (950 150)
    met2        7.09    (856.8 50) (956.8 150)
    met2       15.12    (0 100) (100 200)
    met2       11.11    (750 100) (850 200)
    met2       11.06    (800 100) (900 200)
    met2        8.10    (850 100) (950 200)
    met2        7.65    (856.8 100) (956.8 200)
    met2       15.10    (0 150) (100 250)
    met2       12.16    (750 150) (850 250)
    met2       11.09    (800 150) (900 250)
    met2        8.38    (850 150) (950 250)
    met2        8.06    (856.8 150) (956.8 250)
    met2       15.05    (0 200) (100 300)
    met2       13.19    (750 200) (850 300)
    met2       12.19    (800 200) (900 300)
    met2        9.35    (850 200) (950 300)
    met2        9.04    (856.8 200) (956.8 300)
    met2       15.67    (0 250) (100 350)
    met2       13.69    (750 250) (850 350)
    met2       13.56    (800 250) (900 350)
    met2       10.50    (850 250) (950 350)
    met2       10.05    (856.8 250) (956.8 350)
    met2       16.72    (0 300) (100 400)
    met2       13.47    (750 300) (850 400)
    met2       13.64    (800 300) (900 400)
    met2       10.92    (850 300) (950 400)
    met2       10.41    (856.8 300) (956.8 400)
    met2       17.67    (0 350) (100 450)
    met2       13.72    (750 350) (850 450)
    met2       13.74    (800 350) (900 450)
    met2       10.73    (850 350) (950 450)
    met2       10.46    (856.8 350) (956.8 450)
    met2       16.01    (0 400) (100 500)
    met2       19.15    (700 400) (800 500)
    met2       13.52    (750 400) (850 500)
    met2       13.10    (800 400) (900 500)
    met2       10.24    (850 400) (950 500)
    met2       10.14    (856.8 400) (956.8 500)
    met2       15.82    (0 450) (100 550)
    met2       18.10    (700 450) (800 550)
    met2       13.01    (750 450) (850 550)
    met2       12.36    (800 450) (900 550)
    met2       10.46    (850 450) (950 550)
    met2       10.49    (856.8 450) (956.8 550)
    met2       18.36    (0 500) (100 600)
    met2       13.53    (750 500) (850 600)
    met2       12.60    (800 500) (900 600)
    met2       10.68    (850 500) (950 600)
    met2       10.79    (856.8 500) (956.8 600)
    met2       18.68    (0 550) (100 650)
    met2       14.20    (750 550) (850 650)
    met2       13.22    (800 550) (900 650)
    met2       10.93    (850 550) (950 650)
    met2       10.99    (856.8 550) (956.8 650)
    met2       18.01    (0 600) (100 700)
    met2       14.35    (750 600) (850 700)
    met2       13.51    (800 600) (900 700)
    met2       11.20    (850 600) (950 700)
    met2       11.18    (856.8 600) (956.8 700)
    met2       17.03    (0 650) (100 750)
    met2       13.58    (750 650) (850 750)
    met2       12.57    (800 650) (900 750)
    met2       10.39    (850 650) (950 750)
    met2       10.26    (856.8 650) (956.8 750)
    met2       16.55    (0 700) (100 800)
    met2       13.33    (750 700) (850 800)
    met2       12.55    (800 700) (900 800)
    met2        9.89    (850 700) (950 800)
    met2        9.60    (856.8 700) (956.8 800)
    met2       16.71    (0 750) (100 850)
    met2       12.70    (750 750) (850 850)
    met2       11.58    (800 750) (900 850)
    met2        8.44    (850 750) (950 850)
    met2        8.05    (856.8 750) (956.8 850)
    met2       16.90    (0 800) (100 900)
    met2       12.08    (750 800) (850 900)
    met2       11.34    (800 800) (900 900)
    met2        7.66    (850 800) (950 900)
    met2        6.95    (856.8 800) (956.8 900)
    met2       13.64    (0 850) (100 950)
    met2       18.74    (700 850) (800 950)
    met2       11.44    (750 850) (850 950)
    met2       11.86    (800 850) (900 950)
    met2        7.84    (850 850) (950 950)
    met2        6.90    (856.8 850) (956.8 950)
    met2        5.91    (0 900) (100 1000)
    met2        9.72    (50 900) (150 1000)
    met2       10.00    (100 900) (200 1000)
    met2       10.52    (150 900) (250 1000)
    met2       12.12    (200 900) (300 1000)
    met2       14.01    (250 900) (350 1000)
    met2       14.89    (300 900) (400 1000)
    met2       14.63    (350 900) (450 1000)
    met2       14.18    (400 900) (500 1000)
    met2       14.23    (450 900) (550 1000)
    met2       14.48    (500 900) (600 1000)
    met2       14.14    (550 900) (650 1000)
    met2       14.09    (600 900) (700 1000)
    met2       13.89    (650 900) (750 1000)
    met2       11.53    (700 900) (800 1000)
    met2       10.29    (750 900) (850 1000)
    met2        9.95    (800 900) (900 1000)
    met2        5.69    (850 900) (950 1000)
    met2        4.92    (856.8 900) (956.8 1000)
    met2        1.06    (0 950) (100 1050)
    met2        0.81    (50 950) (150 1050)
    met2        0.52    (100 950) (200 1050)
    met2        0.84    (150 950) (250 1050)
    met2        2.43    (200 950) (300 1050)
    met2        5.16    (250 950) (350 1050)
    met2        7.43    (300 950) (400 1050)
    met2        7.80    (350 950) (450 1050)
    met2        6.91    (400 950) (500 1050)
    met2        6.50    (450 950) (550 1050)
    met2        6.99    (500 950) (600 1050)
    met2        6.67    (550 950) (650 1050)
    met2        6.91    (600 950) (700 1050)
    met2        7.96    (650 950) (750 1050)
    met2        8.90    (700 950) (800 1050)
    met2        9.54    (750 950) (850 1050)
    met2        6.83    (800 950) (900 1050)
    met2        2.65    (850 950) (950 1050)
    met2        2.12    (856.8 950) (956.8 1050)
    met2        1.00    (0 953.4) (100 1053.4)
    met2        0.77    (50 953.4) (150 1053.4)
    met2        0.49    (100 953.4) (200 1053.4)
    met2        0.74    (150 953.4) (250 1053.4)
    met2        2.26    (200 953.4) (300 1053.4)
    met2        4.93    (250 953.4) (350 1053.4)
    met2        7.19    (300 953.4) (400 1053.4)
    met2        7.60    (350 953.4) (450 1053.4)
    met2        6.71    (400 953.4) (500 1053.4)
    met2        6.29    (450 953.4) (550 1053.4)
    met2        6.74    (500 953.4) (600 1053.4)
    met2        6.44    (550 953.4) (650 1053.4)
    met2        6.71    (600 953.4) (700 1053.4)
    met2        7.78    (650 953.4) (750 1053.4)
    met2        8.69    (700 953.4) (800 1053.4)
    met2        9.27    (750 953.4) (850 1053.4)
    met2        6.56    (800 953.4) (900 1053.4)
    met2        2.49    (850 953.4) (950 1053.4)
    met2        1.97    (856.8 953.4) (956.8 1053.4)

    met1       11.10    (0 0) (100 100)
    met1       18.77    (50 0) (150 100)
    met1       19.52    (650 0) (750 100)
    met1       17.16    (700 0) (800 100)
    met1       17.45    (750 0) (850 100)
    met1       19.37    (800 0) (900 100)
    met1       14.06    (850 0) (950 100)
    met1       12.63    (856.8 0) (956.8 100)
    met1       18.25    (0 50) (100 150)
    met1       19.85    (850 50) (950 150)
    met1       17.91    (856.8 50) (956.8 150)
    met1       18.24    (0 100) (100 200)
    met1       19.69    (850 100) (950 200)
    met1       17.94    (856.8 100) (956.8 200)
    met1       18.13    (0 150) (100 250)
    met1       19.36    (850 150) (950 250)
    met1       17.59    (856.8 150) (956.8 250)
    met1       18.05    (0 200) (100 300)
    met1       18.79    (856.8 200) (956.8 300)
    met1       19.52    (0 250) (100 350)
    met1       19.64    (856.8 250) (956.8 350)
    met1       19.40    (856.8 300) (956.8 400)
    met1       19.12    (856.8 350) (956.8 450)
    met1       19.28    (856.8 400) (956.8 500)
    met1       19.29    (856.8 450) (956.8 550)
    met1       19.54    (856.8 500) (956.8 600)
    met1       18.28    (0 700) (100 800)
    met1       19.41    (856.8 700) (956.8 800)
    met1       18.20    (0 750) (100 850)
    met1       19.08    (856.8 750) (956.8 850)
    met1       18.13    (0 800) (100 900)
    met1       18.86    (856.8 800) (956.8 900)
    met1       16.13    (0 850) (100 950)
    met1       18.18    (856.8 850) (956.8 950)
    met1       11.16    (0 900) (100 1000)
    met1       16.84    (50 900) (150 1000)
    met1       17.71    (100 900) (200 1000)
    met1       18.59    (150 900) (250 1000)
    met1       15.92    (850 900) (950 1000)
    met1       14.20    (856.8 900) (956.8 1000)
    met1        6.16    (0 950) (100 1050)
    met1        7.69    (50 950) (150 1050)
    met1        7.57    (100 950) (200 1050)
    met1        8.13    (150 950) (250 1050)
    met1        9.61    (200 950) (300 1050)
    met1       13.82    (250 950) (350 1050)
    met1       17.50    (300 950) (400 1050)
    met1       18.40    (350 950) (450 1050)
    met1       19.47    (400 950) (500 1050)
    met1       18.10    (750 950) (850 1050)
    met1       14.17    (800 950) (900 1050)
    met1        8.81    (850 950) (950 1050)
    met1        7.69    (856.8 950) (956.8 1050)
    met1        5.74    (0 953.4) (100 1053.4)
    met1        7.22    (50 953.4) (150 1053.4)
    met1        7.22    (100 953.4) (200 1053.4)
    met1        7.74    (150 953.4) (250 1053.4)
    met1        9.15    (200 953.4) (300 1053.4)
    met1       13.31    (250 953.4) (350 1053.4)
    met1       16.99    (300 953.4) (400 1053.4)
    met1       18.24    (350 953.4) (450 1053.4)
    met1       19.46    (400 953.4) (500 1053.4)
    met1       17.81    (750 953.4) (850 1053.4)
    met1       13.54    (800 953.4) (900 1053.4)
    met1        8.27    (850 953.4) (950 1053.4)
    met1        7.18    (856.8 953.4) (956.8 1053.4)


A total of 592 density violation(s).
Windows < Min. Density = 592
Windows > Max. Density = 0
Windows < Min. Union. Density = 0
Windows > Max. Union. Density = 0
