###############################################################
#  Generated by:      Cadence Innovus 25.11-s102_1
#  OS:                Linux x86_64(Host ID ece-rschsrv.ece.gatech.edu)
#  Generated on:      Mon Mar 16 12:53:37 2026
#  Design:            Core
#  Command:           report_timing -max_paths 1   -nworst 1 -path_type full_clock -net > [file join [get_db flow_report_directory] [get_db flow_report_name] setup.worst.rpt]
###############################################################
Path 1: MET (10.652 ns) Setup Check with Pin InstructionFetch_Module_instr_data_op_reg[9]/CK->D
               View: tt_v1.8_25C_Nominal_25_func
              Group: core_clock
         Startpoint: (F) InstructionFetch_Module_InstructionMemory_instr_sram/clk1
              Clock: (F) core_clock
           Endpoint: (R) InstructionFetch_Module_instr_data_op_reg[9]/D
              Clock: (R) core_clock

                       Capture       Launch
         Clock Edge:+   25.000       12.500
        Src Latency:+   -0.415       -0.384
        Net Latency:+    0.426 (P)    0.395 (P)
            Arrival:=   25.010       12.511

              Setup:-    0.055
        Uncertainty:-    0.250
        Cppr Adjust:+    0.000
      Required Time:=   24.705
       Launch Clock:=   12.511
          Data Path:+    1.542
              Slack:=   10.652
     Timing Path:

#--------------------------------------------------------------------------------------------------------------------------------------------------------------
# Timing Point                                                   Flags  Arc             Edge  Cell                               Fanout  Trans   Delay  Arrival  
#                                                                                                                                         (ns)    (ns)     (ns)  
#--------------------------------------------------------------------------------------------------------------------------------------------------------------
  clock                                                          -      clock           F     (arrival)                               4  0.003   0.009   12.125  
  clock                                                          -      -               F     (net)                                   4      -       -        -  
  CTS_idc_buf_00047/Y                                            -      A->Y            F     CLKBUFX8                               11  0.014   0.181   12.307  
  CTS_42                                                         -      -               F     (net)                                  11      -       -        -  
  CTS_ccl_a_buf_00024/Y                                          -      A->Y            F     CLKBUFX8                               35  0.106   0.204   12.511  
  CTS_9                                                          -      -               F     (net)                                  35      -       -        -  
  InstructionFetch_Module_InstructionMemory_instr_sram/dout1[9]  -      clk1->dout1[9]  R     sky130_sram_2kbyte_1rw1r_32x512_8       1  0.126   0.395   12.906  
  InstructionFetch_Module_instr_data[9]                          -      -               R     (net)                                   1      -       -        -  
  prects_FE_OFC99_InstructionFetch_Module_instr_data_9/Y         -      A->Y            R     CLKBUFX4                                1  0.003   0.659   13.565  
  FE_OFN53_InstructionFetch_Module_instr_data_9                  -      -               R     (net)                                   1      -       -        -  
  g35504/Y                                                       -      A0->Y           F     AOI22X1                                 1  0.516   0.163   13.729  
  n_334                                                          -      -               F     (net)                                   1      -       -        -  
  g35408/Y                                                       -      B->Y            R     NOR2X1                                  1  0.125   0.104   13.833  
  n_413                                                          -      -               R     (net)                                   1      -       -        -  
  postcts_FE_PHC34_n_413/Y                                       -      A->Y            R     DLY1X1                                  1  0.119   0.221   14.053  
  FE_PHN34_n_413                                                 -      -               R     (net)                                   1      -       -        -  
  InstructionFetch_Module_instr_data_op_reg[9]/D                 -      D               R     DFFX1                                   1  0.029   0.000   14.053  
#--------------------------------------------------------------------------------------------------------------------------------------------------------------
     Other End Path:

#---------------------------------------------------------------------------------------------------------------
# Timing Point                                     Flags  Arc    Edge  Cell       Fanout  Trans   Delay  Arrival  
#                                                                                          (ns)    (ns)     (ns)  
#---------------------------------------------------------------------------------------------------------------
  clock                                            -      clock  R     (arrival)       4  0.003   0.001   24.586  
  clock                                            -      -      R     (net)           4      -       -        -  
  CTS_ccl_a_buf_00041/Y                            -      A->Y   R     CLKBUFX8        9  0.004   0.203   24.789  
  CTS_41                                           -      -      R     (net)           9      -       -        -  
  CTS_ccl_a_buf_00012/Y                            -      A->Y   R     CLKBUFX8       35  0.243   0.222   25.010  
  CTS_34                                           -      -      R     (net)          35      -       -        -  
  InstructionFetch_Module_instr_data_op_reg[9]/CK  -      CK     R     DFFX1          35  0.119   0.000   25.010  
#---------------------------------------------------------------------------------------------------------------

