###############################################################
#  Generated by:      Cadence Innovus 25.11-s102_1
#  OS:                Linux x86_64(Host ID ece-linlabsrv01)
#  Generated on:      Wed Mar 18 00:17:24 2026
#  Design:            Core
#  Command:           report_timing_summary -checks {setup drv} > [file join [get_db flow_report_directory] [get_db flow_report_name] [get_db flow_report_prefix]setup.analysis_summary.rpt]
###############################################################
# SETUP                WNS    TNS   FEP   
#----------------------------------------
 View : ALL          0.294  0.000     0  
    Group : in2out     N/A    N/A     0  
    Group : reg2out    N/A    N/A     0  
    Group : in2reg   7.424    0.0     0  
    Group : reg2reg  0.294    0.0     0  
                                         
#----------------------------------------
 
# DRV                           WNS       TNS   FEP   
#----------------------------------------------------
 View : ALL                                          
    Check : max_transition   -0.721  -121.864   651  
    Check : min_transition      N/A       N/A     0  
    Check : max_capacitance  -0.194    -2.637    38  
    Check : min_capacitance     N/A       N/A     0  
    Check : max_fanout          N/A       N/A     0  
    Check : min_fanout          N/A       N/A     0  
                                                     
#----------------------------------------------------
 
