###############################################################
#  Generated by:      Cadence Innovus 25.11-s102_1
#  OS:                Linux x86_64(Host ID ece-linlabsrv01)
#  Generated on:      Mon Mar 23 22:40:43 2026
#  Design:            Core
#  Command:           report_constraint -late -all_violators -drv_violation_type {max_capacitance max_transition max_fanout} > reports/route/setup.all_violators.rpt
###############################################################
# format : frame 0 : split 0

max_delay/setup
---------------------------
No paths found

Check type : max_capacitance
---------------------------
     ----------------------------------------------------------------------------------------------  
      Pin Name               Required          Actual            Slack             View              
     ----------------------------------------------------------------------------------------------  
     g43100/Y              0.173             0.341             -0.168            tt_v1.8_25C_Nominal_25_func
     cts_FE_OFC390_n_7439/Y   0.165             0.333             -0.168            tt_v1.8_25C_Nominal_25_func
     prects_FE_OFC243_n_7722/Y   0.716             0.846             -0.131            tt_v1.8_25C_Nominal_25_func
     cts_FE_OFC382_n_54/Y  0.716             0.820             -0.104            tt_v1.8_25C_Nominal_25_func
     cts_FE_OFC284_n_4242/Y   0.320             0.402             -0.082            tt_v1.8_25C_Nominal_25_func
     cts_FE_OFC363_n_3938/Y   0.353             0.413             -0.061            tt_v1.8_25C_Nominal_25_func
     prects_FE_OFC655_n_7527/Y   0.353             0.408             -0.055            tt_v1.8_25C_Nominal_25_func
     g37628/Y              0.316             0.370             -0.054            tt_v1.8_25C_Nominal_25_func
     cts_FE_OFC337_n_7780/Y   0.325             0.362             -0.037            tt_v1.8_25C_Nominal_25_func
     cts_FE_OFC253_n_7835/Y   0.325             0.358             -0.033            tt_v1.8_25C_Nominal_25_func
     g3407__1666/Y         0.173             0.200             -0.027            tt_v1.8_25C_Nominal_25_func
     prects_FE_OFC1135_InstructionExecute_Module_ArthimeticLogicUnit_lt_43_52_n_11/Y   0.325             0.340             -0.015            tt_v1.8_25C_Nominal_25_func
     g23824/Y              0.073             0.087             -0.014            tt_v1.8_25C_Nominal_25_func
     cts_FE_OFC311_n_4601/Y   0.353             0.365             -0.012            tt_v1.8_25C_Nominal_25_func
     cts_FE_OFC245_n_7839/Y   0.353             0.364             -0.011            tt_v1.8_25C_Nominal_25_func
     g37808/Y              0.089             0.096             -0.007            tt_v1.8_25C_Nominal_25_func
     g3488__7482/Y         0.054             0.058             -0.004            tt_v1.8_25C_Nominal_25_func
     prects_FE_OFC1246_n_7781/Y   0.161             0.162             -0.002            tt_v1.8_25C_Nominal_25_func
     g3400__7482/Y         0.173             0.173             -0.001            tt_v1.8_25C_Nominal_25_func
     g37521/Y              0.036             0.036             -0.000            tt_v1.8_25C_Nominal_25_func
     prects_FE_OFC1249_n_7768/Y   0.325             0.325             -0.000            tt_v1.8_25C_Nominal_25_func

Check type : max_transition
---------------------------
     ----------------------------------------------------------------------------------------------  
      Pin Name               Required          Actual            Slack             View              
     ----------------------------------------------------------------------------------------------  
     prects_FE_OFC124_MainMemory_n_58/A   0.600             1.166             -0.566            tt_v1.8_25C_Nominal_25_func
     g43100/Y              0.600             1.166             -0.566            tt_v1.8_25C_Nominal_25_func
     MainMemory_data_sram/din0[10]   0.500             1.065             -0.565            tt_v1.8_25C_Nominal_25_func
     cts_FE_OFC107_n/A     0.600             1.113             -0.513            tt_v1.8_25C_Nominal_25_func
     cts_FE_OFC390_n_7439/Y   0.600             1.113             -0.513            tt_v1.8_25C_Nominal_25_func
     g38378/S0             0.600             1.006             -0.406            tt_v1.8_25C_Nominal_25_func
     g38376/S0             0.600             1.006             -0.406            tt_v1.8_25C_Nominal_25_func
     g38369/S0             0.600             1.006             -0.406            tt_v1.8_25C_Nominal_25_func
     g38368/S0             0.600             1.006             -0.406            tt_v1.8_25C_Nominal_25_func
     g38367/S0             0.600             1.006             -0.406            tt_v1.8_25C_Nominal_25_func
     g38366/S0             0.600             1.006             -0.406            tt_v1.8_25C_Nominal_25_func
     g38392/S0             0.600             1.006             -0.406            tt_v1.8_25C_Nominal_25_func
     g38380/S0             0.600             1.006             -0.406            tt_v1.8_25C_Nominal_25_func
     g38363/S0             0.600             1.006             -0.406            tt_v1.8_25C_Nominal_25_func
     g38395/S0             0.600             1.006             -0.406            tt_v1.8_25C_Nominal_25_func
     g38394/S0             0.600             1.006             -0.406            tt_v1.8_25C_Nominal_25_func
     g38354/S0             0.600             1.006             -0.406            tt_v1.8_25C_Nominal_25_func
     g38386/S0             0.600             1.005             -0.405            tt_v1.8_25C_Nominal_25_func
     g38372/S0             0.600             1.005             -0.405            tt_v1.8_25C_Nominal_25_func
     g38358/S0             0.600             1.005             -0.405            tt_v1.8_25C_Nominal_25_func
     g38357/S0             0.600             1.005             -0.405            tt_v1.8_25C_Nominal_25_func
     g38348/S0             0.600             1.005             -0.405            tt_v1.8_25C_Nominal_25_func
     g38347/S0             0.600             1.005             -0.405            tt_v1.8_25C_Nominal_25_func
     g38343/S0             0.600             1.005             -0.405            tt_v1.8_25C_Nominal_25_func
     g38397/S0             0.600             1.005             -0.405            tt_v1.8_25C_Nominal_25_func
     cts_FE_OFC386_n_7722/A   0.600             1.005             -0.405            tt_v1.8_25C_Nominal_25_func
     g38401/S0             0.600             1.005             -0.405            tt_v1.8_25C_Nominal_25_func
     g38389/S0             0.600             1.005             -0.405            tt_v1.8_25C_Nominal_25_func
     g38383/S0             0.600             1.005             -0.405            tt_v1.8_25C_Nominal_25_func
     g38338/S0             0.600             1.005             -0.405            tt_v1.8_25C_Nominal_25_func
     g26115/B              0.600             1.004             -0.404            tt_v1.8_25C_Nominal_25_func
     g38340/S0             0.600             0.998             -0.398            tt_v1.8_25C_Nominal_25_func
     g38339/S0             0.600             0.998             -0.398            tt_v1.8_25C_Nominal_25_func
     g38404/S0             0.600             0.998             -0.398            tt_v1.8_25C_Nominal_25_func
     g38335/S0             0.600             0.998             -0.398            tt_v1.8_25C_Nominal_25_func
     g38342/S0             0.600             0.987             -0.387            tt_v1.8_25C_Nominal_25_func
     MainMemory_data_sram/din0[28]   0.500             0.842             -0.342            tt_v1.8_25C_Nominal_25_func
     g38527/B              0.600             0.897             -0.297            tt_v1.8_25C_Nominal_25_func
     g38336/S0             0.600             0.893             -0.293            tt_v1.8_25C_Nominal_25_func
     InstructionFetch_Module_InstructionMemory_instr_sram/wmask0[1]   0.040             0.331             -0.292            tt_v1.8_25C_Nominal_25_func
     InstructionFetch_Module_InstructionMemory_instr_sram/wmask0[2]   0.040             0.331             -0.292            tt_v1.8_25C_Nominal_25_func
     InstructionFetch_Module_InstructionMemory_instr_sram/wmask0[3]   0.040             0.331             -0.292            tt_v1.8_25C_Nominal_25_func
     InstructionFetch_Module_InstructionMemory_instr_sram/addr0[0]   0.040             0.331             -0.292            tt_v1.8_25C_Nominal_25_func
     InstructionFetch_Module_InstructionMemory_instr_sram/wmask0[0]   0.040             0.331             -0.292            tt_v1.8_25C_Nominal_25_func
     InstructionFetch_Module_InstructionMemory_instr_sram/addr0[1]   0.040             0.331             -0.292            tt_v1.8_25C_Nominal_25_func
     InstructionFetch_Module_InstructionMemory_instr_sram/addr0[2]   0.040             0.328             -0.288            tt_v1.8_25C_Nominal_25_func
     InstructionFetch_Module_InstructionMemory_instr_sram/addr0[3]   0.040             0.328             -0.288            tt_v1.8_25C_Nominal_25_func
     InstructionFetch_Module_InstructionMemory_instr_sram/addr0[4]   0.040             0.328             -0.288            tt_v1.8_25C_Nominal_25_func
     InstructionFetch_Module_InstructionMemory_instr_sram/addr0[5]   0.040             0.327             -0.287            tt_v1.8_25C_Nominal_25_func
     InstructionFetch_Module_InstructionMemory_instr_sram/addr0[6]   0.040             0.327             -0.287            tt_v1.8_25C_Nominal_25_func
     InstructionFetch_Module_InstructionMemory_instr_sram/addr0[8]   0.040             0.327             -0.287            tt_v1.8_25C_Nominal_25_func
     InstructionFetch_Module_InstructionMemory_instr_sram/addr0[7]   0.040             0.327             -0.287            tt_v1.8_25C_Nominal_25_func
     g38258/S0             0.600             0.860             -0.260            tt_v1.8_25C_Nominal_25_func
     g38337/S0             0.600             0.822             -0.222            tt_v1.8_25C_Nominal_25_func
     cts_FE_OFC385_n_7722/A   0.600             0.785             -0.184            tt_v1.8_25C_Nominal_25_func
     g38365/S0             0.600             0.775             -0.175            tt_v1.8_25C_Nominal_25_func
     g38377/S0             0.600             0.775             -0.175            tt_v1.8_25C_Nominal_25_func
     prects_FE_OFC243_n_7722/Y   0.600             0.775             -0.175            tt_v1.8_25C_Nominal_25_func
     g38393/S0             0.600             0.775             -0.175            tt_v1.8_25C_Nominal_25_func
     g25977/A1             0.600             0.750             -0.150            tt_v1.8_25C_Nominal_25_func
     g25946/A1             0.600             0.750             -0.150            tt_v1.8_25C_Nominal_25_func
     g25944/A1             0.600             0.750             -0.150            tt_v1.8_25C_Nominal_25_func
     g25943/A1             0.600             0.750             -0.150            tt_v1.8_25C_Nominal_25_func
     g23820/A1             0.600             0.750             -0.150            tt_v1.8_25C_Nominal_25_func
     cts_FE_OFC364_n_3938/A   0.600             0.750             -0.150            tt_v1.8_25C_Nominal_25_func
     g23823/A1             0.600             0.750             -0.150            tt_v1.8_25C_Nominal_25_func
     g25958/A1             0.600             0.750             -0.150            tt_v1.8_25C_Nominal_25_func
     g25957/A1             0.600             0.750             -0.150            tt_v1.8_25C_Nominal_25_func
     g25960/A1             0.600             0.750             -0.150            tt_v1.8_25C_Nominal_25_func
     g25959/A1             0.600             0.750             -0.150            tt_v1.8_25C_Nominal_25_func
     g25956/A1             0.600             0.750             -0.150            tt_v1.8_25C_Nominal_25_func
     g25963/A1             0.600             0.744             -0.144            tt_v1.8_25C_Nominal_25_func
     cts_FE_OFC363_n_3938/Y   0.600             0.743             -0.143            tt_v1.8_25C_Nominal_25_func
     g42841/A              0.600             0.711             -0.111            tt_v1.8_25C_Nominal_25_func
     g42840/A0             0.600             0.711             -0.111            tt_v1.8_25C_Nominal_25_func
     g42855/A              0.600             0.711             -0.111            tt_v1.8_25C_Nominal_25_func
     g42847/A0             0.600             0.711             -0.111            tt_v1.8_25C_Nominal_25_func
     g42844/A0             0.600             0.711             -0.111            tt_v1.8_25C_Nominal_25_func
     g42842/A0             0.600             0.711             -0.111            tt_v1.8_25C_Nominal_25_func
     g42837/A0             0.600             0.711             -0.111            tt_v1.8_25C_Nominal_25_func
     g42836/A0             0.600             0.711             -0.111            tt_v1.8_25C_Nominal_25_func
     g42833/A0             0.600             0.711             -0.111            tt_v1.8_25C_Nominal_25_func
     cts_FE_OFC285_n_4242/A   0.600             0.711             -0.111            tt_v1.8_25C_Nominal_25_func
     cts_FE_OFC284_n_4242/Y   0.600             0.708             -0.108            tt_v1.8_25C_Nominal_25_func
     g36332/S0             0.600             0.707             -0.107            tt_v1.8_25C_Nominal_25_func
     g36300/S0             0.600             0.707             -0.107            tt_v1.8_25C_Nominal_25_func
     g36522/S0             0.600             0.707             -0.107            tt_v1.8_25C_Nominal_25_func
     g36429/S0             0.600             0.707             -0.107            tt_v1.8_25C_Nominal_25_func
     g36269/S0             0.600             0.707             -0.107            tt_v1.8_25C_Nominal_25_func
     g36646/S0             0.600             0.707             -0.107            tt_v1.8_25C_Nominal_25_func
     g36491/S0             0.600             0.707             -0.107            tt_v1.8_25C_Nominal_25_func
     g36398/S0             0.600             0.707             -0.107            tt_v1.8_25C_Nominal_25_func
     g36364/S0             0.600             0.707             -0.107            tt_v1.8_25C_Nominal_25_func
     g36590/S0             0.600             0.707             -0.107            tt_v1.8_25C_Nominal_25_func
     g36862/S0             0.600             0.707             -0.107            tt_v1.8_25C_Nominal_25_func
     g36707/S0             0.600             0.707             -0.107            tt_v1.8_25C_Nominal_25_func
     g36552/S0             0.600             0.707             -0.107            tt_v1.8_25C_Nominal_25_func
     g37979/S0             0.600             0.706             -0.106            tt_v1.8_25C_Nominal_25_func
     g37978/S0             0.600             0.706             -0.106            tt_v1.8_25C_Nominal_25_func
     g37970/S0             0.600             0.706             -0.106            tt_v1.8_25C_Nominal_25_func
     g37961/S0             0.600             0.706             -0.106            tt_v1.8_25C_Nominal_25_func
     g37956/S0             0.600             0.706             -0.106            tt_v1.8_25C_Nominal_25_func
     g37982/S0             0.600             0.706             -0.106            tt_v1.8_25C_Nominal_25_func
     g37955/S0             0.600             0.706             -0.106            tt_v1.8_25C_Nominal_25_func
     g37983/S0             0.600             0.706             -0.106            tt_v1.8_25C_Nominal_25_func
     g37964/S0             0.600             0.706             -0.106            tt_v1.8_25C_Nominal_25_func
     g37963/S0             0.600             0.706             -0.106            tt_v1.8_25C_Nominal_25_func
     g37959/S0             0.600             0.706             -0.106            tt_v1.8_25C_Nominal_25_func
     g37972/S0             0.600             0.706             -0.106            tt_v1.8_25C_Nominal_25_func
     g37968/S0             0.600             0.706             -0.106            tt_v1.8_25C_Nominal_25_func
     g37967/S0             0.600             0.706             -0.106            tt_v1.8_25C_Nominal_25_func
     g37966/S0             0.600             0.706             -0.106            tt_v1.8_25C_Nominal_25_func
     g37954/S0             0.600             0.706             -0.106            tt_v1.8_25C_Nominal_25_func
     g37981/S0             0.600             0.706             -0.106            tt_v1.8_25C_Nominal_25_func
     g37973/S0             0.600             0.706             -0.106            tt_v1.8_25C_Nominal_25_func
     cts_FE_OFC383_n_54/A  0.600             0.706             -0.106            tt_v1.8_25C_Nominal_25_func
     g37988/S0             0.600             0.706             -0.106            tt_v1.8_25C_Nominal_25_func
     g37958/S0             0.600             0.706             -0.106            tt_v1.8_25C_Nominal_25_func
     g37975/S0             0.600             0.706             -0.106            tt_v1.8_25C_Nominal_25_func
     g37952/S0             0.600             0.706             -0.106            tt_v1.8_25C_Nominal_25_func
     g34158/S0             0.600             0.705             -0.105            tt_v1.8_25C_Nominal_25_func
     g37950/S0             0.600             0.705             -0.104            tt_v1.8_25C_Nominal_25_func
     g37949/S0             0.600             0.705             -0.104            tt_v1.8_25C_Nominal_25_func
     g37870/S0             0.600             0.705             -0.104            tt_v1.8_25C_Nominal_25_func
     g38020/S0             0.600             0.705             -0.104            tt_v1.8_25C_Nominal_25_func
     g37997/S0             0.600             0.704             -0.104            tt_v1.8_25C_Nominal_25_func
     g37875/S0             0.600             0.704             -0.104            tt_v1.8_25C_Nominal_25_func
     g34143/S0             0.600             0.704             -0.104            tt_v1.8_25C_Nominal_25_func
     g38007/S0             0.600             0.704             -0.104            tt_v1.8_25C_Nominal_25_func
     g37873/S0             0.600             0.704             -0.104            tt_v1.8_25C_Nominal_25_func
     g37872/S0             0.600             0.703             -0.103            tt_v1.8_25C_Nominal_25_func
     g37951/S0             0.600             0.703             -0.103            tt_v1.8_25C_Nominal_25_func
     g37969/S0             0.600             0.703             -0.103            tt_v1.8_25C_Nominal_25_func
     g37871/S0             0.600             0.702             -0.102            tt_v1.8_25C_Nominal_25_func
     g37874/S0             0.600             0.702             -0.102            tt_v1.8_25C_Nominal_25_func
     g37993/S0             0.600             0.702             -0.102            tt_v1.8_25C_Nominal_25_func
     g37994/S0             0.600             0.702             -0.102            tt_v1.8_25C_Nominal_25_func
     g37991/S0             0.600             0.701             -0.101            tt_v1.8_25C_Nominal_25_func
     cts_FE_OFC382_n_54/Y  0.600             0.700             -0.100            tt_v1.8_25C_Nominal_25_func
     prects_FE_OFC655_n_7527/Y   0.600             0.700             -0.100            tt_v1.8_25C_Nominal_25_func
     g46817/A1             0.600             0.697             -0.097            tt_v1.8_25C_Nominal_25_func
     g3407__1666/Y         0.600             0.697             -0.097            tt_v1.8_25C_Nominal_25_func
     cts_FE_OFC280_n_1071/A   0.600             0.688             -0.088            tt_v1.8_25C_Nominal_25_func
     g36997/S0             0.600             0.686             -0.086            tt_v1.8_25C_Nominal_25_func
     g36991/S0             0.600             0.685             -0.085            tt_v1.8_25C_Nominal_25_func
     g36993/S0             0.600             0.683             -0.083            tt_v1.8_25C_Nominal_25_func
     g36998/S0             0.600             0.681             -0.081            tt_v1.8_25C_Nominal_25_func
     g36994/S0             0.600             0.680             -0.080            tt_v1.8_25C_Nominal_25_func
     g36924/S0             0.600             0.678             -0.078            tt_v1.8_25C_Nominal_25_func
     g36738/S0             0.600             0.676             -0.076            tt_v1.8_25C_Nominal_25_func
     g36893/S0             0.600             0.671             -0.071            tt_v1.8_25C_Nominal_25_func
     g37628/Y              0.600             0.671             -0.071            tt_v1.8_25C_Nominal_25_func
     g38262/B              0.600             0.663             -0.063            tt_v1.8_25C_Nominal_25_func
     prects_FE_OFC1071_n_55/A   0.600             0.663             -0.063            tt_v1.8_25C_Nominal_25_func
     g38341/B              0.600             0.663             -0.062            tt_v1.8_25C_Nominal_25_func
     g38195/B              0.600             0.663             -0.062            tt_v1.8_25C_Nominal_25_func
     g38194/B              0.600             0.663             -0.062            tt_v1.8_25C_Nominal_25_func
     g38192/B              0.600             0.663             -0.062            tt_v1.8_25C_Nominal_25_func
     g38191/B              0.600             0.663             -0.062            tt_v1.8_25C_Nominal_25_func
     g38882/B              0.600             0.663             -0.062            tt_v1.8_25C_Nominal_25_func
     g43482/B              0.600             0.663             -0.062            tt_v1.8_25C_Nominal_25_func
     g38190/B              0.600             0.663             -0.062            tt_v1.8_25C_Nominal_25_func
     g38086/B              0.600             0.662             -0.062            tt_v1.8_25C_Nominal_25_func
     g38165/B              0.600             0.662             -0.062            tt_v1.8_25C_Nominal_25_func
     g38087/B              0.600             0.662             -0.062            tt_v1.8_25C_Nominal_25_func
     g38062/B              0.600             0.662             -0.062            tt_v1.8_25C_Nominal_25_func
     g38182/B              0.600             0.661             -0.061            tt_v1.8_25C_Nominal_25_func
     g38259/B              0.600             0.661             -0.061            tt_v1.8_25C_Nominal_25_func
     g38169/B              0.600             0.661             -0.061            tt_v1.8_25C_Nominal_25_func
     g38263/B              0.600             0.661             -0.061            tt_v1.8_25C_Nominal_25_func
     g38140/B              0.600             0.659             -0.059            tt_v1.8_25C_Nominal_25_func
     g38137/B              0.600             0.659             -0.059            tt_v1.8_25C_Nominal_25_func
     g38129/B              0.600             0.659             -0.059            tt_v1.8_25C_Nominal_25_func
     g38127/B              0.600             0.659             -0.059            tt_v1.8_25C_Nominal_25_func
     g38141/B              0.600             0.659             -0.059            tt_v1.8_25C_Nominal_25_func
     g38057/B              0.600             0.659             -0.059            tt_v1.8_25C_Nominal_25_func
     g38114/B              0.600             0.659             -0.059            tt_v1.8_25C_Nominal_25_func
     g38098/B              0.600             0.659             -0.059            tt_v1.8_25C_Nominal_25_func
     cts_FE_OFC237_n_164/A 0.600             0.659             -0.059            tt_v1.8_25C_Nominal_25_func
     g38136/B              0.600             0.659             -0.059            tt_v1.8_25C_Nominal_25_func
     g38091/B              0.600             0.659             -0.059            tt_v1.8_25C_Nominal_25_func
     InstructionDecode_Module_g360/A   0.600             0.654             -0.054            tt_v1.8_25C_Nominal_25_func
     g23824/Y              0.600             0.654             -0.054            tt_v1.8_25C_Nominal_25_func
     g38200/B              0.600             0.652             -0.052            tt_v1.8_25C_Nominal_25_func
     g34231/B1             0.600             0.650             -0.050            tt_v1.8_25C_Nominal_25_func
     g38214/A              0.600             0.650             -0.050            tt_v1.8_25C_Nominal_25_func
     g38097/A0             0.600             0.650             -0.050            tt_v1.8_25C_Nominal_25_func
     g43445/A              0.600             0.650             -0.050            tt_v1.8_25C_Nominal_25_func
     InstructionExecute_Module_ArthimeticLogicUnit_sub_39_42_Y_InstructionExecute_Module_ArthimeticLogicUnit_add_35_42_g4649/B   0.600             0.650             -0.050            tt_v1.8_25C_Nominal_25_func
     g43430/A              0.600             0.650             -0.050            tt_v1.8_25C_Nominal_25_func
     g43315/A              0.600             0.650             -0.050            tt_v1.8_25C_Nominal_25_func
     InstructionExecute_Module_ArthimeticLogicUnit_sub_39_42_Y_InstructionExecute_Module_ArthimeticLogicUnit_add_35_42_g4721/A   0.600             0.650             -0.050            tt_v1.8_25C_Nominal_25_func
     g43109/B0             0.600             0.650             -0.050            tt_v1.8_25C_Nominal_25_func
     InstructionExecute_Module_ArthimeticLogicUnit_lt_43_52_g1103/A0   0.600             0.650             -0.050            tt_v1.8_25C_Nominal_25_func
     cts_FE_OFC245_n_7839/Y   0.600             0.647             -0.047            tt_v1.8_25C_Nominal_25_func
     g38193/B              0.600             0.643             -0.043            tt_v1.8_25C_Nominal_25_func
     g37183/B              0.600             0.643             -0.043            tt_v1.8_25C_Nominal_25_func
     g37173/B              0.600             0.643             -0.043            tt_v1.8_25C_Nominal_25_func
     g37164/B              0.600             0.643             -0.043            tt_v1.8_25C_Nominal_25_func
     g37155/A              0.600             0.643             -0.043            tt_v1.8_25C_Nominal_25_func
     g37128/A              0.600             0.643             -0.043            tt_v1.8_25C_Nominal_25_func
     g37237/A              0.600             0.643             -0.043            tt_v1.8_25C_Nominal_25_func
     g37191/B              0.600             0.643             -0.043            tt_v1.8_25C_Nominal_25_func
     g37075/A              0.600             0.643             -0.043            tt_v1.8_25C_Nominal_25_func
     g37048/B              0.600             0.643             -0.043            tt_v1.8_25C_Nominal_25_func
     g37039/B              0.600             0.643             -0.043            tt_v1.8_25C_Nominal_25_func
     g36994/A              0.600             0.643             -0.043            tt_v1.8_25C_Nominal_25_func
     g37084/A              0.600             0.643             -0.043            tt_v1.8_25C_Nominal_25_func
     g36985/A              0.600             0.643             -0.043            tt_v1.8_25C_Nominal_25_func
     g37146/B              0.600             0.642             -0.042            tt_v1.8_25C_Nominal_25_func
     g37136/B              0.600             0.642             -0.042            tt_v1.8_25C_Nominal_25_func
     g37030/B              0.600             0.642             -0.042            tt_v1.8_25C_Nominal_25_func
     g37021/B              0.600             0.642             -0.042            tt_v1.8_25C_Nominal_25_func
     g37228/B              0.600             0.642             -0.042            tt_v1.8_25C_Nominal_25_func
     g37218/B              0.600             0.642             -0.042            tt_v1.8_25C_Nominal_25_func
     g37210/A              0.600             0.642             -0.042            tt_v1.8_25C_Nominal_25_func
     g37201/A              0.600             0.642             -0.042            tt_v1.8_25C_Nominal_25_func
     g37012/A              0.600             0.642             -0.042            tt_v1.8_25C_Nominal_25_func
     g37255/A              0.600             0.642             -0.042            tt_v1.8_25C_Nominal_25_func
     g37246/A              0.600             0.642             -0.042            tt_v1.8_25C_Nominal_25_func
     g37003/A              0.600             0.642             -0.042            tt_v1.8_25C_Nominal_25_func
     g37120/B              0.600             0.642             -0.042            tt_v1.8_25C_Nominal_25_func
     g37111/B              0.600             0.642             -0.042            tt_v1.8_25C_Nominal_25_func
     g37102/B              0.600             0.642             -0.042            tt_v1.8_25C_Nominal_25_func
     g37093/B              0.600             0.642             -0.042            tt_v1.8_25C_Nominal_25_func
     g37066/A              0.600             0.642             -0.042            tt_v1.8_25C_Nominal_25_func
     g37057/A              0.600             0.642             -0.042            tt_v1.8_25C_Nominal_25_func
     g38158/B              0.600             0.640             -0.040            tt_v1.8_25C_Nominal_25_func
     g38120/B              0.600             0.640             -0.040            tt_v1.8_25C_Nominal_25_func
     g38157/B              0.600             0.640             -0.040            tt_v1.8_25C_Nominal_25_func
     g38101/B              0.600             0.640             -0.040            tt_v1.8_25C_Nominal_25_func
     g38100/B              0.600             0.640             -0.040            tt_v1.8_25C_Nominal_25_func
     g38099/B              0.600             0.640             -0.040            tt_v1.8_25C_Nominal_25_func
     g38161/B              0.600             0.640             -0.040            tt_v1.8_25C_Nominal_25_func
     g38207/B              0.600             0.640             -0.040            tt_v1.8_25C_Nominal_25_func
     g3634__5477/A1        0.600             0.637             -0.037            tt_v1.8_25C_Nominal_25_func
     g3628__9945/A1        0.600             0.637             -0.037            tt_v1.8_25C_Nominal_25_func
     g3624__7482/A1        0.600             0.637             -0.037            tt_v1.8_25C_Nominal_25_func
     g3616__2802/A1        0.600             0.637             -0.037            tt_v1.8_25C_Nominal_25_func
     g3607__2398/A1        0.600             0.637             -0.037            tt_v1.8_25C_Nominal_25_func
     g3636__5107/A1        0.600             0.637             -0.037            tt_v1.8_25C_Nominal_25_func
     g3588__2802/A1        0.600             0.637             -0.037            tt_v1.8_25C_Nominal_25_func
     g3647__8246/A1        0.600             0.637             -0.037            tt_v1.8_25C_Nominal_25_func
     g3605__6417/A1        0.600             0.637             -0.037            tt_v1.8_25C_Nominal_25_func
     g3603__1666/A1        0.600             0.637             -0.037            tt_v1.8_25C_Nominal_25_func
     g3590__5122/A1        0.600             0.637             -0.037            tt_v1.8_25C_Nominal_25_func
     g3620__7098/A1        0.600             0.637             -0.037            tt_v1.8_25C_Nominal_25_func
     prects_FE_OFC1151_n_918/A   0.600             0.636             -0.036            tt_v1.8_25C_Nominal_25_func
     g36731/S0             0.600             0.636             -0.036            tt_v1.8_25C_Nominal_25_func
     g36917/S0             0.600             0.636             -0.036            tt_v1.8_25C_Nominal_25_func
     g36886/S0             0.600             0.636             -0.036            tt_v1.8_25C_Nominal_25_func
     g37808/Y              0.600             0.636             -0.036            tt_v1.8_25C_Nominal_25_func
     prects_FE_OFC1150_n_918/A   0.600             0.636             -0.036            tt_v1.8_25C_Nominal_25_func
     cts_FE_OFC73_MainMemory_n_58/A   0.600             0.634             -0.034            tt_v1.8_25C_Nominal_25_func
     g38167/B              0.600             0.634             -0.034            tt_v1.8_25C_Nominal_25_func
     g3716__7410/A1        0.600             0.632             -0.032            tt_v1.8_25C_Nominal_25_func
     g3699__1617/A1        0.600             0.632             -0.032            tt_v1.8_25C_Nominal_25_func
     g3693__6260/A1        0.600             0.632             -0.032            tt_v1.8_25C_Nominal_25_func
     g3759__8246/A1        0.600             0.632             -0.032            tt_v1.8_25C_Nominal_25_func
     g3732__7098/A1        0.600             0.632             -0.032            tt_v1.8_25C_Nominal_25_func
     g3659__1666/A1        0.600             0.632             -0.032            tt_v1.8_25C_Nominal_25_func
     g3779__8428/A1        0.600             0.632             -0.032            tt_v1.8_25C_Nominal_25_func
     g3795__9315/A1        0.600             0.632             -0.032            tt_v1.8_25C_Nominal_25_func
     g3771__1666/A1        0.600             0.632             -0.032            tt_v1.8_25C_Nominal_25_func
     g3686__2346/A1        0.600             0.632             -0.032            tt_v1.8_25C_Nominal_25_func
     g3661__6417/A1        0.600             0.632             -0.032            tt_v1.8_25C_Nominal_25_func
     g3650__1881/A1        0.600             0.632             -0.032            tt_v1.8_25C_Nominal_25_func
     g3720__5107/A1        0.600             0.632             -0.032            tt_v1.8_25C_Nominal_25_func
     g3799__1666/A1        0.600             0.632             -0.032            tt_v1.8_25C_Nominal_25_func
     g3644__2802/A1        0.600             0.632             -0.032            tt_v1.8_25C_Nominal_25_func
     g3679__5115/A1        0.600             0.632             -0.032            tt_v1.8_25C_Nominal_25_func
     g3754__3680/A1        0.600             0.632             -0.031            tt_v1.8_25C_Nominal_25_func
     g3740__9945/A1        0.600             0.632             -0.031            tt_v1.8_25C_Nominal_25_func
     g3695__8428/A1        0.600             0.632             -0.031            tt_v1.8_25C_Nominal_25_func
     g3783__1617/A1        0.600             0.632             -0.031            tt_v1.8_25C_Nominal_25_func
     g3723__8428/A1        0.600             0.631             -0.031            tt_v1.8_25C_Nominal_25_func
     g3683__9315/A1        0.600             0.631             -0.031            tt_v1.8_25C_Nominal_25_func
     g3653__4733/A1        0.600             0.631             -0.031            tt_v1.8_25C_Nominal_25_func
     g3613__6783/A1        0.600             0.631             -0.031            tt_v1.8_25C_Nominal_25_func
     g3762__1881/A1        0.600             0.631             -0.031            tt_v1.8_25C_Nominal_25_func
     g3744__7410/A1        0.600             0.631             -0.031            tt_v1.8_25C_Nominal_25_func
     g3597__4733/A1        0.600             0.631             -0.031            tt_v1.8_25C_Nominal_25_func
     g3792__7482/A1        0.600             0.631             -0.031            tt_v1.8_25C_Nominal_25_func
     cts_FE_OFC311_n_4601/Y   0.600             0.631             -0.031            tt_v1.8_25C_Nominal_25_func
     g3622__1881/A1        0.600             0.630             -0.030            tt_v1.8_25C_Nominal_25_func
     g3626__6161/A1        0.600             0.628             -0.028            tt_v1.8_25C_Nominal_25_func
     g3602__2346/A1        0.600             0.628             -0.028            tt_v1.8_25C_Nominal_25_func
     g3637__6260/A1        0.600             0.628             -0.028            tt_v1.8_25C_Nominal_25_func
     g3615__1617/A1        0.600             0.628             -0.028            tt_v1.8_25C_Nominal_25_func
     g3599__9315/A1        0.600             0.628             -0.028            tt_v1.8_25C_Nominal_25_func
     g3639__8428/A1        0.600             0.628             -0.028            tt_v1.8_25C_Nominal_25_func
     g38189/B              0.600             0.628             -0.028            tt_v1.8_25C_Nominal_25_func
     g3633__6417/A1        0.600             0.627             -0.027            tt_v1.8_25C_Nominal_25_func
     g38154/B              0.600             0.627             -0.027            tt_v1.8_25C_Nominal_25_func
     g3642__3680/A1        0.600             0.627             -0.026            tt_v1.8_25C_Nominal_25_func
     g3630__2346/A1        0.600             0.627             -0.026            tt_v1.8_25C_Nominal_25_func
     cts_FE_OFC337_n_7780/Y   0.600             0.625             -0.025            tt_v1.8_25C_Nominal_25_func
     g38088/B              0.600             0.624             -0.024            tt_v1.8_25C_Nominal_25_func
     prects_FE_OFC124_MainMemory_n_58/Y   0.600             0.624             -0.024            tt_v1.8_25C_Nominal_25_func
     g38198/B              0.600             0.620             -0.020            tt_v1.8_25C_Nominal_25_func
     g38089/B              0.600             0.619             -0.019            tt_v1.8_25C_Nominal_25_func
     g25965/A0             0.600             0.619             -0.019            tt_v1.8_25C_Nominal_25_func
     InstructionDecode_Module_J_IMM_reg[10]/D   0.600             0.619             -0.019            tt_v1.8_25C_Nominal_25_func
     g37860/C0             0.600             0.619             -0.019            tt_v1.8_25C_Nominal_25_func
     g43006/A0             0.600             0.618             -0.018            tt_v1.8_25C_Nominal_25_func
     g38102/B              0.600             0.617             -0.017            tt_v1.8_25C_Nominal_25_func
     g38203/B              0.600             0.616             -0.016            tt_v1.8_25C_Nominal_25_func
     InstructionDecode_Module_g345/OE   0.600             0.616             -0.016            tt_v1.8_25C_Nominal_25_func
     InstructionDecode_Module_g343/OE   0.600             0.616             -0.016            tt_v1.8_25C_Nominal_25_func
     InstructionDecode_Module_g344/OE   0.600             0.616             -0.016            tt_v1.8_25C_Nominal_25_func
     InstructionDecode_Module_g334/OE   0.600             0.616             -0.016            tt_v1.8_25C_Nominal_25_func
     InstructionDecode_Module_g335/OE   0.600             0.616             -0.016            tt_v1.8_25C_Nominal_25_func
     InstructionDecode_Module_g333/OE   0.600             0.616             -0.016            tt_v1.8_25C_Nominal_25_func
     InstructionDecode_Module_g336/OE   0.600             0.616             -0.016            tt_v1.8_25C_Nominal_25_func
     InstructionDecode_Module_g342/OE   0.600             0.616             -0.016            tt_v1.8_25C_Nominal_25_func
     InstructionDecode_Module_g330/OE   0.600             0.616             -0.016            tt_v1.8_25C_Nominal_25_func
     InstructionDecode_Module_g332/OE   0.600             0.616             -0.016            tt_v1.8_25C_Nominal_25_func
     InstructionDecode_Module_g331/OE   0.600             0.616             -0.016            tt_v1.8_25C_Nominal_25_func
     InstructionDecode_Module_g327/OE   0.600             0.616             -0.016            tt_v1.8_25C_Nominal_25_func
     InstructionDecode_Module_g324/OE   0.600             0.615             -0.015            tt_v1.8_25C_Nominal_25_func
     InstructionDecode_Module_g329/OE   0.600             0.615             -0.015            tt_v1.8_25C_Nominal_25_func
     InstructionDecode_Module_g325/OE   0.600             0.615             -0.015            tt_v1.8_25C_Nominal_25_func
     InstructionDecode_Module_g326/OE   0.600             0.615             -0.015            tt_v1.8_25C_Nominal_25_func
     InstructionDecode_Module_g337/OE   0.600             0.615             -0.015            tt_v1.8_25C_Nominal_25_func
     InstructionDecode_Module_g338/OE   0.600             0.615             -0.015            tt_v1.8_25C_Nominal_25_func
     InstructionDecode_Module_g340/OE   0.600             0.615             -0.015            tt_v1.8_25C_Nominal_25_func
     InstructionDecode_Module_g341/OE   0.600             0.615             -0.015            tt_v1.8_25C_Nominal_25_func
     InstructionDecode_Module_g328/OE   0.600             0.615             -0.015            tt_v1.8_25C_Nominal_25_func
     InstructionDecode_Module_g320/OE   0.600             0.615             -0.015            tt_v1.8_25C_Nominal_25_func
     InstructionDecode_Module_g321/OE   0.600             0.615             -0.015            tt_v1.8_25C_Nominal_25_func
     InstructionDecode_Module_g322/OE   0.600             0.615             -0.015            tt_v1.8_25C_Nominal_25_func
     InstructionDecode_Module_g323/OE   0.600             0.615             -0.015            tt_v1.8_25C_Nominal_25_func
     InstructionDecode_Module_g319/OE   0.600             0.615             -0.015            tt_v1.8_25C_Nominal_25_func
     InstructionDecode_Module_g317/OE   0.600             0.615             -0.015            tt_v1.8_25C_Nominal_25_func
     InstructionDecode_Module_g318/OE   0.600             0.615             -0.015            tt_v1.8_25C_Nominal_25_func
     InstructionDecode_Module_g2/OE   0.600             0.615             -0.015            tt_v1.8_25C_Nominal_25_func
     InstructionDecode_Module_g316/OE   0.600             0.615             -0.015            tt_v1.8_25C_Nominal_25_func
     InstructionDecode_Module_g315/OE   0.600             0.615             -0.015            tt_v1.8_25C_Nominal_25_func
     InstructionDecode_Module_g339/OE   0.600             0.615             -0.015            tt_v1.8_25C_Nominal_25_func
     g25757/B0             0.600             0.614             -0.014            tt_v1.8_25C_Nominal_25_func
     g25749/C0             0.600             0.614             -0.014            tt_v1.8_25C_Nominal_25_func
     WriteBack_Module_g29/Y   0.600             0.614             -0.014            tt_v1.8_25C_Nominal_25_func
     g43242/A              0.600             0.613             -0.013            tt_v1.8_25C_Nominal_25_func
     g43207/A              0.600             0.613             -0.013            tt_v1.8_25C_Nominal_25_func
     g43305/A              0.600             0.613             -0.013            tt_v1.8_25C_Nominal_25_func
     g43296/B              0.600             0.613             -0.013            tt_v1.8_25C_Nominal_25_func
     g42874/A1             0.600             0.613             -0.013            tt_v1.8_25C_Nominal_25_func
     g37525/A0             0.600             0.613             -0.013            tt_v1.8_25C_Nominal_25_func
     g43099/A              0.600             0.613             -0.013            tt_v1.8_25C_Nominal_25_func
     g43050/C              0.600             0.613             -0.013            tt_v1.8_25C_Nominal_25_func
     cts_FE_OFC254_n_7835/A   0.600             0.613             -0.013            tt_v1.8_25C_Nominal_25_func
     InstructionExecute_Module_ArthimeticLogicUnit_sub_39_42_Y_InstructionExecute_Module_ArthimeticLogicUnit_add_35_42_g4604/A   0.600             0.613             -0.013            tt_v1.8_25C_Nominal_25_func
     cts_FE_OFC253_n_7835/Y   0.600             0.612             -0.012            tt_v1.8_25C_Nominal_25_func
     g38090/B              0.600             0.609             -0.009            tt_v1.8_25C_Nominal_25_func
     InstructionDecode_Module_g199/Y   0.600             0.608             -0.008            tt_v1.8_25C_Nominal_25_func
     InstructionDecode_Module_register_file_RF[9].RF_data_op_reg[18]/CK   0.150             0.155             -0.005            tt_v1.8_25C_Nominal_25_func
     InstructionDecode_Module_register_file_RF[8].RF_data_op_reg[18]/CK   0.150             0.155             -0.005            tt_v1.8_25C_Nominal_25_func
     InstructionDecode_Module_register_file_RF[7].RF_data_op_reg[24]/CK   0.150             0.155             -0.005            tt_v1.8_25C_Nominal_25_func
     InstructionDecode_Module_register_file_RF[7].RF_data_op_reg[23]/CK   0.150             0.155             -0.005            tt_v1.8_25C_Nominal_25_func
     InstructionDecode_Module_register_file_RF[7].RF_data_op_reg[22]/CK   0.150             0.155             -0.005            tt_v1.8_25C_Nominal_25_func
     InstructionDecode_Module_register_file_RF[7].RF_data_op_reg[20]/CK   0.150             0.155             -0.005            tt_v1.8_25C_Nominal_25_func
     InstructionDecode_Module_register_file_RF[6].RF_data_op_reg[24]/CK   0.150             0.155             -0.005            tt_v1.8_25C_Nominal_25_func
     InstructionDecode_Module_register_file_RF[6].RF_data_op_reg[22]/CK   0.150             0.155             -0.005            tt_v1.8_25C_Nominal_25_func
     InstructionDecode_Module_register_file_RF[6].RF_data_op_reg[20]/CK   0.150             0.155             -0.005            tt_v1.8_25C_Nominal_25_func
     InstructionDecode_Module_register_file_RF[6].RF_data_op_reg[18]/CK   0.150             0.155             -0.005            tt_v1.8_25C_Nominal_25_func
     InstructionDecode_Module_register_file_RF[5].RF_data_op_reg[24]/CK   0.150             0.155             -0.005            tt_v1.8_25C_Nominal_25_func
     InstructionDecode_Module_register_file_RF[5].RF_data_op_reg[23]/CK   0.150             0.155             -0.005            tt_v1.8_25C_Nominal_25_func
     InstructionDecode_Module_register_file_RF[5].RF_data_op_reg[22]/CK   0.150             0.155             -0.005            tt_v1.8_25C_Nominal_25_func
     InstructionDecode_Module_register_file_RF[5].RF_data_op_reg[20]/CK   0.150             0.155             -0.005            tt_v1.8_25C_Nominal_25_func
     InstructionDecode_Module_register_file_RF[4].RF_data_op_reg[24]/CK   0.150             0.155             -0.005            tt_v1.8_25C_Nominal_25_func
     InstructionDecode_Module_register_file_RF[4].RF_data_op_reg[23]/CK   0.150             0.155             -0.005            tt_v1.8_25C_Nominal_25_func
     InstructionDecode_Module_register_file_RF[4].RF_data_op_reg[22]/CK   0.150             0.155             -0.005            tt_v1.8_25C_Nominal_25_func
     InstructionDecode_Module_register_file_RF[4].RF_data_op_reg[20]/CK   0.150             0.155             -0.005            tt_v1.8_25C_Nominal_25_func
     InstructionDecode_Module_register_file_RF[3].RF_data_op_reg[24]/CK   0.150             0.155             -0.005            tt_v1.8_25C_Nominal_25_func
     InstructionDecode_Module_register_file_RF[3].RF_data_op_reg[22]/CK   0.150             0.155             -0.005            tt_v1.8_25C_Nominal_25_func
     InstructionDecode_Module_register_file_RF[3].RF_data_op_reg[20]/CK   0.150             0.155             -0.005            tt_v1.8_25C_Nominal_25_func
     InstructionDecode_Module_register_file_RF[2].RF_data_op_reg[24]/CK   0.150             0.155             -0.005            tt_v1.8_25C_Nominal_25_func
     InstructionDecode_Module_register_file_RF[2].RF_data_op_reg[23]/CK   0.150             0.155             -0.005            tt_v1.8_25C_Nominal_25_func
     InstructionDecode_Module_register_file_RF[2].RF_data_op_reg[22]/CK   0.150             0.155             -0.005            tt_v1.8_25C_Nominal_25_func
     InstructionDecode_Module_register_file_RF[2].RF_data_op_reg[20]/CK   0.150             0.155             -0.005            tt_v1.8_25C_Nominal_25_func
     InstructionDecode_Module_register_file_RF[1].RF_data_op_reg[24]/CK   0.150             0.155             -0.005            tt_v1.8_25C_Nominal_25_func
     InstructionDecode_Module_register_file_RF[1].RF_data_op_reg[23]/CK   0.150             0.155             -0.005            tt_v1.8_25C_Nominal_25_func
     InstructionDecode_Module_register_file_RF[1].RF_data_op_reg[22]/CK   0.150             0.155             -0.005            tt_v1.8_25C_Nominal_25_func
     InstructionDecode_Module_register_file_RF[1].RF_data_op_reg[20]/CK   0.150             0.155             -0.005            tt_v1.8_25C_Nominal_25_func
     InstructionDecode_Module_register_file_RF[1].RF_data_op_reg[18]/CK   0.150             0.155             -0.005            tt_v1.8_25C_Nominal_25_func
     InstructionDecode_Module_register_file_RF[23].RF_data_op_reg[20]/CK   0.150             0.155             -0.005            tt_v1.8_25C_Nominal_25_func
     InstructionDecode_Module_register_file_RF[22].RF_data_op_reg[20]/CK   0.150             0.155             -0.005            tt_v1.8_25C_Nominal_25_func
     InstructionDecode_Module_register_file_RF[21].RF_data_op_reg[20]/CK   0.150             0.155             -0.005            tt_v1.8_25C_Nominal_25_func
     InstructionDecode_Module_register_file_RF[18].RF_data_op_reg[20]/CK   0.150             0.155             -0.005            tt_v1.8_25C_Nominal_25_func
     InstructionDecode_Module_alu_operand_a_ex_op_reg[2]/CK   0.150             0.155             -0.005            tt_v1.8_25C_Nominal_25_func
     InstructionDecode_Module_id_pc_addr_pt_op_reg[2]/CK   0.150             0.155             -0.005            tt_v1.8_25C_Nominal_25_func
     InstructionFetch_Module_instr_pc_addr_op_reg[2]/CK   0.150             0.155             -0.005            tt_v1.8_25C_Nominal_25_func
     InstructionFetch_Module_FetchModule_PC_reg[3]/CK   0.150             0.155             -0.005            tt_v1.8_25C_Nominal_25_func
     InstructionFetch_Module_FetchModule_PC_reg[2]/CK   0.150             0.155             -0.005            tt_v1.8_25C_Nominal_25_func
     InstructionExecute_Module_ex_pc_addr_pt_op_reg[2]/CK   0.150             0.155             -0.005            tt_v1.8_25C_Nominal_25_func
     InstructionDecode_Module_alu_operand_b_ex_op_reg[4]/CK   0.150             0.155             -0.005            tt_v1.8_25C_Nominal_25_func
     LoadStoreUnit_lsu_pc_addr_pt_op_reg[2]/CK   0.150             0.155             -0.005            tt_v1.8_25C_Nominal_25_func
     InstructionFetch_Module_instr_pc_addr_op_reg[3]/CK   0.150             0.155             -0.005            tt_v1.8_25C_Nominal_25_func
     InstructionDecode_Module_alu_operand_b_ex_op_reg[3]/CK   0.150             0.155             -0.005            tt_v1.8_25C_Nominal_25_func
     g38273/B1             0.600             0.605             -0.005            tt_v1.8_25C_Nominal_25_func
     g3400__7482/Y         0.600             0.604             -0.004            tt_v1.8_25C_Nominal_25_func
     g3816__7098/B1        0.600             0.603             -0.003            tt_v1.8_25C_Nominal_25_func
     g3888__5107/B1        0.600             0.603             -0.003            tt_v1.8_25C_Nominal_25_func
     g3856__7410/B1        0.600             0.603             -0.003            tt_v1.8_25C_Nominal_25_func
     g3814__5122/B1        0.600             0.603             -0.003            tt_v1.8_25C_Nominal_25_func
     g4032__5526/B1        0.600             0.603             -0.003            tt_v1.8_25C_Nominal_25_func
     g3879__9315/B1        0.600             0.603             -0.003            tt_v1.8_25C_Nominal_25_func
     g3863__8428/B1        0.600             0.603             -0.003            tt_v1.8_25C_Nominal_25_func
     g3861__6260/B1        0.600             0.603             -0.003            tt_v1.8_25C_Nominal_25_func
     g3839__1617/B1        0.600             0.603             -0.003            tt_v1.8_25C_Nominal_25_func
     g3890__4319/B1        0.600             0.603             -0.003            tt_v1.8_25C_Nominal_25_func
     g3818__1881/B1        0.600             0.603             -0.003            tt_v1.8_25C_Nominal_25_func
     g3841__1705/B1        0.600             0.603             -0.003            tt_v1.8_25C_Nominal_25_func

Check type : max_fanout
---------------------------
 No Violations found
