**INFO: Starting Blocking QThread with 1 CPU
   ____________________________________________________________________
__/ message from Blocking QThread
*** QThread MetricCollect [begin] (IncrReplace #1 / place_opt_design #1) : mem = 1.9M
###############################################################
#  Generated by:      Cadence Innovus 25.11-s102_1
#  OS:                Linux x86_64(Host ID ece-linlabsrv01)
#  Generated on:      Mon Mar 23 21:59:25 2026
#  Design:            Core
#  Command:           place_opt_design -report_dir debug -report_prefix prects
###############################################################

REPORT ANALYSIS SUMMARY (View:tt_v1.8_25C_Nominal_25_func) (EL:Setup)
=========================================================================================================================================================================================================

GroupType:*
=========================================================================================================================================================================================================

         All                             IN2REG                          IN2OUT                           REG2REG                              REG2OUT
    -----------------------------------------------------------------------------------------------------------------------------------------------------------------------------------------------------  
     WNS:TNS:#VIO                     WNS:TNS:#VIO                     WNS:TNS:#VIO                     WNS:TNS:#VIO                     WNS:TNS:#VIO                     FromClk->ToClk                   
    -----------------------------------------------------------------------------------------------------------------------------------------------------------------------------------------------------  
    -5.411:-197.211:73               0.000:0.000:0                    0.000:0.000:0                    -5.411:-197.211:73               0.000:0.000:0                    *->*
Ending "set_metric_timing_analysis_summary" (total cpu=0:00:00.1, real=0:00:00.0, peak res=3057.1M, current mem=2350.4M)
Ending "get_summary_setup_timing" (total cpu=0:00:00.2, real=0:00:00.0, peak res=3057.1M, current mem=2351.6M)
*** QThread MetricCollect [finish] (IncrReplace #1 / place_opt_design #1) : cpu/real = 0:00:00.6/0:00:00.6 (1.0), mem = 41.8M
_______________________________________________________________________
