 ------------------------------------------------------------------------------------------------------------------------------------------ 
| Snapshot                | WNS                  | TNS                  | Density (%) | Hotspot      | Resource               | DRVs       |
|                         | HEPG (ns) | ALL (ns) | HEPG (ns) | ALL (ns) |             | Max  | Total | Real (s) | Memory (MB) | Tran | Cap |
|-------------------------+-----------+----------+-----------+----------+-------------+------+-------+----------+-------------+------+-----|
| initial_summary         |     0.548 |    0.548 |           |        0 |       38.01 |      |       | 0:00:05  |        2976 |   11 |   5 |
| route_type_refinement   |           |          |           |          |             |      |       | 0:00:00  |        2977 |      |     |
| simplify_netlist        |           |          |           |          |             |      |       | 0:00:01  |        2979 |      |     |
| excluded_clk_net_fixing |           |          |           |          |             |      |       | 0:00:00  |        2979 |      |     |
| drv_fixing              |     0.682 |    0.682 |         0 |        0 |       38.34 |      |       | 0:00:03  |        2991 |    8 |   0 |
| global_opt              |           |    0.682 |           |        0 |       38.34 |      |       | 0:00:01  |        2991 |      |     |
| area_reclaiming         |     0.685 |    0.685 |         0 |        0 |       37.92 |      |       | 0:00:07  |        2996 |      |     |
| drv_fixing_2            |     0.685 |    0.685 |         0 |        0 |       37.95 |      |       | 0:00:02  |        2996 |    7 |   0 |
| area_reclaiming_2       |     0.896 |    0.896 |         0 |        0 |       37.87 |      |       | 0:00:12  |        3042 |      |     |
| area_reclaiming_3       |     0.896 |    0.896 |         0 |        0 |       37.82 |      |       | 0:00:06  |        3042 |      |     |
| local_wire_reclaim      |           |          |           |          |             |      |       | 0:00:19  |        3039 |      |     |
| global_route            |           |          |           |          |             | 6.89 |  9.56 | 0:00:02  |        2969 |      |     |
| route_type_refinement_2 |           |          |           |          |             |      |       | 0:00:01  |        2969 |      |     |
| drv_eco_fixing          |     0.602 |    0.602 |         0 |        0 |       38.06 |      |       | 0:00:02  |        3021 |    8 |   0 |
| legalization            |           |          |           |          |             |      |       | 0:00:01  |        3023 |      |     |
| final_summary           |     0.602 |    0.602 |           |        0 |       38.01 | 5.78 |  7.56 | 0:00:05  |        3017 |    7 |   0 |
 ------------------------------------------------------------------------------------------------------------------------------------------ 
