###############################################################
#  Generated by:      Cadence Innovus 25.11-s102_1
#  OS:                Linux x86_64(Host ID ece-rschsrv.ece.gatech.edu)
#  Generated on:      Fri Mar 13 11:40:22 2026
#  Design:            Core
#  Command:           report_timing_summary -checks {setup drv} > [file join [get_db flow_report_directory] [get_db flow_report_name] [get_db flow_report_prefix]setup.analysis_summary.rpt]
###############################################################
# SETUP               WNS   TNS   FEP   
#--------------------------------------
    Group : in2reg    N/A   N/A     0  
    Group : reg2reg   N/A   N/A     0  
                                       
#--------------------------------------
 
# DRV                         WNS   TNS   FEP   
#----------------------------------------------
 View : ALL                                    
    Check : max_transition    N/A   N/A     0  
    Check : min_transition    N/A   N/A     0  
    Check : max_capacitance   N/A   N/A     0  
    Check : min_capacitance   N/A   N/A     0  
    Check : max_fanout        N/A   N/A     0  
    Check : min_fanout        N/A   N/A     0  
                                               
#----------------------------------------------
 
