Command: report datapath reports/syn_opt/area.datapath.rpt
Warning: '-sort' is not specified. By default, 'report datapath' orders the components based on instance name
============================================================
  Generated by:           Genus(TM) Synthesis Solution 25.11-s095_1
  Generated on:           Mar 13 2026  11:35:26 am
  Module:                 Core
  Library domain:         tt_v1.8_25C
    Domain index:         0
    Technology libraries: sky130_tt_1.8_25 1.0
                          sky130_sram_2kbyte_1rw1r_32x512_8_TT_1p8V_25C_lib 
  Operating conditions:   tt_1.8_25 
  Interconnect mode:      global
  Area mode:              physical library
============================================================

Type              CellArea  Percentage
--------------------------------------
datapath modules      0.00        -nan
external muxes        0.00        -nan
others                0.00        -nan
--------------------------------------
total                 0.00      100.00
