Command: report datapath reports/syn_generic/area.datapath.rpt
Warning: '-sort' is not specified. By default, 'report datapath' orders the components based on instance name
============================================================
  Generated by:           Genus(TM) Synthesis Solution 25.11-s095_1
  Generated on:           Mar 13 2026  11:31:35 am
  Module:                 Core
  Library domain:         tt_v1.8_25C
    Domain index:         0
    Technology libraries: sky130_tt_1.8_25 1.0
                          sky130_sram_2kbyte_1rw1r_32x512_8_TT_1p8V_25C_lib 
  Operating conditions:   tt_1.8_25 
  Interconnect mode:      global
  Area mode:              physical library
============================================================



Inferred components

                            Operator Signedness          Architecture                    Inputs    Outputs        CellArea LogicLevels 
=======================================================================================================================================
Core
InstructionDecode_Module_add_243_34 module:add_unsigned_128_402 
                                   +   unsigned             very_fast                      30x1         30         1365.54          30 
=======================================================================================================================================
Core
InstructionExecute_Module_ArthimeticLogicUnit_lt_43_52 module:lt_signed_rtlopto_model_476 
                                   <     signed             very_fast                     32x32          1         1489.69          49 
=======================================================================================================================================
Core
InstructionExecute_Module_ArthimeticLogicUnit_sub_39_42_Y_InstructionExecute_Module_ArthimeticLogicUnit_add_35_42 module:addsub_unsigned_141 
 equation: assign Z = AS ? A-B : A+B; 
                                +, -   unsigned             very_fast                   32x32x1         32         4173.48          66 

Related RTL operators:
InstructionExec                    -   unsigned             very_fast                     32x32         32                          14 
ute_Module_Arth                                                                                                                        
imeticLogicUnit                                                                                                                        
_sub_39_42                                                                                                                             
InstructionExec                    +   unsigned             very_fast                     32x32         32                          13 
ute_Module_Arth                                                                                                                        
imeticLogicUnit                                                                                                                        
_add_35_42                                                                                                                             
=======================================================================================================================================
Core
InstructionFetch_Module_add_69_35 module:add_unsigned_128_401 
                                   +   unsigned             very_fast                      30x1         30         1365.54          30 
=======================================================================================================================================
Core
WriteBack_Module_add_52_42 module:add_unsigned_128 
                                   +   unsigned             very_fast                      30x1         30         1365.54          30 
=======================================================================================================================================
Type               CellArea  Percentage
---------------------------------------
datapath modules    9759.80        6.70
external muxes         0.00        0.00
others            135933.79       93.30
---------------------------------------
total             145693.60      100.00
