============================================================
  Generated by:           Genus(TM) Synthesis Solution 25.11-s095_1
  Generated on:           Mar 13 2026  11:31:59 am
  Operating conditions:   tt_1.8_25 
  Interconnect mode:      global
  Area mode:              physical library
============================================================

                         Leakage   Internal          Library 
 Gate  Instances  Area Power (nW) Power (nW) Library  Domain 
-------------------------------------------------------------
-------------------------------------------------------------
total          0 0.000      0.000      0.000                 
                                        Leakage  Leakage   Internal  Internal 
     Type      Instances  Area Area % Power (nW) Power %  Power (nW)  Power % 
------------------------------------------------------------------------------
sequential          1423 0.000    0.0   4238.588    84.4 1794562.738     99.2 
inverter              18 0.000    0.0      2.008     0.0     189.785      0.0 
tristate             238 0.000    0.0    189.230     3.8    4202.567      0.2 
logic               6519 0.000    0.0    591.018    11.8    9826.302      0.5 
physical_cells         0 0.000    0.0      0.000     0.0       0.000      0.0 
------------------------------------------------------------------------------
total               8198 0.000    0.0   5020.844   100.0 1808781.393    100.0 
