=============================================================
   Generated by:   Genus(TM) Synthesis Solution 25.11-s095_1
   Generated on:   Mar 13 2026  11:31:59 am
   Reporting on:   design:Core
=============================================================

Summary
-------
|----------------------------------------------------------------|
|                              | Sinks          | Bits           |
|------------------------------+----------------+----------------|
| Total clock gates            | 0    (0.00%)   | -              |
| Total sinks                  | 1423 (100.00%) | 1423 (100.00%) |
|----------------------------------------------------------------|
| Synthesis clock gates        | 0    (0.00%)   | -              |
| User clock gates             | 0    (0.00%)   | -              |
|----------------------------------------------------------------|
| Sinks gated by Synthesis CGs | 0    (0.00%)   | 0    (0.00%)   |
| Sinks gated only by user CGs | 0    (0.00%)   | 0    (0.00%)   |
|----------------------------------------------------------------|
| Total gated sinks            | 0    (0.00%)   | 0    (0.00%)   |
| Total ungated sinks          | 1423 (100.00%) | 1423 (100.00%) |
|----------------------------------------------------------------|

Qualified Sinks Summary
-----------------------
|--------------------------------------------------------------------------------------------------------------|
|                                                | Of Total                        | Of Allowed / Not Allowed  |
|                                                | Sinks          | Bits           | Sinks       | Bits        |
|------------------------------------------------+----------------+----------------+-------------+-------------|
| Total sinks                                    | 1423 (100.00%) | 1423 (100.00%) | -           | -           |
|--------------------------------------------------------------------------------------------------------------|
|   Sinks allowed for Synthesis clock gating     | 1402 (98.52%)  | 1402 (98.52%)  | -           | -           |
|     Sinks not gated by Synthesis CGs           | 1402 (98.52%)  | 1402 (98.52%)  | 100.00%     | 100.00%     |
|--------------------------------------------------------------------------------------------------------------|
|   Sinks not allowed for Synthesis clock gating | 21   (1.48%)   | 21   (1.48%)   | -           | -           |
|     Latches                                    | 21   (1.48%)   | 21   (1.48%)   | 100.00%     | 100.00%     |
|--------------------------------------------------------------------------------------------------------------|

Level Summary
-------------
No clock gates found at any level

Multibit Sink Summary
---------------------
|-----------------------------------------------------------------------------------------|
| Width | Count | Bits | Gated by Synthesis CGs | Gated only by user CGs | Ungated        |
|-------+-------+------+------------------------+------------------------+----------------|
| 1-bit |  1423 | 1423 | 0 (0.00%)              | 0 (0.00%)              | 1423 (100.00%) |
|-----------------------------------------------------------------------------------------|

