============================================================
  Generated by:           Genus(TM) Synthesis Solution 25.11-s095_1
  Generated on:           Mar 13 2026  11:31:46 am
  Module:                 Core
  Operating conditions:   tt_1.8_25 
  Interconnect mode:      global
  Area mode:              physical library
============================================================


Path 1: MET (16674 ps) Setup Check with Pin InstructionFetch_Module_FetchModule_PC_reg[31]/clk->d
           View: tt_v1.8_25C_Nominal_25_func
          Group: core_clock
     Startpoint: (R) InstructionDecode_Module_EX_instruction_opcode_reg[0]657/clk
          Clock: (R) core_clock
       Endpoint: (R) InstructionFetch_Module_FetchModule_PC_reg[31]/d
          Clock: (R) core_clock

                     Capture       Launch     
        Clock Edge:+   25000            0     
       Src Latency:+       0            0     
       Net Latency:+       0 (I)        0 (I) 
           Arrival:=   25000            0     
                                              
             Setup:-      97                  
       Uncertainty:-     250                  
     Required Time:=   24653                  
      Launch Clock:-       0                  
         Data Path:-    7979                  
             Slack:=   16674                  

Launch clock path:
#-------------------------------------------------------------------------------------------------------------------------------------------
#                        Timing Point                          Flags   Arc   Edge      Cell        Fanout Load Trans Delay Arrival Instance 
#                                                                                                         (fF)  (ps)  (ps)   (ps)  Location 
#-------------------------------------------------------------------------------------------------------------------------------------------
  clock                                                        (i,u)   -     R     (arrival)         1402  0.0     0     0       0    (-,-) 
  clock                                                        -       -     -     (net)                -    -     -     -       -    (-,-) 
  clock                                                        -       -     -     (net)                -    -     -     -       -    (-,-) 
  InstructionDecode_Module_EX_instruction_opcode_reg[0]657/clk <<<     -     R     unmapped_d_flop   1402    -   150     0       0    (-,-) 
#-------------------------------------------------------------------------------------------------------------------------------------------

#-------------------------------------------------------------------------------------------------------------------------------------------------------------------------------------------------------------
#                                                       Timing Point                                                        Flags    Arc    Edge       Cell         Fanout  Load Trans Delay Arrival Instance 
#                                                                                                                                                                           (fF)  (ps)  (ps)   (ps)  Location 
#-------------------------------------------------------------------------------------------------------------------------------------------------------------------------------------------------------------
  InstructionDecode_Module_EX_instruction_opcode_reg[0]657/clk                                                              -       -       R     (arrival)           1402     -   150     0       0    (-,-) 
  InstructionDecode_Module_EX_instruction_opcode_reg[0]657/q                                                                (u)     clk->q  F     unmapped_d_flop        1   5.5     0   382     382    (-,-) 
  InstructionDecode_Module_EX_instruction_opcode[0]_3923                                                                    -       -       -     (net)                  -     -     -     -       -    (-,-) 
  InstructionDecode_Module_g108/z                                                                                           (u)     in_0->z R     unmapped_not          22 121.0     0   211     594    (-,-) 
  InstructionDecode_Module_n_1424                                                                                           -       -       -     (net)                  -     -     -     -       -    (-,-) 
  InstructionDecode_Module_g245/z                                                                                           (u)     in_1->z R     unmapped_bufif1        5  27.5     0   118     711    (-,-) 
  fwd_src2_reg_addr[0]                                                                                                      -       -       -     (net)                  -     -     -     -       -    (-,-) 
  g13114/z                                                                                                                  (u)     in_0->z R     unmapped_or2           1   5.5     0    64     775    (-,-) 
  n_18599                                                                                                                   -       -       -     (net)                  -     -     -     -       -    (-,-) 
  g13115/z                                                                                                                  (u)     in_1->z F     unmapped_nand2         1   5.5     0    64     839    (-,-) 
  n_21018                                                                                                                   -       -       -     (net)                  -     -     -     -       -    (-,-) 
  g12984/z                                                                                                                  (u)     in_1->z R     unmapped_nand2         1   5.5     0    64     903    (-,-) 
  ForwardController_Module_n_178                                                                                            -       -       -     (net)                  -     -     -     -       -    (-,-) 
  g12957/z                                                                                                                  (u)     in_0->z R     unmapped_complex2      1   5.5     0    64     967    (-,-) 
  n_21108                                                                                                                   -       -       -     (net)                  -     -     -     -       -    (-,-) 
  g12800/z                                                                                                                  (u)     in_1->z R     unmapped_or2           1   5.5     0    64    1031    (-,-) 
  n_21109                                                                                                                   -       -       -     (net)                  -     -     -     -       -    (-,-) 
  g12742/z                                                                                                                  (u)     in_1->z R     unmapped_complex2      1   5.5     0    64    1095    (-,-) 
  n_21110                                                                                                                   -       -       -     (net)                  -     -     -     -       -    (-,-) 
  g12717/z                                                                                                                  (u)     in_1->z R     unmapped_complex2      2  11.0     0    83    1178    (-,-) 
  ForwardController_Module_n_45                                                                                             -       -       -     (net)                  -     -     -     -       -    (-,-) 
  g12692/z                                                                                                                  (u)     in_1->z F     unmapped_nand2         1   5.5     0    64    1242    (-,-) 
  n_17148                                                                                                                   -       -       -     (net)                  -     -     -     -       -    (-,-) 
  g12535/z                                                                                                                  (u)     in_0->z R     unmapped_nand2         1   5.5     0    64    1306    (-,-) 
  n_17149                                                                                                                   -       -       -     (net)                  -     -     -     -       -    (-,-) 
  g12503/z                                                                                                                  (u)     in_0->z R     unmapped_or2          33 181.5     0   248    1555    (-,-) 
  n_5949                                                                                                                    -       -       -     (net)                  -     -     -     -       -    (-,-) 
  g12452/z                                                                                                                  (u)     in_1->z R     unmapped_complex2     32 176.0     0   247    1801    (-,-) 
  n_4697                                                                                                                    -       -       -     (net)                  -     -     -     -       -    (-,-) 
  g12283/z                                                                                                                  (u)     in_0->z R     unmapped_complex2      1   5.5     0    64    1865    (-,-) 
  n_18089                                                                                                                   -       -       -     (net)                  -     -     -     -       -    (-,-) 
  g12239/z                                                                                                                  (u)     in_1->z F     unmapped_nand2         1   5.5     0    64    1929    (-,-) 
  n_18091                                                                                                                   -       -       -     (net)                  -     -     -     -       -    (-,-) 
  g12186/z                                                                                                                  (u)     in_0->z F     unmapped_complex2     15  82.5     0   206    2136    (-,-) 
  n_4731                                                                                                                    -       -       -     (net)                  -     -     -     -       -    (-,-) 
  InstructionExecute_Module_ArthimeticLogicUnit_sub_39_42_Y_InstructionExecute_Module_ArthimeticLogicUnit_add_35_42/g2650/z (u)     in_1->z R     unmapped_complex2      2  11.0     0    83    2219    (-,-) 
  InstructionExecute_Module_ArthimeticLogicUnit_sub_39_42_Y_InstructionExecute_Module_ArthimeticLogicUnit_add_35_42/n_1374  -       -       -     (net)                  -     -     -     -       -    (-,-) 
  InstructionExecute_Module_ArthimeticLogicUnit_sub_39_42_Y_InstructionExecute_Module_ArthimeticLogicUnit_add_35_42/g2589/z (u)     in_1->z F     unmapped_nand2         3  16.5     0   101    2320    (-,-) 
  InstructionExecute_Module_ArthimeticLogicUnit_sub_39_42_Y_InstructionExecute_Module_ArthimeticLogicUnit_add_35_42/n_964   -       -       -     (net)                  -     -     -     -       -    (-,-) 
  InstructionExecute_Module_ArthimeticLogicUnit_sub_39_42_Y_InstructionExecute_Module_ArthimeticLogicUnit_add_35_42/g2547/z (u)     in_0->z F     unmapped_or2           1   5.5     0    64    2384    (-,-) 
  InstructionExecute_Module_ArthimeticLogicUnit_sub_39_42_Y_InstructionExecute_Module_ArthimeticLogicUnit_add_35_42/n_1485  -       -       -     (net)                  -     -     -     -       -    (-,-) 
  InstructionExecute_Module_ArthimeticLogicUnit_sub_39_42_Y_InstructionExecute_Module_ArthimeticLogicUnit_add_35_42/g2548/z (u)     in_1->z R     unmapped_nand2         3  16.5     0   101    2485    (-,-) 
  InstructionExecute_Module_ArthimeticLogicUnit_sub_39_42_Y_InstructionExecute_Module_ArthimeticLogicUnit_add_35_42/n_976   -       -       -     (net)                  -     -     -     -       -    (-,-) 
  InstructionExecute_Module_ArthimeticLogicUnit_sub_39_42_Y_InstructionExecute_Module_ArthimeticLogicUnit_add_35_42/g2353/z (u)     in_1->z F     unmapped_nand2         1   5.5     0    64    2549    (-,-) 
  InstructionExecute_Module_ArthimeticLogicUnit_sub_39_42_Y_InstructionExecute_Module_ArthimeticLogicUnit_add_35_42/n_1368  -       -       -     (net)                  -     -     -     -       -    (-,-) 
  InstructionExecute_Module_ArthimeticLogicUnit_sub_39_42_Y_InstructionExecute_Module_ArthimeticLogicUnit_add_35_42/g2542/z (u)     in_0->z R     unmapped_nand2         2  11.0     0    83    2632    (-,-) 
  InstructionExecute_Module_ArthimeticLogicUnit_sub_39_42_Y_InstructionExecute_Module_ArthimeticLogicUnit_add_35_42/n_983   -       -       -     (net)                  -     -     -     -       -    (-,-) 
  InstructionExecute_Module_ArthimeticLogicUnit_sub_39_42_Y_InstructionExecute_Module_ArthimeticLogicUnit_add_35_42/g2541/z (u)     in_0->z R     unmapped_complex2      2  11.0     0    83    2715    (-,-) 
  InstructionExecute_Module_ArthimeticLogicUnit_sub_39_42_Y_InstructionExecute_Module_ArthimeticLogicUnit_add_35_42/n_1310  -       -       -     (net)                  -     -     -     -       -    (-,-) 
  InstructionExecute_Module_ArthimeticLogicUnit_sub_39_42_Y_InstructionExecute_Module_ArthimeticLogicUnit_add_35_42/g2538/z (u)     in_1->z F     unmapped_nand2         2  11.0     0    83    2798    (-,-) 
  InstructionExecute_Module_ArthimeticLogicUnit_sub_39_42_Y_InstructionExecute_Module_ArthimeticLogicUnit_add_35_42/n_987   -       -       -     (net)                  -     -     -     -       -    (-,-) 
  InstructionExecute_Module_ArthimeticLogicUnit_sub_39_42_Y_InstructionExecute_Module_ArthimeticLogicUnit_add_35_42/g2536/z (u)     in_1->z R     unmapped_nand2         2  11.0     0    83    2882    (-,-) 
  InstructionExecute_Module_ArthimeticLogicUnit_sub_39_42_Y_InstructionExecute_Module_ArthimeticLogicUnit_add_35_42/n_1328  -       -       -     (net)                  -     -     -     -       -    (-,-) 
  InstructionExecute_Module_ArthimeticLogicUnit_sub_39_42_Y_InstructionExecute_Module_ArthimeticLogicUnit_add_35_42/g2534/z (u)     in_1->z F     unmapped_nand2         2  11.0     0    83    2965    (-,-) 
  InstructionExecute_Module_ArthimeticLogicUnit_sub_39_42_Y_InstructionExecute_Module_ArthimeticLogicUnit_add_35_42/n_995   -       -       -     (net)                  -     -     -     -       -    (-,-) 
  InstructionExecute_Module_ArthimeticLogicUnit_sub_39_42_Y_InstructionExecute_Module_ArthimeticLogicUnit_add_35_42/g2533/z (u)     in_1->z R     unmapped_nand2         2  11.0     0    83    3048    (-,-) 
  InstructionExecute_Module_ArthimeticLogicUnit_sub_39_42_Y_InstructionExecute_Module_ArthimeticLogicUnit_add_35_42/n_1311  -       -       -     (net)                  -     -     -     -       -    (-,-) 
  InstructionExecute_Module_ArthimeticLogicUnit_sub_39_42_Y_InstructionExecute_Module_ArthimeticLogicUnit_add_35_42/g2530/z (u)     in_1->z F     unmapped_nand2         2  11.0     0    83    3131    (-,-) 
  InstructionExecute_Module_ArthimeticLogicUnit_sub_39_42_Y_InstructionExecute_Module_ArthimeticLogicUnit_add_35_42/n_1000  -       -       -     (net)                  -     -     -     -       -    (-,-) 
  InstructionExecute_Module_ArthimeticLogicUnit_sub_39_42_Y_InstructionExecute_Module_ArthimeticLogicUnit_add_35_42/g2528/z (u)     in_1->z R     unmapped_nand2         2  11.0     0    83    3214    (-,-) 
  InstructionExecute_Module_ArthimeticLogicUnit_sub_39_42_Y_InstructionExecute_Module_ArthimeticLogicUnit_add_35_42/n_1318  -       -       -     (net)                  -     -     -     -       -    (-,-) 
  InstructionExecute_Module_ArthimeticLogicUnit_sub_39_42_Y_InstructionExecute_Module_ArthimeticLogicUnit_add_35_42/g2527/z (u)     in_1->z F     unmapped_nand2         2  11.0     0    83    3297    (-,-) 
  InstructionExecute_Module_ArthimeticLogicUnit_sub_39_42_Y_InstructionExecute_Module_ArthimeticLogicUnit_add_35_42/n_1005  -       -       -     (net)                  -     -     -     -       -    (-,-) 
  InstructionExecute_Module_ArthimeticLogicUnit_sub_39_42_Y_InstructionExecute_Module_ArthimeticLogicUnit_add_35_42/g2524/z (u)     in_1->z R     unmapped_nand2         2  11.0     0    83    3380    (-,-) 
  InstructionExecute_Module_ArthimeticLogicUnit_sub_39_42_Y_InstructionExecute_Module_ArthimeticLogicUnit_add_35_42/n_1329  -       -       -     (net)                  -     -     -     -       -    (-,-) 
  InstructionExecute_Module_ArthimeticLogicUnit_sub_39_42_Y_InstructionExecute_Module_ArthimeticLogicUnit_add_35_42/g2522/z (u)     in_1->z F     unmapped_nand2         2  11.0     0    83    3463    (-,-) 
  InstructionExecute_Module_ArthimeticLogicUnit_sub_39_42_Y_InstructionExecute_Module_ArthimeticLogicUnit_add_35_42/n_1010  -       -       -     (net)                  -     -     -     -       -    (-,-) 
  InstructionExecute_Module_ArthimeticLogicUnit_sub_39_42_Y_InstructionExecute_Module_ArthimeticLogicUnit_add_35_42/g2520/z (u)     in_1->z R     unmapped_nand2         2  11.0     0    83    3546    (-,-) 
  InstructionExecute_Module_ArthimeticLogicUnit_sub_39_42_Y_InstructionExecute_Module_ArthimeticLogicUnit_add_35_42/n_1334  -       -       -     (net)                  -     -     -     -       -    (-,-) 
  InstructionExecute_Module_ArthimeticLogicUnit_sub_39_42_Y_InstructionExecute_Module_ArthimeticLogicUnit_add_35_42/g2519/z (u)     in_1->z F     unmapped_nand2         2  11.0     0    83    3629    (-,-) 
  InstructionExecute_Module_ArthimeticLogicUnit_sub_39_42_Y_InstructionExecute_Module_ArthimeticLogicUnit_add_35_42/n_1015  -       -       -     (net)                  -     -     -     -       -    (-,-) 
  InstructionExecute_Module_ArthimeticLogicUnit_sub_39_42_Y_InstructionExecute_Module_ArthimeticLogicUnit_add_35_42/g2516/z (u)     in_1->z R     unmapped_nand2         2  11.0     0    83    3712    (-,-) 
  InstructionExecute_Module_ArthimeticLogicUnit_sub_39_42_Y_InstructionExecute_Module_ArthimeticLogicUnit_add_35_42/n_1312  -       -       -     (net)                  -     -     -     -       -    (-,-) 
  InstructionExecute_Module_ArthimeticLogicUnit_sub_39_42_Y_InstructionExecute_Module_ArthimeticLogicUnit_add_35_42/g2514/z (u)     in_1->z F     unmapped_nand2         2  11.0     0    83    3796    (-,-) 
  InstructionExecute_Module_ArthimeticLogicUnit_sub_39_42_Y_InstructionExecute_Module_ArthimeticLogicUnit_add_35_42/n_1020  -       -       -     (net)                  -     -     -     -       -    (-,-) 
  InstructionExecute_Module_ArthimeticLogicUnit_sub_39_42_Y_InstructionExecute_Module_ArthimeticLogicUnit_add_35_42/g2512/z (u)     in_1->z R     unmapped_nand2         2  11.0     0    83    3879    (-,-) 
  InstructionExecute_Module_ArthimeticLogicUnit_sub_39_42_Y_InstructionExecute_Module_ArthimeticLogicUnit_add_35_42/n_1315  -       -       -     (net)                  -     -     -     -       -    (-,-) 
  InstructionExecute_Module_ArthimeticLogicUnit_sub_39_42_Y_InstructionExecute_Module_ArthimeticLogicUnit_add_35_42/g2511/z (u)     in_1->z F     unmapped_nand2         2  11.0     0    83    3962    (-,-) 
  InstructionExecute_Module_ArthimeticLogicUnit_sub_39_42_Y_InstructionExecute_Module_ArthimeticLogicUnit_add_35_42/n_1025  -       -       -     (net)                  -     -     -     -       -    (-,-) 
  InstructionExecute_Module_ArthimeticLogicUnit_sub_39_42_Y_InstructionExecute_Module_ArthimeticLogicUnit_add_35_42/g2508/z (u)     in_1->z R     unmapped_nand2         2  11.0     0    83    4045    (-,-) 
  InstructionExecute_Module_ArthimeticLogicUnit_sub_39_42_Y_InstructionExecute_Module_ArthimeticLogicUnit_add_35_42/n_1319  -       -       -     (net)                  -     -     -     -       -    (-,-) 
  InstructionExecute_Module_ArthimeticLogicUnit_sub_39_42_Y_InstructionExecute_Module_ArthimeticLogicUnit_add_35_42/g2506/z (u)     in_1->z F     unmapped_nand2         2  11.0     0    83    4128    (-,-) 
  InstructionExecute_Module_ArthimeticLogicUnit_sub_39_42_Y_InstructionExecute_Module_ArthimeticLogicUnit_add_35_42/n_1030  -       -       -     (net)                  -     -     -     -       -    (-,-) 
  InstructionExecute_Module_ArthimeticLogicUnit_sub_39_42_Y_InstructionExecute_Module_ArthimeticLogicUnit_add_35_42/g2505/z (u)     in_1->z R     unmapped_nand2         2  11.0     0    83    4211    (-,-) 
  InstructionExecute_Module_ArthimeticLogicUnit_sub_39_42_Y_InstructionExecute_Module_ArthimeticLogicUnit_add_35_42/n_1322  -       -       -     (net)                  -     -     -     -       -    (-,-) 
  InstructionExecute_Module_ArthimeticLogicUnit_sub_39_42_Y_InstructionExecute_Module_ArthimeticLogicUnit_add_35_42/g2503/z (u)     in_1->z F     unmapped_nand2         2  11.0     0    83    4294    (-,-) 
  InstructionExecute_Module_ArthimeticLogicUnit_sub_39_42_Y_InstructionExecute_Module_ArthimeticLogicUnit_add_35_42/n_1035  -       -       -     (net)                  -     -     -     -       -    (-,-) 
  InstructionExecute_Module_ArthimeticLogicUnit_sub_39_42_Y_InstructionExecute_Module_ArthimeticLogicUnit_add_35_42/g2501/z (u)     in_1->z R     unmapped_nand2         2  11.0     0    83    4377    (-,-) 
  InstructionExecute_Module_ArthimeticLogicUnit_sub_39_42_Y_InstructionExecute_Module_ArthimeticLogicUnit_add_35_42/n_1332  -       -       -     (net)                  -     -     -     -       -    (-,-) 
  InstructionExecute_Module_ArthimeticLogicUnit_sub_39_42_Y_InstructionExecute_Module_ArthimeticLogicUnit_add_35_42/g2499/z (u)     in_1->z F     unmapped_nand2         2  11.0     0    83    4460    (-,-) 
  InstructionExecute_Module_ArthimeticLogicUnit_sub_39_42_Y_InstructionExecute_Module_ArthimeticLogicUnit_add_35_42/n_1040  -       -       -     (net)                  -     -     -     -       -    (-,-) 
  InstructionExecute_Module_ArthimeticLogicUnit_sub_39_42_Y_InstructionExecute_Module_ArthimeticLogicUnit_add_35_42/g2496/z (u)     in_1->z R     unmapped_nand2         2  11.0     0    83    4544    (-,-) 
  InstructionExecute_Module_ArthimeticLogicUnit_sub_39_42_Y_InstructionExecute_Module_ArthimeticLogicUnit_add_35_42/n_1333  -       -       -     (net)                  -     -     -     -       -    (-,-) 
  InstructionExecute_Module_ArthimeticLogicUnit_sub_39_42_Y_InstructionExecute_Module_ArthimeticLogicUnit_add_35_42/g2494/z (u)     in_1->z F     unmapped_nand2         2  11.0     0    83    4627    (-,-) 
  InstructionExecute_Module_ArthimeticLogicUnit_sub_39_42_Y_InstructionExecute_Module_ArthimeticLogicUnit_add_35_42/n_1045  -       -       -     (net)                  -     -     -     -       -    (-,-) 
  InstructionExecute_Module_ArthimeticLogicUnit_sub_39_42_Y_InstructionExecute_Module_ArthimeticLogicUnit_add_35_42/g2493/z (u)     in_1->z R     unmapped_nand2         2  11.0     0    83    4710    (-,-) 
  InstructionExecute_Module_ArthimeticLogicUnit_sub_39_42_Y_InstructionExecute_Module_ArthimeticLogicUnit_add_35_42/n_1330  -       -       -     (net)                  -     -     -     -       -    (-,-) 
  InstructionExecute_Module_ArthimeticLogicUnit_sub_39_42_Y_InstructionExecute_Module_ArthimeticLogicUnit_add_35_42/g2491/z (u)     in_1->z F     unmapped_nand2         2  11.0     0    83    4793    (-,-) 
  InstructionExecute_Module_ArthimeticLogicUnit_sub_39_42_Y_InstructionExecute_Module_ArthimeticLogicUnit_add_35_42/n_1050  -       -       -     (net)                  -     -     -     -       -    (-,-) 
  InstructionExecute_Module_ArthimeticLogicUnit_sub_39_42_Y_InstructionExecute_Module_ArthimeticLogicUnit_add_35_42/g2489/z (u)     in_1->z R     unmapped_nand2         2  11.0     0    83    4876    (-,-) 
  InstructionExecute_Module_ArthimeticLogicUnit_sub_39_42_Y_InstructionExecute_Module_ArthimeticLogicUnit_add_35_42/n_1331  -       -       -     (net)                  -     -     -     -       -    (-,-) 
  InstructionExecute_Module_ArthimeticLogicUnit_sub_39_42_Y_InstructionExecute_Module_ArthimeticLogicUnit_add_35_42/g2487/z (u)     in_1->z F     unmapped_nand2         2  11.0     0    83    4959    (-,-) 
  InstructionExecute_Module_ArthimeticLogicUnit_sub_39_42_Y_InstructionExecute_Module_ArthimeticLogicUnit_add_35_42/n_1055  -       -       -     (net)                  -     -     -     -       -    (-,-) 
  InstructionExecute_Module_ArthimeticLogicUnit_sub_39_42_Y_InstructionExecute_Module_ArthimeticLogicUnit_add_35_42/g2484/z (u)     in_1->z R     unmapped_nand2         2  11.0     0    83    5042    (-,-) 
  InstructionExecute_Module_ArthimeticLogicUnit_sub_39_42_Y_InstructionExecute_Module_ArthimeticLogicUnit_add_35_42/n_1313  -       -       -     (net)                  -     -     -     -       -    (-,-) 
  InstructionExecute_Module_ArthimeticLogicUnit_sub_39_42_Y_InstructionExecute_Module_ArthimeticLogicUnit_add_35_42/g2483/z (u)     in_1->z F     unmapped_nand2         2  11.0     0    83    5125    (-,-) 
  InstructionExecute_Module_ArthimeticLogicUnit_sub_39_42_Y_InstructionExecute_Module_ArthimeticLogicUnit_add_35_42/n_1060  -       -       -     (net)                  -     -     -     -       -    (-,-) 
  InstructionExecute_Module_ArthimeticLogicUnit_sub_39_42_Y_InstructionExecute_Module_ArthimeticLogicUnit_add_35_42/g2480/z (u)     in_1->z R     unmapped_nand2         2  11.0     0    83    5208    (-,-) 
  InstructionExecute_Module_ArthimeticLogicUnit_sub_39_42_Y_InstructionExecute_Module_ArthimeticLogicUnit_add_35_42/n_1314  -       -       -     (net)                  -     -     -     -       -    (-,-) 
  InstructionExecute_Module_ArthimeticLogicUnit_sub_39_42_Y_InstructionExecute_Module_ArthimeticLogicUnit_add_35_42/g2479/z (u)     in_1->z F     unmapped_nand2         3  16.5     0   101    5310    (-,-) 
  InstructionExecute_Module_ArthimeticLogicUnit_sub_39_42_Y_InstructionExecute_Module_ArthimeticLogicUnit_add_35_42/n_1065  -       -       -     (net)                  -     -     -     -       -    (-,-) 
  InstructionExecute_Module_ArthimeticLogicUnit_sub_39_42_Y_InstructionExecute_Module_ArthimeticLogicUnit_add_35_42/g2477/z (u)     in_1->z F     unmapped_complex2      1   5.5     0    64    5374    (-,-) 
  InstructionExecute_Module_ArthimeticLogicUnit_sub_39_42_Y_InstructionExecute_Module_ArthimeticLogicUnit_add_35_42/n_1427  -       -       -     (net)                  -     -     -     -       -    (-,-) 
  InstructionExecute_Module_ArthimeticLogicUnit_sub_39_42_Y_InstructionExecute_Module_ArthimeticLogicUnit_add_35_42/g2473/z (u)     in_0->z R     unmapped_nand2         2  11.0     0    83    5457    (-,-) 
  InstructionExecute_Module_ArthimeticLogicUnit_sub_39_42_Y_InstructionExecute_Module_ArthimeticLogicUnit_add_35_42/n_1072  -       -       -     (net)                  -     -     -     -       -    (-,-) 
  InstructionExecute_Module_ArthimeticLogicUnit_sub_39_42_Y_InstructionExecute_Module_ArthimeticLogicUnit_add_35_42/g2107/z (u)     in_0->z R     unmapped_complex2      2  11.0     0    83    5540    (-,-) 
  InstructionExecute_Module_ArthimeticLogicUnit_sub_39_42_Y_InstructionExecute_Module_ArthimeticLogicUnit_add_35_42/n_1316  -       -       -     (net)                  -     -     -     -       -    (-,-) 
  InstructionExecute_Module_ArthimeticLogicUnit_sub_39_42_Y_InstructionExecute_Module_ArthimeticLogicUnit_add_35_42/g2471/z (u)     in_1->z F     unmapped_nand2         3  16.5     0   101    5641    (-,-) 
  InstructionExecute_Module_ArthimeticLogicUnit_sub_39_42_Y_InstructionExecute_Module_ArthimeticLogicUnit_add_35_42/n_1080  -       -       -     (net)                  -     -     -     -       -    (-,-) 
  InstructionExecute_Module_ArthimeticLogicUnit_sub_39_42_Y_InstructionExecute_Module_ArthimeticLogicUnit_add_35_42/g2469/z (u)     in_1->z F     unmapped_complex2      1   5.5     0    64    5705    (-,-) 
  InstructionExecute_Module_ArthimeticLogicUnit_sub_39_42_Y_InstructionExecute_Module_ArthimeticLogicUnit_add_35_42/n_1436  -       -       -     (net)                  -     -     -     -       -    (-,-) 
  InstructionExecute_Module_ArthimeticLogicUnit_sub_39_42_Y_InstructionExecute_Module_ArthimeticLogicUnit_add_35_42/g2465/z (u)     in_0->z R     unmapped_nand2         2  11.0     0    83    5788    (-,-) 
  InstructionExecute_Module_ArthimeticLogicUnit_sub_39_42_Y_InstructionExecute_Module_ArthimeticLogicUnit_add_35_42/n_1086  -       -       -     (net)                  -     -     -     -       -    (-,-) 
  InstructionExecute_Module_ArthimeticLogicUnit_sub_39_42_Y_InstructionExecute_Module_ArthimeticLogicUnit_add_35_42/g2110/z (u)     in_0->z R     unmapped_complex2      2  11.0     0    83    5871    (-,-) 
  InstructionExecute_Module_ArthimeticLogicUnit_sub_39_42_Y_InstructionExecute_Module_ArthimeticLogicUnit_add_35_42/n_1317  -       -       -     (net)                  -     -     -     -       -    (-,-) 
  InstructionExecute_Module_ArthimeticLogicUnit_sub_39_42_Y_InstructionExecute_Module_ArthimeticLogicUnit_add_35_42/g2463/z (u)     in_1->z F     unmapped_nand2         2  11.0     0    83    5954    (-,-) 
  InstructionExecute_Module_ArthimeticLogicUnit_sub_39_42_Y_InstructionExecute_Module_ArthimeticLogicUnit_add_35_42/n_1091  -       -       -     (net)                  -     -     -     -       -    (-,-) 
  InstructionExecute_Module_ArthimeticLogicUnit_sub_39_42_Y_InstructionExecute_Module_ArthimeticLogicUnit_add_35_42/g2460/z (u)     in_1->z R     unmapped_nand2         2  11.0     0    83    6037    (-,-) 
  InstructionExecute_Module_ArthimeticLogicUnit_sub_39_42_Y_InstructionExecute_Module_ArthimeticLogicUnit_add_35_42/n_1320  -       -       -     (net)                  -     -     -     -       -    (-,-) 
  InstructionExecute_Module_ArthimeticLogicUnit_sub_39_42_Y_InstructionExecute_Module_ArthimeticLogicUnit_add_35_42/g2459/z (u)     in_1->z F     unmapped_nand2         2  11.0     0    83    6120    (-,-) 
  InstructionExecute_Module_ArthimeticLogicUnit_sub_39_42_Y_InstructionExecute_Module_ArthimeticLogicUnit_add_35_42/n_1096  -       -       -     (net)                  -     -     -     -       -    (-,-) 
  InstructionExecute_Module_ArthimeticLogicUnit_sub_39_42_Y_InstructionExecute_Module_ArthimeticLogicUnit_add_35_42/g2456/z (u)     in_1->z R     unmapped_nand2         2  11.0     0    83    6204    (-,-) 
  InstructionExecute_Module_ArthimeticLogicUnit_sub_39_42_Y_InstructionExecute_Module_ArthimeticLogicUnit_add_35_42/n_1321  -       -       -     (net)                  -     -     -     -       -    (-,-) 
  InstructionExecute_Module_ArthimeticLogicUnit_sub_39_42_Y_InstructionExecute_Module_ArthimeticLogicUnit_add_35_42/g2455/z (u)     in_1->z F     unmapped_nand2         2  11.0     0    83    6287    (-,-) 
  InstructionExecute_Module_ArthimeticLogicUnit_sub_39_42_Y_InstructionExecute_Module_ArthimeticLogicUnit_add_35_42/n_1101  -       -       -     (net)                  -     -     -     -       -    (-,-) 
  InstructionExecute_Module_ArthimeticLogicUnit_sub_39_42_Y_InstructionExecute_Module_ArthimeticLogicUnit_add_35_42/g2452/z (u)     in_1->z R     unmapped_nand2         2  11.0     0    83    6370    (-,-) 
  InstructionExecute_Module_ArthimeticLogicUnit_sub_39_42_Y_InstructionExecute_Module_ArthimeticLogicUnit_add_35_42/n_1323  -       -       -     (net)                  -     -     -     -       -    (-,-) 
  InstructionExecute_Module_ArthimeticLogicUnit_sub_39_42_Y_InstructionExecute_Module_ArthimeticLogicUnit_add_35_42/g2451/z (u)     in_1->z F     unmapped_nand2         3  16.5     0   101    6471    (-,-) 
  InstructionExecute_Module_ArthimeticLogicUnit_sub_39_42_Y_InstructionExecute_Module_ArthimeticLogicUnit_add_35_42/n_1106  -       -       -     (net)                  -     -     -     -       -    (-,-) 
  InstructionExecute_Module_ArthimeticLogicUnit_sub_39_42_Y_InstructionExecute_Module_ArthimeticLogicUnit_add_35_42/g2449/z (u)     in_1->z F     unmapped_complex2      1   5.5     0    64    6535    (-,-) 
  InstructionExecute_Module_ArthimeticLogicUnit_sub_39_42_Y_InstructionExecute_Module_ArthimeticLogicUnit_add_35_42/n_1454  -       -       -     (net)                  -     -     -     -       -    (-,-) 
  InstructionExecute_Module_ArthimeticLogicUnit_sub_39_42_Y_InstructionExecute_Module_ArthimeticLogicUnit_add_35_42/g2445/z (u)     in_0->z R     unmapped_nand2         3  16.5     0   101    6636    (-,-) 
  InstructionExecute_Module_ArthimeticLogicUnit_sub_39_42_Y_InstructionExecute_Module_ArthimeticLogicUnit_add_35_42/n_1113  -       -       -     (net)                  -     -     -     -       -    (-,-) 
  InstructionExecute_Module_ArthimeticLogicUnit_sub_39_42_Y_InstructionExecute_Module_ArthimeticLogicUnit_add_35_42/g2444/z (u)     in_1->z F     unmapped_nand2         1   5.5     0    64    6700    (-,-) 
  InstructionExecute_Module_ArthimeticLogicUnit_sub_39_42_Y_InstructionExecute_Module_ArthimeticLogicUnit_add_35_42/n_1460  -       -       -     (net)                  -     -     -     -       -    (-,-) 
  InstructionExecute_Module_ArthimeticLogicUnit_sub_39_42_Y_InstructionExecute_Module_ArthimeticLogicUnit_add_35_42/g2440/z (u)     in_0->z R     unmapped_nand2         2  11.0     0    83    6783    (-,-) 
  InstructionExecute_Module_ArthimeticLogicUnit_sub_39_42_Y_InstructionExecute_Module_ArthimeticLogicUnit_add_35_42/n_1119  -       -       -     (net)                  -     -     -     -       -    (-,-) 
  InstructionExecute_Module_ArthimeticLogicUnit_sub_39_42_Y_InstructionExecute_Module_ArthimeticLogicUnit_add_35_42/g2137/z (u)     in_0->z R     unmapped_complex2      2  11.0     0    83    6866    (-,-) 
  InstructionExecute_Module_ArthimeticLogicUnit_sub_39_42_Y_InstructionExecute_Module_ArthimeticLogicUnit_add_35_42/n_1326  -       -       -     (net)                  -     -     -     -       -    (-,-) 
  InstructionExecute_Module_ArthimeticLogicUnit_sub_39_42_Y_InstructionExecute_Module_ArthimeticLogicUnit_add_35_42/g2437/z (u)     in_1->z F     unmapped_nand2         2  11.0     0    83    6949    (-,-) 
  InstructionExecute_Module_ArthimeticLogicUnit_sub_39_42_Y_InstructionExecute_Module_ArthimeticLogicUnit_add_35_42/n_1124  -       -       -     (net)                  -     -     -     -       -    (-,-) 
  InstructionExecute_Module_ArthimeticLogicUnit_sub_39_42_Y_InstructionExecute_Module_ArthimeticLogicUnit_add_35_42/g2435/z (u)     in_1->z R     unmapped_nand2         2  11.0     0    83    7032    (-,-) 
  InstructionExecute_Module_ArthimeticLogicUnit_sub_39_42_Y_InstructionExecute_Module_ArthimeticLogicUnit_add_35_42/n_1325  -       -       -     (net)                  -     -     -     -       -    (-,-) 
  InstructionExecute_Module_ArthimeticLogicUnit_sub_39_42_Y_InstructionExecute_Module_ArthimeticLogicUnit_add_35_42/g2434/z (u)     in_1->z F     unmapped_nand2         2  11.0     0    83    7116    (-,-) 
  InstructionExecute_Module_ArthimeticLogicUnit_sub_39_42_Y_InstructionExecute_Module_ArthimeticLogicUnit_add_35_42/n_1129  -       -       -     (net)                  -     -     -     -       -    (-,-) 
  InstructionExecute_Module_ArthimeticLogicUnit_sub_39_42_Y_InstructionExecute_Module_ArthimeticLogicUnit_add_35_42/g2432/z (u)     in_1->z R     unmapped_nand2         2  11.0     0    83    7199    (-,-) 
  InstructionExecute_Module_ArthimeticLogicUnit_sub_39_42_Y_InstructionExecute_Module_ArthimeticLogicUnit_add_35_42/n_1366  -       -       -     (net)                  -     -     -     -       -    (-,-) 
  InstructionExecute_Module_ArthimeticLogicUnit_sub_39_42_Y_InstructionExecute_Module_ArthimeticLogicUnit_add_35_42/g2428/z (u)     in_0->z F     unmapped_nand2         2  11.0     0    83    7282    (-,-) 
  InstructionExecute_Module_ArthimeticLogicUnit_sub_39_42_Y_InstructionExecute_Module_ArthimeticLogicUnit_add_35_42/n_1134  -       -       -     (net)                  -     -     -     -       -    (-,-) 
  InstructionExecute_Module_ArthimeticLogicUnit_sub_39_42_Y_InstructionExecute_Module_ArthimeticLogicUnit_add_35_42/g2427/z (u)     in_1->z R     unmapped_nand2         2  11.0     0    83    7365    (-,-) 
  InstructionExecute_Module_ArthimeticLogicUnit_sub_39_42_Y_InstructionExecute_Module_ArthimeticLogicUnit_add_35_42/n_1337  -       -       -     (net)                  -     -     -     -       -    (-,-) 
  InstructionExecute_Module_ArthimeticLogicUnit_sub_39_42_Y_InstructionExecute_Module_ArthimeticLogicUnit_add_35_42/g2423/z (u)     in_0->z F     unmapped_nand2         2  11.0     0    83    7448    (-,-) 
  InstructionExecute_Module_ArthimeticLogicUnit_sub_39_42_Y_InstructionExecute_Module_ArthimeticLogicUnit_add_35_42/n_1139  -       -       -     (net)                  -     -     -     -       -    (-,-) 
  InstructionExecute_Module_ArthimeticLogicUnit_sub_39_42_Y_InstructionExecute_Module_ArthimeticLogicUnit_add_35_42/g2421/z (u)     in_1->z F     unmapped_or2           1   5.5     0    64    7512    (-,-) 
  InstructionExecute_Module_ArthimeticLogicUnit_sub_39_42_Y_InstructionExecute_Module_ArthimeticLogicUnit_add_35_42/n_1469  -       -       -     (net)                  -     -     -     -       -    (-,-) 
  InstructionExecute_Module_ArthimeticLogicUnit_sub_39_42_Y_InstructionExecute_Module_ArthimeticLogicUnit_add_35_42/g2422/z (u)     in_1->z R     unmapped_nand2         1   5.5     0    64    7576    (-,-) 
  n_4732                                                                                                                    -       -       -     (net)                  -     -     -     -       -    (-,-) 
  g20191/z                                                                                                                  (u)     in_0->z F     unmapped_complex2      1   5.5     0    64    7640    (-,-) 
  n_19349                                                                                                                   -       -       -     (net)                  -     -     -     -       -    (-,-) 
  g18657/z                                                                                                                  (u)     in_1->z R     unmapped_complex2      1   5.5     0    64    7704    (-,-) 
  n_19352                                                                                                                   -       -       -     (net)                  -     -     -     -       -    (-,-) 
  g18568/z                                                                                                                  (u)     in_1->z R     unmapped_or2           1   5.5     0    64    7768    (-,-) 
  n_19353                                                                                                                   -       -       -     (net)                  -     -     -     -       -    (-,-) 
  g18546/z                                                                                                                  (u)     in_0->z R     unmapped_complex2      2  11.0     0    83    7851    (-,-) 
  InstructionExecute_Module_alu_result[31]                                                                                  -       -       -     (net)                  -     -     -     -       -    (-,-) 
  g18514/z                                                                                                                  (u)     in_0->z F     unmapped_complex2      1   5.5     0    64    7915    (-,-) 
  n_20333                                                                                                                   -       -       -     (net)                  -     -     -     -       -    (-,-) 
  g18476/z                                                                                                                  (u)     in_0->z R     unmapped_complex2      1   5.5     0    64    7979    (-,-) 
  InstructionFetch_Module_Next_PC[31]                                                                                       -       -       -     (net)                  -     -     -     -       -    (-,-) 
  InstructionFetch_Module_FetchModule_PC_reg[31]/d                                                                          <<<     -       R     unmapped_d_flop        1     -     -     0    7979    (-,-) 
#-------------------------------------------------------------------------------------------------------------------------------------------------------------------------------------------------------------

(u) : Net has unmapped pin(s).

Capture clock path:
#---------------------------------------------------------------------------------------------------------------------------------
#                   Timing Point                     Flags   Arc   Edge      Cell        Fanout Load Trans Delay Arrival Instance 
#                                                                                               (fF)  (ps)  (ps)   (ps)  Location 
#---------------------------------------------------------------------------------------------------------------------------------
  clock                                              (i,u)   -     R     (arrival)         1402  0.0     0     0   25000    (-,-) 
  clock                                              -       -     -     (net)                -    -     -     -       -    (-,-) 
  clock                                              -       -     -     (net)                -    -     -     -       -    (-,-) 
  InstructionFetch_Module_FetchModule_PC_reg[31]/clk <<<     -     R     unmapped_d_flop   1402    -   150     0   25000    (-,-) 
#---------------------------------------------------------------------------------------------------------------------------------


