 ---------------------------------------------------------------------------------------------------------------------- 
| Snapshot           | WNS                  | TNS                  | Density (%) | Resource               | DRVs       |
|                    | HEPG (ns) | ALL (ns) | HEPG (ns) | ALL (ns) |             | Real (s) | Memory (MB) | Tran | Cap |
|--------------------+-----------+----------+-----------+----------+-------------+----------+-------------+------+-----|
| initial_summary    |    -0.193 |   -0.222 |           |       -3 |        3.26 | 0:00:08  |        3071 |    7 |   3 |
| ccopt_pro          |           |          |           |          |             | 0:00:02  |        3103 |      |     |
| drv_eco_fixing     |    -0.193 |   -0.232 |        -3 |       -3 |        3.30 | 0:00:02  |        3117 |    2 |   0 |
| wns_fixing         |    -0.183 |   -0.183 |        -3 |       -3 |        3.32 | 0:00:04  |        3153 |      |     |
| tns_fixing         |    -0.183 |   -0.183 |        -3 |       -3 |        3.32 | 0:00:02  |        3141 |      |     |
| initial_summary_2  |    -0.183 |   -0.183 |           |       -3 |        3.32 | 0:00:05  |        3154 |    2 |   0 |
| hold_fixing        |    -0.182 |   -0.182 |        -3 |       -5 |        3.36 | 0:00:05  |        3126 |      |     |
| route_type_fixing  |           |          |           |          |             | 0:00:00  |        3124 |      |     |
| pre_route_summary  |    -0.182 |   -0.182 |           |       -5 |        3.36 | 0:00:00  |        3124 |    2 |   0 |
| eco_route          |           |          |           |          |             | 0:05:41  |        3070 |      |     |
| post_route_summary |    -0.173 |   -0.173 |           |       -5 |        3.36 | 0:00:03  |        3133 |    1 |   0 |
| tns_eco_fixing     |    -0.173 |   -0.173 |        -3 |       -5 |      100.12 | 0:00:01  |        3134 |      |     |
| initial_summary_3  |    -0.173 |   -0.173 |           |       -5 |             | 0:00:04  |        3168 |      |     |
| final_summary      |    -0.173 |   -0.173 |           |       -5 |        3.36 | 0:00:06  |        3187 |    1 |   0 |
 ---------------------------------------------------------------------------------------------------------------------- 
