============================================================
  Generated by:           Genus(TM) Synthesis Solution 25.11-s095_1
  Generated on:           Mar 16 2026  12:27:28 pm
  Operating conditions:   tt_1.8_25 
  Interconnect mode:      global
  Area mode:              physical library
============================================================

                                                          Leakage    Internal                                                     Library 
               Gate                Instances    Area    Power (nW)  Power (nW)                       Library                       Domain 
------------------------------------------------------------------------------------------------------------------------------------------
ADDFX1                                    31   1003.619     14.374        0.000                                  sky130_tt_1.8_25       0 
ADDHX1                                    56   1173.110     31.980     5917.718                                  sky130_tt_1.8_25       0 
AND2X1                                     2     19.044      0.447        0.000                                  sky130_tt_1.8_25       0 
AND2X2                                    18    171.396      9.908      346.833                                  sky130_tt_1.8_25       0 
AND3X2                                     6     68.558      6.093        4.725                                  sky130_tt_1.8_25       0 
AND4X1                                     1     13.331      2.111        0.000                                  sky130_tt_1.8_25       0 
AND4X2                                     9    119.977     17.360       -0.002                                  sky130_tt_1.8_25       0 
AOI211X1                                   9    102.838      0.570      150.504                                  sky130_tt_1.8_25       0 
AOI21X1                                   27    257.094      0.868       61.926                                  sky130_tt_1.8_25       0 
AOI221X1                                  74    986.479      4.272      712.168                                  sky130_tt_1.8_25       0 
AOI222X1                                 187   3205.105      2.649     2586.326                                  sky130_tt_1.8_25       0 
AOI222X2                                  21    599.886      0.634        0.000                                  sky130_tt_1.8_25       0 
AOI22X1                                 1057  12077.705     12.530     4627.166                                  sky130_tt_1.8_25       0 
BUFX4                                     25    285.660     20.836     1394.696                                  sky130_tt_1.8_25       0 
CLKAND2X2                               1145  10902.690    551.745    63342.348                                  sky130_tt_1.8_25       0 
CLKINVX2                                 290   1656.828     65.639     1177.374                                  sky130_tt_1.8_25       0 
CLKINVX4                                  68    647.496     58.797      242.520                                  sky130_tt_1.8_25       0 
CLKINVX8                                  10    171.396     16.756      171.706                                  sky130_tt_1.8_25       0 
CLKMX2X2                                  31    472.291     10.988        4.477                                  sky130_tt_1.8_25       0 
CLKXOR2X1                                 45    599.886     15.408     1176.608                                  sky130_tt_1.8_25       0 
DFFX1                                   1406  48196.555   2787.218  2168326.451                                  sky130_tt_1.8_25       0 
DFFX4                                      4    182.822     10.681     7645.260                                  sky130_tt_1.8_25       0 
INVX1                                      1      5.713      0.220        0.000                                  sky130_tt_1.8_25       0 
INVX16                                     8    258.998     14.315     2675.572                                  sky130_tt_1.8_25       0 
INVX2                                    129    737.003     46.558      408.181                                  sky130_tt_1.8_25       0 
INVX4                                      6     57.132      3.551        1.368                                  sky130_tt_1.8_25       0 
MX2X1                                   1012  15418.022    563.207    65120.934                                  sky130_tt_1.8_25       0 
NAND2X1                                  265   2018.664     19.571      256.372                                  sky130_tt_1.8_25       0 
NAND2X2                                    2     19.044      0.888       -0.011                                  sky130_tt_1.8_25       0 
NAND2X4                                   17    291.373      0.227       -0.442                                  sky130_tt_1.8_25       0 
NAND3X1                                   88    837.936     48.553      357.261                                  sky130_tt_1.8_25       0 
NAND3X2                                    1     15.235      0.007        0.000                                  sky130_tt_1.8_25       0 
NAND3X4                                    1     26.662      0.013       -0.015                                  sky130_tt_1.8_25       0 
NAND4X1                                  245   2799.468    209.397      466.796                                  sky130_tt_1.8_25       0 
NOR2X1                                   135   1028.376     14.602     2164.118                                  sky130_tt_1.8_25       0 
NOR2X2                                     7     79.985      1.813      152.484                                  sky130_tt_1.8_25       0 
NOR2X4                                     2     34.279      0.656      177.427                                  sky130_tt_1.8_25       0 
NOR3X1                                    13    123.786      0.725       16.619                                  sky130_tt_1.8_25       0 
NOR3X4                                     1     26.662      0.035        0.066                                  sky130_tt_1.8_25       0 
NOR4X1                                    13    148.543      0.219      176.336                                  sky130_tt_1.8_25       0 
OAI211X1                                  16    182.822      5.927      188.314                                  sky130_tt_1.8_25       0 
OAI21X1                                   47    447.534     10.807      182.148                                  sky130_tt_1.8_25       0 
OAI21X2                                    1     15.235      0.457        0.000                                  sky130_tt_1.8_25       0 
OAI221X1                                  45    599.886     12.725      326.348                                  sky130_tt_1.8_25       0 
OAI222X1                                  15    228.528      3.028      181.839                                  sky130_tt_1.8_25       0 
OAI22X1                                   34    388.498      4.896      217.123                                  sky130_tt_1.8_25       0 
OR2X1                                     15    142.830      3.652       36.346                                  sky130_tt_1.8_25       0 
OR2X2                                     23    219.006      4.600      154.031                                  sky130_tt_1.8_25       0 
OR3X1                                     10    114.264      2.990      114.076                                  sky130_tt_1.8_25       0 
OR3X2                                      7     79.985      2.777      266.965                                  sky130_tt_1.8_25       0 
OR4X1                                     63    839.840     14.824     1017.166                                  sky130_tt_1.8_25       0 
OR4X2                                      2     26.662      0.557        0.002                                  sky130_tt_1.8_25       0 
SDFFX1                                    32   1401.638     76.242    53731.060                                  sky130_tt_1.8_25       0 
TBUFX1                                   181   2757.571    127.246     9412.118                                  sky130_tt_1.8_25       0 
TBUFX4                                    33    691.297      8.039      296.757                                  sky130_tt_1.8_25       0 
TLATX1                                    20    571.320     26.095     2279.406                                  sky130_tt_1.8_25       0 
XNOR2X1                                    3     45.706      2.858      257.179                                  sky130_tt_1.8_25       0 
XNOR2X4                                    1     22.853      1.420        7.599                                  sky130_tt_1.8_25       0 
sky130_sram_2kbyte_1rw1r_32x512_8          2 569076.948  35452.004  4418688.049 sky130_sram_2kbyte_1rw1r_32x512_8_TT_1p8V_25C_lib       0 
------------------------------------------------------------------------------------------------------------------------------------------
total                                   7018 684693.072  40327.568  6817218.396                                                           
                                                                                     Leakage  Leakage   Internal  Internal 
                     Library                      Instances    Area    Instances % Power (nW) Power %  Power (nW)  Power % 
---------------------------------------------------------------------------------------------------------------------------
sky130_sram_2kbyte_1rw1r_32x512_8_TT_1p8V_25C_lib         2 569076.948         0.0  35452.004    87.9 4418688.049     64.8 
sky130_tt_1.8_25                                       7016 115616.124       100.0   4875.564    12.1 2398530.347     35.2 
                                             Leakage  Leakage   Internal  Internal 
     Type      Instances    Area    Area % Power (nW) Power %  Power (nW)  Power % 
-----------------------------------------------------------------------------------
timing_model           2 569076.948   83.1  35452.004    87.9 4418688.049     64.8 
sequential          1462  50352.336    7.4   2900.237     7.2 2231982.177     32.7 
inverter             512   3534.566    0.5    205.837     0.5    4676.720      0.1 
buffer                25    285.660    0.0     20.836     0.1    1394.696      0.0 
tristate             214   3448.868    0.5    135.285     0.3    9708.875      0.1 
logic               4803  57994.693    8.5   1613.369     4.0  150767.879      2.2 
physical_cells         0      0.000    0.0      0.000     0.0       0.000      0.0 
-----------------------------------------------------------------------------------
total               7018 684693.072  100.0  40327.568   100.0 6817218.396    100.0 
