============================================================
  Generated by:           Genus(TM) Synthesis Solution 25.11-s095_1
  Generated on:           Mar 16 2026  12:27:11 pm
  Module:                 Core
  Library domain:         tt_v1.8_25C
    Domain index:         0
    Technology libraries: sky130_tt_1.8_25 1.0
                          sky130_sram_2kbyte_1rw1r_32x512_8_TT_1p8V_25C_lib 
  Operating conditions:   tt_1.8_25 
  Interconnect mode:      global
  Area mode:              physical library
============================================================

Timing
--------

       Analysis view           Clock    Period 
-----------------------------------------------
tt_v1.8_25C_Nominal_25_func core_clock 25000.0 


          Analysis             Cost     Critical        Violating 
            View               Group   Path Slack  TNS    Paths   
------------------------------------------------------------------
tt_v1.8_25C_Nominal_25_func core_clock    11469.3  0.0          0 
                               default   No paths  0.0          0 
------------------------------------------------------------------
Total                                             -0.0          0 
                                                                  

Instance Count
--------------
Leaf Instance Count             7018 
Physical Instance count            0 
Sequential Instance Count       1464 
Combinational Instance Count    5554 
Hierarchical Instance Count        0 

Area
----
Cell Area                          684693.072
Physical Cell Area                 0.000
Total Cell Area (Cell+Physical)    684693.072
Net Area                           159466.704
Total Area (Cell+Physical+Net)     844159.776

Max Fanout                         1446 (clock)
Min Fanout                         0 (InstructionDecode_Module_EX_instruction_opcode[0]_4001)
Average Fanout                     2.7
Terms to net ratio                 3.8677
Terms to instance ratio            3.9602
Runtime                            45.648717 seconds
Elapsed Runtime                    51 seconds
Genus peak memory usage            1845.70 
Innovus peak memory usage          no_value 
Hostname                           ece-rschsrv.ece.gatech.edu
