============================================================
  Generated by:           Genus(TM) Synthesis Solution 25.11-s095_1
  Generated on:           Mar 16 2026  12:27:15 pm
  Module:                 Core
  Operating conditions:   tt_1.8_25 
  Interconnect mode:      global
  Area mode:              physical library
============================================================


Path 1: MET (11469 ps) Setup Check with Pin InstructionFetch_Module_instr_data_op_reg[0]/CK->D
           View: tt_v1.8_25C_Nominal_25_func
          Group: core_clock
     Startpoint: (F) InstructionFetch_Module_InstructionMemory_instr_sram/clk1
          Clock: (F) core_clock
       Endpoint: (R) InstructionFetch_Module_instr_data_op_reg[0]/D
          Clock: (R) core_clock

                     Capture       Launch     
        Clock Edge:+   25000        12500     
       Src Latency:+       0            0     
       Net Latency:+       0 (I)        0 (I) 
           Arrival:=   25000        12500     
                                              
             Setup:-      88                  
       Uncertainty:-     250                  
     Required Time:=   24662                  
      Launch Clock:-   12500                  
         Data Path:-     693                  
             Slack:=   11469                  

Launch clock path:
#----------------------------------------------------------------------------------------------------------------------------------------------------------
#                       Timing Point                        Flags   Arc   Edge               Cell                 Fanout Load Trans Delay Arrival Instance 
#                                                                                                                        (fF)  (ps)  (ps)   (ps)  Location 
#----------------------------------------------------------------------------------------------------------------------------------------------------------
  clock                                                     (i)     -     F     (arrival)                           1446  0.0     0     0   12500    (-,-) 
  clock                                                     -       -     -     (net)                                  -    -     -     -       -    (-,-) 
  clock                                                     -       -     -     (net)                                  -    -     -     -       -    (-,-) 
  InstructionFetch_Module_InstructionMemory_instr_sram/clk1 <<< (P) -     F     sky130_sram_2kbyte_1rw1r_32x512_8   1446    -   150     0   12500    (-,-) 
#----------------------------------------------------------------------------------------------------------------------------------------------------------

#-----------------------------------------------------------------------------------------------------------------------------------------------------------------------
#                         Timing Point                          Flags        Arc       Edge               Cell                 Fanout Load Trans Delay Arrival Instance 
#                                                                                                                                     (fF)  (ps)  (ps)   (ps)  Location 
#-----------------------------------------------------------------------------------------------------------------------------------------------------------------------
  InstructionFetch_Module_InstructionMemory_instr_sram/clk1     -       -              F     (arrival)                           1446    -   150     0   12500    (-,-) 
  InstructionFetch_Module_InstructionMemory_instr_sram/dout1[0] (P)     clk1->dout1[0] R     sky130_sram_2kbyte_1rw1r_32x512_8      1 10.0     7   430   12930    (-,-) 
  InstructionFetch_Module_instr_data[0]                         -       -              -     (net)                                  -    -     -     -       -    (-,-) 
  g35551/Y                                                      -       A0->Y          F     AOI22X1                                1 10.1   182    81   13010    (-,-) 
  n_287                                                         -       -              -     (net)                                  -    -     -     -       -    (-,-) 
  g35404/Y                                                      -       B->Y           R     NOR2X1                                 1  8.9   164   182   13193    (-,-) 
  n_417                                                         -       -              -     (net)                                  -    -     -     -       -    (-,-) 
  InstructionFetch_Module_instr_data_op_reg[0]/D                <<<     -              R     DFFX1                                  1    -     -     0   13193    (-,-) 
#-----------------------------------------------------------------------------------------------------------------------------------------------------------------------

(P) : Instance is preserved

Capture clock path:
#------------------------------------------------------------------------------------------------------------------------
#                  Timing Point                   Flags   Arc   Edge   Cell     Fanout Load Trans Delay Arrival Instance 
#                                                                                      (fF)  (ps)  (ps)   (ps)  Location 
#------------------------------------------------------------------------------------------------------------------------
  clock                                           (i)     -     R     (arrival)   1446  0.0     0     0   25000    (-,-) 
  clock                                           -       -     -     (net)          -    -     -     -       -    (-,-) 
  clock                                           -       -     -     (net)          -    -     -     -       -    (-,-) 
  InstructionFetch_Module_instr_data_op_reg[0]/CK <<<     -     R     DFFX1       1446    -   150     0   25000    (-,-) 
#------------------------------------------------------------------------------------------------------------------------


