Command: report datapath reports/syn_map/area.datapath.rpt
Warning: '-sort' is not specified. By default, 'report datapath' orders the components based on instance name
============================================================
  Generated by:           Genus(TM) Synthesis Solution 25.11-s095_1
  Generated on:           Mar 17 2026  07:53:53 pm
  Module:                 Core
  Library domain:         tt_v1.8_25C
    Domain index:         0
    Technology libraries: sky130_tt_1.8_25 1.0
                          sky130_sram_2kbyte_1rw1r_32x512_8_TT_1p8V_25C_lib 
  Operating conditions:   tt_1.8_25 
  Interconnect mode:      global
  Area mode:              physical library
============================================================

Type               CellArea  Percentage
---------------------------------------
datapath modules       0.00        0.00
external muxes         0.00        0.00
others            686574.62      100.00
---------------------------------------
total             686574.62      100.00
