============================================================
  Generated by:           Genus(TM) Synthesis Solution 25.11-s095_1
  Generated on:           Mar 23 2026  09:42:32 pm
  Operating conditions:   tt_1.8_25 
  Interconnect mode:      global
  Area mode:              physical library
============================================================

                                                          Leakage     Internal                                                     Library 
               Gate                Instances    Area    Power (nW)   Power (nW)                       Library                       Domain 
-------------------------------------------------------------------------------------------------------------------------------------------
ADDFX1                                     9    291.373      4.485         0.000                                  sky130_tt_1.8_25       0 
ADDHX1                                    41    858.884     23.498     11368.535                                  sky130_tt_1.8_25       0 
AND2X1                                  1436  13673.592    393.756    120708.689                                  sky130_tt_1.8_25       0 
AND2X2                                    32    304.704     14.547       473.173                                  sky130_tt_1.8_25       0 
AND3X1                                     9    119.977      5.890       355.287                                  sky130_tt_1.8_25       0 
AND4X1                                    17    226.624     18.475       470.459                                  sky130_tt_1.8_25       0 
AND4X2                                     1     13.331      0.444        -0.086                                  sky130_tt_1.8_25       0 
AOI211X1                                  32    365.645      0.467       499.073                                  sky130_tt_1.8_25       0 
AOI21X1                                  129   1228.338      9.761      5379.726                                  sky130_tt_1.8_25       0 
AOI221X1                                  65    866.502      2.501       260.572                                  sky130_tt_1.8_25       0 
AOI221X2                                   1     24.757      0.020         0.000                                  sky130_tt_1.8_25       0 
AOI222X1                                 182   3119.407      3.023      7859.353                                  sky130_tt_1.8_25       0 
AOI22X1                                  968  11060.755      7.560      1424.979                                  sky130_tt_1.8_25       0 
BUFX2                                      1      9.522      0.455       249.831                                  sky130_tt_1.8_25       0 
BUFX4                                      6     68.558      4.657         0.000                                  sky130_tt_1.8_25       0 
BUFX8                                      7    146.639      9.456      2443.957                                  sky130_tt_1.8_25       0 
CLKAND2X2                                  3     28.566      1.332        -0.138                                  sky130_tt_1.8_25       0 
CLKBUFX2                                   1      9.522      0.444         0.000                                  sky130_tt_1.8_25       0 
CLKBUFX8                                   3     62.845      3.640      1526.120                                  sky130_tt_1.8_25       0 
CLKINVX1                                 477   2725.196     45.872      4987.408                                  sky130_tt_1.8_25       0 
CLKINVX2                                   5     28.566      0.483        37.152                                  sky130_tt_1.8_25       0 
CLKINVX4                                  71    676.062     61.875       815.795                                  sky130_tt_1.8_25       0 
CLKINVX8                                   2     34.279      1.789       857.657                                  sky130_tt_1.8_25       0 
CLKXOR2X1                                 61    813.179     28.423      2310.121                                  sky130_tt_1.8_25       0 
DFFSX1                                  1434  54618.192   3579.290   5696233.647                                  sky130_tt_1.8_25       0 
DFFSX4                                     8    411.350     24.238     33618.419                                  sky130_tt_1.8_25       0 
DFFX4                                      1     45.706      2.517      4762.275                                  sky130_tt_1.8_25       0 
INVX1                                      4     22.853      0.447         0.000                                  sky130_tt_1.8_25       0 
INVX16                                     9    291.373     15.782      5908.714                                  sky130_tt_1.8_25       0 
INVX2                                     85    485.622     35.867       583.286                                  sky130_tt_1.8_25       0 
INVX4                                      7     66.654      5.301       394.399                                  sky130_tt_1.8_25       0 
INVX8                                      2     34.279      0.922       371.606                                  sky130_tt_1.8_25       0 
MX2X1                                   1255  19120.176    708.568    204013.130                                  sky130_tt_1.8_25       0 
NAND2X1                                  451   3435.538     29.731      5610.385                                  sky130_tt_1.8_25       0 
NAND2X2                                    8     76.176      2.700        22.149                                  sky130_tt_1.8_25       0 
NAND2X4                                   17    291.373      2.066       253.285                                  sky130_tt_1.8_25       0 
NAND3X1                                   83    790.326     48.183      1092.695                                  sky130_tt_1.8_25       0 
NAND4X1                                  235   2685.204    204.641      1471.502                                  sky130_tt_1.8_25       0 
NOR2X1                                   160   1218.816     10.755      3010.104                                  sky130_tt_1.8_25       0 
NOR2X2                                    13    148.543      2.512       989.240                                  sky130_tt_1.8_25       0 
NOR3X1                                    10     95.220      0.246       341.166                                  sky130_tt_1.8_25       0 
NOR4X1                                     3     34.279      0.134         0.012                                  sky130_tt_1.8_25       0 
OAI211X1                                  46    525.614     20.832       237.396                                  sky130_tt_1.8_25       0 
OAI21X1                                   77    733.194     18.189      1607.885                                  sky130_tt_1.8_25       0 
OAI221X1                                  44    586.555     12.465      1937.671                                  sky130_tt_1.8_25       0 
OAI222X1                                   3     45.706      0.923         0.000                                  sky130_tt_1.8_25       0 
OAI22X1                                   23    262.807      3.615      1126.353                                  sky130_tt_1.8_25       0 
OR2X1                                     46    438.012      9.302       546.529                                  sky130_tt_1.8_25       0 
OR2X2                                      4     38.088      1.234       476.326                                  sky130_tt_1.8_25       0 
OR3X1                                     14    159.970      3.358       372.678                                  sky130_tt_1.8_25       0 
OR4X1                                     74    986.479     17.206      3000.172                                  sky130_tt_1.8_25       0 
TBUFX1                                   180   2742.336    126.749     23680.370                                  sky130_tt_1.8_25       0 
TBUFX4                                    34    712.246     18.409     22069.599                                  sky130_tt_1.8_25       0 
TLATX1                                    20    571.320     26.095      5697.470                                  sky130_tt_1.8_25       0 
XNOR2X1                                   30    457.056     27.750      7296.329                                  sky130_tt_1.8_25       0 
sky130_sram_2kbyte_1rw1r_32x512_8          2 569076.948  35452.004  11046720.123 sky130_sram_2kbyte_1rw1r_32x512_8_TT_1p8V_25C_lib       0 
-------------------------------------------------------------------------------------------------------------------------------------------
total                                   7941 697964.836  41054.882  17235472.581                                                           
                                                                                     Leakage  Leakage   Internal   Internal 
                     Library                      Instances    Area    Instances % Power (nW) Power %  Power (nW)   Power % 
----------------------------------------------------------------------------------------------------------------------------
sky130_sram_2kbyte_1rw1r_32x512_8_TT_1p8V_25C_lib         2 569076.948         0.0  35452.004    86.4 11046720.123     64.1 
sky130_tt_1.8_25                                       7939 128887.888       100.0   5602.878    13.6  6188752.457     35.9 
                                             Leakage  Leakage   Internal   Internal 
     Type      Instances    Area    Area % Power (nW) Power %  Power (nW)   Power % 
------------------------------------------------------------------------------------
timing_model           2 569076.948   81.5  35452.004    86.4 11046720.123     64.1 
sequential          1463  55646.568    8.0   3632.140     8.8  5740311.811     33.3 
inverter             662   4364.885    0.6    168.338     0.4    13956.016      0.1 
buffer                18    297.086    0.0     18.651     0.0     4219.908      0.0 
tristate             214   3454.582    0.5    145.158     0.4    45749.970      0.3 
logic               5582  65124.767    9.3   1638.591     4.0   384514.752      2.2 
physical_cells         0      0.000    0.0      0.000     0.0        0.000      0.0 
------------------------------------------------------------------------------------
total               7941 697964.836  100.0  41054.882   100.0 17235472.581    100.0 
