=============================================================
   Generated by:   Genus(TM) Synthesis Solution 25.11-s095_1
   Generated on:   Mar 17 2026  07:54:17 pm
   Reporting on:   design:Core
=============================================================

Summary
-------
|----------------------------------------------------------------|
|                              | Sinks          | Bits           |
|------------------------------+----------------+----------------|
| Total clock gates            | 0    (0.00%)   | -              |
| Total sinks                  | 1466 (100.00%) | 1590 (100.00%) |
|----------------------------------------------------------------|
| Synthesis clock gates        | 0    (0.00%)   | -              |
| User clock gates             | 0    (0.00%)   | -              |
|----------------------------------------------------------------|
| Sinks gated by Synthesis CGs | 0    (0.00%)   | 0    (0.00%)   |
| Sinks gated only by user CGs | 0    (0.00%)   | 0    (0.00%)   |
|----------------------------------------------------------------|
| Total gated sinks            | 0    (0.00%)   | 0    (0.00%)   |
| Total ungated sinks          | 1466 (100.00%) | 1590 (100.00%) |
|----------------------------------------------------------------|

Qualified Sinks Summary
-----------------------
|--------------------------------------------------------------------------------------------------------------|
|                                                | Of Total                        | Of Allowed / Not Allowed  |
|                                                | Sinks          | Bits           | Sinks       | Bits        |
|------------------------------------------------+----------------+----------------+-------------+-------------|
| Total sinks                                    | 1466 (100.00%) | 1590 (100.00%) | -           | -           |
|--------------------------------------------------------------------------------------------------------------|
|   Sinks allowed for Synthesis clock gating     | 1442 (98.36%)  | 1442 (90.69%)  | -           | -           |
|     Sinks not gated by Synthesis CGs           | 1442 (98.36%)  | 1442 (90.69%)  | 100.00%     | 100.00%     |
|--------------------------------------------------------------------------------------------------------------|
|   Sinks not allowed for Synthesis clock gating | 24   (1.64%)   | 148  (9.31%)   | -           | -           |
|     Latches                                    | 20   (1.36%)   | 20   (1.26%)   | 83.33%      | 13.51%      |
|     Memories                                   | 4    (0.27%)   | 128  (8.05%)   | 16.67%      | 86.49%      |
|--------------------------------------------------------------------------------------------------------------|

Level Summary
-------------
No clock gates found at any level

Multibit Sink Summary
---------------------
|-----------------------------------------------------------------------------------------|
| Width | Count | Bits | Gated by Synthesis CGs | Gated only by user CGs | Ungated        |
|-------+-------+------+------------------------+------------------------+----------------|
| 1-bit |  1462 | 1462 | 0 (0.00%)              | 0 (0.00%)              | 1462 (100.00%) |
|-----------------------------------------------------------------------------------------|

