============================================================
  Generated by:           Genus(TM) Synthesis Solution 25.11-s095_1
  Generated on:           Mar 15 2026  09:42:21 pm
  Module:                 Core
  Library domain:         tt_v1.8_25C
    Domain index:         0
    Technology libraries: sky130_tt_1.8_25 1.0
                          sky130_sram_2kbyte_1rw1r_32x512_8_TT_1p8V_25C_lib 
  Operating conditions:   tt_1.8_25 
  Interconnect mode:      global
  Area mode:              physical library
============================================================

Timing
-------
          Analysis            Cost   Critical        Violating 
            View             Group  Path Slack  TNS    Paths   
---------------------------------------------------------------
tt_v1.8_25C_Nominal_25_func default   No paths  0.0          0 
---------------------------------------------------------------
Total                                          -0.0          0 
                                                               

Instance Count
--------------
Leaf Instance Count             0 
Physical Instance count         0 
Sequential Instance Count       0 
Combinational Instance Count    0 
Hierarchical Instance Count     0 

Area
----
Cell Area                          0.000
Physical Cell Area                 0.000
Total Cell Area (Cell+Physical)    0.000
Net Area                           0.000
Total Area (Cell+Physical+Net)     0.000

Max Fanout                         0 (mem_en)
Min Fanout                         0 (mem_en)
Average Fanout                     0.0
Terms to net ratio                 0.0000
Runtime                            45.999999 seconds
Elapsed Runtime                    51 seconds
Genus peak memory usage            1810.23 
Innovus peak memory usage          no_value 
Hostname                           ece-rschsrv.ece.gatech.edu
