============================================================
  Generated by:           Genus(TM) Synthesis Solution 25.11-s095_1
  Generated on:           Mar 17 2026  07:54:03 pm
  Module:                 Core
  Operating conditions:   tt_1.8_25 
  Interconnect mode:      global
  Area mode:              physical library
============================================================


Path 1: MET (661 ps) Setup Check with Pin InstructionFetch_Module_FetchModule_PC_reg[30]/CK->D
           View: tt_v1.8_25C_Nominal_25_func
          Group: core_clock
     Startpoint: (R) InstructionDecode_Module_EX_instruction_opcode_reg[0]657/CK
          Clock: (R) core_clock
       Endpoint: (F) InstructionFetch_Module_FetchModule_PC_reg[30]/D
          Clock: (R) core_clock

                     Capture       Launch     
        Clock Edge:+   10000            0     
       Src Latency:+       0            0     
       Net Latency:+       0 (I)        0 (I) 
           Arrival:=   10000            0     
                                              
             Setup:-      75                  
       Uncertainty:-     250                  
     Required Time:=    9675                  
      Launch Clock:-       0                  
         Data Path:-    9014                  
             Slack:=     661                  

Launch clock path:
#------------------------------------------------------------------------------------------------------------------------------------
#                        Timing Point                         Flags   Arc   Edge   Cell     Fanout Load Trans Delay Arrival Instance 
#                                                                                                  (fF)  (ps)  (ps)   (ps)  Location 
#------------------------------------------------------------------------------------------------------------------------------------
  clock                                                       (i)     -     R     (arrival)   1446  0.0     0     0       0    (-,-) 
  clock                                                       -       -     -     (net)          -    -     -     -       -    (-,-) 
  clock                                                       -       -     -     (net)          -    -     -     -       -    (-,-) 
  InstructionDecode_Module_EX_instruction_opcode_reg[0]657/CK <<<     -     R     DFFX1       1446    -   150     0       0    (-,-) 
#------------------------------------------------------------------------------------------------------------------------------------

#-----------------------------------------------------------------------------------------------------------------------------------------------------------------------------------------------------
#                                                       Timing Point                                                         Flags    Arc   Edge   Cell     Fanout  Load Trans Delay Arrival Instance 
#                                                                                                                                                                   (fF)  (ps)  (ps)   (ps)  Location 
#-----------------------------------------------------------------------------------------------------------------------------------------------------------------------------------------------------
  InstructionDecode_Module_EX_instruction_opcode_reg[0]657/CK                                                                -       -      R     (arrival)   1446     -   150     0       0    (-,-) 
  InstructionDecode_Module_EX_instruction_opcode_reg[0]657/Q                                                                 -       CK->Q  F     DFFX1          1  12.7    62   327     327    (-,-) 
  InstructionDecode_Module_EX_instruction_opcode[0]_4001                                                                     -       -      -     (net)          -     -     -     -       -    (-,-) 
  g23574/Y                                                                                                                   -       A->Y   R     INVX2         22 160.7   540   400     727    (-,-) 
  n_3507                                                                                                                     -       -      -     (net)          -     -     -     -       -    (-,-) 
  InstructionDecode_Module_g229/Y                                                                                            -       OE->Y  F     TBUFX1         1  11.2   146   206     933    (-,-) 
  n_3518                                                                                                                     -       -      -     (net)          -     -     -     -       -    (-,-) 
  g23543/Y                                                                                                                   -       A->Y   R     NOR2X1         1  10.1   170   187    1120    (-,-) 
  n_3529                                                                                                                     -       -      -     (net)          -     -     -     -       -    (-,-) 
  g23511/Y                                                                                                                   -       B->Y   F     NAND2X1        1  10.1    91   115    1236    (-,-) 
  n_3548                                                                                                                     -       -      -     (net)          -     -     -     -       -    (-,-) 
  g23496/Y                                                                                                                   -       B->Y   R     NOR2X1         2  18.6   272   237    1472    (-,-) 
  n_3567                                                                                                                     -       -      -     (net)          -     -     -     -       -    (-,-) 
  g23474/Y                                                                                                                   -       B->Y   R     CLKAND2X2      3  25.4    98   186    1658    (-,-) 
  n_3500                                                                                                                     -       -      -     (net)          -     -     -     -       -    (-,-) 
  g23456/Y                                                                                                                   -       B->Y   F     NAND2X1        2  21.6   136   144    1802    (-,-) 
  n_3590                                                                                                                     -       -      -     (net)          -     -     -     -       -    (-,-) 
  g23455/Y                                                                                                                   -       A->Y   R     INVX2          1  12.6    74    96    1898    (-,-) 
  n_3591                                                                                                                     -       -      -     (net)          -     -     -     -       -    (-,-) 
  g23338/Y                                                                                                                   -       A->Y   F     NAND2X2       10  72.6   222   202    2099    (-,-) 
  n_3801                                                                                                                     -       -      -     (net)          -     -     -     -       -    (-,-) 
  g23336/Y                                                                                                                   -       A->Y   R     INVX2          1  12.8    95   119    2218    (-,-) 
  n_3687                                                                                                                     -       -      -     (net)          -     -     -     -       -    (-,-) 
  g23332/Y                                                                                                                   -       B->Y   F     NAND2X2        3  28.1   121   113    2331    (-,-) 
  n_3799                                                                                                                     -       -      -     (net)          -     -     -     -       -    (-,-) 
  g22499/Y                                                                                                                   -       A->Y   R     INVX2         10  66.6   230   219    2551    (-,-) 
  n_3324                                                                                                                     -       -      -     (net)          -     -     -     -       -    (-,-) 
  g22314/Y                                                                                                                   -       A0->Y  F     AOI21X1        1  12.7   134   154    2705    (-,-) 
  n_3483                                                                                                                     -       -      -     (net)          -     -     -     -       -    (-,-) 
  g22311/Y                                                                                                                   -       A->Y   R     INVX2         20 142.8   481   396    3101    (-,-) 
  n_3908                                                                                                                     -       -      -     (net)          -     -     -     -       -    (-,-) 
  InstructionExecute_Module_ArthimeticLogicUnit_sub_39_42_Y_InstructionExecute_Module_ArthimeticLogicUnit_add_35_42_g2389/Y  -       B->Y   F     XNOR2X1        1  13.2    82   324    3425    (-,-) 
  InstructionExecute_Module_ArthimeticLogicUnit_sub_39_42_Y_InstructionExecute_Module_ArthimeticLogicUnit_add_35_42_n_1936   -       -      -     (net)          -     -     -     -       -    (-,-) 
  InstructionExecute_Module_ArthimeticLogicUnit_sub_39_42_Y_InstructionExecute_Module_ArthimeticLogicUnit_add_35_42_g2277/CO -       B->CO  F     ADDFX1         1  12.1    83   267    3692    (-,-) 
  InstructionExecute_Module_ArthimeticLogicUnit_sub_39_42_Y_InstructionExecute_Module_ArthimeticLogicUnit_add_35_42_n_1739   -       -      -     (net)          -     -     -     -       -    (-,-) 
  InstructionExecute_Module_ArthimeticLogicUnit_sub_39_42_Y_InstructionExecute_Module_ArthimeticLogicUnit_add_35_42_g2276/CO -       CI->CO F     ADDFX1         1  12.1    83   252    3943    (-,-) 
  InstructionExecute_Module_ArthimeticLogicUnit_sub_39_42_Y_InstructionExecute_Module_ArthimeticLogicUnit_add_35_42_n_1737   -       -      -     (net)          -     -     -     -       -    (-,-) 
  InstructionExecute_Module_ArthimeticLogicUnit_sub_39_42_Y_InstructionExecute_Module_ArthimeticLogicUnit_add_35_42_g2275/CO -       CI->CO F     ADDFX1         3  23.7   122   295    4238    (-,-) 
  InstructionExecute_Module_ArthimeticLogicUnit_sub_39_42_Y_InstructionExecute_Module_ArthimeticLogicUnit_add_35_42_n_1734   -       -      -     (net)          -     -     -     -       -    (-,-) 
  InstructionExecute_Module_ArthimeticLogicUnit_sub_39_42_Y_InstructionExecute_Module_ArthimeticLogicUnit_add_35_42_g2274/Y  -       B->Y   R     NAND2X1        1  10.1    94   117    4355    (-,-) 
  InstructionExecute_Module_ArthimeticLogicUnit_sub_39_42_Y_InstructionExecute_Module_ArthimeticLogicUnit_add_35_42_n_1733   -       -      -     (net)          -     -     -     -       -    (-,-) 
  InstructionExecute_Module_ArthimeticLogicUnit_sub_39_42_Y_InstructionExecute_Module_ArthimeticLogicUnit_add_35_42_g2272/Y  -       C0->Y  F     OAI211X1       1  12.1   142   145    4500    (-,-) 
  InstructionExecute_Module_ArthimeticLogicUnit_sub_39_42_Y_InstructionExecute_Module_ArthimeticLogicUnit_add_35_42_n_1730   -       -      -     (net)          -     -     -     -       -    (-,-) 
  InstructionExecute_Module_ArthimeticLogicUnit_sub_39_42_Y_InstructionExecute_Module_ArthimeticLogicUnit_add_35_42_g2269/CO -       CI->CO F     ADDFX1         1  12.1    84   276    4776    (-,-) 
  InstructionExecute_Module_ArthimeticLogicUnit_sub_39_42_Y_InstructionExecute_Module_ArthimeticLogicUnit_add_35_42_n_1727   -       -      -     (net)          -     -     -     -       -    (-,-) 
  InstructionExecute_Module_ArthimeticLogicUnit_sub_39_42_Y_InstructionExecute_Module_ArthimeticLogicUnit_add_35_42_g2268/CO -       CI->CO F     ADDFX1         3  25.7   129   302    5078    (-,-) 
  InstructionExecute_Module_ArthimeticLogicUnit_sub_39_42_Y_InstructionExecute_Module_ArthimeticLogicUnit_add_35_42_n_1724   -       -      -     (net)          -     -     -     -       -    (-,-) 
  InstructionExecute_Module_ArthimeticLogicUnit_sub_39_42_Y_InstructionExecute_Module_ArthimeticLogicUnit_add_35_42_g2265/Y  -       B1->Y  R     AOI221X2       3  22.6   348   350    5428    (-,-) 
  InstructionExecute_Module_ArthimeticLogicUnit_sub_39_42_Y_InstructionExecute_Module_ArthimeticLogicUnit_add_35_42_n_1720   -       -      -     (net)          -     -     -     -       -    (-,-) 
  InstructionExecute_Module_ArthimeticLogicUnit_sub_39_42_Y_InstructionExecute_Module_ArthimeticLogicUnit_add_35_42_g2261/Y  -       B->Y   R     OR2X1          2  16.5   122   209    5637    (-,-) 
  InstructionExecute_Module_ArthimeticLogicUnit_sub_39_42_Y_InstructionExecute_Module_ArthimeticLogicUnit_add_35_42_n_1713   -       -      -     (net)          -     -     -     -       -    (-,-) 
  InstructionExecute_Module_ArthimeticLogicUnit_sub_39_42_Y_InstructionExecute_Module_ArthimeticLogicUnit_add_35_42_g2255/Y  -       A1->Y  F     OAI221X1       2  16.2   206   200    5837    (-,-) 
  InstructionExecute_Module_ArthimeticLogicUnit_sub_39_42_Y_InstructionExecute_Module_ArthimeticLogicUnit_add_35_42_n_1705   -       -      -     (net)          -     -     -     -       -    (-,-) 
  InstructionExecute_Module_ArthimeticLogicUnit_sub_39_42_Y_InstructionExecute_Module_ArthimeticLogicUnit_add_35_42_g2250/Y  -       B->Y   F     AND2X2         3  21.6    59   217    6054    (-,-) 
  InstructionExecute_Module_ArthimeticLogicUnit_sub_39_42_Y_InstructionExecute_Module_ArthimeticLogicUnit_add_35_42_n_1698   -       -      -     (net)          -     -     -     -       -    (-,-) 
  InstructionExecute_Module_ArthimeticLogicUnit_sub_39_42_Y_InstructionExecute_Module_ArthimeticLogicUnit_add_35_42_g2247/Y  -       B->Y   R     NAND2X1        1  10.1    95    87    6141    (-,-) 
  InstructionExecute_Module_ArthimeticLogicUnit_sub_39_42_Y_InstructionExecute_Module_ArthimeticLogicUnit_add_35_42_n_1695   -       -      -     (net)          -     -     -     -       -    (-,-) 
  InstructionExecute_Module_ArthimeticLogicUnit_sub_39_42_Y_InstructionExecute_Module_ArthimeticLogicUnit_add_35_42_g2244/Y  -       C0->Y  F     OAI211X1       3  23.7   241   217    6358    (-,-) 
  InstructionExecute_Module_ArthimeticLogicUnit_sub_39_42_Y_InstructionExecute_Module_ArthimeticLogicUnit_add_35_42_n_1691   -       -      -     (net)          -     -     -     -       -    (-,-) 
  InstructionExecute_Module_ArthimeticLogicUnit_sub_39_42_Y_InstructionExecute_Module_ArthimeticLogicUnit_add_35_42_g2241/Y  -       B->Y   R     NAND2X1        2  16.5   160   197    6555    (-,-) 
  InstructionExecute_Module_ArthimeticLogicUnit_sub_39_42_Y_InstructionExecute_Module_ArthimeticLogicUnit_add_35_42_n_1688   -       -      -     (net)          -     -     -     -       -    (-,-) 
  InstructionExecute_Module_ArthimeticLogicUnit_sub_39_42_Y_InstructionExecute_Module_ArthimeticLogicUnit_add_35_42_g2235/Y  -       A1->Y  F     OAI221X1       3  23.7   265   259    6814    (-,-) 
  InstructionExecute_Module_ArthimeticLogicUnit_sub_39_42_Y_InstructionExecute_Module_ArthimeticLogicUnit_add_35_42_n_1679   -       -      -     (net)          -     -     -     -       -    (-,-) 
  InstructionExecute_Module_ArthimeticLogicUnit_sub_39_42_Y_InstructionExecute_Module_ArthimeticLogicUnit_add_35_42_g2231/Y  -       C->Y   R     NAND3X1        1  10.1   136   169    6983    (-,-) 
  InstructionExecute_Module_ArthimeticLogicUnit_sub_39_42_Y_InstructionExecute_Module_ArthimeticLogicUnit_add_35_42_n_1673   -       -      -     (net)          -     -     -     -       -    (-,-) 
  InstructionExecute_Module_ArthimeticLogicUnit_sub_39_42_Y_InstructionExecute_Module_ArthimeticLogicUnit_add_35_42_g2228/Y  -       C0->Y  F     OAI211X1       1  12.1   139   161    7144    (-,-) 
  InstructionExecute_Module_ArthimeticLogicUnit_sub_39_42_Y_InstructionExecute_Module_ArthimeticLogicUnit_add_35_42_n_1669   -       -      -     (net)          -     -     -     -       -    (-,-) 
  InstructionExecute_Module_ArthimeticLogicUnit_sub_39_42_Y_InstructionExecute_Module_ArthimeticLogicUnit_add_35_42_g2224/CO -       CI->CO F     ADDFX1         1  12.1    84   275    7419    (-,-) 
  InstructionExecute_Module_ArthimeticLogicUnit_sub_39_42_Y_InstructionExecute_Module_ArthimeticLogicUnit_add_35_42_n_1665   -       -      -     (net)          -     -     -     -       -    (-,-) 
  InstructionExecute_Module_ArthimeticLogicUnit_sub_39_42_Y_InstructionExecute_Module_ArthimeticLogicUnit_add_35_42_g2223/CO -       CI->CO F     ADDFX1         1  12.1    83   252    7671    (-,-) 
  InstructionExecute_Module_ArthimeticLogicUnit_sub_39_42_Y_InstructionExecute_Module_ArthimeticLogicUnit_add_35_42_n_1663   -       -      -     (net)          -     -     -     -       -    (-,-) 
  InstructionExecute_Module_ArthimeticLogicUnit_sub_39_42_Y_InstructionExecute_Module_ArthimeticLogicUnit_add_35_42_g2222/CO -       CI->CO F     ADDFX1         1  12.1    83   252    7922    (-,-) 
  InstructionExecute_Module_ArthimeticLogicUnit_sub_39_42_Y_InstructionExecute_Module_ArthimeticLogicUnit_add_35_42_n_1661   -       -      -     (net)          -     -     -     -       -    (-,-) 
  InstructionExecute_Module_ArthimeticLogicUnit_sub_39_42_Y_InstructionExecute_Module_ArthimeticLogicUnit_add_35_42_g2221/CO -       CI->CO F     ADDFX1         1  12.1    83   252    8174    (-,-) 
  InstructionExecute_Module_ArthimeticLogicUnit_sub_39_42_Y_InstructionExecute_Module_ArthimeticLogicUnit_add_35_42_n_1659   -       -      -     (net)          -     -     -     -       -    (-,-) 
  InstructionExecute_Module_ArthimeticLogicUnit_sub_39_42_Y_InstructionExecute_Module_ArthimeticLogicUnit_add_35_42_g2220/S  -       CI->S  F     ADDFX1         1  10.0    74   284    8458    (-,-) 
  n_3905                                                                                                                     -       -      -     (net)          -     -     -     -       -    (-,-) 
  g33492/Y                                                                                                                   -       A1->Y  R     AOI211X1       2  19.0   458   397    8855    (-,-) 
  n_2686                                                                                                                     -       -      -     (net)          -     -     -     -       -    (-,-) 
  g33481/Y                                                                                                                   -       A1->Y  F     OAI21X1        1   8.9   117   158    9014    (-,-) 
  n_2689                                                                                                                     -       -      -     (net)          -     -     -     -       -    (-,-) 
  InstructionFetch_Module_FetchModule_PC_reg[30]/D                                                                           <<<     -      F     DFFX1          1     -     -     0    9014    (-,-) 
#-----------------------------------------------------------------------------------------------------------------------------------------------------------------------------------------------------

Capture clock path:
#--------------------------------------------------------------------------------------------------------------------------
#                   Timing Point                    Flags   Arc   Edge   Cell     Fanout Load Trans Delay Arrival Instance 
#                                                                                        (fF)  (ps)  (ps)   (ps)  Location 
#--------------------------------------------------------------------------------------------------------------------------
  clock                                             (i)     -     R     (arrival)   1446  0.0     0     0   10000    (-,-) 
  clock                                             -       -     -     (net)          -    -     -     -       -    (-,-) 
  clock                                             -       -     -     (net)          -    -     -     -       -    (-,-) 
  InstructionFetch_Module_FetchModule_PC_reg[30]/CK <<<     -     R     DFFX1       1446    -   150     0   10000    (-,-) 
#--------------------------------------------------------------------------------------------------------------------------


