============================================================
  Generated by:           Genus(TM) Synthesis Solution 25.11-s095_1
  Generated on:           Mar 16 2026  12:25:11 pm
  Module:                 Core
  Library domain:         tt_v1.8_25C
    Domain index:         0
    Technology libraries: sky130_tt_1.8_25 1.0
                          sky130_sram_2kbyte_1rw1r_32x512_8_TT_1p8V_25C_lib 
  Operating conditions:   tt_1.8_25 
  Interconnect mode:      global
  Area mode:              physical library
============================================================

# SETUP                   WNS  TNS    FEP 
# ------------------------------------------
 View: ALL            11465.7  0.0      0 
    Group : in2reg        N/A  N/A    N/A 
    Group : reg2reg   11465.7  0.0      0 

# ------------------------------------------
# DRV                         WNS      TNS   FEP 
# -------------------------------------------------
 View: ALL                                       
    Check: max_transition    -249  -5757.0    31 
    Check: max_capacitance    N/A      N/A     0 
    Check: max_fanout         N/A      N/A     0 

# -------------------------------------------------
